I0929 14:45:46.098273 10632 cuckoo_watch.h:45] 68ms in ProcessBatch(school_batches\aaaaac.batch) [including 2ms in LoadMessage; 1ms in InitializeSparseNdw; 9ms in InferThetaAndUpdateNwtSparse; 26ms in CalculateScore(PerplexityScore); 6ms in CalculateScore(SparsityThetaScore); 21ms in CalculateScore(^^^ItemsProcessedScore^^^); ]
I0929 14:45:46.098273  2260 cuckoo_watch.h:45] 69ms in ProcessBatch(school_batches\aaaaad.batch) [including 4ms in LoadMessage; 1ms in InitializeSparseNdw; 10ms in InferThetaAndUpdateNwtSparse; 25ms in CalculateScore(PerplexityScore); 6ms in CalculateScore(SparsityThetaScore); 18ms in CalculateScore(^^^ItemsProcessedScore^^^); ]
I0929 14:45:46.098273 12576 processor.cc:898] Processor: complete processing batch f2b01c28-a91b-48f5-a3c5-c0f8f6a45836 into model nwt
I0929 14:45:46.098273 12576 cuckoo_watch.h:45] 75ms in ProcessBatch(school_batches\aaaaaa.batch) [including 4ms in LoadMessage; 1ms in InitializeSparseNdw; 15ms in InferThetaAndUpdateNwtSparse; 34ms in CalculateScore(PerplexityScore); 5ms in CalculateScore(SparsityThetaScore); 12ms in CalculateScore(^^^ItemsProcessedScore^^^); ]
I0929 14:45:46.098273 15736 processor.cc:898] Processor: complete processing batch b3d2eaf6-16f4-4711-8da3-cd6d21d6db5a into model nwt
I0929 14:45:46.098273 15736 cuckoo_watch.h:45] 77ms in ProcessBatch(school_batches\aaaaab.batch) [including 2ms in LoadMessage; 1ms in InitializeSparseNdw; 13ms in InferThetaAndUpdateNwtSparse; 33ms in CalculateScore(PerplexityScore); 5ms in CalculateScore(SparsityThetaScore); 19ms in CalculateScore(^^^ItemsProcessedScore^^^); ]
I0929 14:45:46.113898 14772 master_component.cc:1378] RegularizeModelArgs: rwt_target_name=rwt, pwt_source_name=pwt, nwt_source_name=nwt
I0929 14:45:46.113898 14772 master_component.cc:922] MasterComponent: start regularizing model pwt
I0929 14:45:46.181963 14772 master_component.cc:948] MasterComponent: complete regularizing model pwt
I0929 14:45:46.181963 14772 master_component.cc:1391] NormalizeModelArgs: pwt_target_name=pwt, nwt_source_name=nwt, rwt_source_name=rwt
I0929 14:45:46.181963 14772 master_component.cc:952] MasterComponent: start normalizing model nwt
I0929 14:45:46.189965 11396 processor.cc:717] No data in processing queue, waiting...
I0929 14:45:46.220124 14772 master_component.cc:980] MasterComponent: complete normalizing model nwt
I0929 14:45:46.244153 14772 master_component.cc:1415] DisposeModel rwt
I0929 14:45:46.252125 14772 master_component.cc:1005] FitOffline: ItemsProcessed, num_items=475, num_batches=5, token_weight=160064, token_weight_in_effect=160064
I0929 14:45:46.252125 12060 c_interface.cc:559] Pass GetScoreValueArgs, score_name=^^^ItemsProcessedScore^^^ to MasterComponent::Request
I0929 14:45:46.252125 12060 c_interface.cc:230] ArtmCopyRequestedMessage is copying 46 bytes...
I0929 14:45:46.252125 14772 c_interface.cc:386] Pass FitOfflineMasterModelArgs, batch_filename_size=5, batch_weight_size=5, num_collection_passes=1 to void (__cdecl artm::core::MasterComponent::*)(class artm::FitOfflineMasterModelArgs const & __ptr64) __ptr64
I0929 14:45:46.252125 14772 master_component.cc:1340] ProcessBatchesArgs: nwt_target_name=nwt, batch_filename_size=5, batch_size=0, batch_weight_size=5, pwt_source_name=pwt, num_document_passes=1, regularizer=(name:SparsePhi, tau:-1), class=(text:1), reuse_theta=yes, opt_for_avx=yes, predict_class_id=
I0929 14:45:46.292124 15776 processor.cc:724] Processing queue has data, processing started
I0929 14:45:46.292464 13660 processor.cc:724] Processing queue has data, processing started
I0929 14:45:46.292464 13660 processor.cc:802] Processor: start processing batch b3d2eaf6-16f4-4711-8da3-cd6d21d6db5a into model nwt
I0929 14:45:46.292464 15776 processor.cc:802] Processor: start processing batch f2b01c28-a91b-48f5-a3c5-c0f8f6a45836 into model nwt
I0929 14:45:46.300462 12576 processor.cc:802] Processor: start processing batch 6a4af50c-1d40-4968-a73a-29c46d4580d1 into model nwt
I0929 14:45:46.300462 14988 processor.cc:802] Processor: start processing batch 0580594d-f7bc-44d3-ac2b-5dd3a217f3c1 into model nwt
I0929 14:45:46.300462 10632 processor.cc:802] Processor: start processing batch 42e97b85-c4f9-4595-8cb3-402211db67eb into model nwt
I0929 14:45:46.340220 12576 processor.cc:898] Processor: complete processing batch 6a4af50c-1d40-4968-a73a-29c46d4580d1 into model nwt
I0929 14:45:46.340220 15776 processor.cc:898] Processor: complete processing batch f2b01c28-a91b-48f5-a3c5-c0f8f6a45836 into model nwt
I0929 14:45:46.340220 12576 cuckoo_watch.h:45] 55ms in ProcessBatch(school_batches\aaaaae.batch) [including 7ms in LoadMessage; 1ms in InitializeSparseNdw; 19ms in InferThetaAndUpdateNwtSparse; 12ms in CalculateScore(PerplexityScore); 2ms in CalculateScore(SparsityThetaScore); 9ms in CalculateScore(^^^ItemsProcessedScore^^^); ]
I0929 14:45:46.340220 15776 cuckoo_watch.h:45] 56ms in ProcessBatch(school_batches\aaaaaa.batch) [including 6ms in LoadMessage; 3ms in InitializeSparseNdw; 18ms in InferThetaAndUpdateNwtSparse; 12ms in CalculateScore(PerplexityScore); 2ms in CalculateScore(SparsityThetaScore); 11ms in CalculateScore(^^^ItemsProcessedScore^^^); ]
I0929 14:45:46.340220 10632 processor.cc:898] Processor: complete processing batch 42e97b85-c4f9-4595-8cb3-402211db67eb into model nwt
I0929 14:45:46.340220 14988 processor.cc:898] Processor: complete processing batch 0580594d-f7bc-44d3-ac2b-5dd3a217f3c1 into model nwt
I0929 14:45:46.340220 10632 cuckoo_watch.h:45] 61ms in ProcessBatch(school_batches\aaaaad.batch) [including 8ms in LoadMessage; 3ms in InitializeSparseNdw; 17ms in InferThetaAndUpdateNwtSparse; 12ms in CalculateScore(PerplexityScore); 2ms in CalculateScore(SparsityThetaScore); 14ms in CalculateScore(^^^ItemsProcessedScore^^^); ]
I0929 14:45:46.340220 14988 cuckoo_watch.h:45] 61ms in ProcessBatch(school_batches\aaaaac.batch) [including 7ms in LoadMessage; 2ms in InitializeSparseNdw; 18ms in InferThetaAndUpdateNwtSparse; 17ms in CalculateScore(PerplexityScore); 3ms in CalculateScore(SparsityThetaScore); 10ms in CalculateScore(^^^ItemsProcessedScore^^^); ]
I0929 14:45:46.355841 13660 processor.cc:898] Processor: complete processing batch b3d2eaf6-16f4-4711-8da3-cd6d21d6db5a into model nwt
I0929 14:45:46.355841 13660 cuckoo_watch.h:45] 66ms in ProcessBatch(school_batches\aaaaab.batch) [including 5ms in LoadMessage; 2ms in InitializeSparseNdw; 20ms in InferThetaAndUpdateNwtSparse; 18ms in CalculateScore(PerplexityScore); 4ms in CalculateScore(SparsityThetaScore); 12ms in CalculateScore(^^^ItemsProcessedScore^^^); ]
I0929 14:45:46.371474 14772 master_component.cc:1378] RegularizeModelArgs: rwt_target_name=rwt, pwt_source_name=pwt, nwt_source_name=nwt
I0929 14:45:46.371474 14772 master_component.cc:922] MasterComponent: start regularizing model pwt
I0929 14:45:46.402710 15736 processor.cc:717] No data in processing queue, waiting...
I0929 14:45:46.402710  2260 processor.cc:717] No data in processing queue, waiting...
I0929 14:45:46.465191 14772 master_component.cc:948] MasterComponent: complete regularizing model pwt
I0929 14:45:46.465191 14772 master_component.cc:1391] NormalizeModelArgs: pwt_target_name=pwt, nwt_source_name=nwt, rwt_source_name=rwt
I0929 14:45:46.465191 14772 master_component.cc:952] MasterComponent: start normalizing model nwt
I0929 14:45:46.496431 14772 master_component.cc:980] MasterComponent: complete normalizing model nwt
I0929 14:45:46.512053 14772 master_component.cc:1415] DisposeModel rwt
I0929 14:45:46.512053 14772 master_component.cc:1005] FitOffline: ItemsProcessed, num_items=475, num_batches=5, token_weight=160064, token_weight_in_effect=160064
I0929 14:45:46.527712 12060 c_interface.cc:559] Pass GetScoreValueArgs, score_name=^^^ItemsProcessedScore^^^ to MasterComponent::Request
I0929 14:45:46.527712 12060 c_interface.cc:230] ArtmCopyRequestedMessage is copying 46 bytes...
I0929 14:45:46.527712 14772 c_interface.cc:386] Pass FitOfflineMasterModelArgs, batch_filename_size=5, batch_weight_size=5, num_collection_passes=1 to void (__cdecl artm::core::MasterComponent::*)(class artm::FitOfflineMasterModelArgs const & __ptr64) __ptr64
I0929 14:45:46.527712 14772 master_component.cc:1340] ProcessBatchesArgs: nwt_target_name=nwt, batch_filename_size=5, batch_size=0, batch_weight_size=5, pwt_source_name=pwt, num_document_passes=1, regularizer=(name:SparsePhi, tau:-1), class=(text:1), reuse_theta=yes, opt_for_avx=yes, predict_class_id=
I0929 14:45:46.559170 11396 processor.cc:724] Processing queue has data, processing started
I0929 14:45:46.559170 15776 processor.cc:802] Processor: start processing batch 42e97b85-c4f9-4595-8cb3-402211db67eb into model nwt
I0929 14:45:46.559170 11396 processor.cc:802] Processor: start processing batch 0580594d-f7bc-44d3-ac2b-5dd3a217f3c1 into model nwt
I0929 14:45:46.559170 14988 processor.cc:802] Processor: start processing batch 6a4af50c-1d40-4968-a73a-29c46d4580d1 into model nwt
I0929 14:45:46.559170 12576 processor.cc:802] Processor: start processing batch f2b01c28-a91b-48f5-a3c5-c0f8f6a45836 into model nwt
I0929 14:45:46.559170 10632 processor.cc:802] Processor: start processing batch b3d2eaf6-16f4-4711-8da3-cd6d21d6db5a into model nwt
I0929 14:45:46.590160 14988 processor.cc:898] Processor: complete processing batch 6a4af50c-1d40-4968-a73a-29c46d4580d1 into model nwt
I0929 14:45:46.590160 14988 cuckoo_watch.h:45] 39ms in ProcessBatch(school_batches\aaaaae.batch) [including 2ms in LoadMessage; 1ms in InitializeSparseNdw; 9ms in InferThetaAndUpdateNwtSparse; 10ms in CalculateScore(PerplexityScore); 2ms in CalculateScore(SparsityThetaScore); 11ms in CalculateScore(^^^ItemsProcessedScore^^^); ]
I0929 14:45:46.590160 15776 processor.cc:898] Processor: complete processing batch 42e97b85-c4f9-4595-8cb3-402211db67eb into model nwt
I0929 14:45:46.590160 15776 cuckoo_watch.h:45] 45ms in ProcessBatch(school_batches\aaaaad.batch) [including 2ms in LoadMessage; 1ms in InitializeSparseNdw; 10ms in InferThetaAndUpdateNwtSparse; 16ms in CalculateScore(PerplexityScore); 2ms in CalculateScore(SparsityThetaScore); 10ms in CalculateScore(^^^ItemsProcessedScore^^^); ]
I0929 14:45:46.605782 11396 processor.cc:898] Processor: complete processing batch 0580594d-f7bc-44d3-ac2b-5dd3a217f3c1 into model nwt
I0929 14:45:46.605782 12576 processor.cc:898] Processor: complete processing batch f2b01c28-a91b-48f5-a3c5-c0f8f6a45836 into model nwt
I0929 14:45:46.605782 11396 cuckoo_watch.h:45] 48ms in ProcessBatch(school_batches\aaaaac.batch) [including 2ms in LoadMessage; 1ms in InitializeSparseNdw; 10ms in InferThetaAndUpdateNwtSparse; 16ms in CalculateScore(PerplexityScore); 4ms in CalculateScore(SparsityThetaScore); 11ms in CalculateScore(^^^ItemsProcessedScore^^^); ]
I0929 14:45:46.605782 12576 cuckoo_watch.h:45] 49ms in ProcessBatch(school_batches\aaaaaa.batch) [including 4ms in LoadMessage; 1ms in InitializeSparseNdw; 14ms in InferThetaAndUpdateNwtSparse; 14ms in CalculateScore(PerplexityScore); 2ms in CalculateScore(SparsityThetaScore); 9ms in CalculateScore(^^^ItemsProcessedScore^^^); ]
I0929 14:45:46.605782 10632 processor.cc:898] Processor: complete processing batch b3d2eaf6-16f4-4711-8da3-cd6d21d6db5a into model nwt
I0929 14:45:46.605782 10632 cuckoo_watch.h:45] 50ms in ProcessBatch(school_batches\aaaaab.batch) [including 4ms in LoadMessage; 1ms in InitializeSparseNdw; 15ms in InferThetaAndUpdateNwtSparse; 14ms in CalculateScore(PerplexityScore); 2ms in CalculateScore(SparsityThetaScore); 10ms in CalculateScore(^^^ItemsProcessedScore^^^); ]
I0929 14:45:46.621659 14772 master_component.cc:1378] RegularizeModelArgs: rwt_target_name=rwt, pwt_source_name=pwt, nwt_source_name=nwt
I0929 14:45:46.621659 14772 master_component.cc:922] MasterComponent: start regularizing model pwt
I0929 14:45:46.652681 13660 processor.cc:717] No data in processing queue, waiting...
I0929 14:45:46.668303 14772 master_component.cc:948] MasterComponent: complete regularizing model pwt
I0929 14:45:46.668303 14772 master_component.cc:1391] NormalizeModelArgs: pwt_target_name=pwt, nwt_source_name=nwt, rwt_source_name=rwt
I0929 14:45:46.668303 14772 master_component.cc:952] MasterComponent: start normalizing model nwt
I0929 14:45:46.699545 14772 master_component.cc:980] MasterComponent: complete normalizing model nwt
I0929 14:45:46.717463 14772 master_component.cc:1415] DisposeModel rwt
I0929 14:45:46.725526 14772 master_component.cc:1005] FitOffline: ItemsProcessed, num_items=475, num_batches=5, token_weight=160064, token_weight_in_effect=160064
I0929 14:45:46.725526 12060 c_interface.cc:559] Pass GetScoreValueArgs, score_name=^^^ItemsProcessedScore^^^ to MasterComponent::Request
I0929 14:45:46.725526 12060 c_interface.cc:230] ArtmCopyRequestedMessage is copying 46 bytes...
I0929 14:45:46.725526 14772 c_interface.cc:386] Pass FitOfflineMasterModelArgs, batch_filename_size=5, batch_weight_size=5, num_collection_passes=1 to void (__cdecl artm::core::MasterComponent::*)(class artm::FitOfflineMasterModelArgs const & __ptr64) __ptr64
I0929 14:45:46.725526 14772 master_component.cc:1340] ProcessBatchesArgs: nwt_target_name=nwt, batch_filename_size=5, batch_size=0, batch_weight_size=5, pwt_source_name=pwt, num_document_passes=1, regularizer=(name:SparsePhi, tau:-1), class=(text:1), reuse_theta=yes, opt_for_avx=yes, predict_class_id=
I0929 14:45:46.758000 13660 processor.cc:724] Processing queue has data, processing started
I0929 14:45:46.758000 15736 processor.cc:724] Processing queue has data, processing started
I0929 14:45:46.758000 10632 processor.cc:802] Processor: start processing batch b3d2eaf6-16f4-4711-8da3-cd6d21d6db5a into model nwt
I0929 14:45:46.758000 11396 processor.cc:802] Processor: start processing batch 6a4af50c-1d40-4968-a73a-29c46d4580d1 into model nwt
I0929 14:45:46.758000 14988 processor.cc:802] Processor: start processing batch 42e97b85-c4f9-4595-8cb3-402211db67eb into model nwt
I0929 14:45:46.758000 13660 processor.cc:802] Processor: start processing batch 0580594d-f7bc-44d3-ac2b-5dd3a217f3c1 into model nwt
I0929 14:45:46.758000 15736 processor.cc:802] Processor: start processing batch f2b01c28-a91b-48f5-a3c5-c0f8f6a45836 into model nwt
I0929 14:45:46.797873 11396 processor.cc:898] Processor: complete processing batch 6a4af50c-1d40-4968-a73a-29c46d4580d1 into model nwt
I0929 14:45:46.797873 11396 cuckoo_watch.h:45] 48ms in ProcessBatch(school_batches\aaaaae.batch) [including 3ms in LoadMessage; 1ms in InitializeSparseNdw; 14ms in InferThetaAndUpdateNwtSparse; 15ms in CalculateScore(PerplexityScore); 2ms in CalculateScore(SparsityThetaScore); 8ms in CalculateScore(^^^ItemsProcessedScore^^^); ]
I0929 14:45:46.797873 10632 processor.cc:898] Processor: complete processing batch b3d2eaf6-16f4-4711-8da3-cd6d21d6db5a into model nwt
I0929 14:45:46.797873 10632 cuckoo_watch.h:45] 48ms in ProcessBatch(school_batches\aaaaab.batch) [including 2ms in LoadMessage; 1ms in InitializeSparseNdw; 10ms in InferThetaAndUpdateNwtSparse; 16ms in CalculateScore(PerplexityScore); 4ms in CalculateScore(SparsityThetaScore); 11ms in CalculateScore(^^^ItemsProcessedScore^^^); ]
I0929 14:45:46.797873 15736 processor.cc:898] Processor: complete processing batch f2b01c28-a91b-48f5-a3c5-c0f8f6a45836 into model nwt
I0929 14:45:46.797873 15736 cuckoo_watch.h:45] 51ms in ProcessBatch(school_batches\aaaaaa.batch) [including 4ms in LoadMessage; 1ms in InitializeSparseNdw; 13ms in InferThetaAndUpdateNwtSparse; 18ms in CalculateScore(PerplexityScore); 3ms in CalculateScore(SparsityThetaScore); 9ms in CalculateScore(^^^ItemsProcessedScore^^^); ]
I0929 14:45:46.813704 13660 processor.cc:898] Processor: complete processing batch 0580594d-f7bc-44d3-ac2b-5dd3a217f3c1 into model nwt
I0929 14:45:46.813704 13660 cuckoo_watch.h:45] 59ms in ProcessBatch(school_batches\aaaaac.batch) [including 4ms in LoadMessage; 1ms in InitializeSparseNdw; 13ms in InferThetaAndUpdateNwtSparse; 18ms in CalculateScore(PerplexityScore); 4ms in CalculateScore(SparsityThetaScore); 14ms in CalculateScore(^^^ItemsProcessedScore^^^); ]
I0929 14:45:46.813704 14988 processor.cc:898] Processor: complete processing batch 42e97b85-c4f9-4595-8cb3-402211db67eb into model nwt
I0929 14:45:46.813704 14988 cuckoo_watch.h:45] 60ms in ProcessBatch(school_batches\aaaaad.batch) [including 4ms in LoadMessage; 1ms in InitializeSparseNdw; 15ms in InferThetaAndUpdateNwtSparse; 18ms in CalculateScore(PerplexityScore); 4ms in CalculateScore(SparsityThetaScore); 14ms in CalculateScore(^^^ItemsProcessedScore^^^); ]
I0929 14:45:46.829957 14772 master_component.cc:1378] RegularizeModelArgs: rwt_target_name=rwt, pwt_source_name=pwt, nwt_source_name=nwt
I0929 14:45:46.829957 14772 master_component.cc:922] MasterComponent: start regularizing model pwt
I0929 14:45:46.877822 14772 master_component.cc:948] MasterComponent: complete regularizing model pwt
I0929 14:45:46.877822 14772 master_component.cc:1391] NormalizeModelArgs: pwt_target_name=pwt, nwt_source_name=nwt, rwt_source_name=rwt
I0929 14:45:46.877822 14772 master_component.cc:952] MasterComponent: start normalizing model nwt
I0929 14:45:46.909780 15776 processor.cc:717] No data in processing queue, waiting...
I0929 14:45:46.917785 14772 master_component.cc:980] MasterComponent: complete normalizing model nwt
I0929 14:45:46.934270 12576 processor.cc:717] No data in processing queue, waiting...
I0929 14:45:46.934399 14772 master_component.cc:1415] DisposeModel rwt
I0929 14:45:46.934399 14772 master_component.cc:1005] FitOffline: ItemsProcessed, num_items=475, num_batches=5, token_weight=160064, token_weight_in_effect=160064
I0929 14:45:46.934399 12060 c_interface.cc:559] Pass GetScoreValueArgs, score_name=^^^ItemsProcessedScore^^^ to MasterComponent::Request
I0929 14:45:46.934399 12060 c_interface.cc:230] ArtmCopyRequestedMessage is copying 46 bytes...
I0929 14:45:46.934399 14772 c_interface.cc:386] Pass FitOfflineMasterModelArgs, batch_filename_size=5, batch_weight_size=5, num_collection_passes=1 to void (__cdecl artm::core::MasterComponent::*)(class artm::FitOfflineMasterModelArgs const & __ptr64) __ptr64
I0929 14:45:46.934399 14772 master_component.cc:1340] ProcessBatchesArgs: nwt_target_name=nwt, batch_filename_size=5, batch_size=0, batch_weight_size=5, pwt_source_name=pwt, num_document_passes=1, regularizer=(name:SparsePhi, tau:-1), class=(text:1), reuse_theta=yes, opt_for_avx=yes, predict_class_id=
I0929 14:45:46.975217 12576 processor.cc:724] Processing queue has data, processing started
I0929 14:45:46.975217 15776 processor.cc:724] Processing queue has data, processing started
I0929 14:45:46.975217 15776 processor.cc:802] Processor: start processing batch 42e97b85-c4f9-4595-8cb3-402211db67eb into model nwt
I0929 14:45:46.975217 13660 processor.cc:802] Processor: start processing batch 6a4af50c-1d40-4968-a73a-29c46d4580d1 into model nwt
I0929 14:45:46.975217 10632 processor.cc:802] Processor: start processing batch b3d2eaf6-16f4-4711-8da3-cd6d21d6db5a into model nwt
I0929 14:45:46.975217 12576 processor.cc:802] Processor: start processing batch f2b01c28-a91b-48f5-a3c5-c0f8f6a45836 into model nwt
I0929 14:45:46.975217 15736 processor.cc:802] Processor: start processing batch 0580594d-f7bc-44d3-ac2b-5dd3a217f3c1 into model nwt
I0929 14:45:47.014997 15776 processor.cc:898] Processor: complete processing batch 42e97b85-c4f9-4595-8cb3-402211db67eb into model nwt
I0929 14:45:47.014997 15776 cuckoo_watch.h:45] 41ms in ProcessBatch(school_batches\aaaaad.batch) [including 2ms in LoadMessage; 0ms in InitializeSparseNdw; 11ms in InferThetaAndUpdateNwtSparse; 12ms in CalculateScore(PerplexityScore); 2ms in CalculateScore(SparsityThetaScore); 10ms in CalculateScore(^^^ItemsProcessedScore^^^); ]
I0929 14:45:47.014997 13660 processor.cc:898] Processor: complete processing batch 6a4af50c-1d40-4968-a73a-29c46d4580d1 into model nwt
I0929 14:45:47.014997 13660 cuckoo_watch.h:45] 42ms in ProcessBatch(school_batches\aaaaae.batch) [including 3ms in LoadMessage; 1ms in InitializeSparseNdw; 9ms in InferThetaAndUpdateNwtSparse; 10ms in CalculateScore(PerplexityScore); 2ms in CalculateScore(SparsityThetaScore); 12ms in CalculateScore(^^^ItemsProcessedScore^^^); ]
I0929 14:45:47.014997 15736 processor.cc:898] Processor: complete processing batch 0580594d-f7bc-44d3-ac2b-5dd3a217f3c1 into model nwt
I0929 14:45:47.014997 12576 processor.cc:898] Processor: complete processing batch f2b01c28-a91b-48f5-a3c5-c0f8f6a45836 into model nwt
I0929 14:45:47.014997 15736 cuckoo_watch.h:45] 47ms in ProcessBatch(school_batches\aaaaac.batch) [including 4ms in LoadMessage; 1ms in InitializeSparseNdw; 10ms in InferThetaAndUpdateNwtSparse; 17ms in CalculateScore(PerplexityScore); 3ms in CalculateScore(SparsityThetaScore); 9ms in CalculateScore(^^^ItemsProcessedScore^^^); ]
I0929 14:45:47.014997 12576 cuckoo_watch.h:45] 47ms in ProcessBatch(school_batches\aaaaaa.batch) [including 4ms in LoadMessage; 1ms in InitializeSparseNdw; 12ms in InferThetaAndUpdateNwtSparse; 11ms in CalculateScore(PerplexityScore); 4ms in CalculateScore(SparsityThetaScore); 12ms in CalculateScore(^^^ItemsProcessedScore^^^); ]
I0929 14:45:47.014997 10632 processor.cc:898] Processor: complete processing batch b3d2eaf6-16f4-4711-8da3-cd6d21d6db5a into model nwt
I0929 14:45:47.014997 10632 cuckoo_watch.h:45] 50ms in ProcessBatch(school_batches\aaaaab.batch) [including 4ms in LoadMessage; 1ms in InitializeSparseNdw; 15ms in InferThetaAndUpdateNwtSparse; 15ms in CalculateScore(PerplexityScore); 2ms in CalculateScore(SparsityThetaScore); 9ms in CalculateScore(^^^ItemsProcessedScore^^^); ]
I0929 14:45:47.031193 14772 master_component.cc:1378] RegularizeModelArgs: rwt_target_name=rwt, pwt_source_name=pwt, nwt_source_name=nwt
I0929 14:45:47.031193 14772 master_component.cc:922] MasterComponent: start regularizing model pwt
I0929 14:45:47.077481 14772 master_component.cc:948] MasterComponent: complete regularizing model pwt
I0929 14:45:47.077481 14772 master_component.cc:1391] NormalizeModelArgs: pwt_target_name=pwt, nwt_source_name=nwt, rwt_source_name=rwt
I0929 14:45:47.077481 14772 master_component.cc:952] MasterComponent: start normalizing model nwt
I0929 14:45:47.108724 14772 master_component.cc:980] MasterComponent: complete normalizing model nwt
I0929 14:45:47.124346 14772 master_component.cc:1415] DisposeModel rwt
I0929 14:45:47.124346 14772 master_component.cc:1005] FitOffline: ItemsProcessed, num_items=475, num_batches=5, token_weight=160064, token_weight_in_effect=160064
I0929 14:45:47.124346 12060 c_interface.cc:559] Pass GetScoreValueArgs, score_name=^^^ItemsProcessedScore^^^ to MasterComponent::Request
I0929 14:45:47.124346 12060 c_interface.cc:230] ArtmCopyRequestedMessage is copying 46 bytes...
I0929 14:45:47.124346 14772 c_interface.cc:386] Pass FitOfflineMasterModelArgs, batch_filename_size=5, batch_weight_size=5, num_collection_passes=1 to void (__cdecl artm::core::MasterComponent::*)(class artm::FitOfflineMasterModelArgs const & __ptr64) __ptr64
I0929 14:45:47.124346 14772 master_component.cc:1340] ProcessBatchesArgs: nwt_target_name=nwt, batch_filename_size=5, batch_size=0, batch_weight_size=5, pwt_source_name=pwt, num_document_passes=1, regularizer=(name:SparsePhi, tau:-1), class=(text:1), reuse_theta=yes, opt_for_avx=yes, predict_class_id=
I0929 14:45:47.139971 11396 processor.cc:717] No data in processing queue, waiting...
I0929 14:45:47.155591 14988 processor.cc:717] No data in processing queue, waiting...
I0929 14:45:47.171726  2260 processor.cc:724] Processing queue has data, processing started
I0929 14:45:47.171726 13660 processor.cc:802] Processor: start processing batch 6a4af50c-1d40-4968-a73a-29c46d4580d1 into model nwt
I0929 14:45:47.171726  2260 processor.cc:802] Processor: start processing batch b3d2eaf6-16f4-4711-8da3-cd6d21d6db5a into model nwt
I0929 14:45:47.171726 15776 processor.cc:802] Processor: start processing batch f2b01c28-a91b-48f5-a3c5-c0f8f6a45836 into model nwt
I0929 14:45:47.171726 15736 processor.cc:802] Processor: start processing batch 0580594d-f7bc-44d3-ac2b-5dd3a217f3c1 into model nwt
I0929 14:45:47.171726 12576 processor.cc:802] Processor: start processing batch 42e97b85-c4f9-4595-8cb3-402211db67eb into model nwt
I0929 14:45:47.202453 13660 processor.cc:898] Processor: complete processing batch 6a4af50c-1d40-4968-a73a-29c46d4580d1 into model nwt
I0929 14:45:47.202453 13660 cuckoo_watch.h:45] 40ms in ProcessBatch(school_batches\aaaaae.batch) [including 2ms in LoadMessage; 0ms in InitializeSparseNdw; 10ms in InferThetaAndUpdateNwtSparse; 10ms in CalculateScore(PerplexityScore); 2ms in CalculateScore(SparsityThetaScore); 12ms in CalculateScore(^^^ItemsProcessedScore^^^); ]
I0929 14:45:47.202453 15776 processor.cc:898] Processor: complete processing batch f2b01c28-a91b-48f5-a3c5-c0f8f6a45836 into model nwt
I0929 14:45:47.202453 15776 cuckoo_watch.h:45] 43ms in ProcessBatch(school_batches\aaaaaa.batch) [including 4ms in LoadMessage; 1ms in InitializeSparseNdw; 9ms in InferThetaAndUpdateNwtSparse; 10ms in CalculateScore(PerplexityScore); 3ms in CalculateScore(SparsityThetaScore); 12ms in CalculateScore(^^^ItemsProcessedScore^^^); ]
I0929 14:45:47.202453 15736 processor.cc:898] Processor: complete processing batch 0580594d-f7bc-44d3-ac2b-5dd3a217f3c1 into model nwt
I0929 14:45:47.202453 15736 cuckoo_watch.h:45] 45ms in ProcessBatch(school_batches\aaaaac.batch) [including 4ms in LoadMessage; 1ms in InitializeSparseNdw; 11ms in InferThetaAndUpdateNwtSparse; 11ms in CalculateScore(PerplexityScore); 3ms in CalculateScore(SparsityThetaScore); 12ms in CalculateScore(^^^ItemsProcessedScore^^^); ]
I0929 14:45:47.218077  2260 processor.cc:898] Processor: complete processing batch b3d2eaf6-16f4-4711-8da3-cd6d21d6db5a into model nwt
I0929 14:45:47.218077  2260 cuckoo_watch.h:45] 47ms in ProcessBatch(school_batches\aaaaab.batch) [including 4ms in LoadMessage; 1ms in InitializeSparseNdw; 11ms in InferThetaAndUpdateNwtSparse; 16ms in CalculateScore(PerplexityScore); 2ms in CalculateScore(SparsityThetaScore); 9ms in CalculateScore(^^^ItemsProcessedScore^^^); ]
I0929 14:45:47.218077 12576 processor.cc:898] Processor: complete processing batch 42e97b85-c4f9-4595-8cb3-402211db67eb into model nwt
I0929 14:45:47.218077 12576 cuckoo_watch.h:45] 52ms in ProcessBatch(school_batches\aaaaad.batch) [including 4ms in LoadMessage; 1ms in InitializeSparseNdw; 14ms in InferThetaAndUpdateNwtSparse; 17ms in CalculateScore(PerplexityScore); 3ms in CalculateScore(SparsityThetaScore); 9ms in CalculateScore(^^^ItemsProcessedScore^^^); ]
I0929 14:45:47.233731 14772 master_component.cc:1378] RegularizeModelArgs: rwt_target_name=rwt, pwt_source_name=pwt, nwt_source_name=nwt
I0929 14:45:47.233731 14772 master_component.cc:922] MasterComponent: start regularizing model pwt
I0929 14:45:47.286375 14772 master_component.cc:948] MasterComponent: complete regularizing model pwt
I0929 14:45:47.286375 14772 master_component.cc:1391] NormalizeModelArgs: pwt_target_name=pwt, nwt_source_name=nwt, rwt_source_name=rwt
I0929 14:45:47.286375 14772 master_component.cc:952] MasterComponent: start normalizing model nwt
I0929 14:45:47.318320 14772 master_component.cc:980] MasterComponent: complete normalizing model nwt
I0929 14:45:47.334446 14772 master_component.cc:1415] DisposeModel rwt
I0929 14:45:47.334446 14772 master_component.cc:1005] FitOffline: ItemsProcessed, num_items=475, num_batches=5, token_weight=160064, token_weight_in_effect=160064
I0929 14:45:47.334446 12060 c_interface.cc:559] Pass GetScoreValueArgs, score_name=^^^ItemsProcessedScore^^^ to MasterComponent::Request
I0929 14:45:47.334446 12060 c_interface.cc:230] ArtmCopyRequestedMessage is copying 46 bytes...
I0929 14:45:47.334446 14772 c_interface.cc:386] Pass FitOfflineMasterModelArgs, batch_filename_size=5, batch_weight_size=5, num_collection_passes=1 to void (__cdecl artm::core::MasterComponent::*)(class artm::FitOfflineMasterModelArgs const & __ptr64) __ptr64
I0929 14:45:47.334446 14772 master_component.cc:1340] ProcessBatchesArgs: nwt_target_name=nwt, batch_filename_size=5, batch_size=0, batch_weight_size=5, pwt_source_name=pwt, num_document_passes=1, regularizer=(name:SparsePhi, tau:-1), class=(text:1), reuse_theta=yes, opt_for_avx=yes, predict_class_id=
I0929 14:45:47.350214 10632 processor.cc:717] No data in processing queue, waiting...
I0929 14:45:47.390645 11396 processor.cc:724] Processing queue has data, processing started
I0929 14:45:47.390645 14988 processor.cc:724] Processing queue has data, processing started
I0929 14:45:47.390645 15776 processor.cc:802] Processor: start processing batch 0580594d-f7bc-44d3-ac2b-5dd3a217f3c1 into model nwt
I0929 14:45:47.390645 11396 processor.cc:802] Processor: start processing batch 42e97b85-c4f9-4595-8cb3-402211db67eb into model nwt
I0929 14:45:47.390645 12576 processor.cc:802] Processor: start processing batch f2b01c28-a91b-48f5-a3c5-c0f8f6a45836 into model nwt
I0929 14:45:47.390645  2260 processor.cc:802] Processor: start processing batch b3d2eaf6-16f4-4711-8da3-cd6d21d6db5a into model nwt
I0929 14:45:47.390645 14988 processor.cc:802] Processor: start processing batch 6a4af50c-1d40-4968-a73a-29c46d4580d1 into model nwt
I0929 14:45:47.438591 15776 processor.cc:898] Processor: complete processing batch 0580594d-f7bc-44d3-ac2b-5dd3a217f3c1 into model nwt
I0929 14:45:47.438591 14988 processor.cc:898] Processor: complete processing batch 6a4af50c-1d40-4968-a73a-29c46d4580d1 into model nwt
I0929 14:45:47.438591 15776 cuckoo_watch.h:45] 49ms in ProcessBatch(school_batches\aaaaac.batch) [including 3ms in LoadMessage; 1ms in InitializeSparseNdw; 12ms in InferThetaAndUpdateNwtSparse; 12ms in CalculateScore(PerplexityScore); 2ms in CalculateScore(SparsityThetaScore); 14ms in CalculateScore(^^^ItemsProcessedScore^^^); ]
I0929 14:45:47.438591 14988 cuckoo_watch.h:45] 50ms in ProcessBatch(school_batches\aaaaae.batch) [including 4ms in LoadMessage; 1ms in InitializeSparseNdw; 13ms in InferThetaAndUpdateNwtSparse; 13ms in CalculateScore(PerplexityScore); 3ms in CalculateScore(SparsityThetaScore); 12ms in CalculateScore(^^^ItemsProcessedScore^^^); ]
I0929 14:45:47.438591 12576 processor.cc:898] Processor: complete processing batch f2b01c28-a91b-48f5-a3c5-c0f8f6a45836 into model nwt
I0929 14:45:47.438591  2260 processor.cc:898] Processor: complete processing batch b3d2eaf6-16f4-4711-8da3-cd6d21d6db5a into model nwt
I0929 14:45:47.438591 12576 cuckoo_watch.h:45] 52ms in ProcessBatch(school_batches\aaaaaa.batch) [including 4ms in LoadMessage; 1ms in InitializeSparseNdw; 15ms in InferThetaAndUpdateNwtSparse; 11ms in CalculateScore(PerplexityScore); 3ms in CalculateScore(SparsityThetaScore); 14ms in CalculateScore(^^^ItemsProcessedScore^^^); ]
I0929 14:45:47.438591  2260 cuckoo_watch.h:45] 53ms in ProcessBatch(school_batches\aaaaab.batch) [including 4ms in LoadMessage; 1ms in InitializeSparseNdw; 13ms in InferThetaAndUpdateNwtSparse; 12ms in CalculateScore(PerplexityScore); 4ms in CalculateScore(SparsityThetaScore); 15ms in CalculateScore(^^^ItemsProcessedScore^^^); ]
I0929 14:45:47.446631 11396 processor.cc:898] Processor: complete processing batch 42e97b85-c4f9-4595-8cb3-402211db67eb into model nwt
I0929 14:45:47.446631 11396 cuckoo_watch.h:45] 57ms in ProcessBatch(school_batches\aaaaad.batch) [including 4ms in LoadMessage; 1ms in InitializeSparseNdw; 16ms in InferThetaAndUpdateNwtSparse; 18ms in CalculateScore(PerplexityScore); 4ms in CalculateScore(SparsityThetaScore); 10ms in CalculateScore(^^^ItemsProcessedScore^^^); ]
I0929 14:45:47.470876 14772 master_component.cc:1378] RegularizeModelArgs: rwt_target_name=rwt, pwt_source_name=pwt, nwt_source_name=nwt
I0929 14:45:47.470876 14772 master_component.cc:922] MasterComponent: start regularizing model pwt
I0929 14:45:47.519085 14772 master_component.cc:948] MasterComponent: complete regularizing model pwt
I0929 14:45:47.519085 14772 master_component.cc:1391] NormalizeModelArgs: pwt_target_name=pwt, nwt_source_name=nwt, rwt_source_name=rwt
I0929 14:45:47.519085 14772 master_component.cc:952] MasterComponent: start normalizing model nwt
I0929 14:45:47.550998 15736 processor.cc:717] No data in processing queue, waiting...
I0929 14:45:47.550998 13660 processor.cc:717] No data in processing queue, waiting...
I0929 14:45:47.551179 14772 master_component.cc:980] MasterComponent: complete normalizing model nwt
I0929 14:45:47.567220 14772 master_component.cc:1415] DisposeModel rwt
I0929 14:45:47.575314 14772 master_component.cc:1005] FitOffline: ItemsProcessed, num_items=475, num_batches=5, token_weight=160064, token_weight_in_effect=160064
I0929 14:45:47.575314 12060 c_interface.cc:559] Pass GetScoreValueArgs, score_name=^^^ItemsProcessedScore^^^ to MasterComponent::Request
I0929 14:45:47.575314 12060 c_interface.cc:230] ArtmCopyRequestedMessage is copying 46 bytes...
I0929 14:45:47.575314 14772 c_interface.cc:386] Pass FitOfflineMasterModelArgs, batch_filename_size=5, batch_weight_size=5, num_collection_passes=1 to void (__cdecl artm::core::MasterComponent::*)(class artm::FitOfflineMasterModelArgs const & __ptr64) __ptr64
I0929 14:45:47.575314 14772 master_component.cc:1340] ProcessBatchesArgs: nwt_target_name=nwt, batch_filename_size=5, batch_size=0, batch_weight_size=5, pwt_source_name=pwt, num_document_passes=1, regularizer=(name:SparsePhi, tau:-1), class=(text:1), reuse_theta=yes, opt_for_avx=yes, predict_class_id=
I0929 14:45:47.607933 13660 processor.cc:724] Processing queue has data, processing started
I0929 14:45:47.607933 10632 processor.cc:724] Processing queue has data, processing started
I0929 14:45:47.607933 12576 processor.cc:802] Processor: start processing batch b3d2eaf6-16f4-4711-8da3-cd6d21d6db5a into model nwt
I0929 14:45:47.607933 15776 processor.cc:802] Processor: start processing batch f2b01c28-a91b-48f5-a3c5-c0f8f6a45836 into model nwt
I0929 14:45:47.607933 10632 processor.cc:802] Processor: start processing batch 6a4af50c-1d40-4968-a73a-29c46d4580d1 into model nwt
I0929 14:45:47.607933 13660 processor.cc:802] Processor: start processing batch 0580594d-f7bc-44d3-ac2b-5dd3a217f3c1 into model nwt
I0929 14:45:47.607933 14988 processor.cc:802] Processor: start processing batch 42e97b85-c4f9-4595-8cb3-402211db67eb into model nwt
I0929 14:45:47.639108 13660 processor.cc:898] Processor: complete processing batch 0580594d-f7bc-44d3-ac2b-5dd3a217f3c1 into model nwt
I0929 14:45:47.639108 13660 cuckoo_watch.h:45] 41ms in ProcessBatch(school_batches\aaaaac.batch) [including 4ms in LoadMessage; 1ms in InitializeSparseNdw; 10ms in InferThetaAndUpdateNwtSparse; 11ms in CalculateScore(PerplexityScore); 2ms in CalculateScore(SparsityThetaScore); 9ms in CalculateScore(^^^ItemsProcessedScore^^^); ]
I0929 14:45:47.654729 10632 processor.cc:898] Processor: complete processing batch 6a4af50c-1d40-4968-a73a-29c46d4580d1 into model nwt
I0929 14:45:47.654729 15776 processor.cc:898] Processor: complete processing batch f2b01c28-a91b-48f5-a3c5-c0f8f6a45836 into model nwt
I0929 14:45:47.654729 10632 cuckoo_watch.h:45] 50ms in ProcessBatch(school_batches\aaaaae.batch) [including 2ms in LoadMessage; 1ms in InitializeSparseNdw; 14ms in InferThetaAndUpdateNwtSparse; 14ms in CalculateScore(PerplexityScore); 4ms in CalculateScore(SparsityThetaScore); 11ms in CalculateScore(^^^ItemsProcessedScore^^^); ]
I0929 14:45:47.654729 12576 processor.cc:898] Processor: complete processing batch b3d2eaf6-16f4-4711-8da3-cd6d21d6db5a into model nwt
I0929 14:45:47.654729 15776 cuckoo_watch.h:45] 51ms in ProcessBatch(school_batches\aaaaaa.batch) [including 2ms in LoadMessage; 1ms in InitializeSparseNdw; 9ms in InferThetaAndUpdateNwtSparse; 16ms in CalculateScore(PerplexityScore); 4ms in CalculateScore(SparsityThetaScore); 14ms in CalculateScore(^^^ItemsProcessedScore^^^); ]
I0929 14:45:47.654729 12576 cuckoo_watch.h:45] 51ms in ProcessBatch(school_batches\aaaaab.batch) [including 2ms in LoadMessage; 1ms in InitializeSparseNdw; 9ms in InferThetaAndUpdateNwtSparse; 17ms in CalculateScore(PerplexityScore); 4ms in CalculateScore(SparsityThetaScore); 14ms in CalculateScore(^^^ItemsProcessedScore^^^); ]
I0929 14:45:47.654729 14988 processor.cc:898] Processor: complete processing batch 42e97b85-c4f9-4595-8cb3-402211db67eb into model nwt
I0929 14:45:47.654729 14988 cuckoo_watch.h:45] 54ms in ProcessBatch(school_batches\aaaaad.batch) [including 4ms in LoadMessage; 1ms in InitializeSparseNdw; 15ms in InferThetaAndUpdateNwtSparse; 17ms in CalculateScore(PerplexityScore); 4ms in CalculateScore(SparsityThetaScore); 10ms in CalculateScore(^^^ItemsProcessedScore^^^); ]
I0929 14:45:47.670603 14772 master_component.cc:1378] RegularizeModelArgs: rwt_target_name=rwt, pwt_source_name=pwt, nwt_source_name=nwt
I0929 14:45:47.670603 14772 master_component.cc:922] MasterComponent: start regularizing model pwt
I0929 14:45:47.717216 14772 master_component.cc:948] MasterComponent: complete regularizing model pwt
I0929 14:45:47.717216 14772 master_component.cc:1391] NormalizeModelArgs: pwt_target_name=pwt, nwt_source_name=nwt, rwt_source_name=rwt
I0929 14:45:47.717216 14772 master_component.cc:952] MasterComponent: start normalizing model nwt
I0929 14:45:47.748459 14772 master_component.cc:980] MasterComponent: complete normalizing model nwt
I0929 14:45:47.764081  2260 processor.cc:717] No data in processing queue, waiting...
I0929 14:45:47.764081 14772 master_component.cc:1415] DisposeModel rwt
I0929 14:45:47.764081 14772 master_component.cc:1005] FitOffline: ItemsProcessed, num_items=475, num_batches=5, token_weight=160064, token_weight_in_effect=160064
I0929 14:45:47.764081 12060 c_interface.cc:559] Pass GetScoreValueArgs, score_name=^^^ItemsProcessedScore^^^ to MasterComponent::Request
I0929 14:45:47.764081 12060 c_interface.cc:230] ArtmCopyRequestedMessage is copying 46 bytes...
I0929 14:45:47.764081 14772 c_interface.cc:386] Pass FitOfflineMasterModelArgs, batch_filename_size=5, batch_weight_size=5, num_collection_passes=1 to void (__cdecl artm::core::MasterComponent::*)(class artm::FitOfflineMasterModelArgs const & __ptr64) __ptr64
I0929 14:45:47.764081 14772 master_component.cc:1340] ProcessBatchesArgs: nwt_target_name=nwt, batch_filename_size=5, batch_size=0, batch_weight_size=5, pwt_source_name=pwt, num_document_passes=1, regularizer=(name:SparsePhi, tau:-1), class=(text:1), reuse_theta=yes, opt_for_avx=yes, predict_class_id=
I0929 14:45:47.779702 11396 processor.cc:717] No data in processing queue, waiting...
I0929 14:45:47.812409 11396 processor.cc:724] Processing queue has data, processing started
I0929 14:45:47.812409  2260 processor.cc:724] Processing queue has data, processing started
I0929 14:45:47.812707 12576 processor.cc:802] Processor: start processing batch 42e97b85-c4f9-4595-8cb3-402211db67eb into model nwt
I0929 14:45:47.812707 14988 processor.cc:802] Processor: start processing batch 0580594d-f7bc-44d3-ac2b-5dd3a217f3c1 into model nwt
I0929 14:45:47.812707 10632 processor.cc:802] Processor: start processing batch f2b01c28-a91b-48f5-a3c5-c0f8f6a45836 into model nwt
I0929 14:45:47.812707  2260 processor.cc:802] Processor: start processing batch 6a4af50c-1d40-4968-a73a-29c46d4580d1 into model nwt
I0929 14:45:47.812707 11396 processor.cc:802] Processor: start processing batch b3d2eaf6-16f4-4711-8da3-cd6d21d6db5a into model nwt
I0929 14:45:47.852550  2260 processor.cc:898] Processor: complete processing batch 6a4af50c-1d40-4968-a73a-29c46d4580d1 into model nwt
I0929 14:45:47.852550  2260 cuckoo_watch.h:45] 46ms in ProcessBatch(school_batches\aaaaae.batch) [including 4ms in LoadMessage; 1ms in InitializeSparseNdw; 14ms in InferThetaAndUpdateNwtSparse; 11ms in CalculateScore(PerplexityScore); 2ms in CalculateScore(SparsityThetaScore); 9ms in CalculateScore(^^^ItemsProcessedScore^^^); ]
I0929 14:45:47.852550 11396 processor.cc:898] Processor: complete processing batch b3d2eaf6-16f4-4711-8da3-cd6d21d6db5a into model nwt
I0929 14:45:47.860549 11396 cuckoo_watch.h:45] 48ms in ProcessBatch(school_batches\aaaaab.batch) [including 4ms in LoadMessage; 1ms in InitializeSparseNdw; 14ms in InferThetaAndUpdateNwtSparse; 12ms in CalculateScore(PerplexityScore); 3ms in CalculateScore(SparsityThetaScore); 10ms in CalculateScore(^^^ItemsProcessedScore^^^); ]
I0929 14:45:47.860549 12576 processor.cc:898] Processor: complete processing batch 42e97b85-c4f9-4595-8cb3-402211db67eb into model nwt
I0929 14:45:47.860549 12576 cuckoo_watch.h:45] 51ms in ProcessBatch(school_batches\aaaaad.batch) [including 3ms in LoadMessage; 2ms in InitializeSparseNdw; 15ms in InferThetaAndUpdateNwtSparse; 12ms in CalculateScore(PerplexityScore); 2ms in CalculateScore(SparsityThetaScore); 13ms in CalculateScore(^^^ItemsProcessedScore^^^); ]
I0929 14:45:47.860549 10632 processor.cc:898] Processor: complete processing batch f2b01c28-a91b-48f5-a3c5-c0f8f6a45836 into model nwt
I0929 14:45:47.860549 10632 cuckoo_watch.h:45] 52ms in ProcessBatch(school_batches\aaaaaa.batch) [including 4ms in LoadMessage; 1ms in InitializeSparseNdw; 9ms in InferThetaAndUpdateNwtSparse; 15ms in CalculateScore(PerplexityScore); 4ms in CalculateScore(SparsityThetaScore); 15ms in CalculateScore(^^^ItemsProcessedScore^^^); ]
I0929 14:45:47.860549 14988 processor.cc:898] Processor: complete processing batch 0580594d-f7bc-44d3-ac2b-5dd3a217f3c1 into model nwt
I0929 14:45:47.860549 14988 cuckoo_watch.h:45] 53ms in ProcessBatch(school_batches\aaaaac.batch) [including 3ms in LoadMessage; 2ms in InitializeSparseNdw; 15ms in InferThetaAndUpdateNwtSparse; 17ms in CalculateScore(PerplexityScore); 2ms in CalculateScore(SparsityThetaScore); 9ms in CalculateScore(^^^ItemsProcessedScore^^^); ]
I0929 14:45:47.868898 14772 master_component.cc:1378] RegularizeModelArgs: rwt_target_name=rwt, pwt_source_name=pwt, nwt_source_name=nwt
I0929 14:45:47.868898 14772 master_component.cc:922] MasterComponent: start regularizing model pwt
I0929 14:45:47.912595 14772 master_component.cc:948] MasterComponent: complete regularizing model pwt
I0929 14:45:47.912595 14772 master_component.cc:1391] NormalizeModelArgs: pwt_target_name=pwt, nwt_source_name=nwt, rwt_source_name=rwt
I0929 14:45:47.912595 14772 master_component.cc:952] MasterComponent: start normalizing model nwt
I0929 14:45:47.943902 14772 master_component.cc:980] MasterComponent: complete normalizing model nwt
I0929 14:45:47.959523 13660 processor.cc:717] No data in processing queue, waiting...
I0929 14:45:47.975145 15776 processor.cc:717] No data in processing queue, waiting...
I0929 14:45:47.975145 14772 master_component.cc:1415] DisposeModel rwt
I0929 14:45:47.975145 14772 master_component.cc:1005] FitOffline: ItemsProcessed, num_items=475, num_batches=5, token_weight=160064, token_weight_in_effect=160064
I0929 14:45:47.975145 12060 c_interface.cc:559] Pass GetScoreValueArgs, score_name=^^^ItemsProcessedScore^^^ to MasterComponent::Request
I0929 14:45:47.975145 12060 c_interface.cc:230] ArtmCopyRequestedMessage is copying 46 bytes...
I0929 14:45:47.975145 14772 c_interface.cc:386] Pass FitOfflineMasterModelArgs, batch_filename_size=5, batch_weight_size=5, num_collection_passes=1 to void (__cdecl artm::core::MasterComponent::*)(class artm::FitOfflineMasterModelArgs const & __ptr64) __ptr64
I0929 14:45:47.975145 14772 master_component.cc:1340] ProcessBatchesArgs: nwt_target_name=nwt, batch_filename_size=5, batch_size=0, batch_weight_size=5, pwt_source_name=pwt, num_document_passes=1, regularizer=(name:SparsePhi, tau:-1), class=(text:1), reuse_theta=yes, opt_for_avx=yes, predict_class_id=
I0929 14:45:48.022500 15776 processor.cc:724] Processing queue has data, processing started
I0929 14:45:48.022500 15736 processor.cc:724] Processing queue has data, processing started
I0929 14:45:48.022500 14988 processor.cc:802] Processor: start processing batch 6a4af50c-1d40-4968-a73a-29c46d4580d1 into model nwt
I0929 14:45:48.022500 15776 processor.cc:802] Processor: start processing batch f2b01c28-a91b-48f5-a3c5-c0f8f6a45836 into model nwt
I0929 14:45:48.022500 15736 processor.cc:802] Processor: start processing batch 42e97b85-c4f9-4595-8cb3-402211db67eb into model nwt
I0929 14:45:48.022500 12576 processor.cc:802] Processor: start processing batch b3d2eaf6-16f4-4711-8da3-cd6d21d6db5a into model nwt
I0929 14:45:48.022500  2260 processor.cc:802] Processor: start processing batch 0580594d-f7bc-44d3-ac2b-5dd3a217f3c1 into model nwt
I0929 14:45:48.053189 15776 processor.cc:898] Processor: complete processing batch f2b01c28-a91b-48f5-a3c5-c0f8f6a45836 into model nwt
I0929 14:45:48.053189 15776 cuckoo_watch.h:45] 38ms in ProcessBatch(school_batches\aaaaaa.batch) [including 2ms in LoadMessage; 1ms in InitializeSparseNdw; 9ms in InferThetaAndUpdateNwtSparse; 10ms in CalculateScore(PerplexityScore); 2ms in CalculateScore(SparsityThetaScore); 9ms in CalculateScore(^^^ItemsProcessedScore^^^); ]
I0929 14:45:48.053189 15736 processor.cc:898] Processor: complete processing batch 42e97b85-c4f9-4595-8cb3-402211db67eb into model nwt
I0929 14:45:48.053189 15736 cuckoo_watch.h:45] 39ms in ProcessBatch(school_batches\aaaaad.batch) [including 2ms in LoadMessage; 1ms in InitializeSparseNdw; 10ms in InferThetaAndUpdateNwtSparse; 11ms in CalculateScore(PerplexityScore); 2ms in CalculateScore(SparsityThetaScore); 9ms in CalculateScore(^^^ItemsProcessedScore^^^); ]
I0929 14:45:48.053189 14988 processor.cc:898] Processor: complete processing batch 6a4af50c-1d40-4968-a73a-29c46d4580d1 into model nwt
I0929 14:45:48.053189 14988 cuckoo_watch.h:45] 40ms in ProcessBatch(school_batches\aaaaae.batch) [including 2ms in LoadMessage; 1ms in InitializeSparseNdw; 10ms in InferThetaAndUpdateNwtSparse; 10ms in CalculateScore(PerplexityScore); 2ms in CalculateScore(SparsityThetaScore); 11ms in CalculateScore(^^^ItemsProcessedScore^^^); ]
I0929 14:45:48.068812 12576 processor.cc:898] Processor: complete processing batch b3d2eaf6-16f4-4711-8da3-cd6d21d6db5a into model nwt
I0929 14:45:48.068812 12576 cuckoo_watch.h:45] 50ms in ProcessBatch(school_batches\aaaaab.batch) [including 4ms in LoadMessage; 1ms in InitializeSparseNdw; 15ms in InferThetaAndUpdateNwtSparse; 15ms in CalculateScore(PerplexityScore); 2ms in CalculateScore(SparsityThetaScore); 9ms in CalculateScore(^^^ItemsProcessedScore^^^); ]
I0929 14:45:48.068812  2260 processor.cc:898] Processor: complete processing batch 0580594d-f7bc-44d3-ac2b-5dd3a217f3c1 into model nwt
I0929 14:45:48.068812  2260 cuckoo_watch.h:45] 52ms in ProcessBatch(school_batches\aaaaac.batch) [including 4ms in LoadMessage; 1ms in InitializeSparseNdw; 15ms in InferThetaAndUpdateNwtSparse; 17ms in CalculateScore(PerplexityScore); 2ms in CalculateScore(SparsityThetaScore); 9ms in CalculateScore(^^^ItemsProcessedScore^^^); ]
I0929 14:45:48.084431 14772 master_component.cc:1378] RegularizeModelArgs: rwt_target_name=rwt, pwt_source_name=pwt, nwt_source_name=nwt
I0929 14:45:48.084431 14772 master_component.cc:922] MasterComponent: start regularizing model pwt
I0929 14:45:48.131330 14772 master_component.cc:948] MasterComponent: complete regularizing model pwt
I0929 14:45:48.131330 14772 master_component.cc:1391] NormalizeModelArgs: pwt_target_name=pwt, nwt_source_name=nwt, rwt_source_name=rwt
I0929 14:45:48.131330 14772 master_component.cc:952] MasterComponent: start normalizing model nwt
I0929 14:45:48.162575 14772 master_component.cc:980] MasterComponent: complete normalizing model nwt
I0929 14:45:48.178225 10632 processor.cc:717] No data in processing queue, waiting...
I0929 14:45:48.178225 11396 processor.cc:717] No data in processing queue, waiting...
I0929 14:45:48.178225 14772 master_component.cc:1415] DisposeModel rwt
I0929 14:45:48.178225 14772 master_component.cc:1005] FitOffline: ItemsProcessed, num_items=475, num_batches=5, token_weight=160064, token_weight_in_effect=160064
I0929 14:45:48.178225 12060 c_interface.cc:559] Pass GetScoreValueArgs, score_name=^^^ItemsProcessedScore^^^ to MasterComponent::Request
I0929 14:45:48.178225 12060 c_interface.cc:230] ArtmCopyRequestedMessage is copying 46 bytes...
I0929 14:45:48.178225 14772 c_interface.cc:386] Pass FitOfflineMasterModelArgs, batch_filename_size=5, batch_weight_size=5, num_collection_passes=1 to void (__cdecl artm::core::MasterComponent::*)(class artm::FitOfflineMasterModelArgs const & __ptr64) __ptr64
I0929 14:45:48.178225 14772 master_component.cc:1340] ProcessBatchesArgs: nwt_target_name=nwt, batch_filename_size=5, batch_size=0, batch_weight_size=5, pwt_source_name=pwt, num_document_passes=1, regularizer=(name:SparsePhi, tau:-1), class=(text:1), reuse_theta=yes, opt_for_avx=yes, predict_class_id=
I0929 14:45:48.225627 10632 processor.cc:724] Processing queue has data, processing started
I0929 14:45:48.225627 14988 processor.cc:802] Processor: start processing batch b3d2eaf6-16f4-4711-8da3-cd6d21d6db5a into model nwt
I0929 14:45:48.225627 10632 processor.cc:802] Processor: start processing batch 6a4af50c-1d40-4968-a73a-29c46d4580d1 into model nwt
I0929 14:45:48.225627 15736 processor.cc:802] Processor: start processing batch 42e97b85-c4f9-4595-8cb3-402211db67eb into model nwt
I0929 14:45:48.225627 12576 processor.cc:802] Processor: start processing batch f2b01c28-a91b-48f5-a3c5-c0f8f6a45836 into model nwt
I0929 14:45:48.225627 15776 processor.cc:802] Processor: start processing batch 0580594d-f7bc-44d3-ac2b-5dd3a217f3c1 into model nwt
I0929 14:45:48.256270 14988 processor.cc:898] Processor: complete processing batch b3d2eaf6-16f4-4711-8da3-cd6d21d6db5a into model nwt
I0929 14:45:48.256270 12576 processor.cc:898] Processor: complete processing batch f2b01c28-a91b-48f5-a3c5-c0f8f6a45836 into model nwt
I0929 14:45:48.256270 14988 cuckoo_watch.h:45] 45ms in ProcessBatch(school_batches\aaaaab.batch) [including 2ms in LoadMessage; 1ms in InitializeSparseNdw; 10ms in InferThetaAndUpdateNwtSparse; 11ms in CalculateScore(PerplexityScore); 2ms in CalculateScore(SparsityThetaScore); 15ms in CalculateScore(^^^ItemsProcessedScore^^^); ]
