I0929 14:25:08.779516 10440 processor.cc:898] Processor: complete processing batch 42e97b85-c4f9-4595-8cb3-402211db67eb into model nwt
I0929 14:25:08.779516 10440 cuckoo_watch.h:45] 41ms in ProcessBatch(school_batches\aaaaad.batch) [including 2ms in LoadMessage; 0ms in InitializeSparseNdw; 11ms in InferThetaAndUpdateNwtSparse; 11ms in CalculateScore(PerplexityScore); 2ms in CalculateScore(SparsityThetaScore); 10ms in CalculateScore(^^^ItemsProcessedScore^^^); ]
I0929 14:25:08.795140 18040 processor.cc:898] Processor: complete processing batch b3d2eaf6-16f4-4711-8da3-cd6d21d6db5a into model nwt
I0929 14:25:08.795140  3236 processor.cc:898] Processor: complete processing batch 0580594d-f7bc-44d3-ac2b-5dd3a217f3c1 into model nwt
I0929 14:25:08.795140 18040 cuckoo_watch.h:45] 57ms in ProcessBatch(school_batches\aaaaab.batch) [including 4ms in LoadMessage; 1ms in InitializeSparseNdw; 15ms in InferThetaAndUpdateNwtSparse; 18ms in CalculateScore(PerplexityScore); 3ms in CalculateScore(SparsityThetaScore); 12ms in CalculateScore(^^^ItemsProcessedScore^^^); ]
I0929 14:25:08.795140  3236 cuckoo_watch.h:45] 57ms in ProcessBatch(school_batches\aaaaac.batch) [including 4ms in LoadMessage; 1ms in InitializeSparseNdw; 16ms in InferThetaAndUpdateNwtSparse; 18ms in CalculateScore(PerplexityScore); 2ms in CalculateScore(SparsityThetaScore); 13ms in CalculateScore(^^^ItemsProcessedScore^^^); ]
I0929 14:25:08.811012 13884 master_component.cc:1378] RegularizeModelArgs: rwt_target_name=rwt, pwt_source_name=pwt, nwt_source_name=nwt
I0929 14:25:08.811012 13884 master_component.cc:922] MasterComponent: start regularizing model pwt
I0929 14:25:08.857621 13884 master_component.cc:948] MasterComponent: complete regularizing model pwt
I0929 14:25:08.857621 13884 master_component.cc:1391] NormalizeModelArgs: pwt_target_name=pwt, nwt_source_name=nwt, rwt_source_name=rwt
I0929 14:25:08.857621 13884 master_component.cc:952] MasterComponent: start normalizing model nwt
I0929 14:25:08.888865  4496 processor.cc:717] No data in processing queue, waiting...
I0929 14:25:08.888865 13884 master_component.cc:980] MasterComponent: complete normalizing model nwt
I0929 14:25:08.904486   432 processor.cc:717] No data in processing queue, waiting...
I0929 14:25:08.904944 13884 master_component.cc:1415] DisposeModel rwt
I0929 14:25:08.908946 13884 master_component.cc:1005] FitOffline: ItemsProcessed, num_items=475, num_batches=5, token_weight=160064, token_weight_in_effect=160064
I0929 14:25:08.912536 12548 c_interface.cc:559] Pass GetScoreValueArgs, score_name=^^^ItemsProcessedScore^^^ to MasterComponent::Request
I0929 14:25:08.912536 12548 c_interface.cc:230] ArtmCopyRequestedMessage is copying 46 bytes...
I0929 14:25:08.912935 13884 c_interface.cc:386] Pass FitOfflineMasterModelArgs, batch_filename_size=5, batch_weight_size=5, num_collection_passes=1 to void (__cdecl artm::core::MasterComponent::*)(class artm::FitOfflineMasterModelArgs const & __ptr64) __ptr64
I0929 14:25:08.912935 13884 master_component.cc:1340] ProcessBatchesArgs: nwt_target_name=nwt, batch_filename_size=5, batch_size=0, batch_weight_size=5, pwt_source_name=pwt, num_document_passes=1, regularizer=(name:SparsePhi, tau:-100), class=(text:1), reuse_theta=yes, opt_for_avx=yes, predict_class_id=
I0929 14:25:08.948837 13904 processor.cc:724] Processing queue has data, processing started
I0929 14:25:08.948837 13904 processor.cc:802] Processor: start processing batch 6a4af50c-1d40-4968-a73a-29c46d4580d1 into model nwt
I0929 14:25:08.948837 18040 processor.cc:802] Processor: start processing batch 0580594d-f7bc-44d3-ac2b-5dd3a217f3c1 into model nwt
I0929 14:25:08.948837  9948 processor.cc:802] Processor: start processing batch 42e97b85-c4f9-4595-8cb3-402211db67eb into model nwt
I0929 14:25:08.948837  3240 processor.cc:802] Processor: start processing batch b3d2eaf6-16f4-4711-8da3-cd6d21d6db5a into model nwt
I0929 14:25:08.948837  3236 processor.cc:802] Processor: start processing batch f2b01c28-a91b-48f5-a3c5-c0f8f6a45836 into model nwt
I0929 14:25:08.980013 13904 processor.cc:898] Processor: complete processing batch 6a4af50c-1d40-4968-a73a-29c46d4580d1 into model nwt
I0929 14:25:08.980013 13904 cuckoo_watch.h:45] 43ms in ProcessBatch(school_batches\aaaaae.batch) [including 5ms in LoadMessage; 0ms in InitializeSparseNdw; 11ms in InferThetaAndUpdateNwtSparse; 10ms in CalculateScore(PerplexityScore); 3ms in CalculateScore(SparsityThetaScore); 10ms in CalculateScore(^^^ItemsProcessedScore^^^); ]
I0929 14:25:08.980013  9948 processor.cc:898] Processor: complete processing batch 42e97b85-c4f9-4595-8cb3-402211db67eb into model nwt
I0929 14:25:08.980013  9948 cuckoo_watch.h:45] 46ms in ProcessBatch(school_batches\aaaaad.batch) [including 7ms in LoadMessage; 1ms in InitializeSparseNdw; 11ms in InferThetaAndUpdateNwtSparse; 12ms in CalculateScore(PerplexityScore); 2ms in CalculateScore(SparsityThetaScore); 10ms in CalculateScore(^^^ItemsProcessedScore^^^); ]
I0929 14:25:08.995631 18040 processor.cc:898] Processor: complete processing batch 0580594d-f7bc-44d3-ac2b-5dd3a217f3c1 into model nwt
I0929 14:25:08.995631 18040 cuckoo_watch.h:45] 48ms in ProcessBatch(school_batches\aaaaac.batch) [including 7ms in LoadMessage; 1ms in InitializeSparseNdw; 11ms in InferThetaAndUpdateNwtSparse; 12ms in CalculateScore(PerplexityScore); 4ms in CalculateScore(SparsityThetaScore); 11ms in CalculateScore(^^^ItemsProcessedScore^^^); ]
I0929 14:25:08.995631  3240 processor.cc:898] Processor: complete processing batch b3d2eaf6-16f4-4711-8da3-cd6d21d6db5a into model nwt
I0929 14:25:08.995631  3236 processor.cc:898] Processor: complete processing batch f2b01c28-a91b-48f5-a3c5-c0f8f6a45836 into model nwt
I0929 14:25:08.995631  3240 cuckoo_watch.h:45] 54ms in ProcessBatch(school_batches\aaaaab.batch) [including 7ms in LoadMessage; 1ms in InitializeSparseNdw; 15ms in InferThetaAndUpdateNwtSparse; 15ms in CalculateScore(PerplexityScore); 3ms in CalculateScore(SparsityThetaScore); 9ms in CalculateScore(^^^ItemsProcessedScore^^^); ]
I0929 14:25:08.995631  3236 cuckoo_watch.h:45] 54ms in ProcessBatch(school_batches\aaaaaa.batch) [including 7ms in LoadMessage; 1ms in InitializeSparseNdw; 15ms in InferThetaAndUpdateNwtSparse; 16ms in CalculateScore(PerplexityScore); 2ms in CalculateScore(SparsityThetaScore); 8ms in CalculateScore(^^^ItemsProcessedScore^^^); ]
I0929 14:25:09.011538 13884 master_component.cc:1378] RegularizeModelArgs: rwt_target_name=rwt, pwt_source_name=pwt, nwt_source_name=nwt
I0929 14:25:09.011538 13884 master_component.cc:922] MasterComponent: start regularizing model pwt
I0929 14:25:09.058179 13884 master_component.cc:948] MasterComponent: complete regularizing model pwt
I0929 14:25:09.058179 13884 master_component.cc:1391] NormalizeModelArgs: pwt_target_name=pwt, nwt_source_name=nwt, rwt_source_name=rwt
I0929 14:25:09.058179 13884 master_component.cc:952] MasterComponent: start normalizing model nwt
I0929 14:25:09.089360 10440 processor.cc:717] No data in processing queue, waiting...
I0929 14:25:09.104984 13884 master_component.cc:980] MasterComponent: complete normalizing model nwt
I0929 14:25:09.120666 13884 master_component.cc:1415] DisposeModel rwt
I0929 14:25:09.120666 13884 master_component.cc:1005] FitOffline: ItemsProcessed, num_items=475, num_batches=5, token_weight=160064, token_weight_in_effect=160064
I0929 14:25:09.120666 12548 c_interface.cc:559] Pass GetScoreValueArgs, score_name=^^^ItemsProcessedScore^^^ to MasterComponent::Request
I0929 14:25:09.120666 12548 c_interface.cc:230] ArtmCopyRequestedMessage is copying 46 bytes...
I0929 14:25:09.120666 13884 c_interface.cc:386] Pass FitOfflineMasterModelArgs, batch_filename_size=5, batch_weight_size=5, num_collection_passes=1 to void (__cdecl artm::core::MasterComponent::*)(class artm::FitOfflineMasterModelArgs const & __ptr64) __ptr64
I0929 14:25:09.120666 13884 master_component.cc:1340] ProcessBatchesArgs: nwt_target_name=nwt, batch_filename_size=5, batch_size=0, batch_weight_size=5, pwt_source_name=pwt, num_document_passes=1, regularizer=(name:SparsePhi, tau:-100), class=(text:1), reuse_theta=yes, opt_for_avx=yes, predict_class_id=
I0929 14:25:09.168064 10440 processor.cc:724] Processing queue has data, processing started
I0929 14:25:09.168064  4496 processor.cc:724] Processing queue has data, processing started
I0929 14:25:09.168064  3240 processor.cc:802] Processor: start processing batch 6a4af50c-1d40-4968-a73a-29c46d4580d1 into model nwt
I0929 14:25:09.168064  9948 processor.cc:802] Processor: start processing batch 0580594d-f7bc-44d3-ac2b-5dd3a217f3c1 into model nwt
I0929 14:25:09.168064  4496 processor.cc:802] Processor: start processing batch 42e97b85-c4f9-4595-8cb3-402211db67eb into model nwt
I0929 14:25:09.168064  3236 processor.cc:802] Processor: start processing batch b3d2eaf6-16f4-4711-8da3-cd6d21d6db5a into model nwt
I0929 14:25:09.168064 10440 processor.cc:802] Processor: start processing batch f2b01c28-a91b-48f5-a3c5-c0f8f6a45836 into model nwt
I0929 14:25:09.198714  4496 processor.cc:898] Processor: complete processing batch 42e97b85-c4f9-4595-8cb3-402211db67eb into model nwt
I0929 14:25:09.198714  4496 cuckoo_watch.h:45] 41ms in ProcessBatch(school_batches\aaaaad.batch) [including 2ms in LoadMessage; 1ms in InitializeSparseNdw; 11ms in InferThetaAndUpdateNwtSparse; 11ms in CalculateScore(PerplexityScore); 2ms in CalculateScore(SparsityThetaScore); 10ms in CalculateScore(^^^ItemsProcessedScore^^^); ]
I0929 14:25:09.198714 10440 processor.cc:898] Processor: complete processing batch f2b01c28-a91b-48f5-a3c5-c0f8f6a45836 into model nwt
I0929 14:25:09.198714 10440 cuckoo_watch.h:45] 42ms in ProcessBatch(school_batches\aaaaaa.batch) [including 4ms in LoadMessage; 1ms in InitializeSparseNdw; 10ms in InferThetaAndUpdateNwtSparse; 11ms in CalculateScore(PerplexityScore); 2ms in CalculateScore(SparsityThetaScore); 9ms in CalculateScore(^^^ItemsProcessedScore^^^); ]
I0929 14:25:09.198714  3240 processor.cc:898] Processor: complete processing batch 6a4af50c-1d40-4968-a73a-29c46d4580d1 into model nwt
I0929 14:25:09.198714  3240 cuckoo_watch.h:45] 46ms in ProcessBatch(school_batches\aaaaae.batch) [including 2ms in LoadMessage; 1ms in InitializeSparseNdw; 15ms in InferThetaAndUpdateNwtSparse; 14ms in CalculateScore(PerplexityScore); 2ms in CalculateScore(SparsityThetaScore); 8ms in CalculateScore(^^^ItemsProcessedScore^^^); ]
I0929 14:25:09.214394  3236 processor.cc:898] Processor: complete processing batch b3d2eaf6-16f4-4711-8da3-cd6d21d6db5a into model nwt
I0929 14:25:09.214394  3236 cuckoo_watch.h:45] 49ms in ProcessBatch(school_batches\aaaaab.batch) [including 4ms in LoadMessage; 1ms in InitializeSparseNdw; 10ms in InferThetaAndUpdateNwtSparse; 12ms in CalculateScore(PerplexityScore); 4ms in CalculateScore(SparsityThetaScore); 15ms in CalculateScore(^^^ItemsProcessedScore^^^); ]
I0929 14:25:09.214394  9948 processor.cc:898] Processor: complete processing batch 0580594d-f7bc-44d3-ac2b-5dd3a217f3c1 into model nwt
I0929 14:25:09.214394  9948 cuckoo_watch.h:45] 57ms in ProcessBatch(school_batches\aaaaac.batch) [including 2ms in LoadMessage; 1ms in InitializeSparseNdw; 16ms in InferThetaAndUpdateNwtSparse; 18ms in CalculateScore(PerplexityScore); 4ms in CalculateScore(SparsityThetaScore); 11ms in CalculateScore(^^^ItemsProcessedScore^^^); ]
I0929 14:25:09.230551 13884 master_component.cc:1378] RegularizeModelArgs: rwt_target_name=rwt, pwt_source_name=pwt, nwt_source_name=nwt
I0929 14:25:09.230551 13884 master_component.cc:922] MasterComponent: start regularizing model pwt
I0929 14:25:09.276880 13884 master_component.cc:948] MasterComponent: complete regularizing model pwt
I0929 14:25:09.276880 13884 master_component.cc:1391] NormalizeModelArgs: pwt_target_name=pwt, nwt_source_name=nwt, rwt_source_name=rwt
I0929 14:25:09.276880 13884 master_component.cc:952] MasterComponent: start normalizing model nwt
I0929 14:25:09.308122 13904 processor.cc:717] No data in processing queue, waiting...
I0929 14:25:09.308122 13884 master_component.cc:980] MasterComponent: complete normalizing model nwt
I0929 14:25:09.323688 18040 processor.cc:717] No data in processing queue, waiting...
I0929 14:25:09.323688 13884 master_component.cc:1415] DisposeModel rwt
I0929 14:25:09.323688 13884 master_component.cc:1005] FitOffline: ItemsProcessed, num_items=475, num_batches=5, token_weight=160064, token_weight_in_effect=160064
I0929 14:25:09.323688 12548 c_interface.cc:559] Pass GetScoreValueArgs, score_name=^^^ItemsProcessedScore^^^ to MasterComponent::Request
I0929 14:25:09.323688 12548 c_interface.cc:230] ArtmCopyRequestedMessage is copying 46 bytes...
I0929 14:25:09.323688 13884 c_interface.cc:386] Pass FitOfflineMasterModelArgs, batch_filename_size=5, batch_weight_size=5, num_collection_passes=1 to void (__cdecl artm::core::MasterComponent::*)(class artm::FitOfflineMasterModelArgs const & __ptr64) __ptr64
I0929 14:25:09.323688 13884 master_component.cc:1340] ProcessBatchesArgs: nwt_target_name=nwt, batch_filename_size=5, batch_size=0, batch_weight_size=5, pwt_source_name=pwt, num_document_passes=1, regularizer=(name:SparsePhi, tau:-100), class=(text:1), reuse_theta=yes, opt_for_avx=yes, predict_class_id=
I0929 14:25:09.370827   432 processor.cc:724] Processing queue has data, processing started
I0929 14:25:09.370827 18040 processor.cc:724] Processing queue has data, processing started
I0929 14:25:09.370827  3236 processor.cc:802] Processor: start processing batch b3d2eaf6-16f4-4711-8da3-cd6d21d6db5a into model nwt
I0929 14:25:09.370827  9948 processor.cc:802] Processor: start processing batch 42e97b85-c4f9-4595-8cb3-402211db67eb into model nwt
I0929 14:25:09.370827   432 processor.cc:802] Processor: start processing batch 0580594d-f7bc-44d3-ac2b-5dd3a217f3c1 into model nwt
I0929 14:25:09.370827 18040 processor.cc:802] Processor: start processing batch 6a4af50c-1d40-4968-a73a-29c46d4580d1 into model nwt
I0929 14:25:09.370827  3240 processor.cc:802] Processor: start processing batch f2b01c28-a91b-48f5-a3c5-c0f8f6a45836 into model nwt
I0929 14:25:09.401791  3236 processor.cc:898] Processor: complete processing batch b3d2eaf6-16f4-4711-8da3-cd6d21d6db5a into model nwt
I0929 14:25:09.401791   432 processor.cc:898] Processor: complete processing batch 0580594d-f7bc-44d3-ac2b-5dd3a217f3c1 into model nwt
I0929 14:25:09.401791  3236 cuckoo_watch.h:45] 41ms in ProcessBatch(school_batches\aaaaab.batch) [including 2ms in LoadMessage; 1ms in InitializeSparseNdw; 10ms in InferThetaAndUpdateNwtSparse; 12ms in CalculateScore(PerplexityScore); 2ms in CalculateScore(SparsityThetaScore); 10ms in CalculateScore(^^^ItemsProcessedScore^^^); ]
I0929 14:25:09.401791   432 cuckoo_watch.h:45] 41ms in ProcessBatch(school_batches\aaaaac.batch) [including 2ms in LoadMessage; 1ms in InitializeSparseNdw; 11ms in InferThetaAndUpdateNwtSparse; 12ms in CalculateScore(PerplexityScore); 2ms in CalculateScore(SparsityThetaScore); 10ms in CalculateScore(^^^ItemsProcessedScore^^^); ]
I0929 14:25:09.401791  9948 processor.cc:898] Processor: complete processing batch 42e97b85-c4f9-4595-8cb3-402211db67eb into model nwt
I0929 14:25:09.401791  9948 cuckoo_watch.h:45] 45ms in ProcessBatch(school_batches\aaaaad.batch) [including 2ms in LoadMessage; 1ms in InitializeSparseNdw; 11ms in InferThetaAndUpdateNwtSparse; 17ms in CalculateScore(PerplexityScore); 2ms in CalculateScore(SparsityThetaScore); 9ms in CalculateScore(^^^ItemsProcessedScore^^^); ]
I0929 14:25:09.417472  3240 processor.cc:898] Processor: complete processing batch f2b01c28-a91b-48f5-a3c5-c0f8f6a45836 into model nwt
I0929 14:25:09.417472  3240 cuckoo_watch.h:45] 51ms in ProcessBatch(school_batches\aaaaaa.batch) [including 4ms in LoadMessage; 1ms in InitializeSparseNdw; 13ms in InferThetaAndUpdateNwtSparse; 11ms in CalculateScore(PerplexityScore); 4ms in CalculateScore(SparsityThetaScore); 14ms in CalculateScore(^^^ItemsProcessedScore^^^); ]
I0929 14:25:09.417472 18040 processor.cc:898] Processor: complete processing batch 6a4af50c-1d40-4968-a73a-29c46d4580d1 into model nwt
I0929 14:25:09.417472 18040 cuckoo_watch.h:45] 56ms in ProcessBatch(school_batches\aaaaae.batch) [including 3ms in LoadMessage; 1ms in InitializeSparseNdw; 16ms in InferThetaAndUpdateNwtSparse; 16ms in CalculateScore(PerplexityScore); 4ms in CalculateScore(SparsityThetaScore); 11ms in CalculateScore(^^^ItemsProcessedScore^^^); ]
I0929 14:25:09.433629 13884 master_component.cc:1378] RegularizeModelArgs: rwt_target_name=rwt, pwt_source_name=pwt, nwt_source_name=nwt
I0929 14:25:09.433629 13884 master_component.cc:922] MasterComponent: start regularizing model pwt
I0929 14:25:09.479961 13884 master_component.cc:948] MasterComponent: complete regularizing model pwt
I0929 14:25:09.479961 13884 master_component.cc:1391] NormalizeModelArgs: pwt_target_name=pwt, nwt_source_name=nwt, rwt_source_name=rwt
I0929 14:25:09.479961 13884 master_component.cc:952] MasterComponent: start normalizing model nwt
I0929 14:25:09.511200 13884 master_component.cc:980] MasterComponent: complete normalizing model nwt
I0929 14:25:09.526823 10440 processor.cc:717] No data in processing queue, waiting...
I0929 14:25:09.526823  4496 processor.cc:717] No data in processing queue, waiting...
I0929 14:25:09.526823 13884 master_component.cc:1415] DisposeModel rwt
I0929 14:25:09.526823 13884 master_component.cc:1005] FitOffline: ItemsProcessed, num_items=475, num_batches=5, token_weight=160064, token_weight_in_effect=160064
I0929 14:25:09.526823 12548 c_interface.cc:559] Pass GetScoreValueArgs, score_name=^^^ItemsProcessedScore^^^ to MasterComponent::Request
I0929 14:25:09.526823 12548 c_interface.cc:230] ArtmCopyRequestedMessage is copying 46 bytes...
I0929 14:25:09.526823 13884 c_interface.cc:386] Pass FitOfflineMasterModelArgs, batch_filename_size=5, batch_weight_size=5, num_collection_passes=1 to void (__cdecl artm::core::MasterComponent::*)(class artm::FitOfflineMasterModelArgs const & __ptr64) __ptr64
I0929 14:25:09.526823 13884 master_component.cc:1340] ProcessBatchesArgs: nwt_target_name=nwt, batch_filename_size=5, batch_size=0, batch_weight_size=5, pwt_source_name=pwt, num_document_passes=1, regularizer=(name:SparsePhi, tau:-100), class=(text:1), reuse_theta=yes, opt_for_avx=yes, predict_class_id=
I0929 14:25:09.573621 13904 processor.cc:724] Processing queue has data, processing started
I0929 14:25:09.573621  9948 processor.cc:802] Processor: start processing batch 6a4af50c-1d40-4968-a73a-29c46d4580d1 into model nwt
I0929 14:25:09.573621   432 processor.cc:802] Processor: start processing batch f2b01c28-a91b-48f5-a3c5-c0f8f6a45836 into model nwt
I0929 14:25:09.573621 13904 processor.cc:802] Processor: start processing batch 0580594d-f7bc-44d3-ac2b-5dd3a217f3c1 into model nwt
I0929 14:25:09.573621  3236 processor.cc:802] Processor: start processing batch 42e97b85-c4f9-4595-8cb3-402211db67eb into model nwt
I0929 14:25:09.573621  3240 processor.cc:802] Processor: start processing batch b3d2eaf6-16f4-4711-8da3-cd6d21d6db5a into model nwt
I0929 14:25:09.604869  9948 processor.cc:898] Processor: complete processing batch 6a4af50c-1d40-4968-a73a-29c46d4580d1 into model nwt
I0929 14:25:09.604869  9948 cuckoo_watch.h:45] 39ms in ProcessBatch(school_batches\aaaaae.batch) [including 2ms in LoadMessage; 1ms in InitializeSparseNdw; 10ms in InferThetaAndUpdateNwtSparse; 11ms in CalculateScore(PerplexityScore); 2ms in CalculateScore(SparsityThetaScore); 10ms in CalculateScore(^^^ItemsProcessedScore^^^); ]
I0929 14:25:09.604869   432 processor.cc:898] Processor: complete processing batch f2b01c28-a91b-48f5-a3c5-c0f8f6a45836 into model nwt
I0929 14:25:09.604869   432 cuckoo_watch.h:45] 45ms in ProcessBatch(school_batches\aaaaaa.batch) [including 2ms in LoadMessage; 1ms in InitializeSparseNdw; 10ms in InferThetaAndUpdateNwtSparse; 16ms in CalculateScore(PerplexityScore); 2ms in CalculateScore(SparsityThetaScore); 9ms in CalculateScore(^^^ItemsProcessedScore^^^); ]
I0929 14:25:09.604869 13904 processor.cc:898] Processor: complete processing batch 0580594d-f7bc-44d3-ac2b-5dd3a217f3c1 into model nwt
I0929 14:25:09.604869 13904 cuckoo_watch.h:45] 46ms in ProcessBatch(school_batches\aaaaac.batch) [including 2ms in LoadMessage; 1ms in InitializeSparseNdw; 10ms in InferThetaAndUpdateNwtSparse; 12ms in CalculateScore(PerplexityScore); 2ms in CalculateScore(SparsityThetaScore); 14ms in CalculateScore(^^^ItemsProcessedScore^^^); ]
I0929 14:25:09.620548  3240 processor.cc:898] Processor: complete processing batch b3d2eaf6-16f4-4711-8da3-cd6d21d6db5a into model nwt
I0929 14:25:09.620548  3240 cuckoo_watch.h:45] 47ms in ProcessBatch(school_batches\aaaaab.batch) [including 4ms in LoadMessage; 1ms in InitializeSparseNdw; 14ms in InferThetaAndUpdateNwtSparse; 13ms in CalculateScore(PerplexityScore); 3ms in CalculateScore(SparsityThetaScore); 9ms in CalculateScore(^^^ItemsProcessedScore^^^); ]
I0929 14:25:09.620548  3236 processor.cc:898] Processor: complete processing batch 42e97b85-c4f9-4595-8cb3-402211db67eb into model nwt
I0929 14:25:09.620548  3236 cuckoo_watch.h:45] 56ms in ProcessBatch(school_batches\aaaaad.batch) [including 4ms in LoadMessage; 1ms in InitializeSparseNdw; 17ms in InferThetaAndUpdateNwtSparse; 18ms in CalculateScore(PerplexityScore); 4ms in CalculateScore(SparsityThetaScore); 9ms in CalculateScore(^^^ItemsProcessedScore^^^); ]
I0929 14:25:09.636705 13884 master_component.cc:1378] RegularizeModelArgs: rwt_target_name=rwt, pwt_source_name=pwt, nwt_source_name=nwt
I0929 14:25:09.636705 13884 master_component.cc:922] MasterComponent: start regularizing model pwt
I0929 14:25:09.683034 13884 master_component.cc:948] MasterComponent: complete regularizing model pwt
I0929 14:25:09.683034 13884 master_component.cc:1391] NormalizeModelArgs: pwt_target_name=pwt, nwt_source_name=nwt, rwt_source_name=rwt
I0929 14:25:09.683034 13884 master_component.cc:952] MasterComponent: start normalizing model nwt
I0929 14:25:09.714213 13884 master_component.cc:980] MasterComponent: complete normalizing model nwt
I0929 14:25:09.729837 13884 master_component.cc:1415] DisposeModel rwt
I0929 14:25:09.729837 13884 master_component.cc:1005] FitOffline: ItemsProcessed, num_items=475, num_batches=5, token_weight=160064, token_weight_in_effect=160064
I0929 14:25:09.729837 12548 c_interface.cc:559] Pass GetScoreValueArgs, score_name=^^^ItemsProcessedScore^^^ to MasterComponent::Request
I0929 14:25:09.729837 12548 c_interface.cc:230] ArtmCopyRequestedMessage is copying 46 bytes...
I0929 14:25:09.729837 13884 c_interface.cc:386] Pass FitOfflineMasterModelArgs, batch_filename_size=5, batch_weight_size=5, num_collection_passes=1 to void (__cdecl artm::core::MasterComponent::*)(class artm::FitOfflineMasterModelArgs const & __ptr64) __ptr64
I0929 14:25:09.729837 13884 master_component.cc:1340] ProcessBatchesArgs: nwt_target_name=nwt, batch_filename_size=5, batch_size=0, batch_weight_size=5, pwt_source_name=pwt, num_document_passes=1, regularizer=(name:SparsePhi, tau:-100), class=(text:1), reuse_theta=yes, opt_for_avx=yes, predict_class_id=
I0929 14:25:09.745458 18040 processor.cc:717] No data in processing queue, waiting...
I0929 14:25:09.777218 10440 processor.cc:724] Processing queue has data, processing started
I0929 14:25:09.777218 18040 processor.cc:724] Processing queue has data, processing started
I0929 14:25:09.777218  4496 processor.cc:724] Processing queue has data, processing started
I0929 14:25:09.777218 18040 processor.cc:802] Processor: start processing batch 0580594d-f7bc-44d3-ac2b-5dd3a217f3c1 into model nwt
I0929 14:25:09.777218  4496 processor.cc:802] Processor: start processing batch 42e97b85-c4f9-4595-8cb3-402211db67eb into model nwt
I0929 14:25:09.777218 10440 processor.cc:802] Processor: start processing batch f2b01c28-a91b-48f5-a3c5-c0f8f6a45836 into model nwt
I0929 14:25:09.777218  9948 processor.cc:802] Processor: start processing batch 6a4af50c-1d40-4968-a73a-29c46d4580d1 into model nwt
I0929 14:25:09.777218  3240 processor.cc:802] Processor: start processing batch b3d2eaf6-16f4-4711-8da3-cd6d21d6db5a into model nwt
I0929 14:25:09.807946  4496 processor.cc:898] Processor: complete processing batch 42e97b85-c4f9-4595-8cb3-402211db67eb into model nwt
I0929 14:25:09.807946  4496 cuckoo_watch.h:45] 40ms in ProcessBatch(school_batches\aaaaad.batch) [including 2ms in LoadMessage; 1ms in InitializeSparseNdw; 11ms in InferThetaAndUpdateNwtSparse; 11ms in CalculateScore(PerplexityScore); 2ms in CalculateScore(SparsityThetaScore); 9ms in CalculateScore(^^^ItemsProcessedScore^^^); ]
I0929 14:25:09.807946 10440 processor.cc:898] Processor: complete processing batch f2b01c28-a91b-48f5-a3c5-c0f8f6a45836 into model nwt
I0929 14:25:09.807946 10440 cuckoo_watch.h:45] 45ms in ProcessBatch(school_batches\aaaaaa.batch) [including 2ms in LoadMessage; 1ms in InitializeSparseNdw; 11ms in InferThetaAndUpdateNwtSparse; 10ms in CalculateScore(PerplexityScore); 2ms in CalculateScore(SparsityThetaScore); 14ms in CalculateScore(^^^ItemsProcessedScore^^^); ]
I0929 14:25:09.823626  3240 processor.cc:898] Processor: complete processing batch b3d2eaf6-16f4-4711-8da3-cd6d21d6db5a into model nwt
I0929 14:25:09.823626  3240 cuckoo_watch.h:45] 48ms in ProcessBatch(school_batches\aaaaab.batch) [including 4ms in LoadMessage; 1ms in InitializeSparseNdw; 11ms in InferThetaAndUpdateNwtSparse; 11ms in CalculateScore(PerplexityScore); 3ms in CalculateScore(SparsityThetaScore); 14ms in CalculateScore(^^^ItemsProcessedScore^^^); ]
I0929 14:25:09.823626  9948 processor.cc:898] Processor: complete processing batch 6a4af50c-1d40-4968-a73a-29c46d4580d1 into model nwt
I0929 14:25:09.823626  9948 cuckoo_watch.h:45] 52ms in ProcessBatch(school_batches\aaaaae.batch) [including 4ms in LoadMessage; 1ms in InitializeSparseNdw; 15ms in InferThetaAndUpdateNwtSparse; 15ms in CalculateScore(PerplexityScore); 4ms in CalculateScore(SparsityThetaScore); 10ms in CalculateScore(^^^ItemsProcessedScore^^^); ]
I0929 14:25:09.823626 18040 processor.cc:898] Processor: complete processing batch 0580594d-f7bc-44d3-ac2b-5dd3a217f3c1 into model nwt
I0929 14:25:09.823626 18040 cuckoo_watch.h:45] 53ms in ProcessBatch(school_batches\aaaaac.batch) [including 2ms in LoadMessage; 1ms in InitializeSparseNdw; 15ms in InferThetaAndUpdateNwtSparse; 17ms in CalculateScore(PerplexityScore); 4ms in CalculateScore(SparsityThetaScore); 10ms in CalculateScore(^^^ItemsProcessedScore^^^); ]
I0929 14:25:09.839716 13884 master_component.cc:1378] RegularizeModelArgs: rwt_target_name=rwt, pwt_source_name=pwt, nwt_source_name=nwt
I0929 14:25:09.839716 13884 master_component.cc:922] MasterComponent: start regularizing model pwt
I0929 14:25:09.886113 13884 master_component.cc:948] MasterComponent: complete regularizing model pwt
I0929 14:25:09.886113 13884 master_component.cc:1391] NormalizeModelArgs: pwt_target_name=pwt, nwt_source_name=nwt, rwt_source_name=rwt
I0929 14:25:09.886113 13884 master_component.cc:952] MasterComponent: start normalizing model nwt
I0929 14:25:09.910959 13884 master_component.cc:980] MasterComponent: complete normalizing model nwt
I0929 14:25:09.926647 13884 master_component.cc:1415] DisposeModel rwt
I0929 14:25:09.942268   432 processor.cc:717] No data in processing queue, waiting...
I0929 14:25:09.942268 13904 processor.cc:717] No data in processing queue, waiting...
I0929 14:25:09.942268 13884 master_component.cc:1005] FitOffline: ItemsProcessed, num_items=475, num_batches=5, token_weight=160064, token_weight_in_effect=160064
I0929 14:25:09.942268 12548 c_interface.cc:559] Pass GetScoreValueArgs, score_name=^^^ItemsProcessedScore^^^ to MasterComponent::Request
I0929 14:25:09.942268 12548 c_interface.cc:230] ArtmCopyRequestedMessage is copying 46 bytes...
I0929 14:25:09.942268 13884 c_interface.cc:386] Pass FitOfflineMasterModelArgs, batch_filename_size=5, batch_weight_size=5, num_collection_passes=1 to void (__cdecl artm::core::MasterComponent::*)(class artm::FitOfflineMasterModelArgs const & __ptr64) __ptr64
I0929 14:25:09.942268 13884 master_component.cc:1340] ProcessBatchesArgs: nwt_target_name=nwt, batch_filename_size=5, batch_size=0, batch_weight_size=5, pwt_source_name=pwt, num_document_passes=1, regularizer=(name:SparsePhi, tau:-100), class=(text:1), reuse_theta=yes, opt_for_avx=yes, predict_class_id=
I0929 14:25:09.957825  3236 processor.cc:717] No data in processing queue, waiting...
I0929 14:25:09.973481   432 processor.cc:724] Processing queue has data, processing started
I0929 14:25:09.973481  3236 processor.cc:724] Processing queue has data, processing started
I0929 14:25:09.973481 10440 processor.cc:802] Processor: start processing batch f2b01c28-a91b-48f5-a3c5-c0f8f6a45836 into model nwt
I0929 14:25:09.973481   432 processor.cc:802] Processor: start processing batch b3d2eaf6-16f4-4711-8da3-cd6d21d6db5a into model nwt
I0929 14:25:09.973481  4496 processor.cc:802] Processor: start processing batch 42e97b85-c4f9-4595-8cb3-402211db67eb into model nwt
I0929 14:25:09.973481  3240 processor.cc:802] Processor: start processing batch 6a4af50c-1d40-4968-a73a-29c46d4580d1 into model nwt
I0929 14:25:09.973481  3236 processor.cc:802] Processor: start processing batch 0580594d-f7bc-44d3-ac2b-5dd3a217f3c1 into model nwt
I0929 14:25:10.012429 10440 processor.cc:898] Processor: complete processing batch f2b01c28-a91b-48f5-a3c5-c0f8f6a45836 into model nwt
I0929 14:25:10.012429 10440 cuckoo_watch.h:45] 41ms in ProcessBatch(school_batches\aaaaaa.batch) [including 2ms in LoadMessage; 1ms in InitializeSparseNdw; 10ms in InferThetaAndUpdateNwtSparse; 11ms in CalculateScore(PerplexityScore); 2ms in CalculateScore(SparsityThetaScore); 12ms in CalculateScore(^^^ItemsProcessedScore^^^); ]
I0929 14:25:10.012429  4496 processor.cc:898] Processor: complete processing batch 42e97b85-c4f9-4595-8cb3-402211db67eb into model nwt
I0929 14:25:10.012429  4496 cuckoo_watch.h:45] 48ms in ProcessBatch(school_batches\aaaaad.batch) [including 2ms in LoadMessage; 1ms in InitializeSparseNdw; 10ms in InferThetaAndUpdateNwtSparse; 17ms in CalculateScore(PerplexityScore); 3ms in CalculateScore(SparsityThetaScore); 11ms in CalculateScore(^^^ItemsProcessedScore^^^); ]
I0929 14:25:10.012429   432 processor.cc:898] Processor: complete processing batch b3d2eaf6-16f4-4711-8da3-cd6d21d6db5a into model nwt
I0929 14:25:10.012429   432 cuckoo_watch.h:45] 51ms in ProcessBatch(school_batches\aaaaab.batch) [including 2ms in LoadMessage; 1ms in InitializeSparseNdw; 10ms in InferThetaAndUpdateNwtSparse; 17ms in CalculateScore(PerplexityScore); 3ms in CalculateScore(SparsityThetaScore); 14ms in CalculateScore(^^^ItemsProcessedScore^^^); ]
I0929 14:25:10.012429  3236 processor.cc:898] Processor: complete processing batch 0580594d-f7bc-44d3-ac2b-5dd3a217f3c1 into model nwt
I0929 14:25:10.012429  3240 processor.cc:898] Processor: complete processing batch 6a4af50c-1d40-4968-a73a-29c46d4580d1 into model nwt
I0929 14:25:10.012429  3236 cuckoo_watch.h:45] 54ms in ProcessBatch(school_batches\aaaaac.batch) [including 4ms in LoadMessage; 1ms in InitializeSparseNdw; 16ms in InferThetaAndUpdateNwtSparse; 18ms in CalculateScore(PerplexityScore); 2ms in CalculateScore(SparsityThetaScore); 9ms in CalculateScore(^^^ItemsProcessedScore^^^); ]
I0929 14:25:10.028115  3240 cuckoo_watch.h:45] 54ms in ProcessBatch(school_batches\aaaaae.batch) [including 3ms in LoadMessage; 1ms in InitializeSparseNdw; 15ms in InferThetaAndUpdateNwtSparse; 15ms in CalculateScore(PerplexityScore); 4ms in CalculateScore(SparsityThetaScore); 11ms in CalculateScore(^^^ItemsProcessedScore^^^); ]
I0929 14:25:10.044200 13884 master_component.cc:1378] RegularizeModelArgs: rwt_target_name=rwt, pwt_source_name=pwt, nwt_source_name=nwt
I0929 14:25:10.044200 13884 master_component.cc:922] MasterComponent: start regularizing model pwt
I0929 14:25:10.090600 13884 master_component.cc:948] MasterComponent: complete regularizing model pwt
I0929 14:25:10.090600 13884 master_component.cc:1391] NormalizeModelArgs: pwt_target_name=pwt, nwt_source_name=nwt, rwt_source_name=rwt
I0929 14:25:10.090600 13884 master_component.cc:952] MasterComponent: start normalizing model nwt
I0929 14:25:10.121843 13884 master_component.cc:980] MasterComponent: complete normalizing model nwt
I0929 14:25:10.137470 18040 processor.cc:717] No data in processing queue, waiting...
I0929 14:25:10.137470  9948 processor.cc:717] No data in processing queue, waiting...
I0929 14:25:10.137470 13884 master_component.cc:1415] DisposeModel rwt
I0929 14:25:10.137470 13884 master_component.cc:1005] FitOffline: ItemsProcessed, num_items=475, num_batches=5, token_weight=160064, token_weight_in_effect=160064
I0929 14:25:10.137470 12548 c_interface.cc:559] Pass GetScoreValueArgs, score_name=^^^ItemsProcessedScore^^^ to MasterComponent::Request
I0929 14:25:10.137470 12548 c_interface.cc:230] ArtmCopyRequestedMessage is copying 46 bytes...
I0929 14:25:10.137470 13884 c_interface.cc:386] Pass FitOfflineMasterModelArgs, batch_filename_size=5, batch_weight_size=5, num_collection_passes=1 to void (__cdecl artm::core::MasterComponent::*)(class artm::FitOfflineMasterModelArgs const & __ptr64) __ptr64
I0929 14:25:10.137470 13884 master_component.cc:1340] ProcessBatchesArgs: nwt_target_name=nwt, batch_filename_size=5, batch_size=0, batch_weight_size=5, pwt_source_name=pwt, num_document_passes=1, regularizer=(name:SparsePhi, tau:-100), class=(text:1), reuse_theta=yes, opt_for_avx=yes, predict_class_id=
I0929 14:25:10.184862  9948 processor.cc:724] Processing queue has data, processing started
I0929 14:25:10.184862  3236 processor.cc:802] Processor: start processing batch b3d2eaf6-16f4-4711-8da3-cd6d21d6db5a into model nwt
I0929 14:25:10.184862  3240 processor.cc:802] Processor: start processing batch 42e97b85-c4f9-4595-8cb3-402211db67eb into model nwt
I0929 14:25:10.184862   432 processor.cc:802] Processor: start processing batch f2b01c28-a91b-48f5-a3c5-c0f8f6a45836 into model nwt
I0929 14:25:10.184862  9948 processor.cc:802] Processor: start processing batch 6a4af50c-1d40-4968-a73a-29c46d4580d1 into model nwt
I0929 14:25:10.184862 10440 processor.cc:802] Processor: start processing batch 0580594d-f7bc-44d3-ac2b-5dd3a217f3c1 into model nwt
I0929 14:25:10.215507  3240 processor.cc:898] Processor: complete processing batch 42e97b85-c4f9-4595-8cb3-402211db67eb into model nwt
I0929 14:25:10.215507  3236 processor.cc:898] Processor: complete processing batch b3d2eaf6-16f4-4711-8da3-cd6d21d6db5a into model nwt
I0929 14:25:10.215507  3240 cuckoo_watch.h:45] 41ms in ProcessBatch(school_batches\aaaaad.batch) [including 2ms in LoadMessage; 1ms in InitializeSparseNdw; 11ms in InferThetaAndUpdateNwtSparse; 11ms in CalculateScore(PerplexityScore); 3ms in CalculateScore(SparsityThetaScore); 9ms in CalculateScore(^^^ItemsProcessedScore^^^); ]
I0929 14:25:10.215507  3236 cuckoo_watch.h:45] 42ms in ProcessBatch(school_batches\aaaaab.batch) [including 2ms in LoadMessage; 1ms in InitializeSparseNdw; 11ms in InferThetaAndUpdateNwtSparse; 11ms in CalculateScore(PerplexityScore); 3ms in CalculateScore(SparsityThetaScore); 10ms in CalculateScore(^^^ItemsProcessedScore^^^); ]
I0929 14:25:10.215507   432 processor.cc:898] Processor: complete processing batch f2b01c28-a91b-48f5-a3c5-c0f8f6a45836 into model nwt
I0929 14:25:10.231127   432 cuckoo_watch.h:45] 46ms in ProcessBatch(school_batches\aaaaaa.batch) [including 2ms in LoadMessage; 1ms in InitializeSparseNdw; 10ms in InferThetaAndUpdateNwtSparse; 11ms in CalculateScore(PerplexityScore); 2ms in CalculateScore(SparsityThetaScore); 15ms in CalculateScore(^^^ItemsProcessedScore^^^); ]
I0929 14:25:10.231127  9948 processor.cc:898] Processor: complete processing batch 6a4af50c-1d40-4968-a73a-29c46d4580d1 into model nwt
I0929 14:25:10.231127  9948 cuckoo_watch.h:45] 47ms in ProcessBatch(school_batches\aaaaae.batch) [including 3ms in LoadMessage; 1ms in InitializeSparseNdw; 15ms in InferThetaAndUpdateNwtSparse; 13ms in CalculateScore(PerplexityScore); 2ms in CalculateScore(SparsityThetaScore); 8ms in CalculateScore(^^^ItemsProcessedScore^^^); ]
I0929 14:25:10.231127 10440 processor.cc:898] Processor: complete processing batch 0580594d-f7bc-44d3-ac2b-5dd3a217f3c1 into model nwt
I0929 14:25:10.231127 10440 cuckoo_watch.h:45] 56ms in ProcessBatch(school_batches\aaaaac.batch) [including 4ms in LoadMessage; 1ms in InitializeSparseNdw; 16ms in InferThetaAndUpdateNwtSparse; 18ms in CalculateScore(PerplexityScore); 4ms in CalculateScore(SparsityThetaScore); 9ms in CalculateScore(^^^ItemsProcessedScore^^^); ]
I0929 14:25:10.247350 13884 master_component.cc:1378] RegularizeModelArgs: rwt_target_name=rwt, pwt_source_name=pwt, nwt_source_name=nwt
I0929 14:25:10.247350 13884 master_component.cc:922] MasterComponent: start regularizing model pwt
I0929 14:25:10.293678 13884 master_component.cc:948] MasterComponent: complete regularizing model pwt
I0929 14:25:10.293678 13884 master_component.cc:1391] NormalizeModelArgs: pwt_target_name=pwt, nwt_source_name=nwt, rwt_source_name=rwt
I0929 14:25:10.293678 13884 master_component.cc:952] MasterComponent: start normalizing model nwt
I0929 14:25:10.324921 13884 master_component.cc:980] MasterComponent: complete normalizing model nwt
I0929 14:25:10.340541  4496 processor.cc:717] No data in processing queue, waiting...
I0929 14:25:10.340541 13884 master_component.cc:1415] DisposeModel rwt
I0929 14:25:10.340541 13884 master_component.cc:1005] FitOffline: ItemsProcessed, num_items=475, num_batches=5, token_weight=160064, token_weight_in_effect=160064
I0929 14:25:10.340541 12548 c_interface.cc:559] Pass GetScoreValueArgs, score_name=^^^ItemsProcessedScore^^^ to MasterComponent::Request
I0929 14:25:10.340541 12548 c_interface.cc:230] ArtmCopyRequestedMessage is copying 46 bytes...
I0929 14:25:10.340541 12548 c_interface.cc:230] ArtmCopyRequestedMessage is copying 283778 bytes...
I0929 14:25:10.434206 12548 c_interface.cc:230] ArtmCopyRequestedMessage is copying 283778 bytes...
I0929 14:25:10.512312 12548 c_interface.cc:230] ArtmCopyRequestedMessage is copying 283778 bytes...
I0929 14:25:10.527933  3240 processor.cc:717] No data in processing queue, waiting...
I0929 14:25:10.527933  3236 processor.cc:717] No data in processing queue, waiting...
I0929 14:25:10.543591   432 processor.cc:717] No data in processing queue, waiting...
I0929 14:25:10.543591 10440 processor.cc:717] No data in processing queue, waiting...
I0929 14:25:10.543591  9948 processor.cc:717] No data in processing queue, waiting...
I0929 14:25:10.590421 12548 c_interface.cc:230] ArtmCopyRequestedMessage is copying 283778 bytes...
I0929 14:25:10.668525 12548 c_interface.cc:230] ArtmCopyRequestedMessage is copying 283778 bytes...
I0929 14:25:10.762255 12548 c_interface.cc:230] ArtmCopyRequestedMessage is copying 283778 bytes...
I0929 14:25:10.856020 12548 c_interface.cc:230] ArtmCopyRequestedMessage is copying 283778 bytes...
I0929 14:25:10.926980 12548 c_interface.cc:230] ArtmCopyRequestedMessage is copying 283778 bytes...
I0929 14:25:11.020668 12548 c_interface.cc:230] ArtmCopyRequestedMessage is copying 283778 bytes...
I0929 14:25:11.098811 12548 c_interface.cc:230] ArtmCopyRequestedMessage is copying 283778 bytes...
I0929 14:25:11.224078  3236 processor.cc:709] Processor thread stopped
I0929 14:25:11.224078  3236 processor.cc:710] Total number of processed batches: 55
I0929 14:25:11.239941  4496 processor.cc:709] Processor thread stopped
I0929 14:25:11.239941  4496 processor.cc:710] Total number of processed batches: 47
I0929 14:25:11.255571   432 processor.cc:709] Processor thread stopped
I0929 14:25:11.255571   432 processor.cc:710] Total number of processed batches: 53
I0929 14:25:11.271158  9948 processor.cc:709] Processor thread stopped
I0929 14:25:11.271158  9948 processor.cc:710] Total number of processed batches: 55
I0929 14:25:11.286761  3240 processor.cc:709] Processor thread stopped
I0929 14:25:11.286761  3240 processor.cc:710] Total number of processed batches: 57
I0929 14:25:11.302314 13904 processor.cc:709] Processor thread stopped
I0929 14:25:11.302314 13904 processor.cc:710] Total number of processed batches: 36
I0929 14:25:11.317898 10440 processor.cc:709] Processor thread stopped
I0929 14:25:11.317898 10440 processor.cc:710] Total number of processed batches: 46
I0929 14:25:11.333490 18040 processor.cc:709] Processor thread stopped
I0929 14:25:11.333490 18040 processor.cc:710] Total number of processed batches: 51
I0929 14:25:11.348755 12548 c_interface.cc:336] Disposing MasterComponent (id=1)...
I0929 14:25:11.348755 12548 c_interface.cc:372] Pass dictionary to void (__cdecl artm::core::MasterComponent::*)(class std::basic_string<char,struct std::char_traits<char>,class std::allocator<char> > const & __ptr64) __ptr64
I0929 14:25:11.348755 12548 c_interface.cc:336] Disposing MasterComponent (id=2)...
