I0929 14:33:42.788724 16712 cuckoo_watch.h:45] 49ms in ProcessBatch(school_batches\aaaaac.batch) [including 3ms in LoadMessage; 1ms in InitializeSparseNdw; 11ms in InferThetaAndUpdateNwtSparse; 11ms in CalculateScore(PerplexityScore); 3ms in CalculateScore(SparsityThetaScore); 15ms in CalculateScore(^^^ItemsProcessedScore^^^); ]
I0929 14:33:42.788724  1324 processor.cc:898] Processor: complete processing batch 6a4af50c-1d40-4968-a73a-29c46d4580d1 into model nwt
I0929 14:33:42.788724  1324 cuckoo_watch.h:45] 49ms in ProcessBatch(school_batches\aaaaae.batch) [including 2ms in LoadMessage; 0ms in InitializeSparseNdw; 15ms in InferThetaAndUpdateNwtSparse; 11ms in CalculateScore(PerplexityScore); 3ms in CalculateScore(SparsityThetaScore); 14ms in CalculateScore(^^^ItemsProcessedScore^^^); ]
I0929 14:33:42.788724 11464 processor.cc:898] Processor: complete processing batch f2b01c28-a91b-48f5-a3c5-c0f8f6a45836 into model nwt
I0929 14:33:42.788724 11464 cuckoo_watch.h:45] 51ms in ProcessBatch(school_batches\aaaaaa.batch) [including 4ms in LoadMessage; 1ms in InitializeSparseNdw; 15ms in InferThetaAndUpdateNwtSparse; 16ms in CalculateScore(PerplexityScore); 2ms in CalculateScore(SparsityThetaScore); 9ms in CalculateScore(^^^ItemsProcessedScore^^^); ]
I0929 14:33:42.804919  3452 master_component.cc:1378] RegularizeModelArgs: rwt_target_name=rwt, pwt_source_name=pwt, nwt_source_name=nwt
I0929 14:33:42.804919  3452 master_component.cc:922] MasterComponent: start regularizing model pwt
I0929 14:33:42.851274  3452 master_component.cc:948] MasterComponent: complete regularizing model pwt
I0929 14:33:42.851274  3452 master_component.cc:1391] NormalizeModelArgs: pwt_target_name=pwt, nwt_source_name=nwt, rwt_source_name=rwt
I0929 14:33:42.851274  3452 master_component.cc:952] MasterComponent: start normalizing model nwt
I0929 14:33:42.882519  3452 master_component.cc:980] MasterComponent: complete normalizing model nwt
I0929 14:33:42.898139  3452 master_component.cc:1415] DisposeModel rwt
I0929 14:33:42.898139  3452 master_component.cc:1005] FitOffline: ItemsProcessed, num_items=475, num_batches=5, token_weight=160064, token_weight_in_effect=160064
I0929 14:33:42.898139 16476 c_interface.cc:559] Pass GetScoreValueArgs, score_name=^^^ItemsProcessedScore^^^ to MasterComponent::Request
I0929 14:33:42.898139 16476 c_interface.cc:230] ArtmCopyRequestedMessage is copying 46 bytes...
I0929 14:33:42.898139  3452 c_interface.cc:386] Pass FitOfflineMasterModelArgs, batch_filename_size=5, batch_weight_size=5, num_collection_passes=1 to void (__cdecl artm::core::MasterComponent::*)(class artm::FitOfflineMasterModelArgs const & __ptr64) __ptr64
I0929 14:33:42.898139  3452 master_component.cc:1340] ProcessBatchesArgs: nwt_target_name=nwt, batch_filename_size=5, batch_size=0, batch_weight_size=5, pwt_source_name=pwt, num_document_passes=1, regularizer=(name:SparsePhi, tau:-1), class=(text:1), reuse_theta=yes, opt_for_avx=yes, predict_class_id=
I0929 14:33:42.913697 17364 processor.cc:717] No data in processing queue, waiting...
I0929 14:33:42.913697 13428 processor.cc:717] No data in processing queue, waiting...
I0929 14:33:42.913697 15808 processor.cc:717] No data in processing queue, waiting...
I0929 14:33:42.938812 13428 processor.cc:724] Processing queue has data, processing started
I0929 14:33:42.938812 17364 processor.cc:724] Processing queue has data, processing started
I0929 14:33:42.938812 11464 processor.cc:802] Processor: start processing batch f2b01c28-a91b-48f5-a3c5-c0f8f6a45836 into model nwt
I0929 14:33:42.938812  1324 processor.cc:802] Processor: start processing batch 6a4af50c-1d40-4968-a73a-29c46d4580d1 into model nwt
I0929 14:33:42.938812 17084 processor.cc:802] Processor: start processing batch 42e97b85-c4f9-4595-8cb3-402211db67eb into model nwt
I0929 14:33:42.938812 17364 processor.cc:802] Processor: start processing batch 0580594d-f7bc-44d3-ac2b-5dd3a217f3c1 into model nwt
I0929 14:33:42.938812 13428 processor.cc:802] Processor: start processing batch b3d2eaf6-16f4-4711-8da3-cd6d21d6db5a into model nwt
I0929 14:33:42.970055  1324 processor.cc:898] Processor: complete processing batch 6a4af50c-1d40-4968-a73a-29c46d4580d1 into model nwt
I0929 14:33:42.970055  1324 cuckoo_watch.h:45] 38ms in ProcessBatch(school_batches\aaaaae.batch) [including 3ms in LoadMessage; 1ms in InitializeSparseNdw; 10ms in InferThetaAndUpdateNwtSparse; 10ms in CalculateScore(PerplexityScore); 2ms in CalculateScore(SparsityThetaScore); 9ms in CalculateScore(^^^ItemsProcessedScore^^^); ]
I0929 14:33:42.985675 11464 processor.cc:898] Processor: complete processing batch f2b01c28-a91b-48f5-a3c5-c0f8f6a45836 into model nwt
I0929 14:33:42.985675 17084 processor.cc:898] Processor: complete processing batch 42e97b85-c4f9-4595-8cb3-402211db67eb into model nwt
I0929 14:33:42.985675 11464 cuckoo_watch.h:45] 49ms in ProcessBatch(school_batches\aaaaaa.batch) [including 3ms in LoadMessage; 1ms in InitializeSparseNdw; 9ms in InferThetaAndUpdateNwtSparse; 16ms in CalculateScore(PerplexityScore); 4ms in CalculateScore(SparsityThetaScore); 11ms in CalculateScore(^^^ItemsProcessedScore^^^); ]
I0929 14:33:42.985675 17084 cuckoo_watch.h:45] 50ms in ProcessBatch(school_batches\aaaaad.batch) [including 3ms in LoadMessage; 1ms in InitializeSparseNdw; 10ms in InferThetaAndUpdateNwtSparse; 16ms in CalculateScore(PerplexityScore); 4ms in CalculateScore(SparsityThetaScore); 11ms in CalculateScore(^^^ItemsProcessedScore^^^); ]
I0929 14:33:42.985675 13428 processor.cc:898] Processor: complete processing batch b3d2eaf6-16f4-4711-8da3-cd6d21d6db5a into model nwt
I0929 14:33:42.985675 17364 processor.cc:898] Processor: complete processing batch 0580594d-f7bc-44d3-ac2b-5dd3a217f3c1 into model nwt
I0929 14:33:42.985675 13428 cuckoo_watch.h:45] 56ms in ProcessBatch(school_batches\aaaaab.batch) [including 3ms in LoadMessage; 1ms in InitializeSparseNdw; 14ms in InferThetaAndUpdateNwtSparse; 17ms in CalculateScore(PerplexityScore); 4ms in CalculateScore(SparsityThetaScore); 11ms in CalculateScore(^^^ItemsProcessedScore^^^); ]
I0929 14:33:42.985675 17364 cuckoo_watch.h:45] 56ms in ProcessBatch(school_batches\aaaaac.batch) [including 3ms in LoadMessage; 1ms in InitializeSparseNdw; 15ms in InferThetaAndUpdateNwtSparse; 17ms in CalculateScore(PerplexityScore); 4ms in CalculateScore(SparsityThetaScore); 11ms in CalculateScore(^^^ItemsProcessedScore^^^); ]
I0929 14:33:43.001551  3452 master_component.cc:1378] RegularizeModelArgs: rwt_target_name=rwt, pwt_source_name=pwt, nwt_source_name=nwt
I0929 14:33:43.001551  3452 master_component.cc:922] MasterComponent: start regularizing model pwt
I0929 14:33:43.040313  3452 master_component.cc:948] MasterComponent: complete regularizing model pwt
I0929 14:33:43.040313  3452 master_component.cc:1391] NormalizeModelArgs: pwt_target_name=pwt, nwt_source_name=nwt, rwt_source_name=rwt
I0929 14:33:43.040313  3452 master_component.cc:952] MasterComponent: start normalizing model nwt
I0929 14:33:43.071557  3452 master_component.cc:980] MasterComponent: complete normalizing model nwt
I0929 14:33:43.087174  3452 master_component.cc:1415] DisposeModel rwt
I0929 14:33:43.102795  3452 master_component.cc:1005] FitOffline: ItemsProcessed, num_items=475, num_batches=5, token_weight=160064, token_weight_in_effect=160064
I0929 14:33:43.102795 16476 c_interface.cc:559] Pass GetScoreValueArgs, score_name=^^^ItemsProcessedScore^^^ to MasterComponent::Request
I0929 14:33:43.102795 16476 c_interface.cc:230] ArtmCopyRequestedMessage is copying 46 bytes...
I0929 14:33:43.102795  3452 c_interface.cc:386] Pass FitOfflineMasterModelArgs, batch_filename_size=5, batch_weight_size=5, num_collection_passes=1 to void (__cdecl artm::core::MasterComponent::*)(class artm::FitOfflineMasterModelArgs const & __ptr64) __ptr64
I0929 14:33:43.102795  3452 master_component.cc:1340] ProcessBatchesArgs: nwt_target_name=nwt, batch_filename_size=5, batch_size=0, batch_weight_size=5, pwt_source_name=pwt, num_document_passes=1, regularizer=(name:SparsePhi, tau:-1), class=(text:1), reuse_theta=yes, opt_for_avx=yes, predict_class_id=
I0929 14:33:43.118420 16728 processor.cc:717] No data in processing queue, waiting...
I0929 14:33:43.118420 16712 processor.cc:717] No data in processing queue, waiting...
I0929 14:33:43.134039 16712 processor.cc:724] Processing queue has data, processing started
I0929 14:33:43.134039 16712 processor.cc:802] Processor: start processing batch b3d2eaf6-16f4-4711-8da3-cd6d21d6db5a into model nwt
I0929 14:33:43.134039 11464 processor.cc:802] Processor: start processing batch 0580594d-f7bc-44d3-ac2b-5dd3a217f3c1 into model nwt
I0929 14:33:43.134039 13428 processor.cc:802] Processor: start processing batch 42e97b85-c4f9-4595-8cb3-402211db67eb into model nwt
I0929 14:33:43.134039 17084 processor.cc:802] Processor: start processing batch 6a4af50c-1d40-4968-a73a-29c46d4580d1 into model nwt
I0929 14:33:43.134039 17364 processor.cc:802] Processor: start processing batch f2b01c28-a91b-48f5-a3c5-c0f8f6a45836 into model nwt
I0929 14:33:43.180903 11464 processor.cc:898] Processor: complete processing batch 0580594d-f7bc-44d3-ac2b-5dd3a217f3c1 into model nwt
I0929 14:33:43.180903 11464 cuckoo_watch.h:45] 59ms in ProcessBatch(school_batches\aaaaac.batch) [including 4ms in LoadMessage; 1ms in InitializeSparseNdw; 13ms in InferThetaAndUpdateNwtSparse; 21ms in CalculateScore(PerplexityScore); 4ms in CalculateScore(SparsityThetaScore); 12ms in CalculateScore(^^^ItemsProcessedScore^^^); ]
I0929 14:33:43.180903 17084 processor.cc:898] Processor: complete processing batch 6a4af50c-1d40-4968-a73a-29c46d4580d1 into model nwt
I0929 14:33:43.180903 17084 cuckoo_watch.h:45] 61ms in ProcessBatch(school_batches\aaaaae.batch) [including 4ms in LoadMessage; 1ms in InitializeSparseNdw; 17ms in InferThetaAndUpdateNwtSparse; 23ms in CalculateScore(PerplexityScore); 3ms in CalculateScore(SparsityThetaScore); 8ms in CalculateScore(^^^ItemsProcessedScore^^^); ]
I0929 14:33:43.180903 16712 processor.cc:898] Processor: complete processing batch b3d2eaf6-16f4-4711-8da3-cd6d21d6db5a into model nwt
I0929 14:33:43.196558 16712 cuckoo_watch.h:45] 62ms in ProcessBatch(school_batches\aaaaab.batch) [including 4ms in LoadMessage; 1ms in InitializeSparseNdw; 12ms in InferThetaAndUpdateNwtSparse; 21ms in CalculateScore(PerplexityScore); 4ms in CalculateScore(SparsityThetaScore); 16ms in CalculateScore(^^^ItemsProcessedScore^^^); ]
I0929 14:33:43.196558 13428 processor.cc:898] Processor: complete processing batch 42e97b85-c4f9-4595-8cb3-402211db67eb into model nwt
I0929 14:33:43.196558 13428 cuckoo_watch.h:45] 64ms in ProcessBatch(school_batches\aaaaad.batch) [including 4ms in LoadMessage; 1ms in InitializeSparseNdw; 19ms in InferThetaAndUpdateNwtSparse; 20ms in CalculateScore(PerplexityScore); 4ms in CalculateScore(SparsityThetaScore); 10ms in CalculateScore(^^^ItemsProcessedScore^^^); ]
I0929 14:33:43.196558 17364 processor.cc:898] Processor: complete processing batch f2b01c28-a91b-48f5-a3c5-c0f8f6a45836 into model nwt
I0929 14:33:43.196558 17364 cuckoo_watch.h:45] 64ms in ProcessBatch(school_batches\aaaaaa.batch) [including 5ms in LoadMessage; 1ms in InitializeSparseNdw; 16ms in InferThetaAndUpdateNwtSparse; 20ms in CalculateScore(PerplexityScore); 4ms in CalculateScore(SparsityThetaScore); 14ms in CalculateScore(^^^ItemsProcessedScore^^^); ]
I0929 14:33:43.212405  3452 master_component.cc:1378] RegularizeModelArgs: rwt_target_name=rwt, pwt_source_name=pwt, nwt_source_name=nwt
I0929 14:33:43.212405  3452 master_component.cc:922] MasterComponent: start regularizing model pwt
I0929 14:33:43.259074  3452 master_component.cc:948] MasterComponent: complete regularizing model pwt
I0929 14:33:43.259074  3452 master_component.cc:1391] NormalizeModelArgs: pwt_target_name=pwt, nwt_source_name=nwt, rwt_source_name=rwt
I0929 14:33:43.259074  3452 master_component.cc:952] MasterComponent: start normalizing model nwt
I0929 14:33:43.274694  1324 processor.cc:717] No data in processing queue, waiting...
I0929 14:33:43.290316  3452 master_component.cc:980] MasterComponent: complete normalizing model nwt
I0929 14:33:43.305876  3452 master_component.cc:1415] DisposeModel rwt
I0929 14:33:43.305876  3452 master_component.cc:1005] FitOffline: ItemsProcessed, num_items=475, num_batches=5, token_weight=160064, token_weight_in_effect=160064
I0929 14:33:43.305876 16476 c_interface.cc:559] Pass GetScoreValueArgs, score_name=^^^ItemsProcessedScore^^^ to MasterComponent::Request
I0929 14:33:43.305876 16476 c_interface.cc:230] ArtmCopyRequestedMessage is copying 46 bytes...
I0929 14:33:43.305876  3452 c_interface.cc:386] Pass FitOfflineMasterModelArgs, batch_filename_size=5, batch_weight_size=5, num_collection_passes=1 to void (__cdecl artm::core::MasterComponent::*)(class artm::FitOfflineMasterModelArgs const & __ptr64) __ptr64
I0929 14:33:43.305876  3452 master_component.cc:1340] ProcessBatchesArgs: nwt_target_name=nwt, batch_filename_size=5, batch_size=0, batch_weight_size=5, pwt_source_name=pwt, num_document_passes=1, regularizer=(name:SparsePhi, tau:-1), class=(text:1), reuse_theta=yes, opt_for_avx=yes, predict_class_id=
I0929 14:33:43.368358 15808 processor.cc:724] Processing queue has data, processing started
I0929 14:33:43.368358 15808 processor.cc:802] Processor: start processing batch b3d2eaf6-16f4-4711-8da3-cd6d21d6db5a into model nwt
I0929 14:33:43.368358 16712 processor.cc:802] Processor: start processing batch f2b01c28-a91b-48f5-a3c5-c0f8f6a45836 into model nwt
I0929 14:33:43.383983 16728 processor.cc:724] Processing queue has data, processing started
I0929 14:33:43.383983 17084 processor.cc:802] Processor: start processing batch 0580594d-f7bc-44d3-ac2b-5dd3a217f3c1 into model nwt
I0929 14:33:43.383983 16728 processor.cc:802] Processor: start processing batch 6a4af50c-1d40-4968-a73a-29c46d4580d1 into model nwt
I0929 14:33:43.383983 13428 processor.cc:802] Processor: start processing batch 42e97b85-c4f9-4595-8cb3-402211db67eb into model nwt
I0929 14:33:43.399605 16712 processor.cc:898] Processor: complete processing batch f2b01c28-a91b-48f5-a3c5-c0f8f6a45836 into model nwt
I0929 14:33:43.399605 16712 cuckoo_watch.h:45] 40ms in ProcessBatch(school_batches\aaaaaa.batch) [including 2ms in LoadMessage; 1ms in InitializeSparseNdw; 9ms in InferThetaAndUpdateNwtSparse; 11ms in CalculateScore(PerplexityScore); 2ms in CalculateScore(SparsityThetaScore); 10ms in CalculateScore(^^^ItemsProcessedScore^^^); ]
I0929 14:33:43.399605 15808 processor.cc:898] Processor: complete processing batch b3d2eaf6-16f4-4711-8da3-cd6d21d6db5a into model nwt
I0929 14:33:43.415222 15808 cuckoo_watch.h:45] 47ms in ProcessBatch(school_batches\aaaaab.batch) [including 2ms in LoadMessage; 1ms in InitializeSparseNdw; 10ms in InferThetaAndUpdateNwtSparse; 13ms in CalculateScore(PerplexityScore); 3ms in CalculateScore(SparsityThetaScore); 14ms in CalculateScore(^^^ItemsProcessedScore^^^); ]
I0929 14:33:43.415222 17084 processor.cc:898] Processor: complete processing batch 0580594d-f7bc-44d3-ac2b-5dd3a217f3c1 into model nwt
I0929 14:33:43.415222 17084 cuckoo_watch.h:45] 40ms in ProcessBatch(school_batches\aaaaac.batch) [including 2ms in LoadMessage; 1ms in InitializeSparseNdw; 11ms in InferThetaAndUpdateNwtSparse; 11ms in CalculateScore(PerplexityScore); 2ms in CalculateScore(SparsityThetaScore); 9ms in CalculateScore(^^^ItemsProcessedScore^^^); ]
I0929 14:33:43.415222 16728 processor.cc:898] Processor: complete processing batch 6a4af50c-1d40-4968-a73a-29c46d4580d1 into model nwt
I0929 14:33:43.415222 16728 cuckoo_watch.h:45] 42ms in ProcessBatch(school_batches\aaaaae.batch) [including 3ms in LoadMessage; 1ms in InitializeSparseNdw; 13ms in InferThetaAndUpdateNwtSparse; 10ms in CalculateScore(PerplexityScore); 2ms in CalculateScore(SparsityThetaScore); 8ms in CalculateScore(^^^ItemsProcessedScore^^^); ]
I0929 14:33:43.430881 13428 processor.cc:898] Processor: complete processing batch 42e97b85-c4f9-4595-8cb3-402211db67eb into model nwt
I0929 14:33:43.430881 13428 cuckoo_watch.h:45] 50ms in ProcessBatch(school_batches\aaaaad.batch) [including 4ms in LoadMessage; 1ms in InitializeSparseNdw; 16ms in InferThetaAndUpdateNwtSparse; 14ms in CalculateScore(PerplexityScore); 2ms in CalculateScore(SparsityThetaScore); 9ms in CalculateScore(^^^ItemsProcessedScore^^^); ]
I0929 14:33:43.446750  3452 master_component.cc:1378] RegularizeModelArgs: rwt_target_name=rwt, pwt_source_name=pwt, nwt_source_name=nwt
I0929 14:33:43.446750  3452 master_component.cc:922] MasterComponent: start regularizing model pwt
I0929 14:33:43.477746 11464 processor.cc:717] No data in processing queue, waiting...
I0929 14:33:43.493333 17364 processor.cc:717] No data in processing queue, waiting...
I0929 14:33:43.493333  3452 master_component.cc:948] MasterComponent: complete regularizing model pwt
I0929 14:33:43.493333  3452 master_component.cc:1391] NormalizeModelArgs: pwt_target_name=pwt, nwt_source_name=nwt, rwt_source_name=rwt
I0929 14:33:43.493333  3452 master_component.cc:952] MasterComponent: start normalizing model nwt
I0929 14:33:43.524575  3452 master_component.cc:980] MasterComponent: complete normalizing model nwt
I0929 14:33:43.540196  3452 master_component.cc:1415] DisposeModel rwt
I0929 14:33:43.540196  3452 master_component.cc:1005] FitOffline: ItemsProcessed, num_items=475, num_batches=5, token_weight=160064, token_weight_in_effect=160064
I0929 14:33:43.540196 16476 c_interface.cc:559] Pass GetScoreValueArgs, score_name=^^^ItemsProcessedScore^^^ to MasterComponent::Request
I0929 14:33:43.540196 16476 c_interface.cc:230] ArtmCopyRequestedMessage is copying 46 bytes...
I0929 14:33:43.540196  3452 c_interface.cc:386] Pass FitOfflineMasterModelArgs, batch_filename_size=5, batch_weight_size=5, num_collection_passes=1 to void (__cdecl artm::core::MasterComponent::*)(class artm::FitOfflineMasterModelArgs const & __ptr64) __ptr64
I0929 14:33:43.540196  3452 master_component.cc:1340] ProcessBatchesArgs: nwt_target_name=nwt, batch_filename_size=5, batch_size=0, batch_weight_size=5, pwt_source_name=pwt, num_document_passes=1, regularizer=(name:SparsePhi, tau:-1), class=(text:1), reuse_theta=yes, opt_for_avx=yes, predict_class_id=
I0929 14:33:43.587342 17364 processor.cc:724] Processing queue has data, processing started
I0929 14:33:43.587342 11464 processor.cc:724] Processing queue has data, processing started
I0929 14:33:43.587342 16728 processor.cc:802] Processor: start processing batch 6a4af50c-1d40-4968-a73a-29c46d4580d1 into model nwt
I0929 14:33:43.587342 11464 processor.cc:802] Processor: start processing batch 0580594d-f7bc-44d3-ac2b-5dd3a217f3c1 into model nwt
I0929 14:33:43.587342 17364 processor.cc:802] Processor: start processing batch 42e97b85-c4f9-4595-8cb3-402211db67eb into model nwt
I0929 14:33:43.587342 17084 processor.cc:802] Processor: start processing batch b3d2eaf6-16f4-4711-8da3-cd6d21d6db5a into model nwt
I0929 14:33:43.587342 16712 processor.cc:802] Processor: start processing batch f2b01c28-a91b-48f5-a3c5-c0f8f6a45836 into model nwt
I0929 14:33:43.633924 16728 processor.cc:898] Processor: complete processing batch 6a4af50c-1d40-4968-a73a-29c46d4580d1 into model nwt
I0929 14:33:43.633924 16728 cuckoo_watch.h:45] 51ms in ProcessBatch(school_batches\aaaaae.batch) [including 2ms in LoadMessage; 1ms in InitializeSparseNdw; 10ms in InferThetaAndUpdateNwtSparse; 16ms in CalculateScore(PerplexityScore); 3ms in CalculateScore(SparsityThetaScore); 15ms in CalculateScore(^^^ItemsProcessedScore^^^); ]
I0929 14:33:43.633924 17364 processor.cc:898] Processor: complete processing batch 42e97b85-c4f9-4595-8cb3-402211db67eb into model nwt
I0929 14:33:43.633924 11464 processor.cc:898] Processor: complete processing batch 0580594d-f7bc-44d3-ac2b-5dd3a217f3c1 into model nwt
I0929 14:33:43.633924 17364 cuckoo_watch.h:45] 54ms in ProcessBatch(school_batches\aaaaad.batch) [including 2ms in LoadMessage; 1ms in InitializeSparseNdw; 10ms in InferThetaAndUpdateNwtSparse; 19ms in CalculateScore(PerplexityScore); 3ms in CalculateScore(SparsityThetaScore); 15ms in CalculateScore(^^^ItemsProcessedScore^^^); ]
I0929 14:33:43.633924 11464 cuckoo_watch.h:45] 54ms in ProcessBatch(school_batches\aaaaac.batch) [including 2ms in LoadMessage; 1ms in InitializeSparseNdw; 10ms in InferThetaAndUpdateNwtSparse; 17ms in CalculateScore(PerplexityScore); 4ms in CalculateScore(SparsityThetaScore); 16ms in CalculateScore(^^^ItemsProcessedScore^^^); ]
I0929 14:33:43.633924 16712 processor.cc:898] Processor: complete processing batch f2b01c28-a91b-48f5-a3c5-c0f8f6a45836 into model nwt
I0929 14:33:43.633924 16712 cuckoo_watch.h:45] 59ms in ProcessBatch(school_batches\aaaaaa.batch) [including 4ms in LoadMessage; 1ms in InitializeSparseNdw; 15ms in InferThetaAndUpdateNwtSparse; 19ms in CalculateScore(PerplexityScore); 4ms in CalculateScore(SparsityThetaScore); 11ms in CalculateScore(^^^ItemsProcessedScore^^^); ]
I0929 14:33:43.633924 17084 processor.cc:898] Processor: complete processing batch b3d2eaf6-16f4-4711-8da3-cd6d21d6db5a into model nwt
I0929 14:33:43.633924 17084 cuckoo_watch.h:45] 60ms in ProcessBatch(school_batches\aaaaab.batch) [including 4ms in LoadMessage; 1ms in InitializeSparseNdw; 15ms in InferThetaAndUpdateNwtSparse; 19ms in CalculateScore(PerplexityScore); 4ms in CalculateScore(SparsityThetaScore); 14ms in CalculateScore(^^^ItemsProcessedScore^^^); ]
I0929 14:33:43.649796  3452 master_component.cc:1378] RegularizeModelArgs: rwt_target_name=rwt, pwt_source_name=pwt, nwt_source_name=nwt
I0929 14:33:43.649796  3452 master_component.cc:922] MasterComponent: start regularizing model pwt
I0929 14:33:43.696444  3452 master_component.cc:948] MasterComponent: complete regularizing model pwt
I0929 14:33:43.696444  3452 master_component.cc:1391] NormalizeModelArgs: pwt_target_name=pwt, nwt_source_name=nwt, rwt_source_name=rwt
I0929 14:33:43.696444  3452 master_component.cc:952] MasterComponent: start normalizing model nwt
I0929 14:33:43.712064 15808 processor.cc:717] No data in processing queue, waiting...
I0929 14:33:43.727684 13428 processor.cc:717] No data in processing queue, waiting...
I0929 14:33:43.727684  3452 master_component.cc:980] MasterComponent: complete normalizing model nwt
I0929 14:33:43.743271  3452 master_component.cc:1415] DisposeModel rwt
I0929 14:33:43.743271  3452 master_component.cc:1005] FitOffline: ItemsProcessed, num_items=475, num_batches=5, token_weight=160064, token_weight_in_effect=160064
I0929 14:33:43.743271 16476 c_interface.cc:559] Pass GetScoreValueArgs, score_name=^^^ItemsProcessedScore^^^ to MasterComponent::Request
I0929 14:33:43.743271 16476 c_interface.cc:230] ArtmCopyRequestedMessage is copying 46 bytes...
I0929 14:33:43.743271  3452 c_interface.cc:386] Pass FitOfflineMasterModelArgs, batch_filename_size=5, batch_weight_size=5, num_collection_passes=1 to void (__cdecl artm::core::MasterComponent::*)(class artm::FitOfflineMasterModelArgs const & __ptr64) __ptr64
I0929 14:33:43.743271  3452 master_component.cc:1340] ProcessBatchesArgs: nwt_target_name=nwt, batch_filename_size=5, batch_size=0, batch_weight_size=5, pwt_source_name=pwt, num_document_passes=1, regularizer=(name:SparsePhi, tau:-1), class=(text:1), reuse_theta=yes, opt_for_avx=yes, predict_class_id=
I0929 14:33:43.790393 15808 processor.cc:724] Processing queue has data, processing started
I0929 14:33:43.790393 13428 processor.cc:724] Processing queue has data, processing started
I0929 14:33:43.790393  1324 processor.cc:724] Processing queue has data, processing started
I0929 14:33:43.790393 17084 processor.cc:802] Processor: start processing batch 6a4af50c-1d40-4968-a73a-29c46d4580d1 into model nwt
I0929 14:33:43.790393  1324 processor.cc:802] Processor: start processing batch f2b01c28-a91b-48f5-a3c5-c0f8f6a45836 into model nwt
I0929 14:33:43.790393 13428 processor.cc:802] Processor: start processing batch 42e97b85-c4f9-4595-8cb3-402211db67eb into model nwt
I0929 14:33:43.790393 16728 processor.cc:802] Processor: start processing batch 0580594d-f7bc-44d3-ac2b-5dd3a217f3c1 into model nwt
I0929 14:33:43.790393 15808 processor.cc:802] Processor: start processing batch b3d2eaf6-16f4-4711-8da3-cd6d21d6db5a into model nwt
I0929 14:33:43.821377 17084 processor.cc:898] Processor: complete processing batch 6a4af50c-1d40-4968-a73a-29c46d4580d1 into model nwt
I0929 14:33:43.821377 17084 cuckoo_watch.h:45] 38ms in ProcessBatch(school_batches\aaaaae.batch) [including 3ms in LoadMessage; 1ms in InitializeSparseNdw; 10ms in InferThetaAndUpdateNwtSparse; 10ms in CalculateScore(PerplexityScore); 2ms in CalculateScore(SparsityThetaScore); 9ms in CalculateScore(^^^ItemsProcessedScore^^^); ]
I0929 14:33:43.821377  1324 processor.cc:898] Processor: complete processing batch f2b01c28-a91b-48f5-a3c5-c0f8f6a45836 into model nwt
I0929 14:33:43.821377 13428 processor.cc:898] Processor: complete processing batch 42e97b85-c4f9-4595-8cb3-402211db67eb into model nwt
I0929 14:33:43.821377  1324 cuckoo_watch.h:45] 39ms in ProcessBatch(school_batches\aaaaaa.batch) [including 3ms in LoadMessage; 1ms in InitializeSparseNdw; 10ms in InferThetaAndUpdateNwtSparse; 11ms in CalculateScore(PerplexityScore); 2ms in CalculateScore(SparsityThetaScore); 10ms in CalculateScore(^^^ItemsProcessedScore^^^); ]
I0929 14:33:43.821377 13428 cuckoo_watch.h:45] 40ms in ProcessBatch(school_batches\aaaaad.batch) [including 3ms in LoadMessage; 1ms in InitializeSparseNdw; 10ms in InferThetaAndUpdateNwtSparse; 11ms in CalculateScore(PerplexityScore); 2ms in CalculateScore(SparsityThetaScore); 10ms in CalculateScore(^^^ItemsProcessedScore^^^); ]
I0929 14:33:43.837035 15808 processor.cc:898] Processor: complete processing batch b3d2eaf6-16f4-4711-8da3-cd6d21d6db5a into model nwt
I0929 14:33:43.837035 16728 processor.cc:898] Processor: complete processing batch 0580594d-f7bc-44d3-ac2b-5dd3a217f3c1 into model nwt
I0929 14:33:43.852653 15808 cuckoo_watch.h:45] 62ms in ProcessBatch(school_batches\aaaaab.batch) [including 4ms in LoadMessage; 1ms in InitializeSparseNdw; 15ms in InferThetaAndUpdateNwtSparse; 18ms in CalculateScore(PerplexityScore); 4ms in CalculateScore(SparsityThetaScore); 14ms in CalculateScore(^^^ItemsProcessedScore^^^); ]
I0929 14:33:43.852653 16728 cuckoo_watch.h:45] 62ms in ProcessBatch(school_batches\aaaaac.batch) [including 4ms in LoadMessage; 1ms in InitializeSparseNdw; 16ms in InferThetaAndUpdateNwtSparse; 18ms in CalculateScore(PerplexityScore); 4ms in CalculateScore(SparsityThetaScore); 15ms in CalculateScore(^^^ItemsProcessedScore^^^); ]
I0929 14:33:43.868731  3452 master_component.cc:1378] RegularizeModelArgs: rwt_target_name=rwt, pwt_source_name=pwt, nwt_source_name=nwt
I0929 14:33:43.868731  3452 master_component.cc:922] MasterComponent: start regularizing model pwt
I0929 14:33:43.915112  3452 master_component.cc:948] MasterComponent: complete regularizing model pwt
I0929 14:33:43.915112  3452 master_component.cc:1391] NormalizeModelArgs: pwt_target_name=pwt, nwt_source_name=nwt, rwt_source_name=rwt
I0929 14:33:43.915112  3452 master_component.cc:952] MasterComponent: start normalizing model nwt
I0929 14:33:43.930764 17364 processor.cc:717] No data in processing queue, waiting...
I0929 14:33:43.930764 11464 processor.cc:717] No data in processing queue, waiting...
I0929 14:33:43.930764 16712 processor.cc:717] No data in processing queue, waiting...
I0929 14:33:43.946413  3452 master_component.cc:980] MasterComponent: complete normalizing model nwt
I0929 14:33:43.962034  3452 master_component.cc:1415] DisposeModel rwt
I0929 14:33:43.962034  3452 master_component.cc:1005] FitOffline: ItemsProcessed, num_items=475, num_batches=5, token_weight=160064, token_weight_in_effect=160064
I0929 14:33:43.962034 16476 c_interface.cc:559] Pass GetScoreValueArgs, score_name=^^^ItemsProcessedScore^^^ to MasterComponent::Request
I0929 14:33:43.962034 16476 c_interface.cc:230] ArtmCopyRequestedMessage is copying 46 bytes...
I0929 14:33:43.962034  3452 c_interface.cc:386] Pass FitOfflineMasterModelArgs, batch_filename_size=5, batch_weight_size=5, num_collection_passes=1 to void (__cdecl artm::core::MasterComponent::*)(class artm::FitOfflineMasterModelArgs const & __ptr64) __ptr64
I0929 14:33:43.962034  3452 master_component.cc:1340] ProcessBatchesArgs: nwt_target_name=nwt, batch_filename_size=5, batch_size=0, batch_weight_size=5, pwt_source_name=pwt, num_document_passes=1, regularizer=(name:SparsePhi, tau:-1), class=(text:1), reuse_theta=yes, opt_for_avx=yes, predict_class_id=
I0929 14:33:44.009430 16712 processor.cc:724] Processing queue has data, processing started
I0929 14:33:44.009430 11464 processor.cc:724] Processing queue has data, processing started
I0929 14:33:44.009430 17084 processor.cc:802] Processor: start processing batch b3d2eaf6-16f4-4711-8da3-cd6d21d6db5a into model nwt
I0929 14:33:44.009430 16712 processor.cc:802] Processor: start processing batch 42e97b85-c4f9-4595-8cb3-402211db67eb into model nwt
I0929 14:33:44.009430 11464 processor.cc:802] Processor: start processing batch 0580594d-f7bc-44d3-ac2b-5dd3a217f3c1 into model nwt
I0929 14:33:44.009430 15808 processor.cc:802] Processor: start processing batch 6a4af50c-1d40-4968-a73a-29c46d4580d1 into model nwt
I0929 14:33:44.009430  1324 processor.cc:802] Processor: start processing batch f2b01c28-a91b-48f5-a3c5-c0f8f6a45836 into model nwt
I0929 14:33:44.040076 16712 processor.cc:898] Processor: complete processing batch 42e97b85-c4f9-4595-8cb3-402211db67eb into model nwt
I0929 14:33:44.040076 17084 processor.cc:898] Processor: complete processing batch b3d2eaf6-16f4-4711-8da3-cd6d21d6db5a into model nwt
I0929 14:33:44.040076 11464 processor.cc:898] Processor: complete processing batch 0580594d-f7bc-44d3-ac2b-5dd3a217f3c1 into model nwt
I0929 14:33:44.040076 16712 cuckoo_watch.h:45] 44ms in ProcessBatch(school_batches\aaaaad.batch) [including 2ms in LoadMessage; 1ms in InitializeSparseNdw; 10ms in InferThetaAndUpdateNwtSparse; 11ms in CalculateScore(PerplexityScore); 2ms in CalculateScore(SparsityThetaScore); 14ms in CalculateScore(^^^ItemsProcessedScore^^^); ]
I0929 14:33:44.040076 17084 cuckoo_watch.h:45] 45ms in ProcessBatch(school_batches\aaaaab.batch) [including 2ms in LoadMessage; 1ms in InitializeSparseNdw; 10ms in InferThetaAndUpdateNwtSparse; 11ms in CalculateScore(PerplexityScore); 2ms in CalculateScore(SparsityThetaScore); 14ms in CalculateScore(^^^ItemsProcessedScore^^^); ]
I0929 14:33:44.040076 11464 cuckoo_watch.h:45] 45ms in ProcessBatch(school_batches\aaaaac.batch) [including 2ms in LoadMessage; 1ms in InitializeSparseNdw; 10ms in InferThetaAndUpdateNwtSparse; 11ms in CalculateScore(PerplexityScore); 2ms in CalculateScore(SparsityThetaScore); 14ms in CalculateScore(^^^ItemsProcessedScore^^^); ]
I0929 14:33:44.055732  1324 processor.cc:898] Processor: complete processing batch f2b01c28-a91b-48f5-a3c5-c0f8f6a45836 into model nwt
I0929 14:33:44.055732  1324 cuckoo_watch.h:45] 49ms in ProcessBatch(school_batches\aaaaaa.batch) [including 4ms in LoadMessage; 1ms in InitializeSparseNdw; 15ms in InferThetaAndUpdateNwtSparse; 14ms in CalculateScore(PerplexityScore); 2ms in CalculateScore(SparsityThetaScore); 9ms in CalculateScore(^^^ItemsProcessedScore^^^); ]
I0929 14:33:44.055732 15808 processor.cc:898] Processor: complete processing batch 6a4af50c-1d40-4968-a73a-29c46d4580d1 into model nwt
I0929 14:33:44.055732 15808 cuckoo_watch.h:45] 51ms in ProcessBatch(school_batches\aaaaae.batch) [including 3ms in LoadMessage; 1ms in InitializeSparseNdw; 14ms in InferThetaAndUpdateNwtSparse; 15ms in CalculateScore(PerplexityScore); 4ms in CalculateScore(SparsityThetaScore); 9ms in CalculateScore(^^^ItemsProcessedScore^^^); ]
I0929 14:33:44.071895  3452 master_component.cc:1378] RegularizeModelArgs: rwt_target_name=rwt, pwt_source_name=pwt, nwt_source_name=nwt
I0929 14:33:44.071895  3452 master_component.cc:922] MasterComponent: start regularizing model pwt
I0929 14:33:44.118219  3452 master_component.cc:948] MasterComponent: complete regularizing model pwt
I0929 14:33:44.118219  3452 master_component.cc:1391] NormalizeModelArgs: pwt_target_name=pwt, nwt_source_name=nwt, rwt_source_name=rwt
I0929 14:33:44.118219  3452 master_component.cc:952] MasterComponent: start normalizing model nwt
I0929 14:33:44.149463 13428 processor.cc:717] No data in processing queue, waiting...
I0929 14:33:44.149463  3452 master_component.cc:980] MasterComponent: complete normalizing model nwt
I0929 14:33:44.165108  3452 master_component.cc:1415] DisposeModel rwt
I0929 14:33:44.165108  3452 master_component.cc:1005] FitOffline: ItemsProcessed, num_items=475, num_batches=5, token_weight=160064, token_weight_in_effect=160064
I0929 14:33:44.165108 16476 c_interface.cc:559] Pass GetScoreValueArgs, score_name=^^^ItemsProcessedScore^^^ to MasterComponent::Request
I0929 14:33:44.165108 16476 c_interface.cc:230] ArtmCopyRequestedMessage is copying 46 bytes...
I0929 14:33:44.165108  3452 c_interface.cc:386] Pass FitOfflineMasterModelArgs, batch_filename_size=5, batch_weight_size=5, num_collection_passes=1 to void (__cdecl artm::core::MasterComponent::*)(class artm::FitOfflineMasterModelArgs const & __ptr64) __ptr64
I0929 14:33:44.165108  3452 master_component.cc:1340] ProcessBatchesArgs: nwt_target_name=nwt, batch_filename_size=5, batch_size=0, batch_weight_size=5, pwt_source_name=pwt, num_document_passes=1, regularizer=(name:SparsePhi, tau:-1), class=(text:1), reuse_theta=yes, opt_for_avx=yes, predict_class_id=
I0929 14:33:44.180708 16728 processor.cc:717] No data in processing queue, waiting...
I0929 14:33:44.212514 17364 processor.cc:724] Processing queue has data, processing started
I0929 14:33:44.212514 16712 processor.cc:802] Processor: start processing batch f2b01c28-a91b-48f5-a3c5-c0f8f6a45836 into model nwt
I0929 14:33:44.212514 15808 processor.cc:802] Processor: start processing batch 0580594d-f7bc-44d3-ac2b-5dd3a217f3c1 into model nwt
I0929 14:33:44.212514 17364 processor.cc:802] Processor: start processing batch 6a4af50c-1d40-4968-a73a-29c46d4580d1 into model nwt
I0929 14:33:44.212514 11464 processor.cc:802] Processor: start processing batch 42e97b85-c4f9-4595-8cb3-402211db67eb into model nwt
I0929 14:33:44.212514 17084 processor.cc:802] Processor: start processing batch b3d2eaf6-16f4-4711-8da3-cd6d21d6db5a into model nwt
I0929 14:33:44.243153 17364 processor.cc:898] Processor: complete processing batch 6a4af50c-1d40-4968-a73a-29c46d4580d1 into model nwt
I0929 14:33:44.243153 17364 cuckoo_watch.h:45] 37ms in ProcessBatch(school_batches\aaaaae.batch) [including 2ms in LoadMessage; 1ms in InitializeSparseNdw; 10ms in InferThetaAndUpdateNwtSparse; 10ms in CalculateScore(PerplexityScore); 2ms in CalculateScore(SparsityThetaScore); 9ms in CalculateScore(^^^ItemsProcessedScore^^^); ]
I0929 14:33:44.243153 15808 processor.cc:898] Processor: complete processing batch 0580594d-f7bc-44d3-ac2b-5dd3a217f3c1 into model nwt
I0929 14:33:44.243153 17084 processor.cc:898] Processor: complete processing batch b3d2eaf6-16f4-4711-8da3-cd6d21d6db5a into model nwt
I0929 14:33:44.243153 15808 cuckoo_watch.h:45] 40ms in ProcessBatch(school_batches\aaaaac.batch) [including 2ms in LoadMessage; 1ms in InitializeSparseNdw; 10ms in InferThetaAndUpdateNwtSparse; 11ms in CalculateScore(PerplexityScore); 2ms in CalculateScore(SparsityThetaScore); 10ms in CalculateScore(^^^ItemsProcessedScore^^^); ]
I0929 14:33:44.243153 17084 cuckoo_watch.h:45] 40ms in ProcessBatch(school_batches\aaaaab.batch) [including 4ms in LoadMessage; 1ms in InitializeSparseNdw; 9ms in InferThetaAndUpdateNwtSparse; 11ms in CalculateScore(PerplexityScore); 2ms in CalculateScore(SparsityThetaScore); 10ms in CalculateScore(^^^ItemsProcessedScore^^^); ]
I0929 14:33:44.258775 16712 processor.cc:898] Processor: complete processing batch f2b01c28-a91b-48f5-a3c5-c0f8f6a45836 into model nwt
I0929 14:33:44.258775 16712 cuckoo_watch.h:45] 53ms in ProcessBatch(school_batches\aaaaaa.batch) [including 2ms in LoadMessage; 1ms in InitializeSparseNdw; 15ms in InferThetaAndUpdateNwtSparse; 16ms in CalculateScore(PerplexityScore); 4ms in CalculateScore(SparsityThetaScore); 11ms in CalculateScore(^^^ItemsProcessedScore^^^); ]
I0929 14:33:44.258775 11464 processor.cc:898] Processor: complete processing batch 42e97b85-c4f9-4595-8cb3-402211db67eb into model nwt
I0929 14:33:44.258775 11464 cuckoo_watch.h:45] 55ms in ProcessBatch(school_batches\aaaaad.batch) [including 4ms in LoadMessage; 1ms in InitializeSparseNdw; 15ms in InferThetaAndUpdateNwtSparse; 17ms in CalculateScore(PerplexityScore); 4ms in CalculateScore(SparsityThetaScore); 9ms in CalculateScore(^^^ItemsProcessedScore^^^); ]
I0929 14:33:44.274996  3452 master_component.cc:1378] RegularizeModelArgs: rwt_target_name=rwt, pwt_source_name=pwt, nwt_source_name=nwt
I0929 14:33:44.274996  3452 master_component.cc:922] MasterComponent: start regularizing model pwt
I0929 14:33:44.321331  3452 master_component.cc:948] MasterComponent: complete regularizing model pwt
I0929 14:33:44.321331  3452 master_component.cc:1391] NormalizeModelArgs: pwt_target_name=pwt, nwt_source_name=nwt, rwt_source_name=rwt
I0929 14:33:44.321331  3452 master_component.cc:952] MasterComponent: start normalizing model nwt
I0929 14:33:44.349666  3452 master_component.cc:980] MasterComponent: complete normalizing model nwt
I0929 14:33:44.373597  3452 master_component.cc:1415] DisposeModel rwt
I0929 14:33:44.373597  3452 master_component.cc:1005] FitOffline: ItemsProcessed, num_items=475, num_batches=5, token_weight=160064, token_weight_in_effect=160064
I0929 14:33:44.381590 16476 c_interface.cc:559] Pass GetScoreValueArgs, score_name=^^^ItemsProcessedScore^^^ to MasterComponent::Request
I0929 14:33:44.381590 16476 c_interface.cc:230] ArtmCopyRequestedMessage is copying 46 bytes...
I0929 14:33:44.381590  3452 c_interface.cc:386] Pass FitOfflineMasterModelArgs, batch_filename_size=5, batch_weight_size=5, num_collection_passes=1 to void (__cdecl artm::core::MasterComponent::*)(class artm::FitOfflineMasterModelArgs const & __ptr64) __ptr64
I0929 14:33:44.381590  3452 master_component.cc:1340] ProcessBatchesArgs: nwt_target_name=nwt, batch_filename_size=5, batch_size=0, batch_weight_size=5, pwt_source_name=pwt, num_document_passes=1, regularizer=(name:SparsePhi, tau:-1), class=(text:1), reuse_theta=yes, opt_for_avx=yes, predict_class_id=
I0929 14:33:44.405436  1324 processor.cc:717] No data in processing queue, waiting...
I0929 14:33:44.405436 17364 processor.cc:802] Processor: start processing batch f2b01c28-a91b-48f5-a3c5-c0f8f6a45836 into model nwt
I0929 14:33:44.421499 16728 processor.cc:724] Processing queue has data, processing started
I0929 14:33:44.421499 13428 processor.cc:724] Processing queue has data, processing started
I0929 14:33:44.421499 16728 processor.cc:802] Processor: start processing batch b3d2eaf6-16f4-4711-8da3-cd6d21d6db5a into model nwt
I0929 14:33:44.421499 11464 processor.cc:802] Processor: start processing batch 42e97b85-c4f9-4595-8cb3-402211db67eb into model nwt
I0929 14:33:44.421499 13428 processor.cc:802] Processor: start processing batch 6a4af50c-1d40-4968-a73a-29c46d4580d1 into model nwt
I0929 14:33:44.421499 16712 processor.cc:802] Processor: start processing batch 0580594d-f7bc-44d3-ac2b-5dd3a217f3c1 into model nwt
I0929 14:33:44.429486 17364 processor.cc:898] Processor: complete processing batch f2b01c28-a91b-48f5-a3c5-c0f8f6a45836 into model nwt
I0929 14:33:44.445255 17364 cuckoo_watch.h:45] 40ms in ProcessBatch(school_batches\aaaaaa.batch) [including 2ms in LoadMessage; 1ms in InitializeSparseNdw; 10ms in InferThetaAndUpdateNwtSparse; 11ms in CalculateScore(PerplexityScore); 2ms in CalculateScore(SparsityThetaScore); 9ms in CalculateScore(^^^ItemsProcessedScore^^^); ]
I0929 14:33:44.461259 16728 processor.cc:898] Processor: complete processing batch b3d2eaf6-16f4-4711-8da3-cd6d21d6db5a into model nwt
I0929 14:33:44.461259 13428 processor.cc:898] Processor: complete processing batch 6a4af50c-1d40-4968-a73a-29c46d4580d1 into model nwt
I0929 14:33:44.461259 16728 cuckoo_watch.h:45] 46ms in ProcessBatch(school_batches\aaaaab.batch) [including 2ms in LoadMessage; 1ms in InitializeSparseNdw; 14ms in InferThetaAndUpdateNwtSparse; 14ms in CalculateScore(PerplexityScore); 2ms in CalculateScore(SparsityThetaScore); 9ms in CalculateScore(^^^ItemsProcessedScore^^^); ]
I0929 14:33:44.461259 11464 processor.cc:898] Processor: complete processing batch 42e97b85-c4f9-4595-8cb3-402211db67eb into model nwt
I0929 14:33:44.461259 13428 cuckoo_watch.h:45] 46ms in ProcessBatch(school_batches\aaaaae.batch) [including 3ms in LoadMessage; 1ms in InitializeSparseNdw; 15ms in InferThetaAndUpdateNwtSparse; 13ms in CalculateScore(PerplexityScore); 2ms in CalculateScore(SparsityThetaScore); 8ms in CalculateScore(^^^ItemsProcessedScore^^^); ]
I0929 14:33:44.461259 11464 cuckoo_watch.h:45] 46ms in ProcessBatch(school_batches\aaaaad.batch) [including 2ms in LoadMessage; 1ms in InitializeSparseNdw; 14ms in InferThetaAndUpdateNwtSparse; 13ms in CalculateScore(PerplexityScore); 3ms in CalculateScore(SparsityThetaScore); 10ms in CalculateScore(^^^ItemsProcessedScore^^^); ]
I0929 14:33:44.469405 16712 processor.cc:898] Processor: complete processing batch 0580594d-f7bc-44d3-ac2b-5dd3a217f3c1 into model nwt
I0929 14:33:44.469405 16712 cuckoo_watch.h:45] 50ms in ProcessBatch(school_batches\aaaaac.batch) [including 4ms in LoadMessage; 1ms in InitializeSparseNdw; 16ms in InferThetaAndUpdateNwtSparse; 13ms in CalculateScore(PerplexityScore); 2ms in CalculateScore(SparsityThetaScore); 10ms in CalculateScore(^^^ItemsProcessedScore^^^); ]
I0929 14:33:44.485496  3452 master_component.cc:1378] RegularizeModelArgs: rwt_target_name=rwt, pwt_source_name=pwt, nwt_source_name=nwt
I0929 14:33:44.485496  3452 master_component.cc:922] MasterComponent: start regularizing model pwt
I0929 14:33:44.533443  3452 master_component.cc:948] MasterComponent: complete regularizing model pwt
I0929 14:33:44.533443  3452 master_component.cc:1391] NormalizeModelArgs: pwt_target_name=pwt, nwt_source_name=nwt, rwt_source_name=rwt
I0929 14:33:44.533443  3452 master_component.cc:952] MasterComponent: start normalizing model nwt
I0929 14:33:44.565357  3452 master_component.cc:980] MasterComponent: complete normalizing model nwt
I0929 14:33:44.589442  3452 master_component.cc:1415] DisposeModel rwt
I0929 14:33:44.589442  3452 master_component.cc:1005] FitOffline: ItemsProcessed, num_items=475, num_batches=5, token_weight=160064, token_weight_in_effect=160064
I0929 14:33:44.589442 16476 c_interface.cc:559] Pass GetScoreValueArgs, score_name=^^^ItemsProcessedScore^^^ to MasterComponent::Request
I0929 14:33:44.589442 16476 c_interface.cc:230] ArtmCopyRequestedMessage is copying 46 bytes...
I0929 14:33:44.589442  3452 c_interface.cc:386] Pass FitOfflineMasterModelArgs, batch_filename_size=5, batch_weight_size=5, num_collection_passes=1 to void (__cdecl artm::core::MasterComponent::*)(class artm::FitOfflineMasterModelArgs const & __ptr64) __ptr64
I0929 14:33:44.589442  3452 master_component.cc:1340] ProcessBatchesArgs: nwt_target_name=nwt, batch_filename_size=5, batch_size=0, batch_weight_size=5, pwt_source_name=pwt, num_document_passes=1, regularizer=(name:SparsePhi, tau:-1), class=(text:1), reuse_theta=yes, opt_for_avx=yes, predict_class_id=
I0929 14:33:44.605067 15808 processor.cc:717] No data in processing queue, waiting...
I0929 14:33:44.605067 17084 processor.cc:717] No data in processing queue, waiting...
I0929 14:33:44.629608  1324 processor.cc:724] Processing queue has data, processing started
I0929 14:33:44.629608 16712 processor.cc:802] Processor: start processing batch f2b01c28-a91b-48f5-a3c5-c0f8f6a45836 into model nwt
I0929 14:33:44.629608 11464 processor.cc:802] Processor: start processing batch b3d2eaf6-16f4-4711-8da3-cd6d21d6db5a into model nwt
I0929 14:33:44.629608  1324 processor.cc:802] Processor: start processing batch 42e97b85-c4f9-4595-8cb3-402211db67eb into model nwt
I0929 14:33:44.629608 13428 processor.cc:802] Processor: start processing batch 6a4af50c-1d40-4968-a73a-29c46d4580d1 into model nwt
I0929 14:33:44.629608 17364 processor.cc:802] Processor: start processing batch 0580594d-f7bc-44d3-ac2b-5dd3a217f3c1 into model nwt
I0929 14:33:44.669348 16712 processor.cc:898] Processor: complete processing batch f2b01c28-a91b-48f5-a3c5-c0f8f6a45836 into model nwt
I0929 14:33:44.669348 16712 cuckoo_watch.h:45] 44ms in ProcessBatch(school_batches\aaaaaa.batch) [including 2ms in LoadMessage; 1ms in InitializeSparseNdw; 10ms in InferThetaAndUpdateNwtSparse; 15ms in CalculateScore(PerplexityScore); 3ms in CalculateScore(SparsityThetaScore); 9ms in CalculateScore(^^^ItemsProcessedScore^^^); ]
I0929 14:33:44.669348 11464 processor.cc:898] Processor: complete processing batch b3d2eaf6-16f4-4711-8da3-cd6d21d6db5a into model nwt
I0929 14:33:44.669348 11464 cuckoo_watch.h:45] 45ms in ProcessBatch(school_batches\aaaaab.batch) [including 3ms in LoadMessage; 1ms in InitializeSparseNdw; 10ms in InferThetaAndUpdateNwtSparse; 17ms in CalculateScore(PerplexityScore); 2ms in CalculateScore(SparsityThetaScore); 9ms in CalculateScore(^^^ItemsProcessedScore^^^); ]
I0929 14:33:44.677556  1324 processor.cc:898] Processor: complete processing batch 42e97b85-c4f9-4595-8cb3-402211db67eb into model nwt
I0929 14:33:44.677556 13428 processor.cc:898] Processor: complete processing batch 6a4af50c-1d40-4968-a73a-29c46d4580d1 into model nwt
I0929 14:33:44.677556  1324 cuckoo_watch.h:45] 53ms in ProcessBatch(school_batches\aaaaad.batch) [including 3ms in LoadMessage; 1ms in InitializeSparseNdw; 11ms in InferThetaAndUpdateNwtSparse; 18ms in CalculateScore(PerplexityScore); 4ms in CalculateScore(SparsityThetaScore); 13ms in CalculateScore(^^^ItemsProcessedScore^^^); ]
I0929 14:33:44.677556 13428 cuckoo_watch.h:45] 53ms in ProcessBatch(school_batches\aaaaae.batch) [including 4ms in LoadMessage; 1ms in InitializeSparseNdw; 15ms in InferThetaAndUpdateNwtSparse; 15ms in CalculateScore(PerplexityScore); 4ms in CalculateScore(SparsityThetaScore); 11ms in CalculateScore(^^^ItemsProcessedScore^^^); ]
I0929 14:33:44.677556 17364 processor.cc:898] Processor: complete processing batch 0580594d-f7bc-44d3-ac2b-5dd3a217f3c1 into model nwt
I0929 14:33:44.677556 17364 cuckoo_watch.h:45] 55ms in ProcessBatch(school_batches\aaaaac.batch) [including 4ms in LoadMessage; 1ms in InitializeSparseNdw; 17ms in InferThetaAndUpdateNwtSparse; 15ms in CalculateScore(PerplexityScore); 2ms in CalculateScore(SparsityThetaScore); 12ms in CalculateScore(^^^ItemsProcessedScore^^^); ]
I0929 14:33:44.693747  3452 master_component.cc:1378] RegularizeModelArgs: rwt_target_name=rwt, pwt_source_name=pwt, nwt_source_name=nwt
I0929 14:33:44.693747  3452 master_component.cc:922] MasterComponent: start regularizing model pwt
I0929 14:33:44.740043  3452 master_component.cc:948] MasterComponent: complete regularizing model pwt
I0929 14:33:44.740043  3452 master_component.cc:1391] NormalizeModelArgs: pwt_target_name=pwt, nwt_source_name=nwt, rwt_source_name=rwt
I0929 14:33:44.740043  3452 master_component.cc:952] MasterComponent: start normalizing model nwt
I0929 14:33:44.771286  3452 master_component.cc:980] MasterComponent: complete normalizing model nwt
I0929 14:33:44.786908  3452 master_component.cc:1415] DisposeModel rwt
I0929 14:33:44.786908  3452 master_component.cc:1005] FitOffline: ItemsProcessed, num_items=475, num_batches=5, token_weight=160064, token_weight_in_effect=160064
I0929 14:33:44.786908 16476 c_interface.cc:559] Pass GetScoreValueArgs, score_name=^^^ItemsProcessedScore^^^ to MasterComponent::Request
I0929 14:33:44.786908 16476 c_interface.cc:230] ArtmCopyRequestedMessage is copying 46 bytes...
I0929 14:33:44.786908  3452 c_interface.cc:386] Pass FitOfflineMasterModelArgs, batch_filename_size=5, batch_weight_size=5, num_collection_passes=1 to void (__cdecl artm::core::MasterComponent::*)(class artm::FitOfflineMasterModelArgs const & __ptr64) __ptr64
I0929 14:33:44.786908  3452 master_component.cc:1340] ProcessBatchesArgs: nwt_target_name=nwt, batch_filename_size=5, batch_size=0, batch_weight_size=5, pwt_source_name=pwt, num_document_passes=1, regularizer=(name:SparsePhi, tau:-1), class=(text:1), reuse_theta=yes, opt_for_avx=yes, predict_class_id=
I0929 14:33:44.802528 16728 processor.cc:717] No data in processing queue, waiting...
I0929 14:33:44.834023 17084 processor.cc:724] Processing queue has data, processing started
I0929 14:33:44.834023  1324 processor.cc:802] Processor: start processing batch b3d2eaf6-16f4-4711-8da3-cd6d21d6db5a into model nwt
I0929 14:33:44.834023 13428 processor.cc:802] Processor: start processing batch 6a4af50c-1d40-4968-a73a-29c46d4580d1 into model nwt
I0929 14:33:44.834023 17084 processor.cc:802] Processor: start processing batch 0580594d-f7bc-44d3-ac2b-5dd3a217f3c1 into model nwt
I0929 14:33:44.834023 16712 processor.cc:802] Processor: start processing batch f2b01c28-a91b-48f5-a3c5-c0f8f6a45836 into model nwt
I0929 14:33:44.834023 11464 processor.cc:802] Processor: start processing batch 42e97b85-c4f9-4595-8cb3-402211db67eb into model nwt
I0929 14:33:44.865011 13428 processor.cc:898] Processor: complete processing batch 6a4af50c-1d40-4968-a73a-29c46d4580d1 into model nwt
I0929 14:33:44.865011 13428 cuckoo_watch.h:45] 39ms in ProcessBatch(school_batches\aaaaae.batch) [including 3ms in LoadMessage; 1ms in InitializeSparseNdw; 11ms in InferThetaAndUpdateNwtSparse; 10ms in CalculateScore(PerplexityScore); 2ms in CalculateScore(SparsityThetaScore); 9ms in CalculateScore(^^^ItemsProcessedScore^^^); ]
I0929 14:33:44.865011 16712 processor.cc:898] Processor: complete processing batch f2b01c28-a91b-48f5-a3c5-c0f8f6a45836 into model nwt
I0929 14:33:44.865011 16712 cuckoo_watch.h:45] 41ms in ProcessBatch(school_batches\aaaaaa.batch) [including 4ms in LoadMessage; 1ms in InitializeSparseNdw; 10ms in InferThetaAndUpdateNwtSparse; 11ms in CalculateScore(PerplexityScore); 2ms in CalculateScore(SparsityThetaScore); 9ms in CalculateScore(^^^ItemsProcessedScore^^^); ]
