I0929 14:51:13.279778 11464 processor.cc:802] Processor: start processing batch 848367d3-1564-4ff3-a9c0-b329da99b2d9 into model nwt
I0929 14:51:13.279778 10752 processor.cc:802] Processor: start processing batch 10dc3939-1034-4f09-a4d8-15b68e37ec78 into model nwt
I0929 14:51:13.279778  8552 processor.cc:802] Processor: start processing batch 9c21a059-2136-4b57-b604-44694ce7bc81 into model nwt
I0929 14:51:13.279778 17416 processor.cc:802] Processor: start processing batch 08184e6e-01f0-4d9c-b12a-6ef173dd05ae into model nwt
I0929 14:51:13.279778 10948 processor.cc:802] Processor: start processing batch 16ba4aa4-0034-42e6-8503-55a90568f924 into model nwt
I0929 14:51:13.310951 10752 processor.cc:898] Processor: complete processing batch 10dc3939-1034-4f09-a4d8-15b68e37ec78 into model nwt
I0929 14:51:13.310951 10752 cuckoo_watch.h:45] 38ms in ProcessBatch(school_batches\aaaaae.batch) [including 2ms in LoadMessage; 1ms in InitializeSparseNdw; 9ms in InferThetaAndUpdateNwtSparse; 10ms in CalculateScore(PerplexityScore); 2ms in CalculateScore(SparsityThetaScore); 9ms in CalculateScore(^^^ItemsProcessedScore^^^); ]
I0929 14:51:13.310951 10948 processor.cc:898] Processor: complete processing batch 16ba4aa4-0034-42e6-8503-55a90568f924 into model nwt
I0929 14:51:13.310951 10948 cuckoo_watch.h:45] 44ms in ProcessBatch(school_batches\aaaaaa.batch) [including 4ms in LoadMessage; 1ms in InitializeSparseNdw; 13ms in InferThetaAndUpdateNwtSparse; 10ms in CalculateScore(PerplexityScore); 3ms in CalculateScore(SparsityThetaScore); 9ms in CalculateScore(^^^ItemsProcessedScore^^^); ]
I0929 14:51:13.310951 17416 processor.cc:898] Processor: complete processing batch 08184e6e-01f0-4d9c-b12a-6ef173dd05ae into model nwt
I0929 14:51:13.310951 17416 cuckoo_watch.h:45] 46ms in ProcessBatch(school_batches\aaaaac.batch) [including 4ms in LoadMessage; 1ms in InitializeSparseNdw; 14ms in InferThetaAndUpdateNwtSparse; 11ms in CalculateScore(PerplexityScore); 3ms in CalculateScore(SparsityThetaScore); 9ms in CalculateScore(^^^ItemsProcessedScore^^^); ]
I0929 14:51:13.326575 11464 processor.cc:898] Processor: complete processing batch 848367d3-1564-4ff3-a9c0-b329da99b2d9 into model nwt
I0929 14:51:13.326575  8552 processor.cc:898] Processor: complete processing batch 9c21a059-2136-4b57-b604-44694ce7bc81 into model nwt
I0929 14:51:13.326575 11464 cuckoo_watch.h:45] 51ms in ProcessBatch(school_batches\aaaaab.batch) [including 2ms in LoadMessage; 1ms in InitializeSparseNdw; 10ms in InferThetaAndUpdateNwtSparse; 17ms in CalculateScore(PerplexityScore); 4ms in CalculateScore(SparsityThetaScore); 14ms in CalculateScore(^^^ItemsProcessedScore^^^); ]
I0929 14:51:13.326575  8552 cuckoo_watch.h:45] 52ms in ProcessBatch(school_batches\aaaaad.batch) [including 2ms in LoadMessage; 1ms in InitializeSparseNdw; 10ms in InferThetaAndUpdateNwtSparse; 17ms in CalculateScore(PerplexityScore); 4ms in CalculateScore(SparsityThetaScore); 14ms in CalculateScore(^^^ItemsProcessedScore^^^); ]
I0929 14:51:13.342450 10440 master_component.cc:1378] RegularizeModelArgs: rwt_target_name=rwt, pwt_source_name=pwt, nwt_source_name=nwt
I0929 14:51:13.342450 10440 master_component.cc:922] MasterComponent: start regularizing model pwt
I0929 14:51:13.389093 10440 master_component.cc:948] MasterComponent: complete regularizing model pwt
I0929 14:51:13.389093 10440 master_component.cc:1391] NormalizeModelArgs: pwt_target_name=pwt, nwt_source_name=nwt, rwt_source_name=rwt
I0929 14:51:13.389093 10440 master_component.cc:952] MasterComponent: start normalizing model nwt
I0929 14:51:13.404680  5100 processor.cc:717] No data in processing queue, waiting...
I0929 14:51:13.420302 14812 processor.cc:717] No data in processing queue, waiting...
I0929 14:51:13.420302 13432 processor.cc:717] No data in processing queue, waiting...
I0929 14:51:13.420302 10440 master_component.cc:980] MasterComponent: complete normalizing model nwt
I0929 14:51:13.435922 10440 master_component.cc:1415] DisposeModel rwt
I0929 14:51:13.435922 10440 master_component.cc:1005] FitOffline: ItemsProcessed, num_items=475, num_batches=5, token_weight=160064, token_weight_in_effect=160064
I0929 14:51:13.435922 16016 c_interface.cc:559] Pass GetScoreValueArgs, score_name=^^^ItemsProcessedScore^^^ to MasterComponent::Request
I0929 14:51:13.435922 16016 c_interface.cc:230] ArtmCopyRequestedMessage is copying 46 bytes...
I0929 14:51:13.435922 10440 c_interface.cc:386] Pass FitOfflineMasterModelArgs, batch_filename_size=5, batch_weight_size=5, num_collection_passes=1 to void (__cdecl artm::core::MasterComponent::*)(class artm::FitOfflineMasterModelArgs const & __ptr64) __ptr64
I0929 14:51:13.435922 10440 master_component.cc:1340] ProcessBatchesArgs: nwt_target_name=nwt, batch_filename_size=5, batch_size=0, batch_weight_size=5, pwt_source_name=pwt, num_document_passes=1, regularizer=(name:SparsePhi, tau:-1), class=(text:1), reuse_theta=yes, opt_for_avx=yes, predict_class_id=
I0929 14:51:13.482825 14812 processor.cc:724] Processing queue has data, processing started
I0929 14:51:13.482825 10752 processor.cc:802] Processor: start processing batch 10dc3939-1034-4f09-a4d8-15b68e37ec78 into model nwt
I0929 14:51:13.482825 17416 processor.cc:802] Processor: start processing batch 16ba4aa4-0034-42e6-8503-55a90568f924 into model nwt
I0929 14:51:13.482825 10948 processor.cc:802] Processor: start processing batch 08184e6e-01f0-4d9c-b12a-6ef173dd05ae into model nwt
I0929 14:51:13.482825  8552 processor.cc:802] Processor: start processing batch 848367d3-1564-4ff3-a9c0-b329da99b2d9 into model nwt
I0929 14:51:13.482825 14812 processor.cc:802] Processor: start processing batch 9c21a059-2136-4b57-b604-44694ce7bc81 into model nwt
I0929 14:51:13.514034 17416 processor.cc:898] Processor: complete processing batch 16ba4aa4-0034-42e6-8503-55a90568f924 into model nwt
I0929 14:51:13.514034 17416 cuckoo_watch.h:45] 44ms in ProcessBatch(school_batches\aaaaaa.batch) [including 4ms in LoadMessage; 1ms in InitializeSparseNdw; 12ms in InferThetaAndUpdateNwtSparse; 10ms in CalculateScore(PerplexityScore); 2ms in CalculateScore(SparsityThetaScore); 10ms in CalculateScore(^^^ItemsProcessedScore^^^); ]
I0929 14:51:13.529688 14812 processor.cc:898] Processor: complete processing batch 9c21a059-2136-4b57-b604-44694ce7bc81 into model nwt
I0929 14:51:13.529688 14812 cuckoo_watch.h:45] 48ms in ProcessBatch(school_batches\aaaaad.batch) [including 4ms in LoadMessage; 1ms in InitializeSparseNdw; 16ms in InferThetaAndUpdateNwtSparse; 12ms in CalculateScore(PerplexityScore); 2ms in CalculateScore(SparsityThetaScore); 9ms in CalculateScore(^^^ItemsProcessedScore^^^); ]
I0929 14:51:13.529688 10948 processor.cc:898] Processor: complete processing batch 08184e6e-01f0-4d9c-b12a-6ef173dd05ae into model nwt
I0929 14:51:13.529688 10948 cuckoo_watch.h:45] 50ms in ProcessBatch(school_batches\aaaaac.batch) [including 4ms in LoadMessage; 1ms in InitializeSparseNdw; 13ms in InferThetaAndUpdateNwtSparse; 16ms in CalculateScore(PerplexityScore); 2ms in CalculateScore(SparsityThetaScore); 10ms in CalculateScore(^^^ItemsProcessedScore^^^); ]
I0929 14:51:13.529688  8552 processor.cc:898] Processor: complete processing batch 848367d3-1564-4ff3-a9c0-b329da99b2d9 into model nwt
I0929 14:51:13.529688 10752 processor.cc:898] Processor: complete processing batch 10dc3939-1034-4f09-a4d8-15b68e37ec78 into model nwt
I0929 14:51:13.529688  8552 cuckoo_watch.h:45] 51ms in ProcessBatch(school_batches\aaaaab.batch) [including 4ms in LoadMessage; 1ms in InitializeSparseNdw; 10ms in InferThetaAndUpdateNwtSparse; 13ms in CalculateScore(PerplexityScore); 4ms in CalculateScore(SparsityThetaScore); 15ms in CalculateScore(^^^ItemsProcessedScore^^^); ]
I0929 14:51:13.529688 10752 cuckoo_watch.h:45] 51ms in ProcessBatch(school_batches\aaaaae.batch) [including 2ms in LoadMessage; 0ms in InitializeSparseNdw; 12ms in InferThetaAndUpdateNwtSparse; 15ms in CalculateScore(PerplexityScore); 4ms in CalculateScore(SparsityThetaScore); 13ms in CalculateScore(^^^ItemsProcessedScore^^^); ]
I0929 14:51:13.545873 10440 master_component.cc:1378] RegularizeModelArgs: rwt_target_name=rwt, pwt_source_name=pwt, nwt_source_name=nwt
I0929 14:51:13.545873 10440 master_component.cc:922] MasterComponent: start regularizing model pwt
I0929 14:51:13.592200 10440 master_component.cc:948] MasterComponent: complete regularizing model pwt
I0929 14:51:13.592200 10440 master_component.cc:1391] NormalizeModelArgs: pwt_target_name=pwt, nwt_source_name=nwt, rwt_source_name=rwt
I0929 14:51:13.592200 10440 master_component.cc:952] MasterComponent: start normalizing model nwt
I0929 14:51:13.623441 10440 master_component.cc:980] MasterComponent: complete normalizing model nwt
I0929 14:51:13.639063 11464 processor.cc:717] No data in processing queue, waiting...
I0929 14:51:13.639063 10440 master_component.cc:1415] DisposeModel rwt
I0929 14:51:13.639063 10440 master_component.cc:1005] FitOffline: ItemsProcessed, num_items=475, num_batches=5, token_weight=160064, token_weight_in_effect=160064
I0929 14:51:13.639063 16016 c_interface.cc:559] Pass GetScoreValueArgs, score_name=^^^ItemsProcessedScore^^^ to MasterComponent::Request
I0929 14:51:13.639063 16016 c_interface.cc:230] ArtmCopyRequestedMessage is copying 46 bytes...
I0929 14:51:13.639063 10440 c_interface.cc:386] Pass FitOfflineMasterModelArgs, batch_filename_size=5, batch_weight_size=5, num_collection_passes=1 to void (__cdecl artm::core::MasterComponent::*)(class artm::FitOfflineMasterModelArgs const & __ptr64) __ptr64
I0929 14:51:13.639063 10440 master_component.cc:1340] ProcessBatchesArgs: nwt_target_name=nwt, batch_filename_size=5, batch_size=0, batch_weight_size=5, pwt_source_name=pwt, num_document_passes=1, regularizer=(name:SparsePhi, tau:-1), class=(text:1), reuse_theta=yes, opt_for_avx=yes, predict_class_id=
I0929 14:51:13.686319 11464 processor.cc:724] Processing queue has data, processing started
I0929 14:51:13.686319 13432 processor.cc:724] Processing queue has data, processing started
I0929 14:51:13.686319  8552 processor.cc:802] Processor: start processing batch 848367d3-1564-4ff3-a9c0-b329da99b2d9 into model nwt
I0929 14:51:13.686319 13432 processor.cc:802] Processor: start processing batch 10dc3939-1034-4f09-a4d8-15b68e37ec78 into model nwt
I0929 14:51:13.686319 11464 processor.cc:802] Processor: start processing batch 08184e6e-01f0-4d9c-b12a-6ef173dd05ae into model nwt
I0929 14:51:13.686319 10948 processor.cc:802] Processor: start processing batch 16ba4aa4-0034-42e6-8503-55a90568f924 into model nwt
I0929 14:51:13.686319 17416 processor.cc:802] Processor: start processing batch 9c21a059-2136-4b57-b604-44694ce7bc81 into model nwt
I0929 14:51:13.717106 11464 processor.cc:898] Processor: complete processing batch 08184e6e-01f0-4d9c-b12a-6ef173dd05ae into model nwt
I0929 14:51:13.717106 11464 cuckoo_watch.h:45] 43ms in ProcessBatch(school_batches\aaaaac.batch) [including 4ms in LoadMessage; 1ms in InitializeSparseNdw; 12ms in InferThetaAndUpdateNwtSparse; 12ms in CalculateScore(PerplexityScore); 2ms in CalculateScore(SparsityThetaScore); 9ms in CalculateScore(^^^ItemsProcessedScore^^^); ]
I0929 14:51:13.732728  8552 processor.cc:898] Processor: complete processing batch 848367d3-1564-4ff3-a9c0-b329da99b2d9 into model nwt
I0929 14:51:13.732728 13432 processor.cc:898] Processor: complete processing batch 10dc3939-1034-4f09-a4d8-15b68e37ec78 into model nwt
I0929 14:51:13.732728  8552 cuckoo_watch.h:45] 50ms in ProcessBatch(school_batches\aaaaab.batch) [including 3ms in LoadMessage; 1ms in InitializeSparseNdw; 11ms in InferThetaAndUpdateNwtSparse; 12ms in CalculateScore(PerplexityScore); 4ms in CalculateScore(SparsityThetaScore); 15ms in CalculateScore(^^^ItemsProcessedScore^^^); ]
I0929 14:51:13.732728 13432 cuckoo_watch.h:45] 50ms in ProcessBatch(school_batches\aaaaae.batch) [including 3ms in LoadMessage; 1ms in InitializeSparseNdw; 14ms in InferThetaAndUpdateNwtSparse; 11ms in CalculateScore(PerplexityScore); 4ms in CalculateScore(SparsityThetaScore); 13ms in CalculateScore(^^^ItemsProcessedScore^^^); ]
I0929 14:51:13.732728 10948 processor.cc:898] Processor: complete processing batch 16ba4aa4-0034-42e6-8503-55a90568f924 into model nwt
I0929 14:51:13.732728 10948 cuckoo_watch.h:45] 54ms in ProcessBatch(school_batches\aaaaaa.batch) [including 4ms in LoadMessage; 1ms in InitializeSparseNdw; 12ms in InferThetaAndUpdateNwtSparse; 17ms in CalculateScore(PerplexityScore); 4ms in CalculateScore(SparsityThetaScore); 12ms in CalculateScore(^^^ItemsProcessedScore^^^); ]
I0929 14:51:13.732728 17416 processor.cc:898] Processor: complete processing batch 9c21a059-2136-4b57-b604-44694ce7bc81 into model nwt
I0929 14:51:13.732728 17416 cuckoo_watch.h:45] 56ms in ProcessBatch(school_batches\aaaaad.batch) [including 4ms in LoadMessage; 1ms in InitializeSparseNdw; 16ms in InferThetaAndUpdateNwtSparse; 17ms in CalculateScore(PerplexityScore); 4ms in CalculateScore(SparsityThetaScore); 10ms in CalculateScore(^^^ItemsProcessedScore^^^); ]
I0929 14:51:13.748920 10440 master_component.cc:1378] RegularizeModelArgs: rwt_target_name=rwt, pwt_source_name=pwt, nwt_source_name=nwt
I0929 14:51:13.748920 10440 master_component.cc:922] MasterComponent: start regularizing model pwt
I0929 14:51:13.795251 10440 master_component.cc:948] MasterComponent: complete regularizing model pwt
I0929 14:51:13.795251 10440 master_component.cc:1391] NormalizeModelArgs: pwt_target_name=pwt, nwt_source_name=nwt, rwt_source_name=rwt
I0929 14:51:13.795251 10440 master_component.cc:952] MasterComponent: start normalizing model nwt
I0929 14:51:13.826521 10440 master_component.cc:980] MasterComponent: complete normalizing model nwt
I0929 14:51:13.842113 10440 master_component.cc:1415] DisposeModel rwt
I0929 14:51:13.842113 10440 master_component.cc:1005] FitOffline: ItemsProcessed, num_items=475, num_batches=5, token_weight=160064, token_weight_in_effect=160064
I0929 14:51:13.842113 16016 c_interface.cc:559] Pass GetScoreValueArgs, score_name=^^^ItemsProcessedScore^^^ to MasterComponent::Request
I0929 14:51:13.842113 16016 c_interface.cc:230] ArtmCopyRequestedMessage is copying 46 bytes...
I0929 14:51:13.842113 10440 c_interface.cc:386] Pass FitOfflineMasterModelArgs, batch_filename_size=5, batch_weight_size=5, num_collection_passes=1 to void (__cdecl artm::core::MasterComponent::*)(class artm::FitOfflineMasterModelArgs const & __ptr64) __ptr64
I0929 14:51:13.842113 10440 master_component.cc:1340] ProcessBatchesArgs: nwt_target_name=nwt, batch_filename_size=5, batch_size=0, batch_weight_size=5, pwt_source_name=pwt, num_document_passes=1, regularizer=(name:SparsePhi, tau:-1), class=(text:1), reuse_theta=yes, opt_for_avx=yes, predict_class_id=
I0929 14:51:13.857734 14812 processor.cc:717] No data in processing queue, waiting...
I0929 14:51:13.857734 10752 processor.cc:717] No data in processing queue, waiting...
I0929 14:51:13.889222 10752 processor.cc:724] Processing queue has data, processing started
I0929 14:51:13.889222 11464 processor.cc:802] Processor: start processing batch 9c21a059-2136-4b57-b604-44694ce7bc81 into model nwt
I0929 14:51:13.889222 10752 processor.cc:802] Processor: start processing batch 10dc3939-1034-4f09-a4d8-15b68e37ec78 into model nwt
I0929 14:51:13.889222 17416 processor.cc:802] Processor: start processing batch 16ba4aa4-0034-42e6-8503-55a90568f924 into model nwt
I0929 14:51:13.889222 10948 processor.cc:802] Processor: start processing batch 848367d3-1564-4ff3-a9c0-b329da99b2d9 into model nwt
I0929 14:51:13.889222  8552 processor.cc:802] Processor: start processing batch 08184e6e-01f0-4d9c-b12a-6ef173dd05ae into model nwt
I0929 14:51:13.930280 10752 processor.cc:898] Processor: complete processing batch 10dc3939-1034-4f09-a4d8-15b68e37ec78 into model nwt
I0929 14:51:13.930280 10752 cuckoo_watch.h:45] 43ms in ProcessBatch(school_batches\aaaaae.batch) [including 2ms in LoadMessage; 1ms in InitializeSparseNdw; 12ms in InferThetaAndUpdateNwtSparse; 13ms in CalculateScore(PerplexityScore); 2ms in CalculateScore(SparsityThetaScore); 9ms in CalculateScore(^^^ItemsProcessedScore^^^); ]
I0929 14:51:13.930280 17416 processor.cc:898] Processor: complete processing batch 16ba4aa4-0034-42e6-8503-55a90568f924 into model nwt
I0929 14:51:13.930280 17416 cuckoo_watch.h:45] 47ms in ProcessBatch(school_batches\aaaaaa.batch) [including 2ms in LoadMessage; 1ms in InitializeSparseNdw; 12ms in InferThetaAndUpdateNwtSparse; 14ms in CalculateScore(PerplexityScore); 2ms in CalculateScore(SparsityThetaScore); 11ms in CalculateScore(^^^ItemsProcessedScore^^^); ]
I0929 14:51:13.930280 10948 processor.cc:898] Processor: complete processing batch 848367d3-1564-4ff3-a9c0-b329da99b2d9 into model nwt
I0929 14:51:13.930280 10948 cuckoo_watch.h:45] 52ms in ProcessBatch(school_batches\aaaaab.batch) [including 3ms in LoadMessage; 2ms in InitializeSparseNdw; 16ms in InferThetaAndUpdateNwtSparse; 13ms in CalculateScore(PerplexityScore); 2ms in CalculateScore(SparsityThetaScore); 11ms in CalculateScore(^^^ItemsProcessedScore^^^); ]
I0929 14:51:13.945936 11464 processor.cc:898] Processor: complete processing batch 9c21a059-2136-4b57-b604-44694ce7bc81 into model nwt
I0929 14:51:13.945936 11464 cuckoo_watch.h:45] 58ms in ProcessBatch(school_batches\aaaaad.batch) [including 2ms in LoadMessage; 1ms in InitializeSparseNdw; 17ms in InferThetaAndUpdateNwtSparse; 17ms in CalculateScore(PerplexityScore); 4ms in CalculateScore(SparsityThetaScore); 14ms in CalculateScore(^^^ItemsProcessedScore^^^); ]
I0929 14:51:13.945936  8552 processor.cc:898] Processor: complete processing batch 08184e6e-01f0-4d9c-b12a-6ef173dd05ae into model nwt
I0929 14:51:13.945936  8552 cuckoo_watch.h:45] 61ms in ProcessBatch(school_batches\aaaaac.batch) [including 4ms in LoadMessage; 2ms in InitializeSparseNdw; 16ms in InferThetaAndUpdateNwtSparse; 17ms in CalculateScore(PerplexityScore); 4ms in CalculateScore(SparsityThetaScore); 13ms in CalculateScore(^^^ItemsProcessedScore^^^); ]
I0929 14:51:13.960454 10440 master_component.cc:1378] RegularizeModelArgs: rwt_target_name=rwt, pwt_source_name=pwt, nwt_source_name=nwt
I0929 14:51:13.960454 10440 master_component.cc:922] MasterComponent: start regularizing model pwt
I0929 14:51:14.008157 10440 master_component.cc:948] MasterComponent: complete regularizing model pwt
I0929 14:51:14.008157 10440 master_component.cc:1391] NormalizeModelArgs: pwt_target_name=pwt, nwt_source_name=nwt, rwt_source_name=rwt
I0929 14:51:14.008157 10440 master_component.cc:952] MasterComponent: start normalizing model nwt
I0929 14:51:14.039398 10440 master_component.cc:980] MasterComponent: complete normalizing model nwt
I0929 14:51:14.055016 13432 processor.cc:717] No data in processing queue, waiting...
I0929 14:51:14.070574 10440 master_component.cc:1415] DisposeModel rwt
I0929 14:51:14.070574 10440 master_component.cc:1005] FitOffline: ItemsProcessed, num_items=475, num_batches=5, token_weight=160064, token_weight_in_effect=160064
I0929 14:51:14.070574 16016 c_interface.cc:559] Pass GetScoreValueArgs, score_name=^^^ItemsProcessedScore^^^ to MasterComponent::Request
I0929 14:51:14.070574 16016 c_interface.cc:230] ArtmCopyRequestedMessage is copying 46 bytes...
I0929 14:51:14.070574 10440 c_interface.cc:386] Pass FitOfflineMasterModelArgs, batch_filename_size=5, batch_weight_size=5, num_collection_passes=1 to void (__cdecl artm::core::MasterComponent::*)(class artm::FitOfflineMasterModelArgs const & __ptr64) __ptr64
I0929 14:51:14.070574 10440 master_component.cc:1340] ProcessBatchesArgs: nwt_target_name=nwt, batch_filename_size=5, batch_size=0, batch_weight_size=5, pwt_source_name=pwt, num_document_passes=1, regularizer=(name:SparsePhi, tau:-1), class=(text:1), reuse_theta=yes, opt_for_avx=yes, predict_class_id=
I0929 14:51:14.117501 14812 processor.cc:724] Processing queue has data, processing started
I0929 14:51:14.117501  5100 processor.cc:724] Processing queue has data, processing started
I0929 14:51:14.117501 14812 processor.cc:802] Processor: start processing batch 10dc3939-1034-4f09-a4d8-15b68e37ec78 into model nwt
I0929 14:51:14.117501 10948 processor.cc:802] Processor: start processing batch 848367d3-1564-4ff3-a9c0-b329da99b2d9 into model nwt
I0929 14:51:14.117501 17416 processor.cc:802] Processor: start processing batch 9c21a059-2136-4b57-b604-44694ce7bc81 into model nwt
I0929 14:51:14.117501  8552 processor.cc:802] Processor: start processing batch 16ba4aa4-0034-42e6-8503-55a90568f924 into model nwt
I0929 14:51:14.117501  5100 processor.cc:802] Processor: start processing batch 08184e6e-01f0-4d9c-b12a-6ef173dd05ae into model nwt
I0929 14:51:14.164302 14812 processor.cc:898] Processor: complete processing batch 10dc3939-1034-4f09-a4d8-15b68e37ec78 into model nwt
I0929 14:51:14.164302 14812 cuckoo_watch.h:45] 51ms in ProcessBatch(school_batches\aaaaae.batch) [including 4ms in LoadMessage; 1ms in InitializeSparseNdw; 14ms in InferThetaAndUpdateNwtSparse; 14ms in CalculateScore(PerplexityScore); 3ms in CalculateScore(SparsityThetaScore); 11ms in CalculateScore(^^^ItemsProcessedScore^^^); ]
I0929 14:51:14.164302  8552 processor.cc:898] Processor: complete processing batch 16ba4aa4-0034-42e6-8503-55a90568f924 into model nwt
I0929 14:51:14.164302  8552 cuckoo_watch.h:45] 57ms in ProcessBatch(school_batches\aaaaaa.batch) [including 4ms in LoadMessage; 1ms in InitializeSparseNdw; 16ms in InferThetaAndUpdateNwtSparse; 18ms in CalculateScore(PerplexityScore); 2ms in CalculateScore(SparsityThetaScore); 11ms in CalculateScore(^^^ItemsProcessedScore^^^); ]
I0929 14:51:14.164302 17416 processor.cc:898] Processor: complete processing batch 9c21a059-2136-4b57-b604-44694ce7bc81 into model nwt
I0929 14:51:14.164302 17416 cuckoo_watch.h:45] 58ms in ProcessBatch(school_batches\aaaaad.batch) [including 4ms in LoadMessage; 1ms in InitializeSparseNdw; 13ms in InferThetaAndUpdateNwtSparse; 20ms in CalculateScore(PerplexityScore); 4ms in CalculateScore(SparsityThetaScore); 12ms in CalculateScore(^^^ItemsProcessedScore^^^); ]
I0929 14:51:14.179960  5100 processor.cc:898] Processor: complete processing batch 08184e6e-01f0-4d9c-b12a-6ef173dd05ae into model nwt
I0929 14:51:14.179960 10948 processor.cc:898] Processor: complete processing batch 848367d3-1564-4ff3-a9c0-b329da99b2d9 into model nwt
I0929 14:51:14.179960  5100 cuckoo_watch.h:45] 64ms in ProcessBatch(school_batches\aaaaac.batch) [including 4ms in LoadMessage; 1ms in InitializeSparseNdw; 14ms in InferThetaAndUpdateNwtSparse; 20ms in CalculateScore(PerplexityScore); 4ms in CalculateScore(SparsityThetaScore); 15ms in CalculateScore(^^^ItemsProcessedScore^^^); ]
I0929 14:51:14.179960 10948 cuckoo_watch.h:45] 64ms in ProcessBatch(school_batches\aaaaab.batch) [including 4ms in LoadMessage; 1ms in InitializeSparseNdw; 16ms in InferThetaAndUpdateNwtSparse; 20ms in CalculateScore(PerplexityScore); 4ms in CalculateScore(SparsityThetaScore); 15ms in CalculateScore(^^^ItemsProcessedScore^^^); ]
I0929 14:51:14.195637 10440 master_component.cc:1378] RegularizeModelArgs: rwt_target_name=rwt, pwt_source_name=pwt, nwt_source_name=nwt
I0929 14:51:14.195637 10440 master_component.cc:922] MasterComponent: start regularizing model pwt
I0929 14:51:14.226848 10752 processor.cc:717] No data in processing queue, waiting...
I0929 14:51:14.242473 11464 processor.cc:717] No data in processing queue, waiting...
I0929 14:51:14.258092 10440 master_component.cc:948] MasterComponent: complete regularizing model pwt
I0929 14:51:14.258092 10440 master_component.cc:1391] NormalizeModelArgs: pwt_target_name=pwt, nwt_source_name=nwt, rwt_source_name=rwt
I0929 14:51:14.258092 10440 master_component.cc:952] MasterComponent: start normalizing model nwt
I0929 14:51:14.289274 10440 master_component.cc:980] MasterComponent: complete normalizing model nwt
I0929 14:51:14.304896 10440 master_component.cc:1415] DisposeModel rwt
I0929 14:51:14.304896 10440 master_component.cc:1005] FitOffline: ItemsProcessed, num_items=475, num_batches=5, token_weight=160064, token_weight_in_effect=160064
I0929 14:51:14.304896 16016 c_interface.cc:559] Pass GetScoreValueArgs, score_name=^^^ItemsProcessedScore^^^ to MasterComponent::Request
I0929 14:51:14.304896 16016 c_interface.cc:230] ArtmCopyRequestedMessage is copying 46 bytes...
I0929 14:51:14.304896 10440 c_interface.cc:386] Pass FitOfflineMasterModelArgs, batch_filename_size=5, batch_weight_size=5, num_collection_passes=1 to void (__cdecl artm::core::MasterComponent::*)(class artm::FitOfflineMasterModelArgs const & __ptr64) __ptr64
I0929 14:51:14.304896 10440 master_component.cc:1340] ProcessBatchesArgs: nwt_target_name=nwt, batch_filename_size=5, batch_size=0, batch_weight_size=5, pwt_source_name=pwt, num_document_passes=1, regularizer=(name:SparsePhi, tau:-1), class=(text:1), reuse_theta=yes, opt_for_avx=yes, predict_class_id=
I0929 14:51:14.336136 13432 processor.cc:724] Processing queue has data, processing started
I0929 14:51:14.336136 10752 processor.cc:724] Processing queue has data, processing started
I0929 14:51:14.336136 17416 processor.cc:802] Processor: start processing batch 848367d3-1564-4ff3-a9c0-b329da99b2d9 into model nwt
I0929 14:51:14.336136 13432 processor.cc:802] Processor: start processing batch 9c21a059-2136-4b57-b604-44694ce7bc81 into model nwt
I0929 14:51:14.336136 14812 processor.cc:802] Processor: start processing batch 16ba4aa4-0034-42e6-8503-55a90568f924 into model nwt
I0929 14:51:14.336136 10752 processor.cc:802] Processor: start processing batch 10dc3939-1034-4f09-a4d8-15b68e37ec78 into model nwt
I0929 14:51:14.336136 10948 processor.cc:802] Processor: start processing batch 08184e6e-01f0-4d9c-b12a-6ef173dd05ae into model nwt
I0929 14:51:14.367378 14812 processor.cc:898] Processor: complete processing batch 16ba4aa4-0034-42e6-8503-55a90568f924 into model nwt
I0929 14:51:14.367378 17416 processor.cc:898] Processor: complete processing batch 848367d3-1564-4ff3-a9c0-b329da99b2d9 into model nwt
I0929 14:51:14.367378 14812 cuckoo_watch.h:45] 41ms in ProcessBatch(school_batches\aaaaaa.batch) [including 2ms in LoadMessage; 1ms in InitializeSparseNdw; 9ms in InferThetaAndUpdateNwtSparse; 10ms in CalculateScore(PerplexityScore); 2ms in CalculateScore(SparsityThetaScore); 12ms in CalculateScore(^^^ItemsProcessedScore^^^); ]
I0929 14:51:14.367378 17416 cuckoo_watch.h:45] 42ms in ProcessBatch(school_batches\aaaaab.batch) [including 2ms in LoadMessage; 1ms in InitializeSparseNdw; 10ms in InferThetaAndUpdateNwtSparse; 11ms in CalculateScore(PerplexityScore); 2ms in CalculateScore(SparsityThetaScore); 13ms in CalculateScore(^^^ItemsProcessedScore^^^); ]
I0929 14:51:14.367378 13432 processor.cc:898] Processor: complete processing batch 9c21a059-2136-4b57-b604-44694ce7bc81 into model nwt
I0929 14:51:14.367378 13432 cuckoo_watch.h:45] 43ms in ProcessBatch(school_batches\aaaaad.batch) [including 2ms in LoadMessage; 1ms in InitializeSparseNdw; 11ms in InferThetaAndUpdateNwtSparse; 11ms in CalculateScore(PerplexityScore); 2ms in CalculateScore(SparsityThetaScore); 13ms in CalculateScore(^^^ItemsProcessedScore^^^); ]
I0929 14:51:14.367378 10752 processor.cc:898] Processor: complete processing batch 10dc3939-1034-4f09-a4d8-15b68e37ec78 into model nwt
I0929 14:51:14.383002 10752 cuckoo_watch.h:45] 46ms in ProcessBatch(school_batches\aaaaae.batch) [including 3ms in LoadMessage; 1ms in InitializeSparseNdw; 14ms in InferThetaAndUpdateNwtSparse; 13ms in CalculateScore(PerplexityScore); 2ms in CalculateScore(SparsityThetaScore); 8ms in CalculateScore(^^^ItemsProcessedScore^^^); ]
I0929 14:51:14.383002 10948 processor.cc:898] Processor: complete processing batch 08184e6e-01f0-4d9c-b12a-6ef173dd05ae into model nwt
I0929 14:51:14.383002 10948 cuckoo_watch.h:45] 53ms in ProcessBatch(school_batches\aaaaac.batch) [including 4ms in LoadMessage; 1ms in InitializeSparseNdw; 15ms in InferThetaAndUpdateNwtSparse; 17ms in CalculateScore(PerplexityScore); 3ms in CalculateScore(SparsityThetaScore); 9ms in CalculateScore(^^^ItemsProcessedScore^^^); ]
I0929 14:51:14.398905 10440 master_component.cc:1378] RegularizeModelArgs: rwt_target_name=rwt, pwt_source_name=pwt, nwt_source_name=nwt
I0929 14:51:14.398905 10440 master_component.cc:922] MasterComponent: start regularizing model pwt
I0929 14:51:14.445554 10440 master_component.cc:948] MasterComponent: complete regularizing model pwt
I0929 14:51:14.445554 10440 master_component.cc:1391] NormalizeModelArgs: pwt_target_name=pwt, nwt_source_name=nwt, rwt_source_name=rwt
I0929 14:51:14.445554 10440 master_component.cc:952] MasterComponent: start normalizing model nwt
I0929 14:51:14.461171  8552 processor.cc:717] No data in processing queue, waiting...
I0929 14:51:14.476794  5100 processor.cc:717] No data in processing queue, waiting...
I0929 14:51:14.476794 10440 master_component.cc:980] MasterComponent: complete normalizing model nwt
I0929 14:51:14.492394 10440 master_component.cc:1415] DisposeModel rwt
I0929 14:51:14.492394 10440 master_component.cc:1005] FitOffline: ItemsProcessed, num_items=475, num_batches=5, token_weight=160064, token_weight_in_effect=160064
I0929 14:51:14.492394 16016 c_interface.cc:559] Pass GetScoreValueArgs, score_name=^^^ItemsProcessedScore^^^ to MasterComponent::Request
I0929 14:51:14.492394 16016 c_interface.cc:230] ArtmCopyRequestedMessage is copying 46 bytes...
I0929 14:51:14.492394 10440 c_interface.cc:386] Pass FitOfflineMasterModelArgs, batch_filename_size=5, batch_weight_size=5, num_collection_passes=1 to void (__cdecl artm::core::MasterComponent::*)(class artm::FitOfflineMasterModelArgs const & __ptr64) __ptr64
I0929 14:51:14.492394 10440 master_component.cc:1340] ProcessBatchesArgs: nwt_target_name=nwt, batch_filename_size=5, batch_size=0, batch_weight_size=5, pwt_source_name=pwt, num_document_passes=1, regularizer=(name:SparsePhi, tau:-1), class=(text:1), reuse_theta=yes, opt_for_avx=yes, predict_class_id=
I0929 14:51:14.539300 11464 processor.cc:724] Processing queue has data, processing started
I0929 14:51:14.539300  8552 processor.cc:724] Processing queue has data, processing started
I0929 14:51:14.539300 10752 processor.cc:802] Processor: start processing batch 10dc3939-1034-4f09-a4d8-15b68e37ec78 into model nwt
I0929 14:51:14.539300 11464 processor.cc:802] Processor: start processing batch 16ba4aa4-0034-42e6-8503-55a90568f924 into model nwt
I0929 14:51:14.539300  8552 processor.cc:802] Processor: start processing batch 9c21a059-2136-4b57-b604-44694ce7bc81 into model nwt
I0929 14:51:14.539300 17416 processor.cc:802] Processor: start processing batch 08184e6e-01f0-4d9c-b12a-6ef173dd05ae into model nwt
I0929 14:51:14.539300 10948 processor.cc:802] Processor: start processing batch 848367d3-1564-4ff3-a9c0-b329da99b2d9 into model nwt
I0929 14:51:14.570456 10752 processor.cc:898] Processor: complete processing batch 10dc3939-1034-4f09-a4d8-15b68e37ec78 into model nwt
I0929 14:51:14.570456 10752 cuckoo_watch.h:45] 40ms in ProcessBatch(school_batches\aaaaae.batch) [including 5ms in LoadMessage; 0ms in InitializeSparseNdw; 10ms in InferThetaAndUpdateNwtSparse; 10ms in CalculateScore(PerplexityScore); 2ms in CalculateScore(SparsityThetaScore); 9ms in CalculateScore(^^^ItemsProcessedScore^^^); ]
I0929 14:51:14.570456 11464 processor.cc:898] Processor: complete processing batch 16ba4aa4-0034-42e6-8503-55a90568f924 into model nwt
I0929 14:51:14.570456 11464 cuckoo_watch.h:45] 42ms in ProcessBatch(school_batches\aaaaaa.batch) [including 5ms in LoadMessage; 1ms in InitializeSparseNdw; 10ms in InferThetaAndUpdateNwtSparse; 11ms in CalculateScore(PerplexityScore); 2ms in CalculateScore(SparsityThetaScore); 9ms in CalculateScore(^^^ItemsProcessedScore^^^); ]
I0929 14:51:14.586077  8552 processor.cc:898] Processor: complete processing batch 9c21a059-2136-4b57-b604-44694ce7bc81 into model nwt
I0929 14:51:14.586077  8552 cuckoo_watch.h:45] 48ms in ProcessBatch(school_batches\aaaaad.batch) [including 5ms in LoadMessage; 1ms in InitializeSparseNdw; 12ms in InferThetaAndUpdateNwtSparse; 15ms in CalculateScore(PerplexityScore); 2ms in CalculateScore(SparsityThetaScore); 9ms in CalculateScore(^^^ItemsProcessedScore^^^); ]
I0929 14:51:14.586077 10948 processor.cc:898] Processor: complete processing batch 848367d3-1564-4ff3-a9c0-b329da99b2d9 into model nwt
I0929 14:51:14.586077 10948 cuckoo_watch.h:45] 57ms in ProcessBatch(school_batches\aaaaab.batch) [including 7ms in LoadMessage; 1ms in InitializeSparseNdw; 12ms in InferThetaAndUpdateNwtSparse; 15ms in CalculateScore(PerplexityScore); 4ms in CalculateScore(SparsityThetaScore); 14ms in CalculateScore(^^^ItemsProcessedScore^^^); ]
I0929 14:51:14.586077 17416 processor.cc:898] Processor: complete processing batch 08184e6e-01f0-4d9c-b12a-6ef173dd05ae into model nwt
I0929 14:51:14.586077 17416 cuckoo_watch.h:45] 62ms in ProcessBatch(school_batches\aaaaac.batch) [including 7ms in LoadMessage; 1ms in InitializeSparseNdw; 16ms in InferThetaAndUpdateNwtSparse; 18ms in CalculateScore(PerplexityScore); 4ms in CalculateScore(SparsityThetaScore); 12ms in CalculateScore(^^^ItemsProcessedScore^^^); ]
I0929 14:51:14.601699 10440 master_component.cc:1378] RegularizeModelArgs: rwt_target_name=rwt, pwt_source_name=pwt, nwt_source_name=nwt
I0929 14:51:14.601699 10440 master_component.cc:922] MasterComponent: start regularizing model pwt
I0929 14:51:14.648599 10440 master_component.cc:948] MasterComponent: complete regularizing model pwt
I0929 14:51:14.648599 10440 master_component.cc:1391] NormalizeModelArgs: pwt_target_name=pwt, nwt_source_name=nwt, rwt_source_name=rwt
I0929 14:51:14.648599 10440 master_component.cc:952] MasterComponent: start normalizing model nwt
I0929 14:51:14.664250 14812 processor.cc:717] No data in processing queue, waiting...
I0929 14:51:14.664250 13432 processor.cc:717] No data in processing queue, waiting...
I0929 14:51:14.679869 10440 master_component.cc:980] MasterComponent: complete normalizing model nwt
I0929 14:51:14.695430 10440 master_component.cc:1415] DisposeModel rwt
I0929 14:51:14.695430 10440 master_component.cc:1005] FitOffline: ItemsProcessed, num_items=475, num_batches=5, token_weight=160064, token_weight_in_effect=160064
I0929 14:51:14.695430 16016 c_interface.cc:559] Pass GetScoreValueArgs, score_name=^^^ItemsProcessedScore^^^ to MasterComponent::Request
I0929 14:51:14.695430 16016 c_interface.cc:230] ArtmCopyRequestedMessage is copying 46 bytes...
I0929 14:51:14.695430 10440 c_interface.cc:386] Pass FitOfflineMasterModelArgs, batch_filename_size=5, batch_weight_size=5, num_collection_passes=1 to void (__cdecl artm::core::MasterComponent::*)(class artm::FitOfflineMasterModelArgs const & __ptr64) __ptr64
I0929 14:51:14.695430 10440 master_component.cc:1340] ProcessBatchesArgs: nwt_target_name=nwt, batch_filename_size=5, batch_size=0, batch_weight_size=5, pwt_source_name=pwt, num_document_passes=1, regularizer=(name:SparsePhi, tau:-1), class=(text:1), reuse_theta=yes, opt_for_avx=yes, predict_class_id=
I0929 14:51:14.742880 10752 processor.cc:802] Processor: start processing batch 10dc3939-1034-4f09-a4d8-15b68e37ec78 into model nwt
I0929 14:51:14.742880 17416 processor.cc:802] Processor: start processing batch 08184e6e-01f0-4d9c-b12a-6ef173dd05ae into model nwt
I0929 14:51:14.742880  8552 processor.cc:802] Processor: start processing batch 9c21a059-2136-4b57-b604-44694ce7bc81 into model nwt
I0929 14:51:14.742880 11464 processor.cc:802] Processor: start processing batch 848367d3-1564-4ff3-a9c0-b329da99b2d9 into model nwt
I0929 14:51:14.742880 10948 processor.cc:802] Processor: start processing batch 16ba4aa4-0034-42e6-8503-55a90568f924 into model nwt
I0929 14:51:14.773538 10752 processor.cc:898] Processor: complete processing batch 10dc3939-1034-4f09-a4d8-15b68e37ec78 into model nwt
I0929 14:51:14.773538 10752 cuckoo_watch.h:45] 37ms in ProcessBatch(school_batches\aaaaae.batch) [including 2ms in LoadMessage; 0ms in InitializeSparseNdw; 10ms in InferThetaAndUpdateNwtSparse; 10ms in CalculateScore(PerplexityScore); 2ms in CalculateScore(SparsityThetaScore); 9ms in CalculateScore(^^^ItemsProcessedScore^^^); ]
I0929 14:51:14.773538 10948 processor.cc:898] Processor: complete processing batch 16ba4aa4-0034-42e6-8503-55a90568f924 into model nwt
I0929 14:51:14.773538 10948 cuckoo_watch.h:45] 40ms in ProcessBatch(school_batches\aaaaaa.batch) [including 4ms in LoadMessage; 1ms in InitializeSparseNdw; 9ms in InferThetaAndUpdateNwtSparse; 10ms in CalculateScore(PerplexityScore); 2ms in CalculateScore(SparsityThetaScore); 9ms in CalculateScore(^^^ItemsProcessedScore^^^); ]
I0929 14:51:14.773538 17416 processor.cc:898] Processor: complete processing batch 08184e6e-01f0-4d9c-b12a-6ef173dd05ae into model nwt
I0929 14:51:14.773538 17416 cuckoo_watch.h:45] 41ms in ProcessBatch(school_batches\aaaaac.batch) [including 4ms in LoadMessage; 1ms in InitializeSparseNdw; 10ms in InferThetaAndUpdateNwtSparse; 11ms in CalculateScore(PerplexityScore); 2ms in CalculateScore(SparsityThetaScore); 9ms in CalculateScore(^^^ItemsProcessedScore^^^); ]
I0929 14:51:14.789157  8552 processor.cc:898] Processor: complete processing batch 9c21a059-2136-4b57-b604-44694ce7bc81 into model nwt
I0929 14:51:14.789157 11464 processor.cc:898] Processor: complete processing batch 848367d3-1564-4ff3-a9c0-b329da99b2d9 into model nwt
I0929 14:51:14.789157  8552 cuckoo_watch.h:45] 52ms in ProcessBatch(school_batches\aaaaad.batch) [including 4ms in LoadMessage; 1ms in InitializeSparseNdw; 15ms in InferThetaAndUpdateNwtSparse; 17ms in CalculateScore(PerplexityScore); 2ms in CalculateScore(SparsityThetaScore); 9ms in CalculateScore(^^^ItemsProcessedScore^^^); ]
I0929 14:51:14.789157 11464 cuckoo_watch.h:45] 52ms in ProcessBatch(school_batches\aaaaab.batch) [including 4ms in LoadMessage; 1ms in InitializeSparseNdw; 15ms in InferThetaAndUpdateNwtSparse; 17ms in CalculateScore(PerplexityScore); 3ms in CalculateScore(SparsityThetaScore); 9ms in CalculateScore(^^^ItemsProcessedScore^^^); ]
I0929 14:51:14.805027 10440 master_component.cc:1378] RegularizeModelArgs: rwt_target_name=rwt, pwt_source_name=pwt, nwt_source_name=nwt
I0929 14:51:14.805027 10440 master_component.cc:922] MasterComponent: start regularizing model pwt
I0929 14:51:14.851678 10440 master_component.cc:948] MasterComponent: complete regularizing model pwt
I0929 14:51:14.851678 10440 master_component.cc:1391] NormalizeModelArgs: pwt_target_name=pwt, nwt_source_name=nwt, rwt_source_name=rwt
I0929 14:51:14.851678 10440 master_component.cc:952] MasterComponent: start normalizing model nwt
I0929 14:51:14.882947 10440 master_component.cc:980] MasterComponent: complete normalizing model nwt
I0929 14:51:14.898571 10440 master_component.cc:1415] DisposeModel rwt
I0929 14:51:14.898571 10440 master_component.cc:1005] FitOffline: ItemsProcessed, num_items=475, num_batches=5, token_weight=160064, token_weight_in_effect=160064
I0929 14:51:14.898571 16016 c_interface.cc:559] Pass GetScoreValueArgs, score_name=^^^ItemsProcessedScore^^^ to MasterComponent::Request
I0929 14:51:14.898571 16016 c_interface.cc:230] ArtmCopyRequestedMessage is copying 46 bytes...
I0929 14:51:14.898571 10440 c_interface.cc:386] Pass FitOfflineMasterModelArgs, batch_filename_size=5, batch_weight_size=5, num_collection_passes=1 to void (__cdecl artm::core::MasterComponent::*)(class artm::FitOfflineMasterModelArgs const & __ptr64) __ptr64
I0929 14:51:14.898571 10440 master_component.cc:1340] ProcessBatchesArgs: nwt_target_name=nwt, batch_filename_size=5, batch_size=0, batch_weight_size=5, pwt_source_name=pwt, num_document_passes=1, regularizer=(name:SparsePhi, tau:-1), class=(text:1), reuse_theta=yes, opt_for_avx=yes, predict_class_id=
I0929 14:51:14.939136 13432 processor.cc:724] Processing queue has data, processing started
I0929 14:51:14.939136 14812 processor.cc:724] Processing queue has data, processing started
I0929 14:51:14.939136 17416 processor.cc:802] Processor: start processing batch 16ba4aa4-0034-42e6-8503-55a90568f924 into model nwt
I0929 14:51:14.939136 14812 processor.cc:802] Processor: start processing batch 08184e6e-01f0-4d9c-b12a-6ef173dd05ae into model nwt
I0929 14:51:14.939136 13432 processor.cc:802] Processor: start processing batch 848367d3-1564-4ff3-a9c0-b329da99b2d9 into model nwt
I0929 14:51:14.939136 11464 processor.cc:802] Processor: start processing batch 10dc3939-1034-4f09-a4d8-15b68e37ec78 into model nwt
I0929 14:51:14.939136 10752 processor.cc:802] Processor: start processing batch 9c21a059-2136-4b57-b604-44694ce7bc81 into model nwt
I0929 14:51:14.970103 17416 processor.cc:898] Processor: complete processing batch 16ba4aa4-0034-42e6-8503-55a90568f924 into model nwt
I0929 14:51:14.970103 17416 cuckoo_watch.h:45] 38ms in ProcessBatch(school_batches\aaaaaa.batch) [including 2ms in LoadMessage; 1ms in InitializeSparseNdw; 10ms in InferThetaAndUpdateNwtSparse; 10ms in CalculateScore(PerplexityScore); 2ms in CalculateScore(SparsityThetaScore); 9ms in CalculateScore(^^^ItemsProcessedScore^^^); ]
I0929 14:51:14.970103 13432 processor.cc:898] Processor: complete processing batch 848367d3-1564-4ff3-a9c0-b329da99b2d9 into model nwt
I0929 14:51:14.970103 11464 processor.cc:898] Processor: complete processing batch 10dc3939-1034-4f09-a4d8-15b68e37ec78 into model nwt
I0929 14:51:14.970103 13432 cuckoo_watch.h:45] 45ms in ProcessBatch(school_batches\aaaaab.batch) [including 3ms in LoadMessage; 1ms in InitializeSparseNdw; 10ms in InferThetaAndUpdateNwtSparse; 17ms in CalculateScore(PerplexityScore); 2ms in CalculateScore(SparsityThetaScore); 9ms in CalculateScore(^^^ItemsProcessedScore^^^); ]
I0929 14:51:14.970103 11464 cuckoo_watch.h:45] 45ms in ProcessBatch(school_batches\aaaaae.batch) [including 3ms in LoadMessage; 1ms in InitializeSparseNdw; 14ms in InferThetaAndUpdateNwtSparse; 13ms in CalculateScore(PerplexityScore); 2ms in CalculateScore(SparsityThetaScore); 8ms in CalculateScore(^^^ItemsProcessedScore^^^); ]
I0929 14:51:14.985755 14812 processor.cc:898] Processor: complete processing batch 08184e6e-01f0-4d9c-b12a-6ef173dd05ae into model nwt
I0929 14:51:14.985755 14812 cuckoo_watch.h:45] 53ms in ProcessBatch(school_batches\aaaaac.batch) [including 2ms in LoadMessage; 1ms in InitializeSparseNdw; 11ms in InferThetaAndUpdateNwtSparse; 17ms in CalculateScore(PerplexityScore); 4ms in CalculateScore(SparsityThetaScore); 14ms in CalculateScore(^^^ItemsProcessedScore^^^); ]
I0929 14:51:14.985755 10752 processor.cc:898] Processor: complete processing batch 9c21a059-2136-4b57-b604-44694ce7bc81 into model nwt
I0929 14:51:14.985755 10752 cuckoo_watch.h:45] 57ms in ProcessBatch(school_batches\aaaaad.batch) [including 4ms in LoadMessage; 1ms in InitializeSparseNdw; 15ms in InferThetaAndUpdateNwtSparse; 17ms in CalculateScore(PerplexityScore); 4ms in CalculateScore(SparsityThetaScore); 12ms in CalculateScore(^^^ItemsProcessedScore^^^); ]
I0929 14:51:15.001435 10440 master_component.cc:1378] RegularizeModelArgs: rwt_target_name=rwt, pwt_source_name=pwt, nwt_source_name=nwt
I0929 14:51:15.001435 10440 master_component.cc:922] MasterComponent: start regularizing model pwt
I0929 14:51:15.063894 10948 processor.cc:717] No data in processing queue, waiting...
I0929 14:51:15.063894 10440 master_component.cc:948] MasterComponent: complete regularizing model pwt
I0929 14:51:15.063894 10440 master_component.cc:1391] NormalizeModelArgs: pwt_target_name=pwt, nwt_source_name=nwt, rwt_source_name=rwt
I0929 14:51:15.063894 10440 master_component.cc:952] MasterComponent: start normalizing model nwt
I0929 14:51:15.079512  8552 processor.cc:717] No data in processing queue, waiting...
I0929 14:51:15.095068 10440 master_component.cc:980] MasterComponent: complete normalizing model nwt
I0929 14:51:15.110750 10440 master_component.cc:1415] DisposeModel rwt
I0929 14:51:15.110750 10440 master_component.cc:1005] FitOffline: ItemsProcessed, num_items=475, num_batches=5, token_weight=160064, token_weight_in_effect=160064
I0929 14:51:15.110750 16016 c_interface.cc:559] Pass GetScoreValueArgs, score_name=^^^ItemsProcessedScore^^^ to MasterComponent::Request
I0929 14:51:15.110750 16016 c_interface.cc:230] ArtmCopyRequestedMessage is copying 46 bytes...
I0929 14:51:15.110750 10440 c_interface.cc:386] Pass FitOfflineMasterModelArgs, batch_filename_size=5, batch_weight_size=5, num_collection_passes=1 to void (__cdecl artm::core::MasterComponent::*)(class artm::FitOfflineMasterModelArgs const & __ptr64) __ptr64
I0929 14:51:15.110750 10440 master_component.cc:1340] ProcessBatchesArgs: nwt_target_name=nwt, batch_filename_size=5, batch_size=0, batch_weight_size=5, pwt_source_name=pwt, num_document_passes=1, regularizer=(name:SparsePhi, tau:-1), class=(text:1), reuse_theta=yes, opt_for_avx=yes, predict_class_id=
I0929 14:51:15.157554  5100 processor.cc:724] Processing queue has data, processing started
I0929 14:51:15.157554 10948 processor.cc:724] Processing queue has data, processing started
I0929 14:51:15.157554  8552 processor.cc:724] Processing queue has data, processing started
I0929 14:51:15.157554  5100 processor.cc:802] Processor: start processing batch 9c21a059-2136-4b57-b604-44694ce7bc81 into model nwt
I0929 14:51:15.157554 10752 processor.cc:802] Processor: start processing batch 08184e6e-01f0-4d9c-b12a-6ef173dd05ae into model nwt
I0929 14:51:15.157554 17416 processor.cc:802] Processor: start processing batch 10dc3939-1034-4f09-a4d8-15b68e37ec78 into model nwt
I0929 14:51:15.157554 10948 processor.cc:802] Processor: start processing batch 16ba4aa4-0034-42e6-8503-55a90568f924 into model nwt
I0929 14:51:15.157554  8552 processor.cc:802] Processor: start processing batch 848367d3-1564-4ff3-a9c0-b329da99b2d9 into model nwt
I0929 14:51:15.204417 17416 processor.cc:898] Processor: complete processing batch 10dc3939-1034-4f09-a4d8-15b68e37ec78 into model nwt
I0929 14:51:15.220039 17416 cuckoo_watch.h:45] 62ms in ProcessBatch(school_batches\aaaaae.batch) [including 4ms in LoadMessage; 1ms in InitializeSparseNdw; 16ms in InferThetaAndUpdateNwtSparse; 18ms in CalculateScore(PerplexityScore); 4ms in CalculateScore(SparsityThetaScore); 14ms in CalculateScore(^^^ItemsProcessedScore^^^); ]
I0929 14:51:15.220039  8552 processor.cc:898] Processor: complete processing batch 848367d3-1564-4ff3-a9c0-b329da99b2d9 into model nwt
I0929 14:51:15.220039 10948 processor.cc:898] Processor: complete processing batch 16ba4aa4-0034-42e6-8503-55a90568f924 into model nwt
I0929 14:51:15.220039 10752 processor.cc:898] Processor: complete processing batch 08184e6e-01f0-4d9c-b12a-6ef173dd05ae into model nwt
I0929 14:51:15.220039  8552 cuckoo_watch.h:45] 65ms in ProcessBatch(school_batches\aaaaab.batch) [including 4ms in LoadMessage; 2ms in InitializeSparseNdw; 16ms in InferThetaAndUpdateNwtSparse; 18ms in CalculateScore(PerplexityScore); 4ms in CalculateScore(SparsityThetaScore); 16ms in CalculateScore(^^^ItemsProcessedScore^^^); ]
I0929 14:51:15.220039 10948 cuckoo_watch.h:45] 65ms in ProcessBatch(school_batches\aaaaaa.batch) [including 4ms in LoadMessage; 1ms in InitializeSparseNdw; 16ms in InferThetaAndUpdateNwtSparse; 19ms in CalculateScore(PerplexityScore); 4ms in CalculateScore(SparsityThetaScore); 16ms in CalculateScore(^^^ItemsProcessedScore^^^); ]
I0929 14:51:15.220039 10752 cuckoo_watch.h:45] 65ms in ProcessBatch(school_batches\aaaaac.batch) [including 4ms in LoadMessage; 1ms in InitializeSparseNdw; 17ms in InferThetaAndUpdateNwtSparse; 18ms in CalculateScore(PerplexityScore); 4ms in CalculateScore(SparsityThetaScore); 16ms in CalculateScore(^^^ItemsProcessedScore^^^); ]
I0929 14:51:15.220039  5100 processor.cc:898] Processor: complete processing batch 9c21a059-2136-4b57-b604-44694ce7bc81 into model nwt
I0929 14:51:15.220039  5100 cuckoo_watch.h:45] 69ms in ProcessBatch(school_batches\aaaaad.batch) [including 4ms in LoadMessage; 1ms in InitializeSparseNdw; 16ms in InferThetaAndUpdateNwtSparse; 21ms in CalculateScore(PerplexityScore); 5ms in CalculateScore(SparsityThetaScore); 17ms in CalculateScore(^^^ItemsProcessedScore^^^); ]
I0929 14:51:15.235674 10440 master_component.cc:1378] RegularizeModelArgs: rwt_target_name=rwt, pwt_source_name=pwt, nwt_source_name=nwt
I0929 14:51:15.235674 10440 master_component.cc:922] MasterComponent: start regularizing model pwt
I0929 14:51:15.266903 13432 processor.cc:717] No data in processing queue, waiting...
I0929 14:51:15.266903 11464 processor.cc:717] No data in processing queue, waiting...
I0929 14:51:15.282562 14812 processor.cc:717] No data in processing queue, waiting...
I0929 14:51:15.298146 10440 master_component.cc:948] MasterComponent: complete regularizing model pwt
I0929 14:51:15.298146 10440 master_component.cc:1391] NormalizeModelArgs: pwt_target_name=pwt, nwt_source_name=nwt, rwt_source_name=rwt
I0929 14:51:15.298146 10440 master_component.cc:952] MasterComponent: start normalizing model nwt
I0929 14:51:15.329424 10440 master_component.cc:980] MasterComponent: complete normalizing model nwt
I0929 14:51:15.345073 10440 master_component.cc:1415] DisposeModel rwt
I0929 14:51:15.345073 10440 master_component.cc:1005] FitOffline: ItemsProcessed, num_items=475, num_batches=5, token_weight=160064, token_weight_in_effect=160064
I0929 14:51:15.345073 16016 c_interface.cc:559] Pass GetScoreValueArgs, score_name=^^^ItemsProcessedScore^^^ to MasterComponent::Request
I0929 14:51:15.345073 16016 c_interface.cc:230] ArtmCopyRequestedMessage is copying 46 bytes...
I0929 14:51:15.345073 10440 c_interface.cc:386] Pass FitOfflineMasterModelArgs, batch_filename_size=5, batch_weight_size=5, num_collection_passes=1 to void (__cdecl artm::core::MasterComponent::*)(class artm::FitOfflineMasterModelArgs const & __ptr64) __ptr64
I0929 14:51:15.345073 10440 master_component.cc:1340] ProcessBatchesArgs: nwt_target_name=nwt, batch_filename_size=5, batch_size=0, batch_weight_size=5, pwt_source_name=pwt, num_document_passes=1, regularizer=(name:SparsePhi, tau:-1), class=(text:1), reuse_theta=yes, opt_for_avx=yes, predict_class_id=
I0929 14:51:15.376317 11464 processor.cc:724] Processing queue has data, processing started
