I0929 14:51:11.059260 10440 c_interface.cc:386] Pass FitOfflineMasterModelArgs, batch_filename_size=5, batch_weight_size=5, num_collection_passes=1 to void (__cdecl artm::core::MasterComponent::*)(class artm::FitOfflineMasterModelArgs const & __ptr64) __ptr64
I0929 14:51:11.059260 10440 master_component.cc:1340] ProcessBatchesArgs: nwt_target_name=nwt, batch_filename_size=5, batch_size=0, batch_weight_size=5, pwt_source_name=pwt, num_document_passes=1, regularizer=(name:SparsePhi, tau:-1), class=(text:1), reuse_theta=yes, opt_for_avx=yes, predict_class_id=
I0929 14:51:11.106674  8552 processor.cc:724] Processing queue has data, processing started
I0929 14:51:11.106674  8552 processor.cc:802] Processor: start processing batch 16ba4aa4-0034-42e6-8503-55a90568f924 into model nwt
I0929 14:51:11.106674 14812 processor.cc:802] Processor: start processing batch 10dc3939-1034-4f09-a4d8-15b68e37ec78 into model nwt
I0929 14:51:11.106674 17416 processor.cc:802] Processor: start processing batch 08184e6e-01f0-4d9c-b12a-6ef173dd05ae into model nwt
I0929 14:51:11.106674 10948 processor.cc:802] Processor: start processing batch 9c21a059-2136-4b57-b604-44694ce7bc81 into model nwt
I0929 14:51:11.106674 11464 processor.cc:802] Processor: start processing batch 848367d3-1564-4ff3-a9c0-b329da99b2d9 into model nwt
I0929 14:51:11.137313  8552 processor.cc:898] Processor: complete processing batch 16ba4aa4-0034-42e6-8503-55a90568f924 into model nwt
I0929 14:51:11.137313  8552 cuckoo_watch.h:45] 39ms in ProcessBatch(school_batches\aaaaaa.batch) [including 2ms in LoadMessage; 1ms in InitializeSparseNdw; 10ms in InferThetaAndUpdateNwtSparse; 11ms in CalculateScore(PerplexityScore); 2ms in CalculateScore(SparsityThetaScore); 10ms in CalculateScore(^^^ItemsProcessedScore^^^); ]
I0929 14:51:11.152971 17416 processor.cc:898] Processor: complete processing batch 08184e6e-01f0-4d9c-b12a-6ef173dd05ae into model nwt
I0929 14:51:11.152971 10948 processor.cc:898] Processor: complete processing batch 9c21a059-2136-4b57-b604-44694ce7bc81 into model nwt
I0929 14:51:11.152971 10948 cuckoo_watch.h:45] 47ms in ProcessBatch(school_batches\aaaaad.batch) [including 4ms in LoadMessage; 1ms in InitializeSparseNdw; 10ms in InferThetaAndUpdateNwtSparse; 11ms in CalculateScore(PerplexityScore); 3ms in CalculateScore(SparsityThetaScore); 15ms in CalculateScore(^^^ItemsProcessedScore^^^); ]
I0929 14:51:11.152971 17416 cuckoo_watch.h:45] 47ms in ProcessBatch(school_batches\aaaaac.batch) [including 4ms in LoadMessage; 1ms in InitializeSparseNdw; 10ms in InferThetaAndUpdateNwtSparse; 11ms in CalculateScore(PerplexityScore); 3ms in CalculateScore(SparsityThetaScore); 15ms in CalculateScore(^^^ItemsProcessedScore^^^); ]
I0929 14:51:11.152971 14812 processor.cc:898] Processor: complete processing batch 10dc3939-1034-4f09-a4d8-15b68e37ec78 into model nwt
I0929 14:51:11.152971 14812 cuckoo_watch.h:45] 52ms in ProcessBatch(school_batches\aaaaae.batch) [including 3ms in LoadMessage; 1ms in InitializeSparseNdw; 14ms in InferThetaAndUpdateNwtSparse; 16ms in CalculateScore(PerplexityScore); 4ms in CalculateScore(SparsityThetaScore); 10ms in CalculateScore(^^^ItemsProcessedScore^^^); ]
I0929 14:51:11.152971 11464 processor.cc:898] Processor: complete processing batch 848367d3-1564-4ff3-a9c0-b329da99b2d9 into model nwt
I0929 14:51:11.152971 11464 cuckoo_watch.h:45] 56ms in ProcessBatch(school_batches\aaaaab.batch) [including 4ms in LoadMessage; 1ms in InitializeSparseNdw; 14ms in InferThetaAndUpdateNwtSparse; 18ms in CalculateScore(PerplexityScore); 4ms in CalculateScore(SparsityThetaScore); 10ms in CalculateScore(^^^ItemsProcessedScore^^^); ]
I0929 14:51:11.168820 10440 master_component.cc:1378] RegularizeModelArgs: rwt_target_name=rwt, pwt_source_name=pwt, nwt_source_name=nwt
I0929 14:51:11.168820 10440 master_component.cc:922] MasterComponent: start regularizing model pwt
I0929 14:51:11.215488 10440 master_component.cc:948] MasterComponent: complete regularizing model pwt
I0929 14:51:11.215488 10440 master_component.cc:1391] NormalizeModelArgs: pwt_target_name=pwt, nwt_source_name=nwt, rwt_source_name=rwt
I0929 14:51:11.215488 10440 master_component.cc:952] MasterComponent: start normalizing model nwt
I0929 14:51:11.246663 10440 master_component.cc:980] MasterComponent: complete normalizing model nwt
I0929 14:51:11.262284 13432 processor.cc:717] No data in processing queue, waiting...
I0929 14:51:11.262284 10440 master_component.cc:1415] DisposeModel rwt
I0929 14:51:11.262284 10440 master_component.cc:1005] FitOffline: ItemsProcessed, num_items=475, num_batches=5, token_weight=160064, token_weight_in_effect=160064
I0929 14:51:11.277906 16016 c_interface.cc:559] Pass GetScoreValueArgs, score_name=^^^ItemsProcessedScore^^^ to MasterComponent::Request
I0929 14:51:11.277906 16016 c_interface.cc:230] ArtmCopyRequestedMessage is copying 46 bytes...
I0929 14:51:11.277906 10440 c_interface.cc:386] Pass FitOfflineMasterModelArgs, batch_filename_size=5, batch_weight_size=5, num_collection_passes=1 to void (__cdecl artm::core::MasterComponent::*)(class artm::FitOfflineMasterModelArgs const & __ptr64) __ptr64
I0929 14:51:11.277906 10440 master_component.cc:1340] ProcessBatchesArgs: nwt_target_name=nwt, batch_filename_size=5, batch_size=0, batch_weight_size=5, pwt_source_name=pwt, num_document_passes=1, regularizer=(name:SparsePhi, tau:-1), class=(text:1), reuse_theta=yes, opt_for_avx=yes, predict_class_id=
I0929 14:51:11.309746  5100 processor.cc:724] Processing queue has data, processing started
I0929 14:51:11.309746 14812 processor.cc:802] Processor: start processing batch 10dc3939-1034-4f09-a4d8-15b68e37ec78 into model nwt
I0929 14:51:11.309746  5100 processor.cc:802] Processor: start processing batch 848367d3-1564-4ff3-a9c0-b329da99b2d9 into model nwt
I0929 14:51:11.309746 11464 processor.cc:802] Processor: start processing batch 9c21a059-2136-4b57-b604-44694ce7bc81 into model nwt
I0929 14:51:11.309746  8552 processor.cc:802] Processor: start processing batch 08184e6e-01f0-4d9c-b12a-6ef173dd05ae into model nwt
I0929 14:51:11.309746 17416 processor.cc:802] Processor: start processing batch 16ba4aa4-0034-42e6-8503-55a90568f924 into model nwt
I0929 14:51:11.340391 14812 processor.cc:898] Processor: complete processing batch 10dc3939-1034-4f09-a4d8-15b68e37ec78 into model nwt
I0929 14:51:11.340391 14812 cuckoo_watch.h:45] 41ms in ProcessBatch(school_batches\aaaaae.batch) [including 2ms in LoadMessage; 1ms in InitializeSparseNdw; 10ms in InferThetaAndUpdateNwtSparse; 10ms in CalculateScore(PerplexityScore); 2ms in CalculateScore(SparsityThetaScore); 12ms in CalculateScore(^^^ItemsProcessedScore^^^); ]
I0929 14:51:11.340391  8552 processor.cc:898] Processor: complete processing batch 08184e6e-01f0-4d9c-b12a-6ef173dd05ae into model nwt
I0929 14:51:11.340391  8552 cuckoo_watch.h:45] 43ms in ProcessBatch(school_batches\aaaaac.batch) [including 4ms in LoadMessage; 1ms in InitializeSparseNdw; 10ms in InferThetaAndUpdateNwtSparse; 11ms in CalculateScore(PerplexityScore); 2ms in CalculateScore(SparsityThetaScore); 12ms in CalculateScore(^^^ItemsProcessedScore^^^); ]
I0929 14:51:11.356012 11464 processor.cc:898] Processor: complete processing batch 9c21a059-2136-4b57-b604-44694ce7bc81 into model nwt
I0929 14:51:11.356012 11464 cuckoo_watch.h:45] 48ms in ProcessBatch(school_batches\aaaaad.batch) [including 3ms in LoadMessage; 1ms in InitializeSparseNdw; 10ms in InferThetaAndUpdateNwtSparse; 11ms in CalculateScore(PerplexityScore); 3ms in CalculateScore(SparsityThetaScore); 15ms in CalculateScore(^^^ItemsProcessedScore^^^); ]
I0929 14:51:11.356012 17416 processor.cc:898] Processor: complete processing batch 16ba4aa4-0034-42e6-8503-55a90568f924 into model nwt
I0929 14:51:11.356012 17416 cuckoo_watch.h:45] 53ms in ProcessBatch(school_batches\aaaaaa.batch) [including 4ms in LoadMessage; 1ms in InitializeSparseNdw; 15ms in InferThetaAndUpdateNwtSparse; 18ms in CalculateScore(PerplexityScore); 3ms in CalculateScore(SparsityThetaScore); 9ms in CalculateScore(^^^ItemsProcessedScore^^^); ]
I0929 14:51:11.356012  5100 processor.cc:898] Processor: complete processing batch 848367d3-1564-4ff3-a9c0-b329da99b2d9 into model nwt
I0929 14:51:11.356012  5100 cuckoo_watch.h:45] 55ms in ProcessBatch(school_batches\aaaaab.batch) [including 2ms in LoadMessage; 2ms in InitializeSparseNdw; 15ms in InferThetaAndUpdateNwtSparse; 17ms in CalculateScore(PerplexityScore); 4ms in CalculateScore(SparsityThetaScore); 11ms in CalculateScore(^^^ItemsProcessedScore^^^); ]
I0929 14:51:11.371915 10440 master_component.cc:1378] RegularizeModelArgs: rwt_target_name=rwt, pwt_source_name=pwt, nwt_source_name=nwt
I0929 14:51:11.371915 10440 master_component.cc:922] MasterComponent: start regularizing model pwt
I0929 14:51:11.434121 10440 master_component.cc:948] MasterComponent: complete regularizing model pwt
I0929 14:51:11.434121 10440 master_component.cc:1391] NormalizeModelArgs: pwt_target_name=pwt, nwt_source_name=nwt, rwt_source_name=rwt
I0929 14:51:11.434121 10440 master_component.cc:952] MasterComponent: start normalizing model nwt
I0929 14:51:11.465363 10948 processor.cc:717] No data in processing queue, waiting...
I0929 14:51:11.465363 10440 master_component.cc:980] MasterComponent: complete normalizing model nwt
I0929 14:51:11.481024 10440 master_component.cc:1415] DisposeModel rwt
I0929 14:51:11.496640 10440 master_component.cc:1005] FitOffline: ItemsProcessed, num_items=475, num_batches=5, token_weight=160064, token_weight_in_effect=160064
I0929 14:51:11.496640 16016 c_interface.cc:559] Pass GetScoreValueArgs, score_name=^^^ItemsProcessedScore^^^ to MasterComponent::Request
I0929 14:51:11.496640 16016 c_interface.cc:230] ArtmCopyRequestedMessage is copying 46 bytes...
I0929 14:51:11.496640 10440 c_interface.cc:386] Pass FitOfflineMasterModelArgs, batch_filename_size=5, batch_weight_size=5, num_collection_passes=1 to void (__cdecl artm::core::MasterComponent::*)(class artm::FitOfflineMasterModelArgs const & __ptr64) __ptr64
I0929 14:51:11.496640 10440 master_component.cc:1340] ProcessBatchesArgs: nwt_target_name=nwt, batch_filename_size=5, batch_size=0, batch_weight_size=5, pwt_source_name=pwt, num_document_passes=1, regularizer=(name:SparsePhi, tau:-1), class=(text:1), reuse_theta=yes, opt_for_avx=yes, predict_class_id=
I0929 14:51:11.528097 10752 processor.cc:724] Processing queue has data, processing started
I0929 14:51:11.528097 13432 processor.cc:724] Processing queue has data, processing started
I0929 14:51:11.528097 10752 processor.cc:802] Processor: start processing batch 9c21a059-2136-4b57-b604-44694ce7bc81 into model nwt
I0929 14:51:11.528097 17416 processor.cc:802] Processor: start processing batch 16ba4aa4-0034-42e6-8503-55a90568f924 into model nwt
I0929 14:51:11.528097  8552 processor.cc:802] Processor: start processing batch 848367d3-1564-4ff3-a9c0-b329da99b2d9 into model nwt
I0929 14:51:11.528097 14812 processor.cc:802] Processor: start processing batch 10dc3939-1034-4f09-a4d8-15b68e37ec78 into model nwt
I0929 14:51:11.528097 13432 processor.cc:802] Processor: start processing batch 08184e6e-01f0-4d9c-b12a-6ef173dd05ae into model nwt
I0929 14:51:11.574712  8552 processor.cc:898] Processor: complete processing batch 848367d3-1564-4ff3-a9c0-b329da99b2d9 into model nwt
I0929 14:51:11.574712 17416 processor.cc:898] Processor: complete processing batch 16ba4aa4-0034-42e6-8503-55a90568f924 into model nwt
I0929 14:51:11.574712 14812 processor.cc:898] Processor: complete processing batch 10dc3939-1034-4f09-a4d8-15b68e37ec78 into model nwt
I0929 14:51:11.574712  8552 cuckoo_watch.h:45] 61ms in ProcessBatch(school_batches\aaaaab.batch) [including 2ms in LoadMessage; 1ms in InitializeSparseNdw; 12ms in InferThetaAndUpdateNwtSparse; 20ms in CalculateScore(PerplexityScore); 4ms in CalculateScore(SparsityThetaScore); 17ms in CalculateScore(^^^ItemsProcessedScore^^^); ]
I0929 14:51:11.574712 10752 processor.cc:898] Processor: complete processing batch 9c21a059-2136-4b57-b604-44694ce7bc81 into model nwt
I0929 14:51:11.574712 17416 cuckoo_watch.h:45] 61ms in ProcessBatch(school_batches\aaaaaa.batch) [including 2ms in LoadMessage; 1ms in InitializeSparseNdw; 11ms in InferThetaAndUpdateNwtSparse; 21ms in CalculateScore(PerplexityScore); 5ms in CalculateScore(SparsityThetaScore); 17ms in CalculateScore(^^^ItemsProcessedScore^^^); ]
I0929 14:51:11.574712 14812 cuckoo_watch.h:45] 61ms in ProcessBatch(school_batches\aaaaae.batch) [including 3ms in LoadMessage; 1ms in InitializeSparseNdw; 15ms in InferThetaAndUpdateNwtSparse; 17ms in CalculateScore(PerplexityScore); 4ms in CalculateScore(SparsityThetaScore); 16ms in CalculateScore(^^^ItemsProcessedScore^^^); ]
I0929 14:51:11.590333 10752 cuckoo_watch.h:45] 62ms in ProcessBatch(school_batches\aaaaad.batch) [including 2ms in LoadMessage; 1ms in InitializeSparseNdw; 14ms in InferThetaAndUpdateNwtSparse; 19ms in CalculateScore(PerplexityScore); 4ms in CalculateScore(SparsityThetaScore); 17ms in CalculateScore(^^^ItemsProcessedScore^^^); ]
I0929 14:51:11.590333 13432 processor.cc:898] Processor: complete processing batch 08184e6e-01f0-4d9c-b12a-6ef173dd05ae into model nwt
I0929 14:51:11.590333 13432 cuckoo_watch.h:45] 65ms in ProcessBatch(school_batches\aaaaac.batch) [including 4ms in LoadMessage; 1ms in InitializeSparseNdw; 16ms in InferThetaAndUpdateNwtSparse; 20ms in CalculateScore(PerplexityScore); 5ms in CalculateScore(SparsityThetaScore); 14ms in CalculateScore(^^^ItemsProcessedScore^^^); ]
I0929 14:51:11.605993 10440 master_component.cc:1378] RegularizeModelArgs: rwt_target_name=rwt, pwt_source_name=pwt, nwt_source_name=nwt
I0929 14:51:11.605993 10440 master_component.cc:922] MasterComponent: start regularizing model pwt
I0929 14:51:11.652822 11464 processor.cc:717] No data in processing queue, waiting...
I0929 14:51:11.652822  5100 processor.cc:717] No data in processing queue, waiting...
I0929 14:51:11.652822 10440 master_component.cc:948] MasterComponent: complete regularizing model pwt
I0929 14:51:11.652822 10440 master_component.cc:1391] NormalizeModelArgs: pwt_target_name=pwt, nwt_source_name=nwt, rwt_source_name=rwt
I0929 14:51:11.652822 10440 master_component.cc:952] MasterComponent: start normalizing model nwt
I0929 14:51:11.684126 10440 master_component.cc:980] MasterComponent: complete normalizing model nwt
I0929 14:51:11.699746 10440 master_component.cc:1415] DisposeModel rwt
I0929 14:51:11.699746 10440 master_component.cc:1005] FitOffline: ItemsProcessed, num_items=475, num_batches=5, token_weight=160064, token_weight_in_effect=160064
I0929 14:51:11.699746 16016 c_interface.cc:559] Pass GetScoreValueArgs, score_name=^^^ItemsProcessedScore^^^ to MasterComponent::Request
I0929 14:51:11.699746 16016 c_interface.cc:230] ArtmCopyRequestedMessage is copying 46 bytes...
I0929 14:51:11.699746 10440 c_interface.cc:386] Pass FitOfflineMasterModelArgs, batch_filename_size=5, batch_weight_size=5, num_collection_passes=1 to void (__cdecl artm::core::MasterComponent::*)(class artm::FitOfflineMasterModelArgs const & __ptr64) __ptr64
I0929 14:51:11.699746 10440 master_component.cc:1340] ProcessBatchesArgs: nwt_target_name=nwt, batch_filename_size=5, batch_size=0, batch_weight_size=5, pwt_source_name=pwt, num_document_passes=1, regularizer=(name:SparsePhi, tau:-1), class=(text:1), reuse_theta=yes, opt_for_avx=yes, predict_class_id=
I0929 14:51:11.747143  5100 processor.cc:724] Processing queue has data, processing started
I0929 14:51:11.747143  8552 processor.cc:802] Processor: start processing batch 848367d3-1564-4ff3-a9c0-b329da99b2d9 into model nwt
I0929 14:51:11.747143 13432 processor.cc:802] Processor: start processing batch 16ba4aa4-0034-42e6-8503-55a90568f924 into model nwt
I0929 14:51:11.747143 14812 processor.cc:802] Processor: start processing batch 9c21a059-2136-4b57-b604-44694ce7bc81 into model nwt
I0929 14:51:11.747143  5100 processor.cc:802] Processor: start processing batch 10dc3939-1034-4f09-a4d8-15b68e37ec78 into model nwt
I0929 14:51:11.747143 17416 processor.cc:802] Processor: start processing batch 08184e6e-01f0-4d9c-b12a-6ef173dd05ae into model nwt
I0929 14:51:11.777789 14812 processor.cc:898] Processor: complete processing batch 9c21a059-2136-4b57-b604-44694ce7bc81 into model nwt
I0929 14:51:11.777789 14812 cuckoo_watch.h:45] 39ms in ProcessBatch(school_batches\aaaaad.batch) [including 2ms in LoadMessage; 1ms in InitializeSparseNdw; 10ms in InferThetaAndUpdateNwtSparse; 11ms in CalculateScore(PerplexityScore); 2ms in CalculateScore(SparsityThetaScore); 9ms in CalculateScore(^^^ItemsProcessedScore^^^); ]
I0929 14:51:11.777789 13432 processor.cc:898] Processor: complete processing batch 16ba4aa4-0034-42e6-8503-55a90568f924 into model nwt
I0929 14:51:11.777789  8552 processor.cc:898] Processor: complete processing batch 848367d3-1564-4ff3-a9c0-b329da99b2d9 into model nwt
I0929 14:51:11.777789 13432 cuckoo_watch.h:45] 42ms in ProcessBatch(school_batches\aaaaaa.batch) [including 2ms in LoadMessage; 1ms in InitializeSparseNdw; 9ms in InferThetaAndUpdateNwtSparse; 10ms in CalculateScore(PerplexityScore); 2ms in CalculateScore(SparsityThetaScore); 13ms in CalculateScore(^^^ItemsProcessedScore^^^); ]
I0929 14:51:11.777789  8552 cuckoo_watch.h:45] 43ms in ProcessBatch(school_batches\aaaaab.batch) [including 2ms in LoadMessage; 1ms in InitializeSparseNdw; 10ms in InferThetaAndUpdateNwtSparse; 11ms in CalculateScore(PerplexityScore); 2ms in CalculateScore(SparsityThetaScore); 13ms in CalculateScore(^^^ItemsProcessedScore^^^); ]
I0929 14:51:11.793411  5100 processor.cc:898] Processor: complete processing batch 10dc3939-1034-4f09-a4d8-15b68e37ec78 into model nwt
I0929 14:51:11.793411  5100 cuckoo_watch.h:45] 50ms in ProcessBatch(school_batches\aaaaae.batch) [including 3ms in LoadMessage; 1ms in InitializeSparseNdw; 14ms in InferThetaAndUpdateNwtSparse; 15ms in CalculateScore(PerplexityScore); 4ms in CalculateScore(SparsityThetaScore); 9ms in CalculateScore(^^^ItemsProcessedScore^^^); ]
I0929 14:51:11.793411 17416 processor.cc:898] Processor: complete processing batch 08184e6e-01f0-4d9c-b12a-6ef173dd05ae into model nwt
I0929 14:51:11.793411 17416 cuckoo_watch.h:45] 53ms in ProcessBatch(school_batches\aaaaac.batch) [including 4ms in LoadMessage; 1ms in InitializeSparseNdw; 15ms in InferThetaAndUpdateNwtSparse; 17ms in CalculateScore(PerplexityScore); 2ms in CalculateScore(SparsityThetaScore); 9ms in CalculateScore(^^^ItemsProcessedScore^^^); ]
I0929 14:51:11.809597 10440 master_component.cc:1378] RegularizeModelArgs: rwt_target_name=rwt, pwt_source_name=pwt, nwt_source_name=nwt
I0929 14:51:11.809597 10440 master_component.cc:922] MasterComponent: start regularizing model pwt
I0929 14:51:11.856444 10440 master_component.cc:948] MasterComponent: complete regularizing model pwt
I0929 14:51:11.856444 10440 master_component.cc:1391] NormalizeModelArgs: pwt_target_name=pwt, nwt_source_name=nwt, rwt_source_name=rwt
I0929 14:51:11.856444 10440 master_component.cc:952] MasterComponent: start normalizing model nwt
I0929 14:51:11.880281 10440 master_component.cc:980] MasterComponent: complete normalizing model nwt
I0929 14:51:11.895901 10440 master_component.cc:1415] DisposeModel rwt
I0929 14:51:11.912364 10440 master_component.cc:1005] FitOffline: ItemsProcessed, num_items=475, num_batches=5, token_weight=160064, token_weight_in_effect=160064
I0929 14:51:11.912364 16016 c_interface.cc:559] Pass GetScoreValueArgs, score_name=^^^ItemsProcessedScore^^^ to MasterComponent::Request
I0929 14:51:11.912364 16016 c_interface.cc:230] ArtmCopyRequestedMessage is copying 46 bytes...
I0929 14:51:11.912364 10440 c_interface.cc:386] Pass FitOfflineMasterModelArgs, batch_filename_size=5, batch_weight_size=5, num_collection_passes=1 to void (__cdecl artm::core::MasterComponent::*)(class artm::FitOfflineMasterModelArgs const & __ptr64) __ptr64
I0929 14:51:11.912364 10440 master_component.cc:1340] ProcessBatchesArgs: nwt_target_name=nwt, batch_filename_size=5, batch_size=0, batch_weight_size=5, pwt_source_name=pwt, num_document_passes=1, regularizer=(name:SparsePhi, tau:-1), class=(text:1), reuse_theta=yes, opt_for_avx=yes, predict_class_id=
I0929 14:51:11.928404 10752 processor.cc:717] No data in processing queue, waiting...
I0929 14:51:11.959865 11464 processor.cc:724] Processing queue has data, processing started
I0929 14:51:11.959865 10948 processor.cc:724] Processing queue has data, processing started
I0929 14:51:11.959865 13432 processor.cc:802] Processor: start processing batch 848367d3-1564-4ff3-a9c0-b329da99b2d9 into model nwt
I0929 14:51:11.959865  8552 processor.cc:802] Processor: start processing batch 08184e6e-01f0-4d9c-b12a-6ef173dd05ae into model nwt
I0929 14:51:11.959865 11464 processor.cc:802] Processor: start processing batch 9c21a059-2136-4b57-b604-44694ce7bc81 into model nwt
I0929 14:51:11.959865 14812 processor.cc:802] Processor: start processing batch 10dc3939-1034-4f09-a4d8-15b68e37ec78 into model nwt
I0929 14:51:11.959865 10948 processor.cc:802] Processor: start processing batch 16ba4aa4-0034-42e6-8503-55a90568f924 into model nwt
I0929 14:51:12.022006 13432 processor.cc:898] Processor: complete processing batch 848367d3-1564-4ff3-a9c0-b329da99b2d9 into model nwt
I0929 14:51:12.022006 14812 processor.cc:898] Processor: complete processing batch 10dc3939-1034-4f09-a4d8-15b68e37ec78 into model nwt
I0929 14:51:12.022006 13432 cuckoo_watch.h:45] 70ms in ProcessBatch(school_batches\aaaaab.batch) [including 4ms in LoadMessage; 2ms in InitializeSparseNdw; 17ms in InferThetaAndUpdateNwtSparse; 19ms in CalculateScore(PerplexityScore); 5ms in CalculateScore(SparsityThetaScore); 20ms in CalculateScore(^^^ItemsProcessedScore^^^); ]
I0929 14:51:12.022006 14812 cuckoo_watch.h:45] 72ms in ProcessBatch(school_batches\aaaaae.batch) [including 5ms in LoadMessage; 1ms in InitializeSparseNdw; 17ms in InferThetaAndUpdateNwtSparse; 19ms in CalculateScore(PerplexityScore); 4ms in CalculateScore(SparsityThetaScore); 20ms in CalculateScore(^^^ItemsProcessedScore^^^); ]
I0929 14:51:12.022006 11464 processor.cc:898] Processor: complete processing batch 9c21a059-2136-4b57-b604-44694ce7bc81 into model nwt
I0929 14:51:12.022006  8552 processor.cc:898] Processor: complete processing batch 08184e6e-01f0-4d9c-b12a-6ef173dd05ae into model nwt
I0929 14:51:12.022006 11464 cuckoo_watch.h:45] 76ms in ProcessBatch(school_batches\aaaaad.batch) [including 6ms in LoadMessage; 1ms in InitializeSparseNdw; 17ms in InferThetaAndUpdateNwtSparse; 19ms in CalculateScore(PerplexityScore); 5ms in CalculateScore(SparsityThetaScore); 23ms in CalculateScore(^^^ItemsProcessedScore^^^); ]
I0929 14:51:12.022006  8552 cuckoo_watch.h:45] 76ms in ProcessBatch(school_batches\aaaaac.batch) [including 5ms in LoadMessage; 1ms in InitializeSparseNdw; 18ms in InferThetaAndUpdateNwtSparse; 23ms in CalculateScore(PerplexityScore); 5ms in CalculateScore(SparsityThetaScore); 18ms in CalculateScore(^^^ItemsProcessedScore^^^); ]
I0929 14:51:12.037626 10948 processor.cc:898] Processor: complete processing batch 16ba4aa4-0034-42e6-8503-55a90568f924 into model nwt
I0929 14:51:12.037626 10948 cuckoo_watch.h:45] 82ms in ProcessBatch(school_batches\aaaaaa.batch) [including 9ms in LoadMessage; 2ms in InitializeSparseNdw; 19ms in InferThetaAndUpdateNwtSparse; 21ms in CalculateScore(PerplexityScore); 6ms in CalculateScore(SparsityThetaScore); 21ms in CalculateScore(^^^ItemsProcessedScore^^^); ]
I0929 14:51:12.053247 10440 master_component.cc:1378] RegularizeModelArgs: rwt_target_name=rwt, pwt_source_name=pwt, nwt_source_name=nwt
I0929 14:51:12.053247 10440 master_component.cc:922] MasterComponent: start regularizing model pwt
I0929 14:51:12.100112 10440 master_component.cc:948] MasterComponent: complete regularizing model pwt
I0929 14:51:12.100112 10440 master_component.cc:1391] NormalizeModelArgs: pwt_target_name=pwt, nwt_source_name=nwt, rwt_source_name=rwt
I0929 14:51:12.100112 10440 master_component.cc:952] MasterComponent: start normalizing model nwt
I0929 14:51:12.115732 17416 processor.cc:717] No data in processing queue, waiting...
I0929 14:51:12.115732  5100 processor.cc:717] No data in processing queue, waiting...
I0929 14:51:12.131354 10440 master_component.cc:980] MasterComponent: complete normalizing model nwt
I0929 14:51:12.147039 10440 master_component.cc:1415] DisposeModel rwt
I0929 14:51:12.162660 10440 master_component.cc:1005] FitOffline: ItemsProcessed, num_items=475, num_batches=5, token_weight=160064, token_weight_in_effect=160064
I0929 14:51:12.162660 16016 c_interface.cc:559] Pass GetScoreValueArgs, score_name=^^^ItemsProcessedScore^^^ to MasterComponent::Request
I0929 14:51:12.162660 16016 c_interface.cc:230] ArtmCopyRequestedMessage is copying 46 bytes...
I0929 14:51:12.162660 10440 c_interface.cc:386] Pass FitOfflineMasterModelArgs, batch_filename_size=5, batch_weight_size=5, num_collection_passes=1 to void (__cdecl artm::core::MasterComponent::*)(class artm::FitOfflineMasterModelArgs const & __ptr64) __ptr64
I0929 14:51:12.162660 10440 master_component.cc:1340] ProcessBatchesArgs: nwt_target_name=nwt, batch_filename_size=5, batch_size=0, batch_weight_size=5, pwt_source_name=pwt, num_document_passes=1, regularizer=(name:SparsePhi, tau:-1), class=(text:1), reuse_theta=yes, opt_for_avx=yes, predict_class_id=
I0929 14:51:12.194437 17416 processor.cc:724] Processing queue has data, processing started
I0929 14:51:12.194437 13432 processor.cc:802] Processor: start processing batch 08184e6e-01f0-4d9c-b12a-6ef173dd05ae into model nwt
I0929 14:51:12.194437  8552 processor.cc:802] Processor: start processing batch 9c21a059-2136-4b57-b604-44694ce7bc81 into model nwt
I0929 14:51:12.194437 11464 processor.cc:802] Processor: start processing batch 848367d3-1564-4ff3-a9c0-b329da99b2d9 into model nwt
I0929 14:51:12.194437 17416 processor.cc:802] Processor: start processing batch 10dc3939-1034-4f09-a4d8-15b68e37ec78 into model nwt
I0929 14:51:12.194437 10948 processor.cc:802] Processor: start processing batch 16ba4aa4-0034-42e6-8503-55a90568f924 into model nwt
I0929 14:51:12.225082  8552 processor.cc:898] Processor: complete processing batch 9c21a059-2136-4b57-b604-44694ce7bc81 into model nwt
I0929 14:51:12.225082  8552 cuckoo_watch.h:45] 43ms in ProcessBatch(school_batches\aaaaad.batch) [including 2ms in LoadMessage; 1ms in InitializeSparseNdw; 11ms in InferThetaAndUpdateNwtSparse; 11ms in CalculateScore(PerplexityScore); 3ms in CalculateScore(SparsityThetaScore); 10ms in CalculateScore(^^^ItemsProcessedScore^^^); ]
I0929 14:51:12.240737 11464 processor.cc:898] Processor: complete processing batch 848367d3-1564-4ff3-a9c0-b329da99b2d9 into model nwt
I0929 14:51:12.240737 11464 cuckoo_watch.h:45] 47ms in ProcessBatch(school_batches\aaaaab.batch) [including 4ms in LoadMessage; 1ms in InitializeSparseNdw; 10ms in InferThetaAndUpdateNwtSparse; 12ms in CalculateScore(PerplexityScore); 3ms in CalculateScore(SparsityThetaScore); 13ms in CalculateScore(^^^ItemsProcessedScore^^^); ]
I0929 14:51:12.240737 13432 processor.cc:898] Processor: complete processing batch 08184e6e-01f0-4d9c-b12a-6ef173dd05ae into model nwt
I0929 14:51:12.240737 13432 cuckoo_watch.h:45] 48ms in ProcessBatch(school_batches\aaaaac.batch) [including 2ms in LoadMessage; 1ms in InitializeSparseNdw; 11ms in InferThetaAndUpdateNwtSparse; 11ms in CalculateScore(PerplexityScore); 4ms in CalculateScore(SparsityThetaScore); 15ms in CalculateScore(^^^ItemsProcessedScore^^^); ]
I0929 14:51:12.240737 17416 processor.cc:898] Processor: complete processing batch 10dc3939-1034-4f09-a4d8-15b68e37ec78 into model nwt
I0929 14:51:12.240737 17416 cuckoo_watch.h:45] 52ms in ProcessBatch(school_batches\aaaaae.batch) [including 4ms in LoadMessage; 1ms in InitializeSparseNdw; 14ms in InferThetaAndUpdateNwtSparse; 16ms in CalculateScore(PerplexityScore); 4ms in CalculateScore(SparsityThetaScore); 9ms in CalculateScore(^^^ItemsProcessedScore^^^); ]
I0929 14:51:12.240737 10948 processor.cc:898] Processor: complete processing batch 16ba4aa4-0034-42e6-8503-55a90568f924 into model nwt
I0929 14:51:12.240737 10948 cuckoo_watch.h:45] 55ms in ProcessBatch(school_batches\aaaaaa.batch) [including 4ms in LoadMessage; 1ms in InitializeSparseNdw; 15ms in InferThetaAndUpdateNwtSparse; 18ms in CalculateScore(PerplexityScore); 4ms in CalculateScore(SparsityThetaScore); 9ms in CalculateScore(^^^ItemsProcessedScore^^^); ]
I0929 14:51:12.256901 10440 master_component.cc:1378] RegularizeModelArgs: rwt_target_name=rwt, pwt_source_name=pwt, nwt_source_name=nwt
I0929 14:51:12.256901 10440 master_component.cc:922] MasterComponent: start regularizing model pwt
I0929 14:51:12.303225 10440 master_component.cc:948] MasterComponent: complete regularizing model pwt
I0929 14:51:12.303225 10440 master_component.cc:1391] NormalizeModelArgs: pwt_target_name=pwt, nwt_source_name=nwt, rwt_source_name=rwt
I0929 14:51:12.303225 10440 master_component.cc:952] MasterComponent: start normalizing model nwt
I0929 14:51:12.334466 10440 master_component.cc:980] MasterComponent: complete normalizing model nwt
I0929 14:51:12.350087 14812 processor.cc:717] No data in processing queue, waiting...
I0929 14:51:12.350087 10440 master_component.cc:1415] DisposeModel rwt
I0929 14:51:12.350087 10440 master_component.cc:1005] FitOffline: ItemsProcessed, num_items=475, num_batches=5, token_weight=160064, token_weight_in_effect=160064
I0929 14:51:12.350087 16016 c_interface.cc:559] Pass GetScoreValueArgs, score_name=^^^ItemsProcessedScore^^^ to MasterComponent::Request
I0929 14:51:12.350087 16016 c_interface.cc:230] ArtmCopyRequestedMessage is copying 46 bytes...
I0929 14:51:12.350087 10440 c_interface.cc:386] Pass FitOfflineMasterModelArgs, batch_filename_size=5, batch_weight_size=5, num_collection_passes=1 to void (__cdecl artm::core::MasterComponent::*)(class artm::FitOfflineMasterModelArgs const & __ptr64) __ptr64
I0929 14:51:12.350087 10440 master_component.cc:1340] ProcessBatchesArgs: nwt_target_name=nwt, batch_filename_size=5, batch_size=0, batch_weight_size=5, pwt_source_name=pwt, num_document_passes=1, regularizer=(name:SparsePhi, tau:-1), class=(text:1), reuse_theta=yes, opt_for_avx=yes, predict_class_id=
I0929 14:51:12.397197 10752 processor.cc:724] Processing queue has data, processing started
I0929 14:51:12.397197 10752 processor.cc:802] Processor: start processing batch 10dc3939-1034-4f09-a4d8-15b68e37ec78 into model nwt
I0929 14:51:12.397197  8552 processor.cc:802] Processor: start processing batch 848367d3-1564-4ff3-a9c0-b329da99b2d9 into model nwt
I0929 14:51:12.397197 10948 processor.cc:802] Processor: start processing batch 16ba4aa4-0034-42e6-8503-55a90568f924 into model nwt
I0929 14:51:12.397197 17416 processor.cc:802] Processor: start processing batch 9c21a059-2136-4b57-b604-44694ce7bc81 into model nwt
I0929 14:51:12.397197 11464 processor.cc:802] Processor: start processing batch 08184e6e-01f0-4d9c-b12a-6ef173dd05ae into model nwt
I0929 14:51:12.428164 10752 processor.cc:898] Processor: complete processing batch 10dc3939-1034-4f09-a4d8-15b68e37ec78 into model nwt
I0929 14:51:12.428164 10752 cuckoo_watch.h:45] 38ms in ProcessBatch(school_batches\aaaaae.batch) [including 2ms in LoadMessage; 0ms in InitializeSparseNdw; 10ms in InferThetaAndUpdateNwtSparse; 10ms in CalculateScore(PerplexityScore); 2ms in CalculateScore(SparsityThetaScore); 9ms in CalculateScore(^^^ItemsProcessedScore^^^); ]
I0929 14:51:12.428164 10948 processor.cc:898] Processor: complete processing batch 16ba4aa4-0034-42e6-8503-55a90568f924 into model nwt
I0929 14:51:12.428164 10948 cuckoo_watch.h:45] 40ms in ProcessBatch(school_batches\aaaaaa.batch) [including 4ms in LoadMessage; 1ms in InitializeSparseNdw; 10ms in InferThetaAndUpdateNwtSparse; 11ms in CalculateScore(PerplexityScore); 2ms in CalculateScore(SparsityThetaScore); 10ms in CalculateScore(^^^ItemsProcessedScore^^^); ]
I0929 14:51:12.443781  8552 processor.cc:898] Processor: complete processing batch 848367d3-1564-4ff3-a9c0-b329da99b2d9 into model nwt
I0929 14:51:12.443781  8552 cuckoo_watch.h:45] 47ms in ProcessBatch(school_batches\aaaaab.batch) [including 4ms in LoadMessage; 1ms in InitializeSparseNdw; 11ms in InferThetaAndUpdateNwtSparse; 16ms in CalculateScore(PerplexityScore); 3ms in CalculateScore(SparsityThetaScore); 9ms in CalculateScore(^^^ItemsProcessedScore^^^); ]
I0929 14:51:12.443781 17416 processor.cc:898] Processor: complete processing batch 9c21a059-2136-4b57-b604-44694ce7bc81 into model nwt
I0929 14:51:12.443781 17416 cuckoo_watch.h:45] 52ms in ProcessBatch(school_batches\aaaaad.batch) [including 4ms in LoadMessage; 1ms in InitializeSparseNdw; 14ms in InferThetaAndUpdateNwtSparse; 12ms in CalculateScore(PerplexityScore); 5ms in CalculateScore(SparsityThetaScore); 12ms in CalculateScore(^^^ItemsProcessedScore^^^); ]
I0929 14:51:12.443781 11464 processor.cc:898] Processor: complete processing batch 08184e6e-01f0-4d9c-b12a-6ef173dd05ae into model nwt
I0929 14:51:12.443781 11464 cuckoo_watch.h:45] 56ms in ProcessBatch(school_batches\aaaaac.batch) [including 4ms in LoadMessage; 1ms in InitializeSparseNdw; 16ms in InferThetaAndUpdateNwtSparse; 18ms in CalculateScore(PerplexityScore); 4ms in CalculateScore(SparsityThetaScore); 9ms in CalculateScore(^^^ItemsProcessedScore^^^); ]
I0929 14:51:12.459491 10440 master_component.cc:1378] RegularizeModelArgs: rwt_target_name=rwt, pwt_source_name=pwt, nwt_source_name=nwt
I0929 14:51:12.459491 10440 master_component.cc:922] MasterComponent: start regularizing model pwt
I0929 14:51:12.521888 10440 master_component.cc:948] MasterComponent: complete regularizing model pwt
I0929 14:51:12.521888 10440 master_component.cc:1391] NormalizeModelArgs: pwt_target_name=pwt, nwt_source_name=nwt, rwt_source_name=rwt
I0929 14:51:12.521888 10440 master_component.cc:952] MasterComponent: start normalizing model nwt
I0929 14:51:12.553133 13432 processor.cc:717] No data in processing queue, waiting...
I0929 14:51:12.568753 10440 master_component.cc:980] MasterComponent: complete normalizing model nwt
I0929 14:51:12.584435 10440 master_component.cc:1415] DisposeModel rwt
I0929 14:51:12.600056 10440 master_component.cc:1005] FitOffline: ItemsProcessed, num_items=475, num_batches=5, token_weight=160064, token_weight_in_effect=160064
I0929 14:51:12.600056 16016 c_interface.cc:559] Pass GetScoreValueArgs, score_name=^^^ItemsProcessedScore^^^ to MasterComponent::Request
I0929 14:51:12.600056 16016 c_interface.cc:230] ArtmCopyRequestedMessage is copying 46 bytes...
I0929 14:51:12.600056 10440 c_interface.cc:386] Pass FitOfflineMasterModelArgs, batch_filename_size=5, batch_weight_size=5, num_collection_passes=1 to void (__cdecl artm::core::MasterComponent::*)(class artm::FitOfflineMasterModelArgs const & __ptr64) __ptr64
I0929 14:51:12.600056 10440 master_component.cc:1340] ProcessBatchesArgs: nwt_target_name=nwt, batch_filename_size=5, batch_size=0, batch_weight_size=5, pwt_source_name=pwt, num_document_passes=1, regularizer=(name:SparsePhi, tau:-1), class=(text:1), reuse_theta=yes, opt_for_avx=yes, predict_class_id=
I0929 14:51:12.631517  5100 processor.cc:724] Processing queue has data, processing started
I0929 14:51:12.635016 17416 processor.cc:802] Processor: start processing batch 10dc3939-1034-4f09-a4d8-15b68e37ec78 into model nwt
I0929 14:51:12.635016  5100 processor.cc:802] Processor: start processing batch 9c21a059-2136-4b57-b604-44694ce7bc81 into model nwt
I0929 14:51:12.635016  8552 processor.cc:802] Processor: start processing batch 16ba4aa4-0034-42e6-8503-55a90568f924 into model nwt
I0929 14:51:12.636009 11464 processor.cc:802] Processor: start processing batch 848367d3-1564-4ff3-a9c0-b329da99b2d9 into model nwt
I0929 14:51:12.636009 10948 processor.cc:802] Processor: start processing batch 08184e6e-01f0-4d9c-b12a-6ef173dd05ae into model nwt
I0929 14:51:12.670477  5100 processor.cc:898] Processor: complete processing batch 9c21a059-2136-4b57-b604-44694ce7bc81 into model nwt
I0929 14:51:12.670477  5100 cuckoo_watch.h:45] 43ms in ProcessBatch(school_batches\aaaaad.batch) [including 2ms in LoadMessage; 1ms in InitializeSparseNdw; 13ms in InferThetaAndUpdateNwtSparse; 11ms in CalculateScore(PerplexityScore); 2ms in CalculateScore(SparsityThetaScore); 10ms in CalculateScore(^^^ItemsProcessedScore^^^); ]
I0929 14:51:12.670477 17416 processor.cc:898] Processor: complete processing batch 10dc3939-1034-4f09-a4d8-15b68e37ec78 into model nwt
I0929 14:51:12.670477 17416 cuckoo_watch.h:45] 45ms in ProcessBatch(school_batches\aaaaae.batch) [including 2ms in LoadMessage; 1ms in InitializeSparseNdw; 10ms in InferThetaAndUpdateNwtSparse; 12ms in CalculateScore(PerplexityScore); 4ms in CalculateScore(SparsityThetaScore); 13ms in CalculateScore(^^^ItemsProcessedScore^^^); ]
I0929 14:51:12.670477  8552 processor.cc:898] Processor: complete processing batch 16ba4aa4-0034-42e6-8503-55a90568f924 into model nwt
I0929 14:51:12.670477  8552 cuckoo_watch.h:45] 47ms in ProcessBatch(school_batches\aaaaaa.batch) [including 2ms in LoadMessage; 1ms in InitializeSparseNdw; 12ms in InferThetaAndUpdateNwtSparse; 13ms in CalculateScore(PerplexityScore); 4ms in CalculateScore(SparsityThetaScore); 11ms in CalculateScore(^^^ItemsProcessedScore^^^); ]
I0929 14:51:12.670477 11464 processor.cc:898] Processor: complete processing batch 848367d3-1564-4ff3-a9c0-b329da99b2d9 into model nwt
I0929 14:51:12.670477 11464 cuckoo_watch.h:45] 52ms in ProcessBatch(school_batches\aaaaab.batch) [including 4ms in LoadMessage; 1ms in InitializeSparseNdw; 15ms in InferThetaAndUpdateNwtSparse; 17ms in CalculateScore(PerplexityScore); 2ms in CalculateScore(SparsityThetaScore); 9ms in CalculateScore(^^^ItemsProcessedScore^^^); ]
I0929 14:51:12.686164 10948 processor.cc:898] Processor: complete processing batch 08184e6e-01f0-4d9c-b12a-6ef173dd05ae into model nwt
I0929 14:51:12.686164 10948 cuckoo_watch.h:45] 55ms in ProcessBatch(school_batches\aaaaac.batch) [including 4ms in LoadMessage; 1ms in InitializeSparseNdw; 16ms in InferThetaAndUpdateNwtSparse; 17ms in CalculateScore(PerplexityScore); 4ms in CalculateScore(SparsityThetaScore); 9ms in CalculateScore(^^^ItemsProcessedScore^^^); ]
I0929 14:51:12.701805 10440 master_component.cc:1378] RegularizeModelArgs: rwt_target_name=rwt, pwt_source_name=pwt, nwt_source_name=nwt
I0929 14:51:12.701805 10440 master_component.cc:922] MasterComponent: start regularizing model pwt
I0929 14:51:12.732964 10752 processor.cc:717] No data in processing queue, waiting...
I0929 14:51:12.764268 10440 master_component.cc:948] MasterComponent: complete regularizing model pwt
I0929 14:51:12.764268 10440 master_component.cc:1391] NormalizeModelArgs: pwt_target_name=pwt, nwt_source_name=nwt, rwt_source_name=rwt
I0929 14:51:12.764268 10440 master_component.cc:952] MasterComponent: start normalizing model nwt
I0929 14:51:12.795513 10440 master_component.cc:980] MasterComponent: complete normalizing model nwt
I0929 14:51:12.811134 10440 master_component.cc:1415] DisposeModel rwt
I0929 14:51:12.811134 10440 master_component.cc:1005] FitOffline: ItemsProcessed, num_items=475, num_batches=5, token_weight=160064, token_weight_in_effect=160064
I0929 14:51:12.811134 16016 c_interface.cc:559] Pass GetScoreValueArgs, score_name=^^^ItemsProcessedScore^^^ to MasterComponent::Request
I0929 14:51:12.811134 16016 c_interface.cc:230] ArtmCopyRequestedMessage is copying 46 bytes...
I0929 14:51:12.811134 10440 c_interface.cc:386] Pass FitOfflineMasterModelArgs, batch_filename_size=5, batch_weight_size=5, num_collection_passes=1 to void (__cdecl artm::core::MasterComponent::*)(class artm::FitOfflineMasterModelArgs const & __ptr64) __ptr64
I0929 14:51:12.811134 10440 master_component.cc:1340] ProcessBatchesArgs: nwt_target_name=nwt, batch_filename_size=5, batch_size=0, batch_weight_size=5, pwt_source_name=pwt, num_document_passes=1, regularizer=(name:SparsePhi, tau:-1), class=(text:1), reuse_theta=yes, opt_for_avx=yes, predict_class_id=
I0929 14:51:12.858021 13432 processor.cc:724] Processing queue has data, processing started
I0929 14:51:12.858021 17416 processor.cc:802] Processor: start processing batch 9c21a059-2136-4b57-b604-44694ce7bc81 into model nwt
I0929 14:51:12.858021  5100 processor.cc:802] Processor: start processing batch 08184e6e-01f0-4d9c-b12a-6ef173dd05ae into model nwt
I0929 14:51:12.858021  8552 processor.cc:802] Processor: start processing batch 848367d3-1564-4ff3-a9c0-b329da99b2d9 into model nwt
I0929 14:51:12.858021 13432 processor.cc:802] Processor: start processing batch 10dc3939-1034-4f09-a4d8-15b68e37ec78 into model nwt
I0929 14:51:12.858021 10948 processor.cc:802] Processor: start processing batch 16ba4aa4-0034-42e6-8503-55a90568f924 into model nwt
I0929 14:51:12.889175  8552 processor.cc:898] Processor: complete processing batch 848367d3-1564-4ff3-a9c0-b329da99b2d9 into model nwt
I0929 14:51:12.889175  8552 cuckoo_watch.h:45] 45ms in ProcessBatch(school_batches\aaaaab.batch) [including 6ms in LoadMessage; 1ms in InitializeSparseNdw; 11ms in InferThetaAndUpdateNwtSparse; 12ms in CalculateScore(PerplexityScore); 2ms in CalculateScore(SparsityThetaScore); 9ms in CalculateScore(^^^ItemsProcessedScore^^^); ]
I0929 14:51:12.904796 13432 processor.cc:898] Processor: complete processing batch 10dc3939-1034-4f09-a4d8-15b68e37ec78 into model nwt
I0929 14:51:12.904796  5100 processor.cc:898] Processor: complete processing batch 08184e6e-01f0-4d9c-b12a-6ef173dd05ae into model nwt
I0929 14:51:12.904796 13432 cuckoo_watch.h:45] 49ms in ProcessBatch(school_batches\aaaaae.batch) [including 7ms in LoadMessage; 1ms in InitializeSparseNdw; 12ms in InferThetaAndUpdateNwtSparse; 11ms in CalculateScore(PerplexityScore); 4ms in CalculateScore(SparsityThetaScore); 10ms in CalculateScore(^^^ItemsProcessedScore^^^); ]
I0929 14:51:12.904796  5100 cuckoo_watch.h:45] 49ms in ProcessBatch(school_batches\aaaaac.batch) [including 6ms in LoadMessage; 1ms in InitializeSparseNdw; 11ms in InferThetaAndUpdateNwtSparse; 12ms in CalculateScore(PerplexityScore); 4ms in CalculateScore(SparsityThetaScore); 12ms in CalculateScore(^^^ItemsProcessedScore^^^); ]
I0929 14:51:12.904796 17416 processor.cc:898] Processor: complete processing batch 9c21a059-2136-4b57-b604-44694ce7bc81 into model nwt
I0929 14:51:12.904796 17416 cuckoo_watch.h:45] 54ms in ProcessBatch(school_batches\aaaaad.batch) [including 6ms in LoadMessage; 1ms in InitializeSparseNdw; 11ms in InferThetaAndUpdateNwtSparse; 17ms in CalculateScore(PerplexityScore); 4ms in CalculateScore(SparsityThetaScore); 12ms in CalculateScore(^^^ItemsProcessedScore^^^); ]
I0929 14:51:12.904796 10948 processor.cc:898] Processor: complete processing batch 16ba4aa4-0034-42e6-8503-55a90568f924 into model nwt
I0929 14:51:12.904796 10948 cuckoo_watch.h:45] 58ms in ProcessBatch(school_batches\aaaaaa.batch) [including 7ms in LoadMessage; 1ms in InitializeSparseNdw; 15ms in InferThetaAndUpdateNwtSparse; 17ms in CalculateScore(PerplexityScore); 4ms in CalculateScore(SparsityThetaScore); 9ms in CalculateScore(^^^ItemsProcessedScore^^^); ]
I0929 14:51:12.920488 10440 master_component.cc:1378] RegularizeModelArgs: rwt_target_name=rwt, pwt_source_name=pwt, nwt_source_name=nwt
I0929 14:51:12.920488 10440 master_component.cc:922] MasterComponent: start regularizing model pwt
I0929 14:51:12.967281 11464 processor.cc:717] No data in processing queue, waiting...
I0929 14:51:12.967281 10440 master_component.cc:948] MasterComponent: complete regularizing model pwt
I0929 14:51:12.967281 10440 master_component.cc:1391] NormalizeModelArgs: pwt_target_name=pwt, nwt_source_name=nwt, rwt_source_name=rwt
I0929 14:51:12.967281 10440 master_component.cc:952] MasterComponent: start normalizing model nwt
I0929 14:51:12.998525 10440 master_component.cc:980] MasterComponent: complete normalizing model nwt
I0929 14:51:13.014212 10440 master_component.cc:1415] DisposeModel rwt
I0929 14:51:13.014212 10440 master_component.cc:1005] FitOffline: ItemsProcessed, num_items=475, num_batches=5, token_weight=160064, token_weight_in_effect=160064
I0929 14:51:13.014212 16016 c_interface.cc:559] Pass GetScoreValueArgs, score_name=^^^ItemsProcessedScore^^^ to MasterComponent::Request
I0929 14:51:13.014212 16016 c_interface.cc:230] ArtmCopyRequestedMessage is copying 46 bytes...
I0929 14:51:13.014212 10440 c_interface.cc:386] Pass FitOfflineMasterModelArgs, batch_filename_size=5, batch_weight_size=5, num_collection_passes=1 to void (__cdecl artm::core::MasterComponent::*)(class artm::FitOfflineMasterModelArgs const & __ptr64) __ptr64
I0929 14:51:13.014212 10440 master_component.cc:1340] ProcessBatchesArgs: nwt_target_name=nwt, batch_filename_size=5, batch_size=0, batch_weight_size=5, pwt_source_name=pwt, num_document_passes=1, regularizer=(name:SparsePhi, tau:-1), class=(text:1), reuse_theta=yes, opt_for_avx=yes, predict_class_id=
I0929 14:51:13.061290 14812 processor.cc:724] Processing queue has data, processing started
I0929 14:51:13.061290 13432 processor.cc:802] Processor: start processing batch 9c21a059-2136-4b57-b604-44694ce7bc81 into model nwt
I0929 14:51:13.061290 17416 processor.cc:802] Processor: start processing batch 848367d3-1564-4ff3-a9c0-b329da99b2d9 into model nwt
I0929 14:51:13.061290 10948 processor.cc:802] Processor: start processing batch 16ba4aa4-0034-42e6-8503-55a90568f924 into model nwt
I0929 14:51:13.061290  5100 processor.cc:802] Processor: start processing batch 10dc3939-1034-4f09-a4d8-15b68e37ec78 into model nwt
I0929 14:51:13.061290 14812 processor.cc:802] Processor: start processing batch 08184e6e-01f0-4d9c-b12a-6ef173dd05ae into model nwt
I0929 14:51:13.107875  5100 processor.cc:898] Processor: complete processing batch 10dc3939-1034-4f09-a4d8-15b68e37ec78 into model nwt
I0929 14:51:13.107875  5100 cuckoo_watch.h:45] 59ms in ProcessBatch(school_batches\aaaaae.batch) [including 4ms in LoadMessage; 1ms in InitializeSparseNdw; 16ms in InferThetaAndUpdateNwtSparse; 14ms in CalculateScore(PerplexityScore); 4ms in CalculateScore(SparsityThetaScore); 15ms in CalculateScore(^^^ItemsProcessedScore^^^); ]
I0929 14:51:13.123497 10948 processor.cc:898] Processor: complete processing batch 16ba4aa4-0034-42e6-8503-55a90568f924 into model nwt
I0929 14:51:13.123497 10948 cuckoo_watch.h:45] 63ms in ProcessBatch(school_batches\aaaaaa.batch) [including 4ms in LoadMessage; 1ms in InitializeSparseNdw; 15ms in InferThetaAndUpdateNwtSparse; 17ms in CalculateScore(PerplexityScore); 5ms in CalculateScore(SparsityThetaScore); 17ms in CalculateScore(^^^ItemsProcessedScore^^^); ]
I0929 14:51:13.123497 17416 processor.cc:898] Processor: complete processing batch 848367d3-1564-4ff3-a9c0-b329da99b2d9 into model nwt
I0929 14:51:13.123497 14812 processor.cc:898] Processor: complete processing batch 08184e6e-01f0-4d9c-b12a-6ef173dd05ae into model nwt
I0929 14:51:13.123497 13432 processor.cc:898] Processor: complete processing batch 9c21a059-2136-4b57-b604-44694ce7bc81 into model nwt
I0929 14:51:13.123497 14812 cuckoo_watch.h:45] 66ms in ProcessBatch(school_batches\aaaaac.batch) [including 4ms in LoadMessage; 1ms in InitializeSparseNdw; 18ms in InferThetaAndUpdateNwtSparse; 20ms in CalculateScore(PerplexityScore); 4ms in CalculateScore(SparsityThetaScore); 14ms in CalculateScore(^^^ItemsProcessedScore^^^); ]
I0929 14:51:13.123497 17416 cuckoo_watch.h:45] 66ms in ProcessBatch(school_batches\aaaaab.batch) [including 4ms in LoadMessage; 1ms in InitializeSparseNdw; 14ms in InferThetaAndUpdateNwtSparse; 21ms in CalculateScore(PerplexityScore); 5ms in CalculateScore(SparsityThetaScore); 16ms in CalculateScore(^^^ItemsProcessedScore^^^); ]
I0929 14:51:13.123497 13432 cuckoo_watch.h:45] 66ms in ProcessBatch(school_batches\aaaaad.batch) [including 4ms in LoadMessage; 1ms in InitializeSparseNdw; 17ms in InferThetaAndUpdateNwtSparse; 20ms in CalculateScore(PerplexityScore); 5ms in CalculateScore(SparsityThetaScore); 15ms in CalculateScore(^^^ItemsProcessedScore^^^); ]
I0929 14:51:13.139209 10440 master_component.cc:1378] RegularizeModelArgs: rwt_target_name=rwt, pwt_source_name=pwt, nwt_source_name=nwt
I0929 14:51:13.139209 10440 master_component.cc:922] MasterComponent: start regularizing model pwt
I0929 14:51:13.186017  8552 processor.cc:717] No data in processing queue, waiting...
I0929 14:51:13.186017 10440 master_component.cc:948] MasterComponent: complete regularizing model pwt
I0929 14:51:13.186017 10440 master_component.cc:1391] NormalizeModelArgs: pwt_target_name=pwt, nwt_source_name=nwt, rwt_source_name=rwt
I0929 14:51:13.186017 10440 master_component.cc:952] MasterComponent: start normalizing model nwt
I0929 14:51:13.217258 10440 master_component.cc:980] MasterComponent: complete normalizing model nwt
I0929 14:51:13.248466 10440 master_component.cc:1415] DisposeModel rwt
I0929 14:51:13.248466 10440 master_component.cc:1005] FitOffline: ItemsProcessed, num_items=475, num_batches=5, token_weight=160064, token_weight_in_effect=160064
I0929 14:51:13.248466 16016 c_interface.cc:559] Pass GetScoreValueArgs, score_name=^^^ItemsProcessedScore^^^ to MasterComponent::Request
I0929 14:51:13.248466 16016 c_interface.cc:230] ArtmCopyRequestedMessage is copying 46 bytes...
I0929 14:51:13.248466 10440 c_interface.cc:386] Pass FitOfflineMasterModelArgs, batch_filename_size=5, batch_weight_size=5, num_collection_passes=1 to void (__cdecl artm::core::MasterComponent::*)(class artm::FitOfflineMasterModelArgs const & __ptr64) __ptr64
I0929 14:51:13.248466 10440 master_component.cc:1340] ProcessBatchesArgs: nwt_target_name=nwt, batch_filename_size=5, batch_size=0, batch_weight_size=5, pwt_source_name=pwt, num_document_passes=1, regularizer=(name:SparsePhi, tau:-1), class=(text:1), reuse_theta=yes, opt_for_avx=yes, predict_class_id=
I0929 14:51:13.279778 11464 processor.cc:724] Processing queue has data, processing started
I0929 14:51:13.279778  8552 processor.cc:724] Processing queue has data, processing started
I0929 14:51:13.279778 10752 processor.cc:724] Processing queue has data, processing started
