I0929 14:25:06.725124 13904 cuckoo_watch.h:45] 53ms in ProcessBatch(school_batches\aaaaab.batch) [including 4ms in LoadMessage; 1ms in InitializeSparseNdw; 14ms in InferThetaAndUpdateNwtSparse; 15ms in CalculateScore(PerplexityScore); 4ms in CalculateScore(SparsityThetaScore); 11ms in CalculateScore(^^^ItemsProcessedScore^^^); ]
I0929 14:25:06.725124 10440 cuckoo_watch.h:45] 54ms in ProcessBatch(school_batches\aaaaad.batch) [including 2ms in LoadMessage; 1ms in InitializeSparseNdw; 15ms in InferThetaAndUpdateNwtSparse; 13ms in CalculateScore(PerplexityScore); 4ms in CalculateScore(SparsityThetaScore); 15ms in CalculateScore(^^^ItemsProcessedScore^^^); ]
I0929 14:25:06.725124  3236 processor.cc:898] Processor: complete processing batch 0580594d-f7bc-44d3-ac2b-5dd3a217f3c1 into model nwt
I0929 14:25:06.725124  4496 processor.cc:898] Processor: complete processing batch f2b01c28-a91b-48f5-a3c5-c0f8f6a45836 into model nwt
I0929 14:25:06.725124  3236 cuckoo_watch.h:45] 56ms in ProcessBatch(school_batches\aaaaac.batch) [including 4ms in LoadMessage; 1ms in InitializeSparseNdw; 14ms in InferThetaAndUpdateNwtSparse; 18ms in CalculateScore(PerplexityScore); 4ms in CalculateScore(SparsityThetaScore); 10ms in CalculateScore(^^^ItemsProcessedScore^^^); ]
I0929 14:25:06.725124  4496 cuckoo_watch.h:45] 56ms in ProcessBatch(school_batches\aaaaaa.batch) [including 4ms in LoadMessage; 1ms in InitializeSparseNdw; 14ms in InferThetaAndUpdateNwtSparse; 15ms in CalculateScore(PerplexityScore); 4ms in CalculateScore(SparsityThetaScore); 14ms in CalculateScore(^^^ItemsProcessedScore^^^); ]
I0929 14:25:06.740998 13884 master_component.cc:1378] RegularizeModelArgs: rwt_target_name=rwt, pwt_source_name=pwt, nwt_source_name=nwt
I0929 14:25:06.740998 13884 master_component.cc:922] MasterComponent: start regularizing model pwt
I0929 14:25:06.787609 13884 master_component.cc:948] MasterComponent: complete regularizing model pwt
I0929 14:25:06.787609 13884 master_component.cc:1391] NormalizeModelArgs: pwt_target_name=pwt, nwt_source_name=nwt, rwt_source_name=rwt
I0929 14:25:06.787609 13884 master_component.cc:952] MasterComponent: start normalizing model nwt
I0929 14:25:06.803234 18040 processor.cc:717] No data in processing queue, waiting...
I0929 14:25:06.818852 13884 master_component.cc:980] MasterComponent: complete normalizing model nwt
I0929 14:25:06.834477 13884 master_component.cc:1415] DisposeModel rwt
I0929 14:25:06.834477 13884 master_component.cc:1005] FitOffline: ItemsProcessed, num_items=475, num_batches=5, token_weight=160064, token_weight_in_effect=160064
I0929 14:25:06.834477 12548 c_interface.cc:559] Pass GetScoreValueArgs, score_name=^^^ItemsProcessedScore^^^ to MasterComponent::Request
I0929 14:25:06.834477 12548 c_interface.cc:230] ArtmCopyRequestedMessage is copying 46 bytes...
I0929 14:25:06.834477 13884 c_interface.cc:386] Pass FitOfflineMasterModelArgs, batch_filename_size=5, batch_weight_size=5, num_collection_passes=1 to void (__cdecl artm::core::MasterComponent::*)(class artm::FitOfflineMasterModelArgs const & __ptr64) __ptr64
I0929 14:25:06.834477 13884 master_component.cc:1340] ProcessBatchesArgs: nwt_target_name=nwt, batch_filename_size=5, batch_size=0, batch_weight_size=5, pwt_source_name=pwt, num_document_passes=1, regularizer=(name:SparsePhi, tau:-100), class=(text:1), reuse_theta=yes, opt_for_avx=yes, predict_class_id=
I0929 14:25:06.881803  3240 processor.cc:724] Processing queue has data, processing started
I0929 14:25:06.881803 18040 processor.cc:724] Processing queue has data, processing started
I0929 14:25:06.881803   432 processor.cc:724] Processing queue has data, processing started
I0929 14:25:06.881803 10440 processor.cc:802] Processor: start processing batch 42e97b85-c4f9-4595-8cb3-402211db67eb into model nwt
I0929 14:25:06.881803 18040 processor.cc:802] Processor: start processing batch f2b01c28-a91b-48f5-a3c5-c0f8f6a45836 into model nwt
I0929 14:25:06.881803  3240 processor.cc:802] Processor: start processing batch b3d2eaf6-16f4-4711-8da3-cd6d21d6db5a into model nwt
I0929 14:25:06.881803  4496 processor.cc:802] Processor: start processing batch 6a4af50c-1d40-4968-a73a-29c46d4580d1 into model nwt
I0929 14:25:06.881803   432 processor.cc:802] Processor: start processing batch 0580594d-f7bc-44d3-ac2b-5dd3a217f3c1 into model nwt
I0929 14:25:06.912580 18040 processor.cc:898] Processor: complete processing batch f2b01c28-a91b-48f5-a3c5-c0f8f6a45836 into model nwt
I0929 14:25:06.912580 18040 cuckoo_watch.h:45] 41ms in ProcessBatch(school_batches\aaaaaa.batch) [including 2ms in LoadMessage; 1ms in InitializeSparseNdw; 10ms in InferThetaAndUpdateNwtSparse; 11ms in CalculateScore(PerplexityScore); 2ms in CalculateScore(SparsityThetaScore); 11ms in CalculateScore(^^^ItemsProcessedScore^^^); ]
I0929 14:25:06.912580  3240 processor.cc:898] Processor: complete processing batch b3d2eaf6-16f4-4711-8da3-cd6d21d6db5a into model nwt
I0929 14:25:06.912580  3240 cuckoo_watch.h:45] 43ms in ProcessBatch(school_batches\aaaaab.batch) [including 2ms in LoadMessage; 1ms in InitializeSparseNdw; 10ms in InferThetaAndUpdateNwtSparse; 12ms in CalculateScore(PerplexityScore); 2ms in CalculateScore(SparsityThetaScore); 12ms in CalculateScore(^^^ItemsProcessedScore^^^); ]
I0929 14:25:06.912580 10440 processor.cc:898] Processor: complete processing batch 42e97b85-c4f9-4595-8cb3-402211db67eb into model nwt
I0929 14:25:06.912580 10440 cuckoo_watch.h:45] 45ms in ProcessBatch(school_batches\aaaaad.batch) [including 2ms in LoadMessage; 1ms in InitializeSparseNdw; 11ms in InferThetaAndUpdateNwtSparse; 12ms in CalculateScore(PerplexityScore); 2ms in CalculateScore(SparsityThetaScore); 13ms in CalculateScore(^^^ItemsProcessedScore^^^); ]
I0929 14:25:06.928237  4496 processor.cc:898] Processor: complete processing batch 6a4af50c-1d40-4968-a73a-29c46d4580d1 into model nwt
I0929 14:25:06.928237  4496 cuckoo_watch.h:45] 58ms in ProcessBatch(school_batches\aaaaae.batch) [including 3ms in LoadMessage; 1ms in InitializeSparseNdw; 15ms in InferThetaAndUpdateNwtSparse; 17ms in CalculateScore(PerplexityScore); 4ms in CalculateScore(SparsityThetaScore); 13ms in CalculateScore(^^^ItemsProcessedScore^^^); ]
I0929 14:25:06.928237   432 processor.cc:898] Processor: complete processing batch 0580594d-f7bc-44d3-ac2b-5dd3a217f3c1 into model nwt
I0929 14:25:06.928237   432 cuckoo_watch.h:45] 61ms in ProcessBatch(school_batches\aaaaac.batch) [including 4ms in LoadMessage; 1ms in InitializeSparseNdw; 16ms in InferThetaAndUpdateNwtSparse; 19ms in CalculateScore(PerplexityScore); 4ms in CalculateScore(SparsityThetaScore); 13ms in CalculateScore(^^^ItemsProcessedScore^^^); ]
I0929 14:25:06.944110 13884 master_component.cc:1378] RegularizeModelArgs: rwt_target_name=rwt, pwt_source_name=pwt, nwt_source_name=nwt
I0929 14:25:06.944110 13884 master_component.cc:922] MasterComponent: start regularizing model pwt
I0929 14:25:06.990689 13884 master_component.cc:948] MasterComponent: complete regularizing model pwt
I0929 14:25:06.990689 13884 master_component.cc:1391] NormalizeModelArgs: pwt_target_name=pwt, nwt_source_name=nwt, rwt_source_name=rwt
I0929 14:25:06.990689 13884 master_component.cc:952] MasterComponent: start normalizing model nwt
I0929 14:25:07.006311  9948 processor.cc:717] No data in processing queue, waiting...
I0929 14:25:07.021932  3236 processor.cc:717] No data in processing queue, waiting...
I0929 14:25:07.021932 13904 processor.cc:717] No data in processing queue, waiting...
I0929 14:25:07.021932 13884 master_component.cc:980] MasterComponent: complete normalizing model nwt
I0929 14:25:07.037551 13884 master_component.cc:1415] DisposeModel rwt
I0929 14:25:07.037551 13884 master_component.cc:1005] FitOffline: ItemsProcessed, num_items=475, num_batches=5, token_weight=160064, token_weight_in_effect=160064
I0929 14:25:07.037551 12548 c_interface.cc:559] Pass GetScoreValueArgs, score_name=^^^ItemsProcessedScore^^^ to MasterComponent::Request
I0929 14:25:07.037551 12548 c_interface.cc:230] ArtmCopyRequestedMessage is copying 46 bytes...
I0929 14:25:07.037551 13884 c_interface.cc:386] Pass FitOfflineMasterModelArgs, batch_filename_size=5, batch_weight_size=5, num_collection_passes=1 to void (__cdecl artm::core::MasterComponent::*)(class artm::FitOfflineMasterModelArgs const & __ptr64) __ptr64
I0929 14:25:07.037551 13884 master_component.cc:1340] ProcessBatchesArgs: nwt_target_name=nwt, batch_filename_size=5, batch_size=0, batch_weight_size=5, pwt_source_name=pwt, num_document_passes=1, regularizer=(name:SparsePhi, tau:-100), class=(text:1), reuse_theta=yes, opt_for_avx=yes, predict_class_id=
I0929 14:25:07.084673  3236 processor.cc:724] Processing queue has data, processing started
I0929 14:25:07.084673  9948 processor.cc:724] Processing queue has data, processing started
I0929 14:25:07.084673  9948 processor.cc:802] Processor: start processing batch 6a4af50c-1d40-4968-a73a-29c46d4580d1 into model nwt
I0929 14:25:07.084673 18040 processor.cc:802] Processor: start processing batch 42e97b85-c4f9-4595-8cb3-402211db67eb into model nwt
I0929 14:25:07.084673  3240 processor.cc:802] Processor: start processing batch b3d2eaf6-16f4-4711-8da3-cd6d21d6db5a into model nwt
I0929 14:25:07.084673  3236 processor.cc:802] Processor: start processing batch f2b01c28-a91b-48f5-a3c5-c0f8f6a45836 into model nwt
I0929 14:25:07.084673   432 processor.cc:802] Processor: start processing batch 0580594d-f7bc-44d3-ac2b-5dd3a217f3c1 into model nwt
I0929 14:25:07.131280   432 processor.cc:898] Processor: complete processing batch 0580594d-f7bc-44d3-ac2b-5dd3a217f3c1 into model nwt
I0929 14:25:07.131280   432 cuckoo_watch.h:45] 47ms in ProcessBatch(school_batches\aaaaac.batch) [including 4ms in LoadMessage; 1ms in InitializeSparseNdw; 11ms in InferThetaAndUpdateNwtSparse; 15ms in CalculateScore(PerplexityScore); 3ms in CalculateScore(SparsityThetaScore); 9ms in CalculateScore(^^^ItemsProcessedScore^^^); ]
I0929 14:25:07.131280  3240 processor.cc:898] Processor: complete processing batch b3d2eaf6-16f4-4711-8da3-cd6d21d6db5a into model nwt
I0929 14:25:07.131280  3240 cuckoo_watch.h:45] 48ms in ProcessBatch(school_batches\aaaaab.batch) [including 3ms in LoadMessage; 1ms in InitializeSparseNdw; 11ms in InferThetaAndUpdateNwtSparse; 12ms in CalculateScore(PerplexityScore); 3ms in CalculateScore(SparsityThetaScore); 14ms in CalculateScore(^^^ItemsProcessedScore^^^); ]
I0929 14:25:07.131280  9948 processor.cc:898] Processor: complete processing batch 6a4af50c-1d40-4968-a73a-29c46d4580d1 into model nwt
I0929 14:25:07.131280  3236 processor.cc:898] Processor: complete processing batch f2b01c28-a91b-48f5-a3c5-c0f8f6a45836 into model nwt
I0929 14:25:07.131280  9948 cuckoo_watch.h:45] 51ms in ProcessBatch(school_batches\aaaaae.batch) [including 2ms in LoadMessage; 1ms in InitializeSparseNdw; 15ms in InferThetaAndUpdateNwtSparse; 15ms in CalculateScore(PerplexityScore); 4ms in CalculateScore(SparsityThetaScore); 10ms in CalculateScore(^^^ItemsProcessedScore^^^); ]
I0929 14:25:07.131280  3236 cuckoo_watch.h:45] 52ms in ProcessBatch(school_batches\aaaaaa.batch) [including 4ms in LoadMessage; 1ms in InitializeSparseNdw; 10ms in InferThetaAndUpdateNwtSparse; 16ms in CalculateScore(PerplexityScore); 4ms in CalculateScore(SparsityThetaScore); 12ms in CalculateScore(^^^ItemsProcessedScore^^^); ]
I0929 14:25:07.131280 18040 processor.cc:898] Processor: complete processing batch 42e97b85-c4f9-4595-8cb3-402211db67eb into model nwt
I0929 14:25:07.131280 18040 cuckoo_watch.h:45] 53ms in ProcessBatch(school_batches\aaaaad.batch) [including 2ms in LoadMessage; 1ms in InitializeSparseNdw; 14ms in InferThetaAndUpdateNwtSparse; 16ms in CalculateScore(PerplexityScore); 4ms in CalculateScore(SparsityThetaScore); 11ms in CalculateScore(^^^ItemsProcessedScore^^^); ]
I0929 14:25:07.147469 13884 master_component.cc:1378] RegularizeModelArgs: rwt_target_name=rwt, pwt_source_name=pwt, nwt_source_name=nwt
I0929 14:25:07.147469 13884 master_component.cc:922] MasterComponent: start regularizing model pwt
I0929 14:25:07.193763 13884 master_component.cc:948] MasterComponent: complete regularizing model pwt
I0929 14:25:07.193763 13884 master_component.cc:1391] NormalizeModelArgs: pwt_target_name=pwt, nwt_source_name=nwt, rwt_source_name=rwt
I0929 14:25:07.193763 13884 master_component.cc:952] MasterComponent: start normalizing model nwt
I0929 14:25:07.225006 10440 processor.cc:717] No data in processing queue, waiting...
I0929 14:25:07.225006 13884 master_component.cc:980] MasterComponent: complete normalizing model nwt
I0929 14:25:07.240628  4496 processor.cc:717] No data in processing queue, waiting...
I0929 14:25:07.240628 13884 master_component.cc:1415] DisposeModel rwt
I0929 14:25:07.240628 13884 master_component.cc:1005] FitOffline: ItemsProcessed, num_items=475, num_batches=5, token_weight=160064, token_weight_in_effect=160064
I0929 14:25:07.240628 12548 c_interface.cc:559] Pass GetScoreValueArgs, score_name=^^^ItemsProcessedScore^^^ to MasterComponent::Request
I0929 14:25:07.240628 12548 c_interface.cc:230] ArtmCopyRequestedMessage is copying 46 bytes...
I0929 14:25:07.240628 13884 c_interface.cc:386] Pass FitOfflineMasterModelArgs, batch_filename_size=5, batch_weight_size=5, num_collection_passes=1 to void (__cdecl artm::core::MasterComponent::*)(class artm::FitOfflineMasterModelArgs const & __ptr64) __ptr64
I0929 14:25:07.240628 13884 master_component.cc:1340] ProcessBatchesArgs: nwt_target_name=nwt, batch_filename_size=5, batch_size=0, batch_weight_size=5, pwt_source_name=pwt, num_document_passes=1, regularizer=(name:SparsePhi, tau:-100), class=(text:1), reuse_theta=yes, opt_for_avx=yes, predict_class_id=
I0929 14:25:07.287508 13904 processor.cc:724] Processing queue has data, processing started
I0929 14:25:07.287508 13904 processor.cc:802] Processor: start processing batch 6a4af50c-1d40-4968-a73a-29c46d4580d1 into model nwt
I0929 14:25:07.287508  9948 processor.cc:802] Processor: start processing batch b3d2eaf6-16f4-4711-8da3-cd6d21d6db5a into model nwt
I0929 14:25:07.287508   432 processor.cc:802] Processor: start processing batch 0580594d-f7bc-44d3-ac2b-5dd3a217f3c1 into model nwt
I0929 14:25:07.287508  3236 processor.cc:802] Processor: start processing batch 42e97b85-c4f9-4595-8cb3-402211db67eb into model nwt
I0929 14:25:07.287508  3240 processor.cc:802] Processor: start processing batch f2b01c28-a91b-48f5-a3c5-c0f8f6a45836 into model nwt
I0929 14:25:07.318735 13904 processor.cc:898] Processor: complete processing batch 6a4af50c-1d40-4968-a73a-29c46d4580d1 into model nwt
I0929 14:25:07.318735 13904 cuckoo_watch.h:45] 37ms in ProcessBatch(school_batches\aaaaae.batch) [including 2ms in LoadMessage; 0ms in InitializeSparseNdw; 10ms in InferThetaAndUpdateNwtSparse; 10ms in CalculateScore(PerplexityScore); 2ms in CalculateScore(SparsityThetaScore); 9ms in CalculateScore(^^^ItemsProcessedScore^^^); ]
I0929 14:25:07.318735  9948 processor.cc:898] Processor: complete processing batch b3d2eaf6-16f4-4711-8da3-cd6d21d6db5a into model nwt
I0929 14:25:07.318735   432 processor.cc:898] Processor: complete processing batch 0580594d-f7bc-44d3-ac2b-5dd3a217f3c1 into model nwt
I0929 14:25:07.318735  9948 cuckoo_watch.h:45] 40ms in ProcessBatch(school_batches\aaaaab.batch) [including 2ms in LoadMessage; 1ms in InitializeSparseNdw; 10ms in InferThetaAndUpdateNwtSparse; 12ms in CalculateScore(PerplexityScore); 2ms in CalculateScore(SparsityThetaScore); 9ms in CalculateScore(^^^ItemsProcessedScore^^^); ]
I0929 14:25:07.318735   432 cuckoo_watch.h:45] 40ms in ProcessBatch(school_batches\aaaaac.batch) [including 2ms in LoadMessage; 1ms in InitializeSparseNdw; 10ms in InferThetaAndUpdateNwtSparse; 12ms in CalculateScore(PerplexityScore); 2ms in CalculateScore(SparsityThetaScore); 9ms in CalculateScore(^^^ItemsProcessedScore^^^); ]
I0929 14:25:07.334357  3240 processor.cc:898] Processor: complete processing batch f2b01c28-a91b-48f5-a3c5-c0f8f6a45836 into model nwt
I0929 14:25:07.334357  3236 processor.cc:898] Processor: complete processing batch 42e97b85-c4f9-4595-8cb3-402211db67eb into model nwt
I0929 14:25:07.334357  3240 cuckoo_watch.h:45] 55ms in ProcessBatch(school_batches\aaaaaa.batch) [including 4ms in LoadMessage; 1ms in InitializeSparseNdw; 15ms in InferThetaAndUpdateNwtSparse; 17ms in CalculateScore(PerplexityScore); 4ms in CalculateScore(SparsityThetaScore); 10ms in CalculateScore(^^^ItemsProcessedScore^^^); ]
I0929 14:25:07.334357  3236 cuckoo_watch.h:45] 55ms in ProcessBatch(school_batches\aaaaad.batch) [including 4ms in LoadMessage; 1ms in InitializeSparseNdw; 16ms in InferThetaAndUpdateNwtSparse; 17ms in CalculateScore(PerplexityScore); 4ms in CalculateScore(SparsityThetaScore); 9ms in CalculateScore(^^^ItemsProcessedScore^^^); ]
I0929 14:25:07.349989 13884 master_component.cc:1378] RegularizeModelArgs: rwt_target_name=rwt, pwt_source_name=pwt, nwt_source_name=nwt
I0929 14:25:07.349989 13884 master_component.cc:922] MasterComponent: start regularizing model pwt
I0929 14:25:07.412463 13884 master_component.cc:948] MasterComponent: complete regularizing model pwt
I0929 14:25:07.412463 13884 master_component.cc:1391] NormalizeModelArgs: pwt_target_name=pwt, nwt_source_name=nwt, rwt_source_name=rwt
I0929 14:25:07.412463 13884 master_component.cc:952] MasterComponent: start normalizing model nwt
I0929 14:25:07.443708 18040 processor.cc:717] No data in processing queue, waiting...
I0929 14:25:07.443708 13884 master_component.cc:980] MasterComponent: complete normalizing model nwt
I0929 14:25:07.459327 13884 master_component.cc:1415] DisposeModel rwt
I0929 14:25:07.459327 13884 master_component.cc:1005] FitOffline: ItemsProcessed, num_items=475, num_batches=5, token_weight=160064, token_weight_in_effect=160064
I0929 14:25:07.459327 12548 c_interface.cc:559] Pass GetScoreValueArgs, score_name=^^^ItemsProcessedScore^^^ to MasterComponent::Request
I0929 14:25:07.459327 12548 c_interface.cc:230] ArtmCopyRequestedMessage is copying 46 bytes...
I0929 14:25:07.459327 13884 c_interface.cc:386] Pass FitOfflineMasterModelArgs, batch_filename_size=5, batch_weight_size=5, num_collection_passes=1 to void (__cdecl artm::core::MasterComponent::*)(class artm::FitOfflineMasterModelArgs const & __ptr64) __ptr64
I0929 14:25:07.459327 13884 master_component.cc:1340] ProcessBatchesArgs: nwt_target_name=nwt, batch_filename_size=5, batch_size=0, batch_weight_size=5, pwt_source_name=pwt, num_document_passes=1, regularizer=(name:SparsePhi, tau:-100), class=(text:1), reuse_theta=yes, opt_for_avx=yes, predict_class_id=
I0929 14:25:07.490829 18040 processor.cc:724] Processing queue has data, processing started
I0929 14:25:07.490829   432 processor.cc:802] Processor: start processing batch 42e97b85-c4f9-4595-8cb3-402211db67eb into model nwt
I0929 14:25:07.490829  3240 processor.cc:802] Processor: start processing batch b3d2eaf6-16f4-4711-8da3-cd6d21d6db5a into model nwt
I0929 14:25:07.490829 18040 processor.cc:802] Processor: start processing batch 6a4af50c-1d40-4968-a73a-29c46d4580d1 into model nwt
I0929 14:25:07.490829  3236 processor.cc:802] Processor: start processing batch f2b01c28-a91b-48f5-a3c5-c0f8f6a45836 into model nwt
I0929 14:25:07.490829  9948 processor.cc:802] Processor: start processing batch 0580594d-f7bc-44d3-ac2b-5dd3a217f3c1 into model nwt
I0929 14:25:07.521812 18040 processor.cc:898] Processor: complete processing batch 6a4af50c-1d40-4968-a73a-29c46d4580d1 into model nwt
I0929 14:25:07.521812 18040 cuckoo_watch.h:45] 39ms in ProcessBatch(school_batches\aaaaae.batch) [including 2ms in LoadMessage; 0ms in InitializeSparseNdw; 10ms in InferThetaAndUpdateNwtSparse; 10ms in CalculateScore(PerplexityScore); 2ms in CalculateScore(SparsityThetaScore); 11ms in CalculateScore(^^^ItemsProcessedScore^^^); ]
I0929 14:25:07.521812   432 processor.cc:898] Processor: complete processing batch 42e97b85-c4f9-4595-8cb3-402211db67eb into model nwt
I0929 14:25:07.521812   432 cuckoo_watch.h:45] 42ms in ProcessBatch(school_batches\aaaaad.batch) [including 2ms in LoadMessage; 1ms in InitializeSparseNdw; 10ms in InferThetaAndUpdateNwtSparse; 11ms in CalculateScore(PerplexityScore); 2ms in CalculateScore(SparsityThetaScore); 12ms in CalculateScore(^^^ItemsProcessedScore^^^); ]
I0929 14:25:07.521812  3240 processor.cc:898] Processor: complete processing batch b3d2eaf6-16f4-4711-8da3-cd6d21d6db5a into model nwt
I0929 14:25:07.521812  3240 cuckoo_watch.h:45] 44ms in ProcessBatch(school_batches\aaaaab.batch) [including 2ms in LoadMessage; 1ms in InitializeSparseNdw; 10ms in InferThetaAndUpdateNwtSparse; 16ms in CalculateScore(PerplexityScore); 2ms in CalculateScore(SparsityThetaScore); 9ms in CalculateScore(^^^ItemsProcessedScore^^^); ]
I0929 14:25:07.537434  9948 processor.cc:898] Processor: complete processing batch 0580594d-f7bc-44d3-ac2b-5dd3a217f3c1 into model nwt
I0929 14:25:07.537434  9948 cuckoo_watch.h:45] 53ms in ProcessBatch(school_batches\aaaaac.batch) [including 4ms in LoadMessage; 1ms in InitializeSparseNdw; 14ms in InferThetaAndUpdateNwtSparse; 12ms in CalculateScore(PerplexityScore); 4ms in CalculateScore(SparsityThetaScore); 14ms in CalculateScore(^^^ItemsProcessedScore^^^); ]
I0929 14:25:07.537434  3236 processor.cc:898] Processor: complete processing batch f2b01c28-a91b-48f5-a3c5-c0f8f6a45836 into model nwt
I0929 14:25:07.537434  3236 cuckoo_watch.h:45] 56ms in ProcessBatch(school_batches\aaaaaa.batch) [including 4ms in LoadMessage; 1ms in InitializeSparseNdw; 16ms in InferThetaAndUpdateNwtSparse; 17ms in CalculateScore(PerplexityScore); 4ms in CalculateScore(SparsityThetaScore); 11ms in CalculateScore(^^^ItemsProcessedScore^^^); ]
I0929 14:25:07.553063 13884 master_component.cc:1378] RegularizeModelArgs: rwt_target_name=rwt, pwt_source_name=pwt, nwt_source_name=nwt
I0929 14:25:07.553063 13884 master_component.cc:922] MasterComponent: start regularizing model pwt
I0929 14:25:07.599920 13884 master_component.cc:948] MasterComponent: complete regularizing model pwt
I0929 14:25:07.599920 13884 master_component.cc:1391] NormalizeModelArgs: pwt_target_name=pwt, nwt_source_name=nwt, rwt_source_name=rwt
I0929 14:25:07.599920 13884 master_component.cc:952] MasterComponent: start normalizing model nwt
I0929 14:25:07.615578 13904 processor.cc:717] No data in processing queue, waiting...
I0929 14:25:07.631227 13884 master_component.cc:980] MasterComponent: complete normalizing model nwt
I0929 14:25:07.646848 13884 master_component.cc:1415] DisposeModel rwt
I0929 14:25:07.646848 13884 master_component.cc:1005] FitOffline: ItemsProcessed, num_items=475, num_batches=5, token_weight=160064, token_weight_in_effect=160064
I0929 14:25:07.646848 12548 c_interface.cc:559] Pass GetScoreValueArgs, score_name=^^^ItemsProcessedScore^^^ to MasterComponent::Request
I0929 14:25:07.646848 12548 c_interface.cc:230] ArtmCopyRequestedMessage is copying 46 bytes...
I0929 14:25:07.646848 13884 c_interface.cc:386] Pass FitOfflineMasterModelArgs, batch_filename_size=5, batch_weight_size=5, num_collection_passes=1 to void (__cdecl artm::core::MasterComponent::*)(class artm::FitOfflineMasterModelArgs const & __ptr64) __ptr64
I0929 14:25:07.646848 13884 master_component.cc:1340] ProcessBatchesArgs: nwt_target_name=nwt, batch_filename_size=5, batch_size=0, batch_weight_size=5, pwt_source_name=pwt, num_document_passes=1, regularizer=(name:SparsePhi, tau:-100), class=(text:1), reuse_theta=yes, opt_for_avx=yes, predict_class_id=
I0929 14:25:07.694039 10440 processor.cc:724] Processing queue has data, processing started
I0929 14:25:07.694039  4496 processor.cc:724] Processing queue has data, processing started
I0929 14:25:07.694039  9948 processor.cc:802] Processor: start processing batch 42e97b85-c4f9-4595-8cb3-402211db67eb into model nwt
I0929 14:25:07.694039  4496 processor.cc:802] Processor: start processing batch 6a4af50c-1d40-4968-a73a-29c46d4580d1 into model nwt
I0929 14:25:07.694039 18040 processor.cc:802] Processor: start processing batch b3d2eaf6-16f4-4711-8da3-cd6d21d6db5a into model nwt
I0929 14:25:07.694039  3240 processor.cc:802] Processor: start processing batch f2b01c28-a91b-48f5-a3c5-c0f8f6a45836 into model nwt
I0929 14:25:07.694039 10440 processor.cc:802] Processor: start processing batch 0580594d-f7bc-44d3-ac2b-5dd3a217f3c1 into model nwt
I0929 14:25:07.724890  4496 processor.cc:898] Processor: complete processing batch 6a4af50c-1d40-4968-a73a-29c46d4580d1 into model nwt
I0929 14:25:07.724890  4496 cuckoo_watch.h:45] 38ms in ProcessBatch(school_batches\aaaaae.batch) [including 2ms in LoadMessage; 0ms in InitializeSparseNdw; 10ms in InferThetaAndUpdateNwtSparse; 11ms in CalculateScore(PerplexityScore); 2ms in CalculateScore(SparsityThetaScore); 9ms in CalculateScore(^^^ItemsProcessedScore^^^); ]
I0929 14:25:07.724890 10440 processor.cc:898] Processor: complete processing batch 0580594d-f7bc-44d3-ac2b-5dd3a217f3c1 into model nwt
I0929 14:25:07.724890 10440 cuckoo_watch.h:45] 43ms in ProcessBatch(school_batches\aaaaac.batch) [including 4ms in LoadMessage; 1ms in InitializeSparseNdw; 11ms in InferThetaAndUpdateNwtSparse; 11ms in CalculateScore(PerplexityScore); 2ms in CalculateScore(SparsityThetaScore); 9ms in CalculateScore(^^^ItemsProcessedScore^^^); ]
I0929 14:25:07.740511 18040 processor.cc:898] Processor: complete processing batch b3d2eaf6-16f4-4711-8da3-cd6d21d6db5a into model nwt
I0929 14:25:07.740511 18040 cuckoo_watch.h:45] 49ms in ProcessBatch(school_batches\aaaaab.batch) [including 2ms in LoadMessage; 1ms in InitializeSparseNdw; 14ms in InferThetaAndUpdateNwtSparse; 16ms in CalculateScore(PerplexityScore); 2ms in CalculateScore(SparsityThetaScore); 9ms in CalculateScore(^^^ItemsProcessedScore^^^); ]
I0929 14:25:07.740511  3240 processor.cc:898] Processor: complete processing batch f2b01c28-a91b-48f5-a3c5-c0f8f6a45836 into model nwt
I0929 14:25:07.740511  3240 cuckoo_watch.h:45] 50ms in ProcessBatch(school_batches\aaaaaa.batch) [including 4ms in LoadMessage; 1ms in InitializeSparseNdw; 13ms in InferThetaAndUpdateNwtSparse; 11ms in CalculateScore(PerplexityScore); 4ms in CalculateScore(SparsityThetaScore); 13ms in CalculateScore(^^^ItemsProcessedScore^^^); ]
I0929 14:25:07.740511  9948 processor.cc:898] Processor: complete processing batch 42e97b85-c4f9-4595-8cb3-402211db67eb into model nwt
I0929 14:25:07.740511  9948 cuckoo_watch.h:45] 51ms in ProcessBatch(school_batches\aaaaad.batch) [including 2ms in LoadMessage; 1ms in InitializeSparseNdw; 11ms in InferThetaAndUpdateNwtSparse; 17ms in CalculateScore(PerplexityScore); 4ms in CalculateScore(SparsityThetaScore); 13ms in CalculateScore(^^^ItemsProcessedScore^^^); ]
I0929 14:25:07.756386 13884 master_component.cc:1378] RegularizeModelArgs: rwt_target_name=rwt, pwt_source_name=pwt, nwt_source_name=nwt
I0929 14:25:07.756386 13884 master_component.cc:922] MasterComponent: start regularizing model pwt
I0929 14:25:07.803032 13884 master_component.cc:948] MasterComponent: complete regularizing model pwt
I0929 14:25:07.803032 13884 master_component.cc:1391] NormalizeModelArgs: pwt_target_name=pwt, nwt_source_name=nwt, rwt_source_name=rwt
I0929 14:25:07.803032 13884 master_component.cc:952] MasterComponent: start normalizing model nwt
I0929 14:25:07.818683   432 processor.cc:717] No data in processing queue, waiting...
I0929 14:25:07.834240  3236 processor.cc:717] No data in processing queue, waiting...
I0929 14:25:07.834240 13884 master_component.cc:980] MasterComponent: complete normalizing model nwt
I0929 14:25:07.849925 13884 master_component.cc:1415] DisposeModel rwt
I0929 14:25:07.849925 13884 master_component.cc:1005] FitOffline: ItemsProcessed, num_items=475, num_batches=5, token_weight=160064, token_weight_in_effect=160064
I0929 14:25:07.849925 12548 c_interface.cc:559] Pass GetScoreValueArgs, score_name=^^^ItemsProcessedScore^^^ to MasterComponent::Request
I0929 14:25:07.849925 12548 c_interface.cc:230] ArtmCopyRequestedMessage is copying 46 bytes...
I0929 14:25:07.849925 13884 c_interface.cc:386] Pass FitOfflineMasterModelArgs, batch_filename_size=5, batch_weight_size=5, num_collection_passes=1 to void (__cdecl artm::core::MasterComponent::*)(class artm::FitOfflineMasterModelArgs const & __ptr64) __ptr64
I0929 14:25:07.849925 13884 master_component.cc:1340] ProcessBatchesArgs: nwt_target_name=nwt, batch_filename_size=5, batch_size=0, batch_weight_size=5, pwt_source_name=pwt, num_document_passes=1, regularizer=(name:SparsePhi, tau:-100), class=(text:1), reuse_theta=yes, opt_for_avx=yes, predict_class_id=
I0929 14:25:07.897322  3236 processor.cc:724] Processing queue has data, processing started
I0929 14:25:07.897322  3236 processor.cc:802] Processor: start processing batch 42e97b85-c4f9-4595-8cb3-402211db67eb into model nwt
I0929 14:25:07.897322  4496 processor.cc:802] Processor: start processing batch 6a4af50c-1d40-4968-a73a-29c46d4580d1 into model nwt
I0929 14:25:07.897322  3240 processor.cc:802] Processor: start processing batch f2b01c28-a91b-48f5-a3c5-c0f8f6a45836 into model nwt
I0929 14:25:07.897322  9948 processor.cc:802] Processor: start processing batch 0580594d-f7bc-44d3-ac2b-5dd3a217f3c1 into model nwt
I0929 14:25:07.897322 18040 processor.cc:802] Processor: start processing batch b3d2eaf6-16f4-4711-8da3-cd6d21d6db5a into model nwt
I0929 14:25:07.929301  4496 processor.cc:898] Processor: complete processing batch 6a4af50c-1d40-4968-a73a-29c46d4580d1 into model nwt
I0929 14:25:07.929301  4496 cuckoo_watch.h:45] 37ms in ProcessBatch(school_batches\aaaaae.batch) [including 2ms in LoadMessage; 0ms in InitializeSparseNdw; 10ms in InferThetaAndUpdateNwtSparse; 10ms in CalculateScore(PerplexityScore); 2ms in CalculateScore(SparsityThetaScore); 9ms in CalculateScore(^^^ItemsProcessedScore^^^); ]
I0929 14:25:07.937961  3240 processor.cc:898] Processor: complete processing batch f2b01c28-a91b-48f5-a3c5-c0f8f6a45836 into model nwt
I0929 14:25:07.937961  3240 cuckoo_watch.h:45] 43ms in ProcessBatch(school_batches\aaaaaa.batch) [including 2ms in LoadMessage; 1ms in InitializeSparseNdw; 10ms in InferThetaAndUpdateNwtSparse; 10ms in CalculateScore(PerplexityScore); 2ms in CalculateScore(SparsityThetaScore); 13ms in CalculateScore(^^^ItemsProcessedScore^^^); ]
I0929 14:25:07.937961  3236 processor.cc:898] Processor: complete processing batch 42e97b85-c4f9-4595-8cb3-402211db67eb into model nwt
I0929 14:25:07.937961  3236 cuckoo_watch.h:45] 44ms in ProcessBatch(school_batches\aaaaad.batch) [including 2ms in LoadMessage; 1ms in InitializeSparseNdw; 11ms in InferThetaAndUpdateNwtSparse; 11ms in CalculateScore(PerplexityScore); 2ms in CalculateScore(SparsityThetaScore); 14ms in CalculateScore(^^^ItemsProcessedScore^^^); ]
I0929 14:25:07.953649 18040 processor.cc:898] Processor: complete processing batch b3d2eaf6-16f4-4711-8da3-cd6d21d6db5a into model nwt
I0929 14:25:07.953649  9948 processor.cc:898] Processor: complete processing batch 0580594d-f7bc-44d3-ac2b-5dd3a217f3c1 into model nwt
I0929 14:25:07.953649 18040 cuckoo_watch.h:45] 59ms in ProcessBatch(school_batches\aaaaab.batch) [including 4ms in LoadMessage; 1ms in InitializeSparseNdw; 15ms in InferThetaAndUpdateNwtSparse; 18ms in CalculateScore(PerplexityScore); 4ms in CalculateScore(SparsityThetaScore); 13ms in CalculateScore(^^^ItemsProcessedScore^^^); ]
I0929 14:25:07.953649  9948 cuckoo_watch.h:45] 59ms in ProcessBatch(school_batches\aaaaac.batch) [including 4ms in LoadMessage; 1ms in InitializeSparseNdw; 16ms in InferThetaAndUpdateNwtSparse; 18ms in CalculateScore(PerplexityScore); 4ms in CalculateScore(SparsityThetaScore); 13ms in CalculateScore(^^^ItemsProcessedScore^^^); ]
I0929 14:25:07.969810 13884 master_component.cc:1378] RegularizeModelArgs: rwt_target_name=rwt, pwt_source_name=pwt, nwt_source_name=nwt
I0929 14:25:07.969810 13884 master_component.cc:922] MasterComponent: start regularizing model pwt
I0929 14:25:08.016132 13884 master_component.cc:948] MasterComponent: complete regularizing model pwt
I0929 14:25:08.016132 13884 master_component.cc:1391] NormalizeModelArgs: pwt_target_name=pwt, nwt_source_name=nwt, rwt_source_name=rwt
I0929 14:25:08.016132 13884 master_component.cc:952] MasterComponent: start normalizing model nwt
I0929 14:25:08.045312 10440 processor.cc:717] No data in processing queue, waiting...
I0929 14:25:08.045312 13884 master_component.cc:980] MasterComponent: complete normalizing model nwt
I0929 14:25:08.060935 13884 master_component.cc:1415] DisposeModel rwt
I0929 14:25:08.060935 13884 master_component.cc:1005] FitOffline: ItemsProcessed, num_items=475, num_batches=5, token_weight=160064, token_weight_in_effect=160064
I0929 14:25:08.060935 12548 c_interface.cc:559] Pass GetScoreValueArgs, score_name=^^^ItemsProcessedScore^^^ to MasterComponent::Request
I0929 14:25:08.060935 12548 c_interface.cc:230] ArtmCopyRequestedMessage is copying 46 bytes...
I0929 14:25:08.060935 13884 c_interface.cc:386] Pass FitOfflineMasterModelArgs, batch_filename_size=5, batch_weight_size=5, num_collection_passes=1 to void (__cdecl artm::core::MasterComponent::*)(class artm::FitOfflineMasterModelArgs const & __ptr64) __ptr64
I0929 14:25:08.060935 13884 master_component.cc:1340] ProcessBatchesArgs: nwt_target_name=nwt, batch_filename_size=5, batch_size=0, batch_weight_size=5, pwt_source_name=pwt, num_document_passes=1, regularizer=(name:SparsePhi, tau:-100), class=(text:1), reuse_theta=yes, opt_for_avx=yes, predict_class_id=
I0929 14:25:08.108258  4496 processor.cc:802] Processor: start processing batch 6a4af50c-1d40-4968-a73a-29c46d4580d1 into model nwt
I0929 14:25:08.108258  9948 processor.cc:802] Processor: start processing batch b3d2eaf6-16f4-4711-8da3-cd6d21d6db5a into model nwt
I0929 14:25:08.108258  3240 processor.cc:802] Processor: start processing batch f2b01c28-a91b-48f5-a3c5-c0f8f6a45836 into model nwt
I0929 14:25:08.108258 18040 processor.cc:802] Processor: start processing batch 0580594d-f7bc-44d3-ac2b-5dd3a217f3c1 into model nwt
I0929 14:25:08.108258  3236 processor.cc:802] Processor: start processing batch 42e97b85-c4f9-4595-8cb3-402211db67eb into model nwt
I0929 14:25:08.139041  4496 processor.cc:898] Processor: complete processing batch 6a4af50c-1d40-4968-a73a-29c46d4580d1 into model nwt
I0929 14:25:08.139041  4496 cuckoo_watch.h:45] 38ms in ProcessBatch(school_batches\aaaaae.batch) [including 2ms in LoadMessage; 0ms in InitializeSparseNdw; 10ms in InferThetaAndUpdateNwtSparse; 10ms in CalculateScore(PerplexityScore); 2ms in CalculateScore(SparsityThetaScore); 9ms in CalculateScore(^^^ItemsProcessedScore^^^); ]
I0929 14:25:08.139041  3240 processor.cc:898] Processor: complete processing batch f2b01c28-a91b-48f5-a3c5-c0f8f6a45836 into model nwt
I0929 14:25:08.139041  3240 cuckoo_watch.h:45] 39ms in ProcessBatch(school_batches\aaaaaa.batch) [including 2ms in LoadMessage; 1ms in InitializeSparseNdw; 10ms in InferThetaAndUpdateNwtSparse; 11ms in CalculateScore(PerplexityScore); 2ms in CalculateScore(SparsityThetaScore); 9ms in CalculateScore(^^^ItemsProcessedScore^^^); ]
I0929 14:25:08.139041  9948 processor.cc:898] Processor: complete processing batch b3d2eaf6-16f4-4711-8da3-cd6d21d6db5a into model nwt
I0929 14:25:08.139041  9948 cuckoo_watch.h:45] 40ms in ProcessBatch(school_batches\aaaaab.batch) [including 2ms in LoadMessage; 1ms in InitializeSparseNdw; 10ms in InferThetaAndUpdateNwtSparse; 11ms in CalculateScore(PerplexityScore); 2ms in CalculateScore(SparsityThetaScore); 9ms in CalculateScore(^^^ItemsProcessedScore^^^); ]
I0929 14:25:08.154662 18040 processor.cc:898] Processor: complete processing batch 0580594d-f7bc-44d3-ac2b-5dd3a217f3c1 into model nwt
I0929 14:25:08.154662  3236 processor.cc:898] Processor: complete processing batch 42e97b85-c4f9-4595-8cb3-402211db67eb into model nwt
I0929 14:25:08.154662 18040 cuckoo_watch.h:45] 56ms in ProcessBatch(school_batches\aaaaac.batch) [including 4ms in LoadMessage; 1ms in InitializeSparseNdw; 16ms in InferThetaAndUpdateNwtSparse; 18ms in CalculateScore(PerplexityScore); 4ms in CalculateScore(SparsityThetaScore); 9ms in CalculateScore(^^^ItemsProcessedScore^^^); ]
I0929 14:25:08.154662  3236 cuckoo_watch.h:45] 56ms in ProcessBatch(school_batches\aaaaad.batch) [including 4ms in LoadMessage; 1ms in InitializeSparseNdw; 16ms in InferThetaAndUpdateNwtSparse; 17ms in CalculateScore(PerplexityScore); 4ms in CalculateScore(SparsityThetaScore); 9ms in CalculateScore(^^^ItemsProcessedScore^^^); ]
I0929 14:25:08.170544 13884 master_component.cc:1378] RegularizeModelArgs: rwt_target_name=rwt, pwt_source_name=pwt, nwt_source_name=nwt
I0929 14:25:08.170544 13884 master_component.cc:922] MasterComponent: start regularizing model pwt
I0929 14:25:08.217147 13884 master_component.cc:948] MasterComponent: complete regularizing model pwt
I0929 14:25:08.217147 13884 master_component.cc:1391] NormalizeModelArgs: pwt_target_name=pwt, nwt_source_name=nwt, rwt_source_name=rwt
I0929 14:25:08.217147 13884 master_component.cc:952] MasterComponent: start normalizing model nwt
I0929 14:25:08.248390 13884 master_component.cc:980] MasterComponent: complete normalizing model nwt
I0929 14:25:08.264014 13884 master_component.cc:1415] DisposeModel rwt
I0929 14:25:08.264014 13884 master_component.cc:1005] FitOffline: ItemsProcessed, num_items=475, num_batches=5, token_weight=160064, token_weight_in_effect=160064
I0929 14:25:08.264014 12548 c_interface.cc:559] Pass GetScoreValueArgs, score_name=^^^ItemsProcessedScore^^^ to MasterComponent::Request
I0929 14:25:08.264014 12548 c_interface.cc:230] ArtmCopyRequestedMessage is copying 46 bytes...
I0929 14:25:08.264014 13884 c_interface.cc:386] Pass FitOfflineMasterModelArgs, batch_filename_size=5, batch_weight_size=5, num_collection_passes=1 to void (__cdecl artm::core::MasterComponent::*)(class artm::FitOfflineMasterModelArgs const & __ptr64) __ptr64
I0929 14:25:08.264014 13884 master_component.cc:1340] ProcessBatchesArgs: nwt_target_name=nwt, batch_filename_size=5, batch_size=0, batch_weight_size=5, pwt_source_name=pwt, num_document_passes=1, regularizer=(name:SparsePhi, tau:-100), class=(text:1), reuse_theta=yes, opt_for_avx=yes, predict_class_id=
I0929 14:25:08.326786 13904 processor.cc:724] Processing queue has data, processing started
I0929 14:25:08.326786 10440 processor.cc:724] Processing queue has data, processing started
I0929 14:25:08.326786 10440 processor.cc:802] Processor: start processing batch 42e97b85-c4f9-4595-8cb3-402211db67eb into model nwt
I0929 14:25:08.326786  3240 processor.cc:802] Processor: start processing batch 6a4af50c-1d40-4968-a73a-29c46d4580d1 into model nwt
I0929 14:25:08.326786  4496 processor.cc:802] Processor: start processing batch b3d2eaf6-16f4-4711-8da3-cd6d21d6db5a into model nwt
I0929 14:25:08.326786  3236 processor.cc:802] Processor: start processing batch f2b01c28-a91b-48f5-a3c5-c0f8f6a45836 into model nwt
I0929 14:25:08.326786 13904 processor.cc:802] Processor: start processing batch 0580594d-f7bc-44d3-ac2b-5dd3a217f3c1 into model nwt
I0929 14:25:08.357740  4496 processor.cc:898] Processor: complete processing batch b3d2eaf6-16f4-4711-8da3-cd6d21d6db5a into model nwt
I0929 14:25:08.357740  4496 cuckoo_watch.h:45] 46ms in ProcessBatch(school_batches\aaaaab.batch) [including 4ms in LoadMessage; 1ms in InitializeSparseNdw; 12ms in InferThetaAndUpdateNwtSparse; 13ms in CalculateScore(PerplexityScore); 2ms in CalculateScore(SparsityThetaScore); 9ms in CalculateScore(^^^ItemsProcessedScore^^^); ]
I0929 14:25:08.373395  3240 processor.cc:898] Processor: complete processing batch 6a4af50c-1d40-4968-a73a-29c46d4580d1 into model nwt
I0929 14:25:08.373395  3240 cuckoo_watch.h:45] 47ms in ProcessBatch(school_batches\aaaaae.batch) [including 4ms in LoadMessage; 0ms in InitializeSparseNdw; 12ms in InferThetaAndUpdateNwtSparse; 11ms in CalculateScore(PerplexityScore); 3ms in CalculateScore(SparsityThetaScore); 13ms in CalculateScore(^^^ItemsProcessedScore^^^); ]
I0929 14:25:08.373395  3236 processor.cc:898] Processor: complete processing batch f2b01c28-a91b-48f5-a3c5-c0f8f6a45836 into model nwt
I0929 14:25:08.373395  3236 cuckoo_watch.h:45] 53ms in ProcessBatch(school_batches\aaaaaa.batch) [including 4ms in LoadMessage; 1ms in InitializeSparseNdw; 12ms in InferThetaAndUpdateNwtSparse; 12ms in CalculateScore(PerplexityScore); 4ms in CalculateScore(SparsityThetaScore); 15ms in CalculateScore(^^^ItemsProcessedScore^^^); ]
I0929 14:25:08.373395 10440 processor.cc:898] Processor: complete processing batch 42e97b85-c4f9-4595-8cb3-402211db67eb into model nwt
I0929 14:25:08.373395 10440 cuckoo_watch.h:45] 55ms in ProcessBatch(school_batches\aaaaad.batch) [including 3ms in LoadMessage; 1ms in InitializeSparseNdw; 14ms in InferThetaAndUpdateNwtSparse; 17ms in CalculateScore(PerplexityScore); 4ms in CalculateScore(SparsityThetaScore); 12ms in CalculateScore(^^^ItemsProcessedScore^^^); ]
I0929 14:25:08.373395 13904 processor.cc:898] Processor: complete processing batch 0580594d-f7bc-44d3-ac2b-5dd3a217f3c1 into model nwt
I0929 14:25:08.373395 13904 cuckoo_watch.h:45] 56ms in ProcessBatch(school_batches\aaaaac.batch) [including 4ms in LoadMessage; 1ms in InitializeSparseNdw; 14ms in InferThetaAndUpdateNwtSparse; 17ms in CalculateScore(PerplexityScore); 4ms in CalculateScore(SparsityThetaScore); 12ms in CalculateScore(^^^ItemsProcessedScore^^^); ]
I0929 14:25:08.389004 13884 master_component.cc:1378] RegularizeModelArgs: rwt_target_name=rwt, pwt_source_name=pwt, nwt_source_name=nwt
I0929 14:25:08.389004 13884 master_component.cc:922] MasterComponent: start regularizing model pwt
I0929 14:25:08.435912  9948 processor.cc:717] No data in processing queue, waiting...
I0929 14:25:08.435912 13884 master_component.cc:948] MasterComponent: complete regularizing model pwt
I0929 14:25:08.435912 13884 master_component.cc:1391] NormalizeModelArgs: pwt_target_name=pwt, nwt_source_name=nwt, rwt_source_name=rwt
I0929 14:25:08.435912 13884 master_component.cc:952] MasterComponent: start normalizing model nwt
I0929 14:25:08.451506 18040 processor.cc:717] No data in processing queue, waiting...
I0929 14:25:08.467152 13884 master_component.cc:980] MasterComponent: complete normalizing model nwt
I0929 14:25:08.482774 13884 master_component.cc:1415] DisposeModel rwt
I0929 14:25:08.482774 13884 master_component.cc:1005] FitOffline: ItemsProcessed, num_items=475, num_batches=5, token_weight=160064, token_weight_in_effect=160064
I0929 14:25:08.482774 12548 c_interface.cc:559] Pass GetScoreValueArgs, score_name=^^^ItemsProcessedScore^^^ to MasterComponent::Request
I0929 14:25:08.482774 12548 c_interface.cc:230] ArtmCopyRequestedMessage is copying 46 bytes...
I0929 14:25:08.482774 13884 c_interface.cc:386] Pass FitOfflineMasterModelArgs, batch_filename_size=5, batch_weight_size=5, num_collection_passes=1 to void (__cdecl artm::core::MasterComponent::*)(class artm::FitOfflineMasterModelArgs const & __ptr64) __ptr64
I0929 14:25:08.482774 13884 master_component.cc:1340] ProcessBatchesArgs: nwt_target_name=nwt, batch_filename_size=5, batch_size=0, batch_weight_size=5, pwt_source_name=pwt, num_document_passes=1, regularizer=(name:SparsePhi, tau:-100), class=(text:1), reuse_theta=yes, opt_for_avx=yes, predict_class_id=
I0929 14:25:08.530148 18040 processor.cc:724] Processing queue has data, processing started
I0929 14:25:08.530148   432 processor.cc:724] Processing queue has data, processing started
I0929 14:25:08.530148   432 processor.cc:802] Processor: start processing batch 0580594d-f7bc-44d3-ac2b-5dd3a217f3c1 into model nwt
I0929 14:25:08.530148 10440 processor.cc:802] Processor: start processing batch 6a4af50c-1d40-4968-a73a-29c46d4580d1 into model nwt
I0929 14:25:08.530148  3240 processor.cc:802] Processor: start processing batch 42e97b85-c4f9-4595-8cb3-402211db67eb into model nwt
I0929 14:25:08.530148 18040 processor.cc:802] Processor: start processing batch f2b01c28-a91b-48f5-a3c5-c0f8f6a45836 into model nwt
I0929 14:25:08.530148  4496 processor.cc:802] Processor: start processing batch b3d2eaf6-16f4-4711-8da3-cd6d21d6db5a into model nwt
I0929 14:25:08.576439  4496 processor.cc:898] Processor: complete processing batch b3d2eaf6-16f4-4711-8da3-cd6d21d6db5a into model nwt
I0929 14:25:08.576439  4496 cuckoo_watch.h:45] 60ms in ProcessBatch(school_batches\aaaaab.batch) [including 9ms in LoadMessage; 3ms in InitializeSparseNdw; 17ms in InferThetaAndUpdateNwtSparse; 12ms in CalculateScore(PerplexityScore); 3ms in CalculateScore(SparsityThetaScore); 10ms in CalculateScore(^^^ItemsProcessedScore^^^); ]
I0929 14:25:08.592094   432 processor.cc:898] Processor: complete processing batch 0580594d-f7bc-44d3-ac2b-5dd3a217f3c1 into model nwt
I0929 14:25:08.592094   432 cuckoo_watch.h:45] 64ms in ProcessBatch(school_batches\aaaaac.batch) [including 6ms in LoadMessage; 3ms in InitializeSparseNdw; 23ms in InferThetaAndUpdateNwtSparse; 14ms in CalculateScore(PerplexityScore); 2ms in CalculateScore(SparsityThetaScore); 11ms in CalculateScore(^^^ItemsProcessedScore^^^); ]
I0929 14:25:08.592094 10440 processor.cc:898] Processor: complete processing batch 6a4af50c-1d40-4968-a73a-29c46d4580d1 into model nwt
I0929 14:25:08.592094 10440 cuckoo_watch.h:45] 66ms in ProcessBatch(school_batches\aaaaae.batch) [including 8ms in LoadMessage; 3ms in InitializeSparseNdw; 19ms in InferThetaAndUpdateNwtSparse; 15ms in CalculateScore(PerplexityScore); 4ms in CalculateScore(SparsityThetaScore); 11ms in CalculateScore(^^^ItemsProcessedScore^^^); ]
I0929 14:25:08.592094  3240 processor.cc:898] Processor: complete processing batch 42e97b85-c4f9-4595-8cb3-402211db67eb into model nwt
I0929 14:25:08.592094  3240 cuckoo_watch.h:45] 67ms in ProcessBatch(school_batches\aaaaad.batch) [including 9ms in LoadMessage; 3ms in InitializeSparseNdw; 21ms in InferThetaAndUpdateNwtSparse; 15ms in CalculateScore(PerplexityScore); 2ms in CalculateScore(SparsityThetaScore); 11ms in CalculateScore(^^^ItemsProcessedScore^^^); ]
I0929 14:25:08.592094 18040 processor.cc:898] Processor: complete processing batch f2b01c28-a91b-48f5-a3c5-c0f8f6a45836 into model nwt
I0929 14:25:08.592094 18040 cuckoo_watch.h:45] 69ms in ProcessBatch(school_batches\aaaaaa.batch) [including 9ms in LoadMessage; 3ms in InitializeSparseNdw; 21ms in InferThetaAndUpdateNwtSparse; 17ms in CalculateScore(PerplexityScore); 4ms in CalculateScore(SparsityThetaScore); 10ms in CalculateScore(^^^ItemsProcessedScore^^^); ]
I0929 14:25:08.607934 13884 master_component.cc:1378] RegularizeModelArgs: rwt_target_name=rwt, pwt_source_name=pwt, nwt_source_name=nwt
I0929 14:25:08.607934 13884 master_component.cc:922] MasterComponent: start regularizing model pwt
I0929 14:25:08.654609 13884 master_component.cc:948] MasterComponent: complete regularizing model pwt
I0929 14:25:08.654609 13884 master_component.cc:1391] NormalizeModelArgs: pwt_target_name=pwt, nwt_source_name=nwt, rwt_source_name=rwt
I0929 14:25:08.654609 13884 master_component.cc:952] MasterComponent: start normalizing model nwt
I0929 14:25:08.685853  3236 processor.cc:717] No data in processing queue, waiting...
I0929 14:25:08.685853 13904 processor.cc:717] No data in processing queue, waiting...
I0929 14:25:08.685853 13884 master_component.cc:980] MasterComponent: complete normalizing model nwt
I0929 14:25:08.701409 13884 master_component.cc:1415] DisposeModel rwt
I0929 14:25:08.701409 13884 master_component.cc:1005] FitOffline: ItemsProcessed, num_items=475, num_batches=5, token_weight=160064, token_weight_in_effect=160064
I0929 14:25:08.701409 12548 c_interface.cc:559] Pass GetScoreValueArgs, score_name=^^^ItemsProcessedScore^^^ to MasterComponent::Request
I0929 14:25:08.701409 12548 c_interface.cc:230] ArtmCopyRequestedMessage is copying 46 bytes...
I0929 14:25:08.701409 13884 c_interface.cc:386] Pass FitOfflineMasterModelArgs, batch_filename_size=5, batch_weight_size=5, num_collection_passes=1 to void (__cdecl artm::core::MasterComponent::*)(class artm::FitOfflineMasterModelArgs const & __ptr64) __ptr64
I0929 14:25:08.701409 13884 master_component.cc:1340] ProcessBatchesArgs: nwt_target_name=nwt, batch_filename_size=5, batch_size=0, batch_weight_size=5, pwt_source_name=pwt, num_document_passes=1, regularizer=(name:SparsePhi, tau:-100), class=(text:1), reuse_theta=yes, opt_for_avx=yes, predict_class_id=
I0929 14:25:08.748844  9948 processor.cc:724] Processing queue has data, processing started
I0929 14:25:08.748844  3236 processor.cc:724] Processing queue has data, processing started
I0929 14:25:08.748844 10440 processor.cc:802] Processor: start processing batch 42e97b85-c4f9-4595-8cb3-402211db67eb into model nwt
I0929 14:25:08.748844  3240 processor.cc:802] Processor: start processing batch 6a4af50c-1d40-4968-a73a-29c46d4580d1 into model nwt
I0929 14:25:08.748844  3236 processor.cc:802] Processor: start processing batch 0580594d-f7bc-44d3-ac2b-5dd3a217f3c1 into model nwt
I0929 14:25:08.748844 18040 processor.cc:802] Processor: start processing batch b3d2eaf6-16f4-4711-8da3-cd6d21d6db5a into model nwt
I0929 14:25:08.748844  9948 processor.cc:802] Processor: start processing batch f2b01c28-a91b-48f5-a3c5-c0f8f6a45836 into model nwt
I0929 14:25:08.779516  3240 processor.cc:898] Processor: complete processing batch 6a4af50c-1d40-4968-a73a-29c46d4580d1 into model nwt
I0929 14:25:08.779516  3240 cuckoo_watch.h:45] 38ms in ProcessBatch(school_batches\aaaaae.batch) [including 3ms in LoadMessage; 1ms in InitializeSparseNdw; 10ms in InferThetaAndUpdateNwtSparse; 10ms in CalculateScore(PerplexityScore); 2ms in CalculateScore(SparsityThetaScore); 9ms in CalculateScore(^^^ItemsProcessedScore^^^); ]
I0929 14:25:08.779516  9948 processor.cc:898] Processor: complete processing batch f2b01c28-a91b-48f5-a3c5-c0f8f6a45836 into model nwt
I0929 14:25:08.779516  9948 cuckoo_watch.h:45] 40ms in ProcessBatch(school_batches\aaaaaa.batch) [including 4ms in LoadMessage; 1ms in InitializeSparseNdw; 9ms in InferThetaAndUpdateNwtSparse; 11ms in CalculateScore(PerplexityScore); 2ms in CalculateScore(SparsityThetaScore); 10ms in CalculateScore(^^^ItemsProcessedScore^^^); ]
