I0929 12:59:57.168665  5020 c_interface.cc:559] Pass GetScoreValueArgs, score_name=^^^ItemsProcessedScore^^^ to MasterComponent::Request
I0929 12:59:57.168665  5020 c_interface.cc:230] ArtmCopyRequestedMessage is copying 46 bytes...
I0929 12:59:57.168665 15776 c_interface.cc:386] Pass FitOfflineMasterModelArgs, batch_filename_size=5, batch_weight_size=5, num_collection_passes=1 to void (__cdecl artm::core::MasterComponent::*)(class artm::FitOfflineMasterModelArgs const & __ptr64) __ptr64
I0929 12:59:57.168665 15776 master_component.cc:1340] ProcessBatchesArgs: nwt_target_name=nwt, batch_filename_size=5, batch_size=0, batch_weight_size=5, pwt_source_name=pwt, num_document_passes=1, class=(text:1), reuse_theta=yes, opt_for_avx=yes, predict_class_id=
I0929 12:59:57.201124  4104 processor.cc:724] Processing queue has data, processing started
I0929 12:59:57.201124  3164 processor.cc:802] Processor: start processing batch a3b79662-78c9-4a84-93ec-296f8ab0ce82 into model nwt
I0929 12:59:57.201124  4504 processor.cc:802] Processor: start processing batch 5ee4f08b-a3cc-484a-a125-d05ea514f6b8 into model nwt
I0929 12:59:57.201124 13944 processor.cc:802] Processor: start processing batch 5f8ed2ad-eff0-44fc-acc1-bff987d1bf55 into model nwt
I0929 12:59:57.201124  4104 processor.cc:802] Processor: start processing batch 08a6e9cc-52e3-4c3a-af89-41dc340b31a5 into model nwt
I0929 12:59:57.201124  2328 processor.cc:802] Processor: start processing batch 422084be-ef15-40e8-beac-d1eb08743b28 into model nwt
I0929 12:59:57.240607 13944 processor.cc:898] Processor: complete processing batch 5f8ed2ad-eff0-44fc-acc1-bff987d1bf55 into model nwt
I0929 12:59:57.240607 13944 cuckoo_watch.h:45] 43ms in ProcessBatch(school_batches\aaaaac.batch) [including 3ms in LoadMessage; 1ms in InitializeSparseNdw; 8ms in InferThetaAndUpdateNwtSparse; 12ms in CalculateScore(PerplexityScore); 2ms in CalculateScore(SparsityThetaScore); 13ms in CalculateScore(^^^ItemsProcessedScore^^^); ]
I0929 12:59:57.240607  4104 processor.cc:898] Processor: complete processing batch 08a6e9cc-52e3-4c3a-af89-41dc340b31a5 into model nwt
I0929 12:59:57.240607  4104 cuckoo_watch.h:45] 44ms in ProcessBatch(school_batches\aaaaad.batch) [including 3ms in LoadMessage; 1ms in InitializeSparseNdw; 8ms in InferThetaAndUpdateNwtSparse; 14ms in CalculateScore(PerplexityScore); 2ms in CalculateScore(SparsityThetaScore); 12ms in CalculateScore(^^^ItemsProcessedScore^^^); ]
I0929 12:59:57.240607  4504 processor.cc:898] Processor: complete processing batch 5ee4f08b-a3cc-484a-a125-d05ea514f6b8 into model nwt
I0929 12:59:57.240607  3164 processor.cc:898] Processor: complete processing batch a3b79662-78c9-4a84-93ec-296f8ab0ce82 into model nwt
I0929 12:59:57.240607  3164 cuckoo_watch.h:45] 46ms in ProcessBatch(school_batches\aaaaae.batch) [including 3ms in LoadMessage; 1ms in InitializeSparseNdw; 8ms in InferThetaAndUpdateNwtSparse; 13ms in CalculateScore(PerplexityScore); 4ms in CalculateScore(SparsityThetaScore); 13ms in CalculateScore(^^^ItemsProcessedScore^^^); ]
I0929 12:59:57.240607  4504 cuckoo_watch.h:45] 47ms in ProcessBatch(school_batches\aaaaaa.batch) [including 3ms in LoadMessage; 1ms in InitializeSparseNdw; 12ms in InferThetaAndUpdateNwtSparse; 13ms in CalculateScore(PerplexityScore); 3ms in CalculateScore(SparsityThetaScore); 10ms in CalculateScore(^^^ItemsProcessedScore^^^); ]
I0929 12:59:57.248642  2328 processor.cc:898] Processor: complete processing batch 422084be-ef15-40e8-beac-d1eb08743b28 into model nwt
I0929 12:59:57.248642  2328 cuckoo_watch.h:45] 50ms in ProcessBatch(school_batches\aaaaab.batch) [including 3ms in LoadMessage; 1ms in InitializeSparseNdw; 11ms in InferThetaAndUpdateNwtSparse; 15ms in CalculateScore(PerplexityScore); 4ms in CalculateScore(SparsityThetaScore); 11ms in CalculateScore(^^^ItemsProcessedScore^^^); ]
I0929 12:59:57.264604 15776 master_component.cc:1391] NormalizeModelArgs: pwt_target_name=pwt, nwt_source_name=nwt, rwt_source_name=
I0929 12:59:57.264604 15776 master_component.cc:952] MasterComponent: start normalizing model nwt
I0929 12:59:57.280642 16076 processor.cc:717] No data in processing queue, waiting...
I0929 12:59:57.288668 15776 master_component.cc:980] MasterComponent: complete normalizing model nwt
I0929 12:59:57.312604 15776 master_component.cc:1415] DisposeModel rwt
I0929 12:59:57.312604 15776 master_component.cc:1005] FitOffline: ItemsProcessed, num_items=475, num_batches=5, token_weight=160064, token_weight_in_effect=160064
I0929 12:59:57.312604  5020 c_interface.cc:559] Pass GetScoreValueArgs, score_name=^^^ItemsProcessedScore^^^ to MasterComponent::Request
I0929 12:59:57.312604  5020 c_interface.cc:230] ArtmCopyRequestedMessage is copying 46 bytes...
I0929 12:59:57.312604 15776 c_interface.cc:386] Pass FitOfflineMasterModelArgs, batch_filename_size=5, batch_weight_size=5, num_collection_passes=1 to void (__cdecl artm::core::MasterComponent::*)(class artm::FitOfflineMasterModelArgs const & __ptr64) __ptr64
I0929 12:59:57.312604 15776 master_component.cc:1340] ProcessBatchesArgs: nwt_target_name=nwt, batch_filename_size=5, batch_size=0, batch_weight_size=5, pwt_source_name=pwt, num_document_passes=1, class=(text:1), reuse_theta=yes, opt_for_avx=yes, predict_class_id=
I0929 12:59:57.345072 16076 processor.cc:724] Processing queue has data, processing started
I0929 12:59:57.345072 16076 processor.cc:802] Processor: start processing batch a3b79662-78c9-4a84-93ec-296f8ab0ce82 into model nwt
I0929 12:59:57.345072 11116 processor.cc:802] Processor: start processing batch 08a6e9cc-52e3-4c3a-af89-41dc340b31a5 into model nwt
I0929 12:59:57.345072  4104 processor.cc:802] Processor: start processing batch 5f8ed2ad-eff0-44fc-acc1-bff987d1bf55 into model nwt
I0929 12:59:57.345072 13944 processor.cc:802] Processor: start processing batch 5ee4f08b-a3cc-484a-a125-d05ea514f6b8 into model nwt
I0929 12:59:57.345072  4504 processor.cc:802] Processor: start processing batch 422084be-ef15-40e8-beac-d1eb08743b28 into model nwt
I0929 12:59:57.384603 11116 processor.cc:898] Processor: complete processing batch 08a6e9cc-52e3-4c3a-af89-41dc340b31a5 into model nwt
I0929 12:59:57.384603 16076 processor.cc:898] Processor: complete processing batch a3b79662-78c9-4a84-93ec-296f8ab0ce82 into model nwt
I0929 12:59:57.384603 13944 processor.cc:898] Processor: complete processing batch 5ee4f08b-a3cc-484a-a125-d05ea514f6b8 into model nwt
I0929 12:59:57.392606 11116 cuckoo_watch.h:45] 47ms in ProcessBatch(school_batches\aaaaad.batch) [including 2ms in LoadMessage; 1ms in InitializeSparseNdw; 12ms in InferThetaAndUpdateNwtSparse; 15ms in CalculateScore(PerplexityScore); 2ms in CalculateScore(SparsityThetaScore); 10ms in CalculateScore(^^^ItemsProcessedScore^^^); ]
I0929 12:59:57.392606 16076 cuckoo_watch.h:45] 48ms in ProcessBatch(school_batches\aaaaae.batch) [including 2ms in LoadMessage; 1ms in InitializeSparseNdw; 11ms in InferThetaAndUpdateNwtSparse; 15ms in CalculateScore(PerplexityScore); 2ms in CalculateScore(SparsityThetaScore); 11ms in CalculateScore(^^^ItemsProcessedScore^^^); ]
I0929 12:59:57.392606  4504 processor.cc:898] Processor: complete processing batch 422084be-ef15-40e8-beac-d1eb08743b28 into model nwt
I0929 12:59:57.392606 13944 cuckoo_watch.h:45] 48ms in ProcessBatch(school_batches\aaaaaa.batch) [including 4ms in LoadMessage; 1ms in InitializeSparseNdw; 8ms in InferThetaAndUpdateNwtSparse; 13ms in CalculateScore(PerplexityScore); 4ms in CalculateScore(SparsityThetaScore); 13ms in CalculateScore(^^^ItemsProcessedScore^^^); ]
I0929 12:59:57.392606  4504 cuckoo_watch.h:45] 49ms in ProcessBatch(school_batches\aaaaab.batch) [including 4ms in LoadMessage; 1ms in InitializeSparseNdw; 11ms in InferThetaAndUpdateNwtSparse; 13ms in CalculateScore(PerplexityScore); 2ms in CalculateScore(SparsityThetaScore); 13ms in CalculateScore(^^^ItemsProcessedScore^^^); ]
I0929 12:59:57.392606  4104 processor.cc:898] Processor: complete processing batch 5f8ed2ad-eff0-44fc-acc1-bff987d1bf55 into model nwt
I0929 12:59:57.392606  4104 cuckoo_watch.h:45] 52ms in ProcessBatch(school_batches\aaaaac.batch) [including 3ms in LoadMessage; 1ms in InitializeSparseNdw; 11ms in InferThetaAndUpdateNwtSparse; 18ms in CalculateScore(PerplexityScore); 2ms in CalculateScore(SparsityThetaScore); 13ms in CalculateScore(^^^ItemsProcessedScore^^^); ]
I0929 12:59:57.400976  3836 processor.cc:717] No data in processing queue, waiting...
I0929 12:59:57.400976 15776 master_component.cc:1391] NormalizeModelArgs: pwt_target_name=pwt, nwt_source_name=nwt, rwt_source_name=
I0929 12:59:57.400976 15776 master_component.cc:952] MasterComponent: start normalizing model nwt
I0929 12:59:57.424674 15776 master_component.cc:980] MasterComponent: complete normalizing model nwt
I0929 12:59:57.448606 15776 master_component.cc:1415] DisposeModel rwt
I0929 12:59:57.448606 15776 master_component.cc:1005] FitOffline: ItemsProcessed, num_items=475, num_batches=5, token_weight=160064, token_weight_in_effect=160064
I0929 12:59:57.448606  5020 c_interface.cc:559] Pass GetScoreValueArgs, score_name=^^^ItemsProcessedScore^^^ to MasterComponent::Request
I0929 12:59:57.448606  5020 c_interface.cc:230] ArtmCopyRequestedMessage is copying 46 bytes...
I0929 12:59:57.448606 15776 c_interface.cc:386] Pass FitOfflineMasterModelArgs, batch_filename_size=5, batch_weight_size=5, num_collection_passes=1 to void (__cdecl artm::core::MasterComponent::*)(class artm::FitOfflineMasterModelArgs const & __ptr64) __ptr64
I0929 12:59:57.448606 15776 master_component.cc:1340] ProcessBatchesArgs: nwt_target_name=nwt, batch_filename_size=5, batch_size=0, batch_weight_size=5, pwt_source_name=pwt, num_document_passes=1, class=(text:1), reuse_theta=yes, opt_for_avx=yes, predict_class_id=
I0929 12:59:57.485561  3836 processor.cc:724] Processing queue has data, processing started
I0929 12:59:57.485896  4504 processor.cc:802] Processor: start processing batch 422084be-ef15-40e8-beac-d1eb08743b28 into model nwt
I0929 12:59:57.485896 13944 processor.cc:802] Processor: start processing batch 08a6e9cc-52e3-4c3a-af89-41dc340b31a5 into model nwt
I0929 12:59:57.485896 16076 processor.cc:802] Processor: start processing batch 5f8ed2ad-eff0-44fc-acc1-bff987d1bf55 into model nwt
I0929 12:59:57.485896 11116 processor.cc:802] Processor: start processing batch a3b79662-78c9-4a84-93ec-296f8ab0ce82 into model nwt
I0929 12:59:57.485896  3836 processor.cc:802] Processor: start processing batch 5ee4f08b-a3cc-484a-a125-d05ea514f6b8 into model nwt
I0929 12:59:57.525894  3836 processor.cc:898] Processor: complete processing batch 5ee4f08b-a3cc-484a-a125-d05ea514f6b8 into model nwt
I0929 12:59:57.525894  3836 cuckoo_watch.h:45] 45ms in ProcessBatch(school_batches\aaaaaa.batch) [including 4ms in LoadMessage; 1ms in InitializeSparseNdw; 12ms in InferThetaAndUpdateNwtSparse; 11ms in CalculateScore(PerplexityScore); 3ms in CalculateScore(SparsityThetaScore); 9ms in CalculateScore(^^^ItemsProcessedScore^^^); ]
I0929 12:59:57.525894 16076 processor.cc:898] Processor: complete processing batch 5f8ed2ad-eff0-44fc-acc1-bff987d1bf55 into model nwt
I0929 12:59:57.525894 11116 processor.cc:898] Processor: complete processing batch a3b79662-78c9-4a84-93ec-296f8ab0ce82 into model nwt
I0929 12:59:57.525894  4504 processor.cc:898] Processor: complete processing batch 422084be-ef15-40e8-beac-d1eb08743b28 into model nwt
I0929 12:59:57.525894 13944 processor.cc:898] Processor: complete processing batch 08a6e9cc-52e3-4c3a-af89-41dc340b31a5 into model nwt
I0929 12:59:57.525894 16076 cuckoo_watch.h:45] 47ms in ProcessBatch(school_batches\aaaaac.batch) [including 4ms in LoadMessage; 1ms in InitializeSparseNdw; 8ms in InferThetaAndUpdateNwtSparse; 12ms in CalculateScore(PerplexityScore); 2ms in CalculateScore(SparsityThetaScore); 15ms in CalculateScore(^^^ItemsProcessedScore^^^); ]
I0929 12:59:57.533895 11116 cuckoo_watch.h:45] 48ms in ProcessBatch(school_batches\aaaaae.batch) [including 4ms in LoadMessage; 1ms in InitializeSparseNdw; 12ms in InferThetaAndUpdateNwtSparse; 9ms in CalculateScore(PerplexityScore); 3ms in CalculateScore(SparsityThetaScore); 13ms in CalculateScore(^^^ItemsProcessedScore^^^); ]
I0929 12:59:57.533895  3164 processor.cc:717] No data in processing queue, waiting...
I0929 12:59:57.533895  4504 cuckoo_watch.h:45] 48ms in ProcessBatch(school_batches\aaaaab.batch) [including 3ms in LoadMessage; 1ms in InitializeSparseNdw; 8ms in InferThetaAndUpdateNwtSparse; 16ms in CalculateScore(PerplexityScore); 4ms in CalculateScore(SparsityThetaScore); 12ms in CalculateScore(^^^ItemsProcessedScore^^^); ]
I0929 12:59:57.533895 13944 cuckoo_watch.h:45] 48ms in ProcessBatch(school_batches\aaaaad.batch) [including 3ms in LoadMessage; 1ms in InitializeSparseNdw; 9ms in InferThetaAndUpdateNwtSparse; 16ms in CalculateScore(PerplexityScore); 4ms in CalculateScore(SparsityThetaScore); 11ms in CalculateScore(^^^ItemsProcessedScore^^^); ]
I0929 12:59:57.550179  2328 processor.cc:717] No data in processing queue, waiting...
I0929 12:59:57.550179 15776 master_component.cc:1391] NormalizeModelArgs: pwt_target_name=pwt, nwt_source_name=nwt, rwt_source_name=
I0929 12:59:57.550179 15776 master_component.cc:952] MasterComponent: start normalizing model nwt
I0929 12:59:57.577442 15776 master_component.cc:980] MasterComponent: complete normalizing model nwt
I0929 12:59:57.593446 15776 master_component.cc:1415] DisposeModel rwt
I0929 12:59:57.593446 15776 master_component.cc:1005] FitOffline: ItemsProcessed, num_items=475, num_batches=5, token_weight=160064, token_weight_in_effect=160064
I0929 12:59:57.593446  5020 c_interface.cc:559] Pass GetScoreValueArgs, score_name=^^^ItemsProcessedScore^^^ to MasterComponent::Request
I0929 12:59:57.593446  5020 c_interface.cc:230] ArtmCopyRequestedMessage is copying 46 bytes...
I0929 12:59:57.593446 15776 c_interface.cc:386] Pass FitOfflineMasterModelArgs, batch_filename_size=5, batch_weight_size=5, num_collection_passes=1 to void (__cdecl artm::core::MasterComponent::*)(class artm::FitOfflineMasterModelArgs const & __ptr64) __ptr64
I0929 12:59:57.593446 15776 master_component.cc:1340] ProcessBatchesArgs: nwt_target_name=nwt, batch_filename_size=5, batch_size=0, batch_weight_size=5, pwt_source_name=pwt, num_document_passes=1, class=(text:1), reuse_theta=yes, opt_for_avx=yes, predict_class_id=
I0929 12:59:57.625700  3164 processor.cc:724] Processing queue has data, processing started
I0929 12:59:57.625700 13944 processor.cc:802] Processor: start processing batch a3b79662-78c9-4a84-93ec-296f8ab0ce82 into model nwt
I0929 12:59:57.625700 16076 processor.cc:802] Processor: start processing batch 5f8ed2ad-eff0-44fc-acc1-bff987d1bf55 into model nwt
I0929 12:59:57.625700  4504 processor.cc:802] Processor: start processing batch 5ee4f08b-a3cc-484a-a125-d05ea514f6b8 into model nwt
I0929 12:59:57.625700  3164 processor.cc:802] Processor: start processing batch 08a6e9cc-52e3-4c3a-af89-41dc340b31a5 into model nwt
I0929 12:59:57.625700 11116 processor.cc:802] Processor: start processing batch 422084be-ef15-40e8-beac-d1eb08743b28 into model nwt
I0929 12:59:57.665382 16076 processor.cc:898] Processor: complete processing batch 5f8ed2ad-eff0-44fc-acc1-bff987d1bf55 into model nwt
I0929 12:59:57.665382 16076 cuckoo_watch.h:45] 41ms in ProcessBatch(school_batches\aaaaac.batch) [including 2ms in LoadMessage; 1ms in InitializeSparseNdw; 9ms in InferThetaAndUpdateNwtSparse; 11ms in CalculateScore(PerplexityScore); 4ms in CalculateScore(SparsityThetaScore); 10ms in CalculateScore(^^^ItemsProcessedScore^^^); ]
I0929 12:59:57.665382 13944 processor.cc:898] Processor: complete processing batch a3b79662-78c9-4a84-93ec-296f8ab0ce82 into model nwt
I0929 12:59:57.665382 13944 cuckoo_watch.h:45] 42ms in ProcessBatch(school_batches\aaaaae.batch) [including 2ms in LoadMessage; 1ms in InitializeSparseNdw; 9ms in InferThetaAndUpdateNwtSparse; 15ms in CalculateScore(PerplexityScore); 3ms in CalculateScore(SparsityThetaScore); 9ms in CalculateScore(^^^ItemsProcessedScore^^^); ]
I0929 12:59:57.665382  3164 processor.cc:898] Processor: complete processing batch 08a6e9cc-52e3-4c3a-af89-41dc340b31a5 into model nwt
I0929 12:59:57.665382  3164 cuckoo_watch.h:45] 45ms in ProcessBatch(school_batches\aaaaad.batch) [including 4ms in LoadMessage; 1ms in InitializeSparseNdw; 11ms in InferThetaAndUpdateNwtSparse; 11ms in CalculateScore(PerplexityScore); 2ms in CalculateScore(SparsityThetaScore); 10ms in CalculateScore(^^^ItemsProcessedScore^^^); ]
I0929 12:59:57.665382 11116 processor.cc:898] Processor: complete processing batch 422084be-ef15-40e8-beac-d1eb08743b28 into model nwt
I0929 12:59:57.673380 11116 cuckoo_watch.h:45] 48ms in ProcessBatch(school_batches\aaaaab.batch) [including 4ms in LoadMessage; 1ms in InitializeSparseNdw; 9ms in InferThetaAndUpdateNwtSparse; 11ms in CalculateScore(PerplexityScore); 4ms in CalculateScore(SparsityThetaScore); 15ms in CalculateScore(^^^ItemsProcessedScore^^^); ]
I0929 12:59:57.673380  4504 processor.cc:898] Processor: complete processing batch 5ee4f08b-a3cc-484a-a125-d05ea514f6b8 into model nwt
I0929 12:59:57.673380  4504 cuckoo_watch.h:45] 53ms in ProcessBatch(school_batches\aaaaaa.batch) [including 2ms in LoadMessage; 1ms in InitializeSparseNdw; 12ms in InferThetaAndUpdateNwtSparse; 17ms in CalculateScore(PerplexityScore); 4ms in CalculateScore(SparsityThetaScore); 12ms in CalculateScore(^^^ItemsProcessedScore^^^); ]
I0929 12:59:57.689718  4104 processor.cc:717] No data in processing queue, waiting...
I0929 12:59:57.689718 15776 master_component.cc:1391] NormalizeModelArgs: pwt_target_name=pwt, nwt_source_name=nwt, rwt_source_name=
I0929 12:59:57.689718 15776 master_component.cc:952] MasterComponent: start normalizing model nwt
I0929 12:59:57.705543 15776 master_component.cc:980] MasterComponent: complete normalizing model nwt
I0929 12:59:57.736865 15776 master_component.cc:1415] DisposeModel rwt
I0929 12:59:57.736865 15776 master_component.cc:1005] FitOffline: ItemsProcessed, num_items=475, num_batches=5, token_weight=160064, token_weight_in_effect=160064
I0929 12:59:57.736865  5020 c_interface.cc:559] Pass GetScoreValueArgs, score_name=^^^ItemsProcessedScore^^^ to MasterComponent::Request
I0929 12:59:57.736865  5020 c_interface.cc:230] ArtmCopyRequestedMessage is copying 46 bytes...
I0929 12:59:57.736865 15776 c_interface.cc:386] Pass FitOfflineMasterModelArgs, batch_filename_size=5, batch_weight_size=5, num_collection_passes=1 to void (__cdecl artm::core::MasterComponent::*)(class artm::FitOfflineMasterModelArgs const & __ptr64) __ptr64
I0929 12:59:57.736865 15776 master_component.cc:1340] ProcessBatchesArgs: nwt_target_name=nwt, batch_filename_size=5, batch_size=0, batch_weight_size=5, pwt_source_name=pwt, num_document_passes=1, class=(text:1), reuse_theta=yes, opt_for_avx=yes, predict_class_id=
I0929 12:59:57.768126  2328 processor.cc:724] Processing queue has data, processing started
I0929 12:59:57.768126  2328 processor.cc:802] Processor: start processing batch 5f8ed2ad-eff0-44fc-acc1-bff987d1bf55 into model nwt
I0929 12:59:57.768126  3836 processor.cc:802] Processor: start processing batch a3b79662-78c9-4a84-93ec-296f8ab0ce82 into model nwt
I0929 12:59:57.768126 13944 processor.cc:802] Processor: start processing batch 422084be-ef15-40e8-beac-d1eb08743b28 into model nwt
I0929 12:59:57.768126 16076 processor.cc:802] Processor: start processing batch 5ee4f08b-a3cc-484a-a125-d05ea514f6b8 into model nwt
I0929 12:59:57.768126 11116 processor.cc:802] Processor: start processing batch 08a6e9cc-52e3-4c3a-af89-41dc340b31a5 into model nwt
I0929 12:59:57.799273  3836 processor.cc:898] Processor: complete processing batch a3b79662-78c9-4a84-93ec-296f8ab0ce82 into model nwt
I0929 12:59:57.799273  3836 cuckoo_watch.h:45] 35ms in ProcessBatch(school_batches\aaaaae.batch) [including 3ms in LoadMessage; 0ms in InitializeSparseNdw; 8ms in InferThetaAndUpdateNwtSparse; 10ms in CalculateScore(PerplexityScore); 2ms in CalculateScore(SparsityThetaScore); 8ms in CalculateScore(^^^ItemsProcessedScore^^^); ]
I0929 12:59:57.799273 13944 processor.cc:898] Processor: complete processing batch 422084be-ef15-40e8-beac-d1eb08743b28 into model nwt
I0929 12:59:57.799273  2328 processor.cc:898] Processor: complete processing batch 5f8ed2ad-eff0-44fc-acc1-bff987d1bf55 into model nwt
I0929 12:59:57.799273 13944 cuckoo_watch.h:45] 38ms in ProcessBatch(school_batches\aaaaab.batch) [including 4ms in LoadMessage; 1ms in InitializeSparseNdw; 8ms in InferThetaAndUpdateNwtSparse; 11ms in CalculateScore(PerplexityScore); 2ms in CalculateScore(SparsityThetaScore); 10ms in CalculateScore(^^^ItemsProcessedScore^^^); ]
I0929 12:59:57.799273  2328 cuckoo_watch.h:45] 39ms in ProcessBatch(school_batches\aaaaac.batch) [including 3ms in LoadMessage; 1ms in InitializeSparseNdw; 8ms in InferThetaAndUpdateNwtSparse; 11ms in CalculateScore(PerplexityScore); 2ms in CalculateScore(SparsityThetaScore); 10ms in CalculateScore(^^^ItemsProcessedScore^^^); ]
I0929 12:59:57.814929 16076 processor.cc:898] Processor: complete processing batch 5ee4f08b-a3cc-484a-a125-d05ea514f6b8 into model nwt
I0929 12:59:57.814929 16076 cuckoo_watch.h:45] 50ms in ProcessBatch(school_batches\aaaaaa.batch) [including 4ms in LoadMessage; 1ms in InitializeSparseNdw; 12ms in InferThetaAndUpdateNwtSparse; 16ms in CalculateScore(PerplexityScore); 4ms in CalculateScore(SparsityThetaScore); 9ms in CalculateScore(^^^ItemsProcessedScore^^^); ]
I0929 12:59:57.814929 11116 processor.cc:898] Processor: complete processing batch 08a6e9cc-52e3-4c3a-af89-41dc340b31a5 into model nwt
I0929 12:59:57.814929 11116 cuckoo_watch.h:45] 51ms in ProcessBatch(school_batches\aaaaad.batch) [including 4ms in LoadMessage; 1ms in InitializeSparseNdw; 12ms in InferThetaAndUpdateNwtSparse; 17ms in CalculateScore(PerplexityScore); 3ms in CalculateScore(SparsityThetaScore); 9ms in CalculateScore(^^^ItemsProcessedScore^^^); ]
I0929 12:59:57.830514 15776 master_component.cc:1391] NormalizeModelArgs: pwt_target_name=pwt, nwt_source_name=nwt, rwt_source_name=
I0929 12:59:57.830514 15776 master_component.cc:952] MasterComponent: start normalizing model nwt
I0929 12:59:57.846179 15776 master_component.cc:980] MasterComponent: complete normalizing model nwt
I0929 12:59:57.877378 15776 master_component.cc:1415] DisposeModel rwt
I0929 12:59:57.877378 15776 master_component.cc:1005] FitOffline: ItemsProcessed, num_items=475, num_batches=5, token_weight=160064, token_weight_in_effect=160064
I0929 12:59:57.877378  5020 c_interface.cc:559] Pass GetScoreValueArgs, score_name=^^^ItemsProcessedScore^^^ to MasterComponent::Request
I0929 12:59:57.877378  5020 c_interface.cc:230] ArtmCopyRequestedMessage is copying 46 bytes...
I0929 12:59:57.877378 15776 c_interface.cc:386] Pass FitOfflineMasterModelArgs, batch_filename_size=5, batch_weight_size=5, num_collection_passes=1 to void (__cdecl artm::core::MasterComponent::*)(class artm::FitOfflineMasterModelArgs const & __ptr64) __ptr64
I0929 12:59:57.877378 15776 master_component.cc:1340] ProcessBatchesArgs: nwt_target_name=nwt, batch_filename_size=5, batch_size=0, batch_weight_size=5, pwt_source_name=pwt, num_document_passes=1, class=(text:1), reuse_theta=yes, opt_for_avx=yes, predict_class_id=
I0929 12:59:57.908849  4104 processor.cc:724] Processing queue has data, processing started
I0929 12:59:57.908849  2328 processor.cc:802] Processor: start processing batch 5f8ed2ad-eff0-44fc-acc1-bff987d1bf55 into model nwt
I0929 12:59:57.908849 13944 processor.cc:802] Processor: start processing batch 5ee4f08b-a3cc-484a-a125-d05ea514f6b8 into model nwt
I0929 12:59:57.908849  4104 processor.cc:802] Processor: start processing batch a3b79662-78c9-4a84-93ec-296f8ab0ce82 into model nwt
I0929 12:59:57.908849  4504 processor.cc:802] Processor: start processing batch 422084be-ef15-40e8-beac-d1eb08743b28 into model nwt
I0929 12:59:57.908849  3164 processor.cc:802] Processor: start processing batch 08a6e9cc-52e3-4c3a-af89-41dc340b31a5 into model nwt
I0929 12:59:57.948045  4104 processor.cc:898] Processor: complete processing batch a3b79662-78c9-4a84-93ec-296f8ab0ce82 into model nwt
I0929 12:59:57.948045  4104 cuckoo_watch.h:45] 45ms in ProcessBatch(school_batches\aaaaae.batch) [including 3ms in LoadMessage; 1ms in InitializeSparseNdw; 8ms in InferThetaAndUpdateNwtSparse; 12ms in CalculateScore(PerplexityScore); 4ms in CalculateScore(SparsityThetaScore); 14ms in CalculateScore(^^^ItemsProcessedScore^^^); ]
I0929 12:59:57.948045 13944 processor.cc:898] Processor: complete processing batch 5ee4f08b-a3cc-484a-a125-d05ea514f6b8 into model nwt
I0929 12:59:57.956046 13944 cuckoo_watch.h:45] 47ms in ProcessBatch(school_batches\aaaaaa.batch) [including 2ms in LoadMessage; 1ms in InitializeSparseNdw; 8ms in InferThetaAndUpdateNwtSparse; 12ms in CalculateScore(PerplexityScore); 5ms in CalculateScore(SparsityThetaScore); 15ms in CalculateScore(^^^ItemsProcessedScore^^^); ]
I0929 12:59:57.956046  2328 processor.cc:898] Processor: complete processing batch 5f8ed2ad-eff0-44fc-acc1-bff987d1bf55 into model nwt
I0929 12:59:57.956046  2328 cuckoo_watch.h:45] 50ms in ProcessBatch(school_batches\aaaaac.batch) [including 2ms in LoadMessage; 1ms in InitializeSparseNdw; 8ms in InferThetaAndUpdateNwtSparse; 14ms in CalculateScore(PerplexityScore); 5ms in CalculateScore(SparsityThetaScore); 15ms in CalculateScore(^^^ItemsProcessedScore^^^); ]
I0929 12:59:57.964087  4504 processor.cc:898] Processor: complete processing batch 422084be-ef15-40e8-beac-d1eb08743b28 into model nwt
I0929 12:59:57.964087  4504 cuckoo_watch.h:45] 55ms in ProcessBatch(school_batches\aaaaab.batch) [including 3ms in LoadMessage; 1ms in InitializeSparseNdw; 13ms in InferThetaAndUpdateNwtSparse; 19ms in CalculateScore(PerplexityScore); 4ms in CalculateScore(SparsityThetaScore); 12ms in CalculateScore(^^^ItemsProcessedScore^^^); ]
I0929 12:59:57.964087  3164 processor.cc:898] Processor: complete processing batch 08a6e9cc-52e3-4c3a-af89-41dc340b31a5 into model nwt
I0929 12:59:57.964087  3164 cuckoo_watch.h:45] 57ms in ProcessBatch(school_batches\aaaaad.batch) [including 4ms in LoadMessage; 1ms in InitializeSparseNdw; 13ms in InferThetaAndUpdateNwtSparse; 17ms in CalculateScore(PerplexityScore); 4ms in CalculateScore(SparsityThetaScore); 13ms in CalculateScore(^^^ItemsProcessedScore^^^); ]
I0929 12:59:57.972458 15776 master_component.cc:1391] NormalizeModelArgs: pwt_target_name=pwt, nwt_source_name=nwt, rwt_source_name=
I0929 12:59:57.972458 15776 master_component.cc:952] MasterComponent: start normalizing model nwt
I0929 12:59:58.002624 15776 master_component.cc:980] MasterComponent: complete normalizing model nwt
I0929 12:59:58.018308 15776 master_component.cc:1415] DisposeModel rwt
I0929 12:59:58.018308 15776 master_component.cc:1005] FitOffline: ItemsProcessed, num_items=475, num_batches=5, token_weight=160064, token_weight_in_effect=160064
I0929 12:59:58.018308  5020 c_interface.cc:559] Pass GetScoreValueArgs, score_name=^^^ItemsProcessedScore^^^ to MasterComponent::Request
I0929 12:59:58.018308  5020 c_interface.cc:230] ArtmCopyRequestedMessage is copying 46 bytes...
I0929 12:59:58.018308 15776 c_interface.cc:386] Pass FitOfflineMasterModelArgs, batch_filename_size=5, batch_weight_size=5, num_collection_passes=1 to void (__cdecl artm::core::MasterComponent::*)(class artm::FitOfflineMasterModelArgs const & __ptr64) __ptr64
I0929 12:59:58.018308 15776 master_component.cc:1340] ProcessBatchesArgs: nwt_target_name=nwt, batch_filename_size=5, batch_size=0, batch_weight_size=5, pwt_source_name=pwt, num_document_passes=1, class=(text:1), reuse_theta=yes, opt_for_avx=yes, predict_class_id=
I0929 12:59:58.082496 16076 processor.cc:802] Processor: start processing batch a3b79662-78c9-4a84-93ec-296f8ab0ce82 into model nwt
I0929 12:59:58.082496  2328 processor.cc:802] Processor: start processing batch 422084be-ef15-40e8-beac-d1eb08743b28 into model nwt
I0929 12:59:58.082496  3164 processor.cc:802] Processor: start processing batch 08a6e9cc-52e3-4c3a-af89-41dc340b31a5 into model nwt
I0929 12:59:58.082496  4504 processor.cc:802] Processor: start processing batch 5ee4f08b-a3cc-484a-a125-d05ea514f6b8 into model nwt
I0929 12:59:58.082496 13944 processor.cc:802] Processor: start processing batch 5f8ed2ad-eff0-44fc-acc1-bff987d1bf55 into model nwt
I0929 12:59:58.113436  3836 processor.cc:717] No data in processing queue, waiting...
I0929 12:59:58.113436 16076 processor.cc:898] Processor: complete processing batch a3b79662-78c9-4a84-93ec-296f8ab0ce82 into model nwt
I0929 12:59:58.113436 16076 cuckoo_watch.h:45] 36ms in ProcessBatch(school_batches\aaaaae.batch) [including 2ms in LoadMessage; 1ms in InitializeSparseNdw; 9ms in InferThetaAndUpdateNwtSparse; 10ms in CalculateScore(PerplexityScore); 3ms in CalculateScore(SparsityThetaScore); 8ms in CalculateScore(^^^ItemsProcessedScore^^^); ]
I0929 12:59:58.113436  3164 processor.cc:898] Processor: complete processing batch 08a6e9cc-52e3-4c3a-af89-41dc340b31a5 into model nwt
I0929 12:59:58.113436  4504 processor.cc:898] Processor: complete processing batch 5ee4f08b-a3cc-484a-a125-d05ea514f6b8 into model nwt
I0929 12:59:58.113436  3164 cuckoo_watch.h:45] 39ms in ProcessBatch(school_batches\aaaaad.batch) [including 2ms in LoadMessage; 1ms in InitializeSparseNdw; 8ms in InferThetaAndUpdateNwtSparse; 11ms in CalculateScore(PerplexityScore); 3ms in CalculateScore(SparsityThetaScore); 10ms in CalculateScore(^^^ItemsProcessedScore^^^); ]
I0929 12:59:58.113436  4504 cuckoo_watch.h:45] 39ms in ProcessBatch(school_batches\aaaaaa.batch) [including 4ms in LoadMessage; 1ms in InitializeSparseNdw; 8ms in InferThetaAndUpdateNwtSparse; 11ms in CalculateScore(PerplexityScore); 2ms in CalculateScore(SparsityThetaScore); 10ms in CalculateScore(^^^ItemsProcessedScore^^^); ]
I0929 12:59:58.129057 11116 processor.cc:717] No data in processing queue, waiting...
I0929 12:59:58.129057  2328 processor.cc:898] Processor: complete processing batch 422084be-ef15-40e8-beac-d1eb08743b28 into model nwt
I0929 12:59:58.129057  2328 cuckoo_watch.h:45] 49ms in ProcessBatch(school_batches\aaaaab.batch) [including 2ms in LoadMessage; 1ms in InitializeSparseNdw; 12ms in InferThetaAndUpdateNwtSparse; 16ms in CalculateScore(PerplexityScore); 5ms in CalculateScore(SparsityThetaScore); 9ms in CalculateScore(^^^ItemsProcessedScore^^^); ]
I0929 12:59:58.129057 13944 processor.cc:898] Processor: complete processing batch 5f8ed2ad-eff0-44fc-acc1-bff987d1bf55 into model nwt
I0929 12:59:58.129057 13944 cuckoo_watch.h:45] 52ms in ProcessBatch(school_batches\aaaaac.batch) [including 4ms in LoadMessage; 1ms in InitializeSparseNdw; 12ms in InferThetaAndUpdateNwtSparse; 17ms in CalculateScore(PerplexityScore); 4ms in CalculateScore(SparsityThetaScore); 9ms in CalculateScore(^^^ItemsProcessedScore^^^); ]
I0929 12:59:58.144994 15776 master_component.cc:1391] NormalizeModelArgs: pwt_target_name=pwt, nwt_source_name=nwt, rwt_source_name=
I0929 12:59:58.144994 15776 master_component.cc:952] MasterComponent: start normalizing model nwt
I0929 12:59:58.168578 15776 master_component.cc:980] MasterComponent: complete normalizing model nwt
I0929 12:59:58.184201 15776 master_component.cc:1415] DisposeModel rwt
I0929 12:59:58.184201 15776 master_component.cc:1005] FitOffline: ItemsProcessed, num_items=475, num_batches=5, token_weight=160064, token_weight_in_effect=160064
I0929 12:59:58.184201  5020 c_interface.cc:559] Pass GetScoreValueArgs, score_name=^^^ItemsProcessedScore^^^ to MasterComponent::Request
I0929 12:59:58.184201  5020 c_interface.cc:230] ArtmCopyRequestedMessage is copying 46 bytes...
I0929 12:59:58.184201 15776 c_interface.cc:386] Pass FitOfflineMasterModelArgs, batch_filename_size=5, batch_weight_size=5, num_collection_passes=1 to void (__cdecl artm::core::MasterComponent::*)(class artm::FitOfflineMasterModelArgs const & __ptr64) __ptr64
I0929 12:59:58.184201 15776 master_component.cc:1340] ProcessBatchesArgs: nwt_target_name=nwt, batch_filename_size=5, batch_size=0, batch_weight_size=5, pwt_source_name=pwt, num_document_passes=1, class=(text:1), reuse_theta=yes, opt_for_avx=yes, predict_class_id=
I0929 12:59:58.231596 11116 processor.cc:724] Processing queue has data, processing started
I0929 12:59:58.231596  3836 processor.cc:724] Processing queue has data, processing started
I0929 12:59:58.231596  2328 processor.cc:802] Processor: start processing batch a3b79662-78c9-4a84-93ec-296f8ab0ce82 into model nwt
I0929 12:59:58.231596 11116 processor.cc:802] Processor: start processing batch 422084be-ef15-40e8-beac-d1eb08743b28 into model nwt
I0929 12:59:58.231596  3836 processor.cc:802] Processor: start processing batch 5f8ed2ad-eff0-44fc-acc1-bff987d1bf55 into model nwt
I0929 12:59:58.231596  4504 processor.cc:802] Processor: start processing batch 5ee4f08b-a3cc-484a-a125-d05ea514f6b8 into model nwt
I0929 12:59:58.231596 13944 processor.cc:802] Processor: start processing batch 08a6e9cc-52e3-4c3a-af89-41dc340b31a5 into model nwt
I0929 12:59:58.262244  2328 processor.cc:898] Processor: complete processing batch a3b79662-78c9-4a84-93ec-296f8ab0ce82 into model nwt
I0929 12:59:58.262244  2328 cuckoo_watch.h:45] 36ms in ProcessBatch(school_batches\aaaaae.batch) [including 2ms in LoadMessage; 1ms in InitializeSparseNdw; 9ms in InferThetaAndUpdateNwtSparse; 10ms in CalculateScore(PerplexityScore); 2ms in CalculateScore(SparsityThetaScore); 8ms in CalculateScore(^^^ItemsProcessedScore^^^); ]
I0929 12:59:58.262244 11116 processor.cc:898] Processor: complete processing batch 422084be-ef15-40e8-beac-d1eb08743b28 into model nwt
I0929 12:59:58.262244  3836 processor.cc:898] Processor: complete processing batch 5f8ed2ad-eff0-44fc-acc1-bff987d1bf55 into model nwt
I0929 12:59:58.262244 11116 cuckoo_watch.h:45] 38ms in ProcessBatch(school_batches\aaaaab.batch) [including 2ms in LoadMessage; 1ms in InitializeSparseNdw; 8ms in InferThetaAndUpdateNwtSparse; 11ms in CalculateScore(PerplexityScore); 2ms in CalculateScore(SparsityThetaScore); 9ms in CalculateScore(^^^ItemsProcessedScore^^^); ]
I0929 12:59:58.262244  3836 cuckoo_watch.h:45] 39ms in ProcessBatch(school_batches\aaaaac.batch) [including 2ms in LoadMessage; 1ms in InitializeSparseNdw; 8ms in InferThetaAndUpdateNwtSparse; 11ms in CalculateScore(PerplexityScore); 2ms in CalculateScore(SparsityThetaScore); 10ms in CalculateScore(^^^ItemsProcessedScore^^^); ]
I0929 12:59:58.277869  4104 processor.cc:717] No data in processing queue, waiting...
I0929 12:59:58.277869  4504 processor.cc:898] Processor: complete processing batch 5ee4f08b-a3cc-484a-a125-d05ea514f6b8 into model nwt
I0929 12:59:58.277869  4504 cuckoo_watch.h:45] 50ms in ProcessBatch(school_batches\aaaaaa.batch) [including 4ms in LoadMessage; 1ms in InitializeSparseNdw; 12ms in InferThetaAndUpdateNwtSparse; 16ms in CalculateScore(PerplexityScore); 4ms in CalculateScore(SparsityThetaScore); 9ms in CalculateScore(^^^ItemsProcessedScore^^^); ]
I0929 12:59:58.277869 13944 processor.cc:898] Processor: complete processing batch 08a6e9cc-52e3-4c3a-af89-41dc340b31a5 into model nwt
I0929 12:59:58.277869 13944 cuckoo_watch.h:45] 52ms in ProcessBatch(school_batches\aaaaad.batch) [including 4ms in LoadMessage; 1ms in InitializeSparseNdw; 13ms in InferThetaAndUpdateNwtSparse; 17ms in CalculateScore(PerplexityScore); 4ms in CalculateScore(SparsityThetaScore); 9ms in CalculateScore(^^^ItemsProcessedScore^^^); ]
I0929 12:59:58.294102 15776 master_component.cc:1391] NormalizeModelArgs: pwt_target_name=pwt, nwt_source_name=nwt, rwt_source_name=
I0929 12:59:58.294102 15776 master_component.cc:952] MasterComponent: start normalizing model nwt
I0929 12:59:58.324736 15776 master_component.cc:980] MasterComponent: complete normalizing model nwt
I0929 12:59:58.340415 15776 master_component.cc:1415] DisposeModel rwt
I0929 12:59:58.340415 15776 master_component.cc:1005] FitOffline: ItemsProcessed, num_items=475, num_batches=5, token_weight=160064, token_weight_in_effect=160064
I0929 12:59:58.340415  5020 c_interface.cc:559] Pass GetScoreValueArgs, score_name=^^^ItemsProcessedScore^^^ to MasterComponent::Request
I0929 12:59:58.340415  5020 c_interface.cc:230] ArtmCopyRequestedMessage is copying 46 bytes...
I0929 12:59:58.340415 15776 c_interface.cc:386] Pass FitOfflineMasterModelArgs, batch_filename_size=5, batch_weight_size=5, num_collection_passes=1 to void (__cdecl artm::core::MasterComponent::*)(class artm::FitOfflineMasterModelArgs const & __ptr64) __ptr64
I0929 12:59:58.340415 15776 master_component.cc:1340] ProcessBatchesArgs: nwt_target_name=nwt, batch_filename_size=5, batch_size=0, batch_weight_size=5, pwt_source_name=pwt, num_document_passes=1, class=(text:1), reuse_theta=yes, opt_for_avx=yes, predict_class_id=
I0929 12:59:58.371917  4504 processor.cc:802] Processor: start processing batch 08a6e9cc-52e3-4c3a-af89-41dc340b31a5 into model nwt
I0929 12:59:58.371917  3164 processor.cc:802] Processor: start processing batch 5f8ed2ad-eff0-44fc-acc1-bff987d1bf55 into model nwt
I0929 12:59:58.371917  3836 processor.cc:802] Processor: start processing batch a3b79662-78c9-4a84-93ec-296f8ab0ce82 into model nwt
I0929 12:59:58.371917 16076 processor.cc:802] Processor: start processing batch 5ee4f08b-a3cc-484a-a125-d05ea514f6b8 into model nwt
I0929 12:59:58.371917 13944 processor.cc:802] Processor: start processing batch 422084be-ef15-40e8-beac-d1eb08743b28 into model nwt
I0929 12:59:58.408053  3836 processor.cc:898] Processor: complete processing batch a3b79662-78c9-4a84-93ec-296f8ab0ce82 into model nwt
I0929 12:59:58.408053  3836 cuckoo_watch.h:45] 39ms in ProcessBatch(school_batches\aaaaae.batch) [including 2ms in LoadMessage; 1ms in InitializeSparseNdw; 8ms in InferThetaAndUpdateNwtSparse; 10ms in CalculateScore(PerplexityScore); 2ms in CalculateScore(SparsityThetaScore); 11ms in CalculateScore(^^^ItemsProcessedScore^^^); ]
I0929 12:59:58.408053  3164 processor.cc:898] Processor: complete processing batch 5f8ed2ad-eff0-44fc-acc1-bff987d1bf55 into model nwt
I0929 12:59:58.408053 13944 processor.cc:898] Processor: complete processing batch 422084be-ef15-40e8-beac-d1eb08743b28 into model nwt
I0929 12:59:58.408053  3164 cuckoo_watch.h:45] 40ms in ProcessBatch(school_batches\aaaaac.batch) [including 2ms in LoadMessage; 1ms in InitializeSparseNdw; 9ms in InferThetaAndUpdateNwtSparse; 11ms in CalculateScore(PerplexityScore); 2ms in CalculateScore(SparsityThetaScore); 11ms in CalculateScore(^^^ItemsProcessedScore^^^); ]
I0929 12:59:58.408053 13944 cuckoo_watch.h:45] 42ms in ProcessBatch(school_batches\aaaaab.batch) [including 4ms in LoadMessage; 1ms in InitializeSparseNdw; 8ms in InferThetaAndUpdateNwtSparse; 11ms in CalculateScore(PerplexityScore); 2ms in CalculateScore(SparsityThetaScore); 11ms in CalculateScore(^^^ItemsProcessedScore^^^); ]
I0929 12:59:58.424074  4504 processor.cc:898] Processor: complete processing batch 08a6e9cc-52e3-4c3a-af89-41dc340b31a5 into model nwt
I0929 12:59:58.424074  4504 cuckoo_watch.h:45] 53ms in ProcessBatch(school_batches\aaaaad.batch) [including 2ms in LoadMessage; 1ms in InitializeSparseNdw; 12ms in InferThetaAndUpdateNwtSparse; 16ms in CalculateScore(PerplexityScore); 4ms in CalculateScore(SparsityThetaScore); 13ms in CalculateScore(^^^ItemsProcessedScore^^^); ]
I0929 12:59:58.424074 16076 processor.cc:898] Processor: complete processing batch 5ee4f08b-a3cc-484a-a125-d05ea514f6b8 into model nwt
I0929 12:59:58.424074 16076 cuckoo_watch.h:45] 58ms in ProcessBatch(school_batches\aaaaaa.batch) [including 4ms in LoadMessage; 1ms in InitializeSparseNdw; 13ms in InferThetaAndUpdateNwtSparse; 17ms in CalculateScore(PerplexityScore); 3ms in CalculateScore(SparsityThetaScore); 15ms in CalculateScore(^^^ItemsProcessedScore^^^); ]
I0929 12:59:58.432057 15776 master_component.cc:1391] NormalizeModelArgs: pwt_target_name=pwt, nwt_source_name=nwt, rwt_source_name=
I0929 12:59:58.432057 15776 master_component.cc:952] MasterComponent: start normalizing model nwt
I0929 12:59:58.464052 15776 master_component.cc:980] MasterComponent: complete normalizing model nwt
I0929 12:59:58.472133 15776 master_component.cc:1415] DisposeModel rwt
I0929 12:59:58.472133 15776 master_component.cc:1005] FitOffline: ItemsProcessed, num_items=475, num_batches=5, token_weight=160064, token_weight_in_effect=160064
I0929 12:59:58.472133  5020 c_interface.cc:559] Pass GetScoreValueArgs, score_name=^^^ItemsProcessedScore^^^ to MasterComponent::Request
I0929 12:59:58.472133  5020 c_interface.cc:230] ArtmCopyRequestedMessage is copying 46 bytes...
I0929 12:59:58.472133 15776 c_interface.cc:386] Pass FitOfflineMasterModelArgs, batch_filename_size=5, batch_weight_size=5, num_collection_passes=1 to void (__cdecl artm::core::MasterComponent::*)(class artm::FitOfflineMasterModelArgs const & __ptr64) __ptr64
I0929 12:59:58.472133 15776 master_component.cc:1340] ProcessBatchesArgs: nwt_target_name=nwt, batch_filename_size=5, batch_size=0, batch_weight_size=5, pwt_source_name=pwt, num_document_passes=1, class=(text:1), reuse_theta=yes, opt_for_avx=yes, predict_class_id=
I0929 12:59:58.519608  4104 processor.cc:724] Processing queue has data, processing started
I0929 12:59:58.519608  3164 processor.cc:802] Processor: start processing batch a3b79662-78c9-4a84-93ec-296f8ab0ce82 into model nwt
I0929 12:59:58.519608  4104 processor.cc:802] Processor: start processing batch 08a6e9cc-52e3-4c3a-af89-41dc340b31a5 into model nwt
I0929 12:59:58.519608 11116 processor.cc:802] Processor: start processing batch 422084be-ef15-40e8-beac-d1eb08743b28 into model nwt
I0929 12:59:58.519608 13944 processor.cc:802] Processor: start processing batch 5ee4f08b-a3cc-484a-a125-d05ea514f6b8 into model nwt
I0929 12:59:58.519608  2328 processor.cc:802] Processor: start processing batch 5f8ed2ad-eff0-44fc-acc1-bff987d1bf55 into model nwt
I0929 12:59:58.550240  3164 processor.cc:898] Processor: complete processing batch a3b79662-78c9-4a84-93ec-296f8ab0ce82 into model nwt
I0929 12:59:58.550240  3164 cuckoo_watch.h:45] 35ms in ProcessBatch(school_batches\aaaaae.batch) [including 2ms in LoadMessage; 1ms in InitializeSparseNdw; 9ms in InferThetaAndUpdateNwtSparse; 9ms in CalculateScore(PerplexityScore); 2ms in CalculateScore(SparsityThetaScore); 8ms in CalculateScore(^^^ItemsProcessedScore^^^); ]
I0929 12:59:58.550240  4104 processor.cc:898] Processor: complete processing batch 08a6e9cc-52e3-4c3a-af89-41dc340b31a5 into model nwt
I0929 12:59:58.550240  4104 cuckoo_watch.h:45] 37ms in ProcessBatch(school_batches\aaaaad.batch) [including 2ms in LoadMessage; 1ms in InitializeSparseNdw; 9ms in InferThetaAndUpdateNwtSparse; 11ms in CalculateScore(PerplexityScore); 2ms in CalculateScore(SparsityThetaScore); 9ms in CalculateScore(^^^ItemsProcessedScore^^^); ]
I0929 12:59:58.550240 13944 processor.cc:898] Processor: complete processing batch 5ee4f08b-a3cc-484a-a125-d05ea514f6b8 into model nwt
I0929 12:59:58.550240 13944 cuckoo_watch.h:45] 41ms in ProcessBatch(school_batches\aaaaaa.batch) [including 4ms in LoadMessage; 1ms in InitializeSparseNdw; 8ms in InferThetaAndUpdateNwtSparse; 10ms in CalculateScore(PerplexityScore); 2ms in CalculateScore(SparsityThetaScore); 12ms in CalculateScore(^^^ItemsProcessedScore^^^); ]
I0929 12:59:58.565861 11116 processor.cc:898] Processor: complete processing batch 422084be-ef15-40e8-beac-d1eb08743b28 into model nwt
I0929 12:59:58.565861 11116 cuckoo_watch.h:45] 49ms in ProcessBatch(school_batches\aaaaab.batch) [including 2ms in LoadMessage; 1ms in InitializeSparseNdw; 12ms in InferThetaAndUpdateNwtSparse; 15ms in CalculateScore(PerplexityScore); 2ms in CalculateScore(SparsityThetaScore); 12ms in CalculateScore(^^^ItemsProcessedScore^^^); ]
I0929 12:59:58.565861  2328 processor.cc:898] Processor: complete processing batch 5f8ed2ad-eff0-44fc-acc1-bff987d1bf55 into model nwt
I0929 12:59:58.565861  2328 cuckoo_watch.h:45] 56ms in ProcessBatch(school_batches\aaaaac.batch) [including 4ms in LoadMessage; 1ms in InitializeSparseNdw; 13ms in InferThetaAndUpdateNwtSparse; 17ms in CalculateScore(PerplexityScore); 7ms in CalculateScore(SparsityThetaScore); 11ms in CalculateScore(^^^ItemsProcessedScore^^^); ]
I0929 12:59:58.581791 15776 master_component.cc:1391] NormalizeModelArgs: pwt_target_name=pwt, nwt_source_name=nwt, rwt_source_name=
I0929 12:59:58.581791 15776 master_component.cc:952] MasterComponent: start normalizing model nwt
I0929 12:59:58.612794 15776 master_component.cc:980] MasterComponent: complete normalizing model nwt
I0929 12:59:58.628350 15776 master_component.cc:1415] DisposeModel rwt
I0929 12:59:58.628350 15776 master_component.cc:1005] FitOffline: ItemsProcessed, num_items=475, num_batches=5, token_weight=160064, token_weight_in_effect=160064
I0929 12:59:58.628350  5020 c_interface.cc:559] Pass GetScoreValueArgs, score_name=^^^ItemsProcessedScore^^^ to MasterComponent::Request
I0929 12:59:58.628350  5020 c_interface.cc:230] ArtmCopyRequestedMessage is copying 46 bytes...
I0929 12:59:58.628350 15776 c_interface.cc:386] Pass FitOfflineMasterModelArgs, batch_filename_size=5, batch_weight_size=5, num_collection_passes=1 to void (__cdecl artm::core::MasterComponent::*)(class artm::FitOfflineMasterModelArgs const & __ptr64) __ptr64
I0929 12:59:58.628350 15776 master_component.cc:1340] ProcessBatchesArgs: nwt_target_name=nwt, batch_filename_size=5, batch_size=0, batch_weight_size=5, pwt_source_name=pwt, num_document_passes=1, class=(text:1), reuse_theta=yes, opt_for_avx=yes, predict_class_id=
I0929 12:59:58.675817  4504 processor.cc:802] Processor: start processing batch a3b79662-78c9-4a84-93ec-296f8ab0ce82 into model nwt
I0929 12:59:58.675817  3836 processor.cc:802] Processor: start processing batch 08a6e9cc-52e3-4c3a-af89-41dc340b31a5 into model nwt
I0929 12:59:58.675817  4104 processor.cc:802] Processor: start processing batch 5ee4f08b-a3cc-484a-a125-d05ea514f6b8 into model nwt
I0929 12:59:58.675817 13944 processor.cc:802] Processor: start processing batch 422084be-ef15-40e8-beac-d1eb08743b28 into model nwt
I0929 12:59:58.675817 16076 processor.cc:802] Processor: start processing batch 5f8ed2ad-eff0-44fc-acc1-bff987d1bf55 into model nwt
I0929 12:59:58.706454  4104 processor.cc:898] Processor: complete processing batch 5ee4f08b-a3cc-484a-a125-d05ea514f6b8 into model nwt
I0929 12:59:58.706454  3836 processor.cc:898] Processor: complete processing batch 08a6e9cc-52e3-4c3a-af89-41dc340b31a5 into model nwt
I0929 12:59:58.706454  4104 cuckoo_watch.h:45] 41ms in ProcessBatch(school_batches\aaaaaa.batch) [including 2ms in LoadMessage; 1ms in InitializeSparseNdw; 9ms in InferThetaAndUpdateNwtSparse; 10ms in CalculateScore(PerplexityScore); 2ms in CalculateScore(SparsityThetaScore); 12ms in CalculateScore(^^^ItemsProcessedScore^^^); ]
I0929 12:59:58.706454  3836 cuckoo_watch.h:45] 41ms in ProcessBatch(school_batches\aaaaad.batch) [including 2ms in LoadMessage; 1ms in InitializeSparseNdw; 9ms in InferThetaAndUpdateNwtSparse; 11ms in CalculateScore(PerplexityScore); 2ms in CalculateScore(SparsityThetaScore); 12ms in CalculateScore(^^^ItemsProcessedScore^^^); ]
I0929 12:59:58.706454 13944 processor.cc:898] Processor: complete processing batch 422084be-ef15-40e8-beac-d1eb08743b28 into model nwt
I0929 12:59:58.706454 13944 cuckoo_watch.h:45] 42ms in ProcessBatch(school_batches\aaaaab.batch) [including 4ms in LoadMessage; 1ms in InitializeSparseNdw; 8ms in InferThetaAndUpdateNwtSparse; 10ms in CalculateScore(PerplexityScore); 2ms in CalculateScore(SparsityThetaScore); 13ms in CalculateScore(^^^ItemsProcessedScore^^^); ]
I0929 12:59:58.722075 16076 processor.cc:898] Processor: complete processing batch 5f8ed2ad-eff0-44fc-acc1-bff987d1bf55 into model nwt
I0929 12:59:58.722075  4504 processor.cc:898] Processor: complete processing batch a3b79662-78c9-4a84-93ec-296f8ab0ce82 into model nwt
I0929 12:59:58.722075  4504 cuckoo_watch.h:45] 48ms in ProcessBatch(school_batches\aaaaae.batch) [including 2ms in LoadMessage; 1ms in InitializeSparseNdw; 12ms in InferThetaAndUpdateNwtSparse; 14ms in CalculateScore(PerplexityScore); 4ms in CalculateScore(SparsityThetaScore); 11ms in CalculateScore(^^^ItemsProcessedScore^^^); ]
I0929 12:59:58.722075 16076 cuckoo_watch.h:45] 48ms in ProcessBatch(school_batches\aaaaac.batch) [including 4ms in LoadMessage; 1ms in InitializeSparseNdw; 13ms in InferThetaAndUpdateNwtSparse; 14ms in CalculateScore(PerplexityScore); 2ms in CalculateScore(SparsityThetaScore); 9ms in CalculateScore(^^^ItemsProcessedScore^^^); ]
I0929 12:59:58.737972 15776 master_component.cc:1391] NormalizeModelArgs: pwt_target_name=pwt, nwt_source_name=nwt, rwt_source_name=
I0929 12:59:58.737972 15776 master_component.cc:952] MasterComponent: start normalizing model nwt
I0929 12:59:58.768939 15776 master_component.cc:980] MasterComponent: complete normalizing model nwt
I0929 12:59:58.784561 15776 master_component.cc:1415] DisposeModel rwt
I0929 12:59:58.784561 15776 master_component.cc:1005] FitOffline: ItemsProcessed, num_items=475, num_batches=5, token_weight=160064, token_weight_in_effect=160064
I0929 12:59:58.784561  5020 c_interface.cc:559] Pass GetScoreValueArgs, score_name=^^^ItemsProcessedScore^^^ to MasterComponent::Request
I0929 12:59:58.784561  5020 c_interface.cc:230] ArtmCopyRequestedMessage is copying 46 bytes...
I0929 12:59:58.784561 15776 c_interface.cc:386] Pass FitOfflineMasterModelArgs, batch_filename_size=5, batch_weight_size=5, num_collection_passes=1 to void (__cdecl artm::core::MasterComponent::*)(class artm::FitOfflineMasterModelArgs const & __ptr64) __ptr64
I0929 12:59:58.784561 15776 master_component.cc:1340] ProcessBatchesArgs: nwt_target_name=nwt, batch_filename_size=5, batch_size=0, batch_weight_size=5, pwt_source_name=pwt, num_document_passes=1, class=(text:1), reuse_theta=yes, opt_for_avx=yes, predict_class_id=
I0929 12:59:58.832047 16076 processor.cc:802] Processor: start processing batch 08a6e9cc-52e3-4c3a-af89-41dc340b31a5 into model nwt
I0929 12:59:58.832047 11116 processor.cc:802] Processor: start processing batch a3b79662-78c9-4a84-93ec-296f8ab0ce82 into model nwt
