I0929 14:51:20.419566 10440 master_component.cc:980] MasterComponent: complete normalizing model nwt
I0929 14:51:20.435189 10440 master_component.cc:1415] DisposeModel rwt
I0929 14:51:20.435189 10440 master_component.cc:1005] FitOffline: ItemsProcessed, num_items=475, num_batches=5, token_weight=160064, token_weight_in_effect=160064
I0929 14:51:20.435189 16016 c_interface.cc:559] Pass GetScoreValueArgs, score_name=^^^ItemsProcessedScore^^^ to MasterComponent::Request
I0929 14:51:20.435189 16016 c_interface.cc:230] ArtmCopyRequestedMessage is copying 46 bytes...
I0929 14:51:20.450752 10440 c_interface.cc:386] Pass FitOfflineMasterModelArgs, batch_filename_size=5, batch_weight_size=5, num_collection_passes=1 to void (__cdecl artm::core::MasterComponent::*)(class artm::FitOfflineMasterModelArgs const & __ptr64) __ptr64
I0929 14:51:20.450752 10440 master_component.cc:1340] ProcessBatchesArgs: nwt_target_name=nwt, batch_filename_size=5, batch_size=0, batch_weight_size=5, pwt_source_name=pwt, num_document_passes=1, regularizer=(name:SparsePhi, tau:-100), class=(text:1), reuse_theta=yes, opt_for_avx=yes, predict_class_id=
I0929 14:51:20.482578 10752 processor.cc:724] Processing queue has data, processing started
I0929 14:51:20.482578 13432 processor.cc:724] Processing queue has data, processing started
I0929 14:51:20.482578 10752 processor.cc:802] Processor: start processing batch 08184e6e-01f0-4d9c-b12a-6ef173dd05ae into model nwt
I0929 14:51:20.482578 14812 processor.cc:802] Processor: start processing batch 9c21a059-2136-4b57-b604-44694ce7bc81 into model nwt
I0929 14:51:20.482578 13432 processor.cc:802] Processor: start processing batch 10dc3939-1034-4f09-a4d8-15b68e37ec78 into model nwt
I0929 14:51:20.482578 17416 processor.cc:802] Processor: start processing batch 16ba4aa4-0034-42e6-8503-55a90568f924 into model nwt
I0929 14:51:20.482578 10948 processor.cc:802] Processor: start processing batch 848367d3-1564-4ff3-a9c0-b329da99b2d9 into model nwt
I0929 14:51:20.528892 13432 processor.cc:898] Processor: complete processing batch 10dc3939-1034-4f09-a4d8-15b68e37ec78 into model nwt
I0929 14:51:20.528892 13432 cuckoo_watch.h:45] 47ms in ProcessBatch(school_batches\aaaaae.batch) [including 4ms in LoadMessage; 1ms in InitializeSparseNdw; 15ms in InferThetaAndUpdateNwtSparse; 12ms in CalculateScore(PerplexityScore); 2ms in CalculateScore(SparsityThetaScore); 8ms in CalculateScore(^^^ItemsProcessedScore^^^); ]
I0929 14:51:20.528892 10752 processor.cc:898] Processor: complete processing batch 08184e6e-01f0-4d9c-b12a-6ef173dd05ae into model nwt
I0929 14:51:20.528892 17416 processor.cc:898] Processor: complete processing batch 16ba4aa4-0034-42e6-8503-55a90568f924 into model nwt
I0929 14:51:20.528892 10752 cuckoo_watch.h:45] 50ms in ProcessBatch(school_batches\aaaaac.batch) [including 2ms in LoadMessage; 1ms in InitializeSparseNdw; 11ms in InferThetaAndUpdateNwtSparse; 12ms in CalculateScore(PerplexityScore); 4ms in CalculateScore(SparsityThetaScore); 15ms in CalculateScore(^^^ItemsProcessedScore^^^); ]
I0929 14:51:20.528892 17416 cuckoo_watch.h:45] 51ms in ProcessBatch(school_batches\aaaaaa.batch) [including 4ms in LoadMessage; 1ms in InitializeSparseNdw; 15ms in InferThetaAndUpdateNwtSparse; 11ms in CalculateScore(PerplexityScore); 2ms in CalculateScore(SparsityThetaScore); 13ms in CalculateScore(^^^ItemsProcessedScore^^^); ]
I0929 14:51:20.528892 10948 processor.cc:898] Processor: complete processing batch 848367d3-1564-4ff3-a9c0-b329da99b2d9 into model nwt
I0929 14:51:20.528892 14812 processor.cc:898] Processor: complete processing batch 9c21a059-2136-4b57-b604-44694ce7bc81 into model nwt
I0929 14:51:20.528892 14812 cuckoo_watch.h:45] 56ms in ProcessBatch(school_batches\aaaaad.batch) [including 4ms in LoadMessage; 1ms in InitializeSparseNdw; 16ms in InferThetaAndUpdateNwtSparse; 16ms in CalculateScore(PerplexityScore); 4ms in CalculateScore(SparsityThetaScore); 11ms in CalculateScore(^^^ItemsProcessedScore^^^); ]
I0929 14:51:20.528892 10948 cuckoo_watch.h:45] 56ms in ProcessBatch(school_batches\aaaaab.batch) [including 4ms in LoadMessage; 1ms in InitializeSparseNdw; 16ms in InferThetaAndUpdateNwtSparse; 19ms in CalculateScore(PerplexityScore); 3ms in CalculateScore(SparsityThetaScore); 9ms in CalculateScore(^^^ItemsProcessedScore^^^); ]
I0929 14:51:20.545075 10440 master_component.cc:1378] RegularizeModelArgs: rwt_target_name=rwt, pwt_source_name=pwt, nwt_source_name=nwt
I0929 14:51:20.545075 10440 master_component.cc:922] MasterComponent: start regularizing model pwt
I0929 14:51:20.591336 10440 master_component.cc:948] MasterComponent: complete regularizing model pwt
I0929 14:51:20.591336 10440 master_component.cc:1391] NormalizeModelArgs: pwt_target_name=pwt, nwt_source_name=nwt, rwt_source_name=rwt
I0929 14:51:20.591336 10440 master_component.cc:952] MasterComponent: start normalizing model nwt
I0929 14:51:20.622642 10440 master_component.cc:980] MasterComponent: complete normalizing model nwt
I0929 14:51:20.638263 10440 master_component.cc:1415] DisposeModel rwt
I0929 14:51:20.638263 10440 master_component.cc:1005] FitOffline: ItemsProcessed, num_items=475, num_batches=5, token_weight=160064, token_weight_in_effect=160064
I0929 14:51:20.638263 16016 c_interface.cc:559] Pass GetScoreValueArgs, score_name=^^^ItemsProcessedScore^^^ to MasterComponent::Request
I0929 14:51:20.638263 16016 c_interface.cc:230] ArtmCopyRequestedMessage is copying 46 bytes...
I0929 14:51:20.638263 10440 c_interface.cc:386] Pass FitOfflineMasterModelArgs, batch_filename_size=5, batch_weight_size=5, num_collection_passes=1 to void (__cdecl artm::core::MasterComponent::*)(class artm::FitOfflineMasterModelArgs const & __ptr64) __ptr64
I0929 14:51:20.638263 10440 master_component.cc:1340] ProcessBatchesArgs: nwt_target_name=nwt, batch_filename_size=5, batch_size=0, batch_weight_size=5, pwt_source_name=pwt, num_document_passes=1, regularizer=(name:SparsePhi, tau:-100), class=(text:1), reuse_theta=yes, opt_for_avx=yes, predict_class_id=
I0929 14:51:20.653862 11464 processor.cc:717] No data in processing queue, waiting...
I0929 14:51:20.653862  8552 processor.cc:717] No data in processing queue, waiting...
I0929 14:51:20.681388  8552 processor.cc:724] Processing queue has data, processing started
I0929 14:51:20.681388 11464 processor.cc:724] Processing queue has data, processing started
I0929 14:51:20.681388 11464 processor.cc:802] Processor: start processing batch 848367d3-1564-4ff3-a9c0-b329da99b2d9 into model nwt
I0929 14:51:20.681388 13432 processor.cc:802] Processor: start processing batch 10dc3939-1034-4f09-a4d8-15b68e37ec78 into model nwt
I0929 14:51:20.681388  8552 processor.cc:802] Processor: start processing batch 08184e6e-01f0-4d9c-b12a-6ef173dd05ae into model nwt
I0929 14:51:20.681388 17416 processor.cc:802] Processor: start processing batch 16ba4aa4-0034-42e6-8503-55a90568f924 into model nwt
I0929 14:51:20.681388 14812 processor.cc:802] Processor: start processing batch 9c21a059-2136-4b57-b604-44694ce7bc81 into model nwt
I0929 14:51:20.743872  8552 processor.cc:898] Processor: complete processing batch 08184e6e-01f0-4d9c-b12a-6ef173dd05ae into model nwt
I0929 14:51:20.743872  8552 cuckoo_watch.h:45] 65ms in ProcessBatch(school_batches\aaaaac.batch) [including 4ms in LoadMessage; 1ms in InitializeSparseNdw; 19ms in InferThetaAndUpdateNwtSparse; 21ms in CalculateScore(PerplexityScore); 4ms in CalculateScore(SparsityThetaScore); 11ms in CalculateScore(^^^ItemsProcessedScore^^^); ]
I0929 14:51:20.743872 17416 processor.cc:898] Processor: complete processing batch 16ba4aa4-0034-42e6-8503-55a90568f924 into model nwt
I0929 14:51:20.743872 11464 processor.cc:898] Processor: complete processing batch 848367d3-1564-4ff3-a9c0-b329da99b2d9 into model nwt
I0929 14:51:20.743872 13432 processor.cc:898] Processor: complete processing batch 10dc3939-1034-4f09-a4d8-15b68e37ec78 into model nwt
I0929 14:51:20.743872 17416 cuckoo_watch.h:45] 67ms in ProcessBatch(school_batches\aaaaaa.batch) [including 5ms in LoadMessage; 2ms in InitializeSparseNdw; 17ms in InferThetaAndUpdateNwtSparse; 18ms in CalculateScore(PerplexityScore); 6ms in CalculateScore(SparsityThetaScore); 14ms in CalculateScore(^^^ItemsProcessedScore^^^); ]
I0929 14:51:20.743872 14812 processor.cc:898] Processor: complete processing batch 9c21a059-2136-4b57-b604-44694ce7bc81 into model nwt
I0929 14:51:20.743872 11464 cuckoo_watch.h:45] 68ms in ProcessBatch(school_batches\aaaaab.batch) [including 3ms in LoadMessage; 1ms in InitializeSparseNdw; 16ms in InferThetaAndUpdateNwtSparse; 21ms in CalculateScore(PerplexityScore); 4ms in CalculateScore(SparsityThetaScore); 16ms in CalculateScore(^^^ItemsProcessedScore^^^); ]
I0929 14:51:20.743872 13432 cuckoo_watch.h:45] 68ms in ProcessBatch(school_batches\aaaaae.batch) [including 3ms in LoadMessage; 1ms in InitializeSparseNdw; 19ms in InferThetaAndUpdateNwtSparse; 19ms in CalculateScore(PerplexityScore); 5ms in CalculateScore(SparsityThetaScore); 14ms in CalculateScore(^^^ItemsProcessedScore^^^); ]
I0929 14:51:20.743872 14812 cuckoo_watch.h:45] 68ms in ProcessBatch(school_batches\aaaaad.batch) [including 4ms in LoadMessage; 1ms in InitializeSparseNdw; 17ms in InferThetaAndUpdateNwtSparse; 20ms in CalculateScore(PerplexityScore); 7ms in CalculateScore(SparsityThetaScore); 14ms in CalculateScore(^^^ItemsProcessedScore^^^); ]
I0929 14:51:20.759737 10440 master_component.cc:1378] RegularizeModelArgs: rwt_target_name=rwt, pwt_source_name=pwt, nwt_source_name=nwt
I0929 14:51:20.759737 10440 master_component.cc:922] MasterComponent: start regularizing model pwt
I0929 14:51:20.806381 10440 master_component.cc:948] MasterComponent: complete regularizing model pwt
I0929 14:51:20.806381 10440 master_component.cc:1391] NormalizeModelArgs: pwt_target_name=pwt, nwt_source_name=nwt, rwt_source_name=rwt
I0929 14:51:20.806381 10440 master_component.cc:952] MasterComponent: start normalizing model nwt
I0929 14:51:20.837560 10948 processor.cc:717] No data in processing queue, waiting...
I0929 14:51:20.837560 10752 processor.cc:717] No data in processing queue, waiting...
I0929 14:51:20.837560 10440 master_component.cc:980] MasterComponent: complete normalizing model nwt
I0929 14:51:20.853219 10440 master_component.cc:1415] DisposeModel rwt
I0929 14:51:20.853219 10440 master_component.cc:1005] FitOffline: ItemsProcessed, num_items=475, num_batches=5, token_weight=160064, token_weight_in_effect=160064
I0929 14:51:20.853219 16016 c_interface.cc:559] Pass GetScoreValueArgs, score_name=^^^ItemsProcessedScore^^^ to MasterComponent::Request
I0929 14:51:20.853219 16016 c_interface.cc:230] ArtmCopyRequestedMessage is copying 46 bytes...
I0929 14:51:20.853219 10440 c_interface.cc:386] Pass FitOfflineMasterModelArgs, batch_filename_size=5, batch_weight_size=5, num_collection_passes=1 to void (__cdecl artm::core::MasterComponent::*)(class artm::FitOfflineMasterModelArgs const & __ptr64) __ptr64
I0929 14:51:20.853219 10440 master_component.cc:1340] ProcessBatchesArgs: nwt_target_name=nwt, batch_filename_size=5, batch_size=0, batch_weight_size=5, pwt_source_name=pwt, num_document_passes=1, regularizer=(name:SparsePhi, tau:-100), class=(text:1), reuse_theta=yes, opt_for_avx=yes, predict_class_id=
I0929 14:51:20.900331 10948 processor.cc:724] Processing queue has data, processing started
I0929 14:51:20.900331  5100 processor.cc:724] Processing queue has data, processing started
I0929 14:51:20.900331 10752 processor.cc:724] Processing queue has data, processing started
I0929 14:51:20.900331 13432 processor.cc:802] Processor: start processing batch 9c21a059-2136-4b57-b604-44694ce7bc81 into model nwt
I0929 14:51:20.900331 11464 processor.cc:802] Processor: start processing batch 08184e6e-01f0-4d9c-b12a-6ef173dd05ae into model nwt
I0929 14:51:20.904304 10948 processor.cc:802] Processor: start processing batch 848367d3-1564-4ff3-a9c0-b329da99b2d9 into model nwt
I0929 14:51:20.904304 10752 processor.cc:802] Processor: start processing batch 10dc3939-1034-4f09-a4d8-15b68e37ec78 into model nwt
I0929 14:51:20.904304  5100 processor.cc:802] Processor: start processing batch 16ba4aa4-0034-42e6-8503-55a90568f924 into model nwt
I0929 14:51:20.939710 10752 processor.cc:898] Processor: complete processing batch 10dc3939-1034-4f09-a4d8-15b68e37ec78 into model nwt
I0929 14:51:20.939710 10752 cuckoo_watch.h:45] 48ms in ProcessBatch(school_batches\aaaaae.batch) [including 4ms in LoadMessage; 1ms in InitializeSparseNdw; 10ms in InferThetaAndUpdateNwtSparse; 13ms in CalculateScore(PerplexityScore); 4ms in CalculateScore(SparsityThetaScore); 13ms in CalculateScore(^^^ItemsProcessedScore^^^); ]
I0929 14:51:20.939710  5100 processor.cc:898] Processor: complete processing batch 16ba4aa4-0034-42e6-8503-55a90568f924 into model nwt
I0929 14:51:20.939710  5100 cuckoo_watch.h:45] 50ms in ProcessBatch(school_batches\aaaaaa.batch) [including 4ms in LoadMessage; 1ms in InitializeSparseNdw; 15ms in InferThetaAndUpdateNwtSparse; 11ms in CalculateScore(PerplexityScore); 2ms in CalculateScore(SparsityThetaScore); 12ms in CalculateScore(^^^ItemsProcessedScore^^^); ]
I0929 14:51:20.939710 13432 processor.cc:898] Processor: complete processing batch 9c21a059-2136-4b57-b604-44694ce7bc81 into model nwt
I0929 14:51:20.939710 13432 cuckoo_watch.h:45] 52ms in ProcessBatch(school_batches\aaaaad.batch) [including 2ms in LoadMessage; 1ms in InitializeSparseNdw; 16ms in InferThetaAndUpdateNwtSparse; 18ms in CalculateScore(PerplexityScore); 2ms in CalculateScore(SparsityThetaScore); 9ms in CalculateScore(^^^ItemsProcessedScore^^^); ]
I0929 14:51:20.939710 11464 processor.cc:898] Processor: complete processing batch 08184e6e-01f0-4d9c-b12a-6ef173dd05ae into model nwt
I0929 14:51:20.939710 11464 cuckoo_watch.h:45] 54ms in ProcessBatch(school_batches\aaaaac.batch) [including 2ms in LoadMessage; 1ms in InitializeSparseNdw; 16ms in InferThetaAndUpdateNwtSparse; 12ms in CalculateScore(PerplexityScore); 4ms in CalculateScore(SparsityThetaScore); 14ms in CalculateScore(^^^ItemsProcessedScore^^^); ]
I0929 14:51:20.939710 10948 processor.cc:898] Processor: complete processing batch 848367d3-1564-4ff3-a9c0-b329da99b2d9 into model nwt
I0929 14:51:20.955332 10948 cuckoo_watch.h:45] 55ms in ProcessBatch(school_batches\aaaaab.batch) [including 4ms in LoadMessage; 1ms in InitializeSparseNdw; 15ms in InferThetaAndUpdateNwtSparse; 13ms in CalculateScore(PerplexityScore); 4ms in CalculateScore(SparsityThetaScore); 14ms in CalculateScore(^^^ItemsProcessedScore^^^); ]
I0929 14:51:20.971006 10440 master_component.cc:1378] RegularizeModelArgs: rwt_target_name=rwt, pwt_source_name=pwt, nwt_source_name=nwt
I0929 14:51:20.971006 10440 master_component.cc:922] MasterComponent: start regularizing model pwt
I0929 14:51:21.033471 10440 master_component.cc:948] MasterComponent: complete regularizing model pwt
I0929 14:51:21.033471 10440 master_component.cc:1391] NormalizeModelArgs: pwt_target_name=pwt, nwt_source_name=nwt, rwt_source_name=rwt
I0929 14:51:21.033471 10440 master_component.cc:952] MasterComponent: start normalizing model nwt
I0929 14:51:21.049091  8552 processor.cc:717] No data in processing queue, waiting...
I0929 14:51:21.049091 17416 processor.cc:717] No data in processing queue, waiting...
I0929 14:51:21.049091 14812 processor.cc:717] No data in processing queue, waiting...
I0929 14:51:21.049091 10440 master_component.cc:980] MasterComponent: complete normalizing model nwt
I0929 14:51:21.080303 10440 master_component.cc:1415] DisposeModel rwt
I0929 14:51:21.080303 10440 master_component.cc:1005] FitOffline: ItemsProcessed, num_items=475, num_batches=5, token_weight=160064, token_weight_in_effect=160064
I0929 14:51:21.080303 16016 c_interface.cc:559] Pass GetScoreValueArgs, score_name=^^^ItemsProcessedScore^^^ to MasterComponent::Request
I0929 14:51:21.080303 16016 c_interface.cc:230] ArtmCopyRequestedMessage is copying 46 bytes...
I0929 14:51:21.080303 10440 c_interface.cc:386] Pass FitOfflineMasterModelArgs, batch_filename_size=5, batch_weight_size=5, num_collection_passes=1 to void (__cdecl artm::core::MasterComponent::*)(class artm::FitOfflineMasterModelArgs const & __ptr64) __ptr64
I0929 14:51:21.080303 10440 master_component.cc:1340] ProcessBatchesArgs: nwt_target_name=nwt, batch_filename_size=5, batch_size=0, batch_weight_size=5, pwt_source_name=pwt, num_document_passes=1, regularizer=(name:SparsePhi, tau:-100), class=(text:1), reuse_theta=yes, opt_for_avx=yes, predict_class_id=
I0929 14:51:21.111788  8552 processor.cc:724] Processing queue has data, processing started
I0929 14:51:21.111788 11464 processor.cc:802] Processor: start processing batch 848367d3-1564-4ff3-a9c0-b329da99b2d9 into model nwt
I0929 14:51:21.111788  8552 processor.cc:802] Processor: start processing batch 16ba4aa4-0034-42e6-8503-55a90568f924 into model nwt
I0929 14:51:21.111788 13432 processor.cc:802] Processor: start processing batch 10dc3939-1034-4f09-a4d8-15b68e37ec78 into model nwt
I0929 14:51:21.111788 10752 processor.cc:802] Processor: start processing batch 08184e6e-01f0-4d9c-b12a-6ef173dd05ae into model nwt
I0929 14:51:21.111788  5100 processor.cc:802] Processor: start processing batch 9c21a059-2136-4b57-b604-44694ce7bc81 into model nwt
I0929 14:51:21.158375 13432 processor.cc:898] Processor: complete processing batch 10dc3939-1034-4f09-a4d8-15b68e37ec78 into model nwt
I0929 14:51:21.158375 13432 cuckoo_watch.h:45] 52ms in ProcessBatch(school_batches\aaaaae.batch) [including 2ms in LoadMessage; 1ms in InitializeSparseNdw; 11ms in InferThetaAndUpdateNwtSparse; 16ms in CalculateScore(PerplexityScore); 5ms in CalculateScore(SparsityThetaScore); 14ms in CalculateScore(^^^ItemsProcessedScore^^^); ]
I0929 14:51:21.158375  8552 processor.cc:898] Processor: complete processing batch 16ba4aa4-0034-42e6-8503-55a90568f924 into model nwt
I0929 14:51:21.158375  8552 cuckoo_watch.h:45] 55ms in ProcessBatch(school_batches\aaaaaa.batch) [including 2ms in LoadMessage; 1ms in InitializeSparseNdw; 10ms in InferThetaAndUpdateNwtSparse; 19ms in CalculateScore(PerplexityScore); 4ms in CalculateScore(SparsityThetaScore); 15ms in CalculateScore(^^^ItemsProcessedScore^^^); ]
I0929 14:51:21.158375 10752 processor.cc:898] Processor: complete processing batch 08184e6e-01f0-4d9c-b12a-6ef173dd05ae into model nwt
I0929 14:51:21.158375 10752 cuckoo_watch.h:45] 57ms in ProcessBatch(school_batches\aaaaac.batch) [including 4ms in LoadMessage; 1ms in InitializeSparseNdw; 12ms in InferThetaAndUpdateNwtSparse; 18ms in CalculateScore(PerplexityScore); 4ms in CalculateScore(SparsityThetaScore); 15ms in CalculateScore(^^^ItemsProcessedScore^^^); ]
I0929 14:51:21.158375 11464 processor.cc:898] Processor: complete processing batch 848367d3-1564-4ff3-a9c0-b329da99b2d9 into model nwt
I0929 14:51:21.158375 11464 cuckoo_watch.h:45] 60ms in ProcessBatch(school_batches\aaaaab.batch) [including 2ms in LoadMessage; 1ms in InitializeSparseNdw; 15ms in InferThetaAndUpdateNwtSparse; 20ms in CalculateScore(PerplexityScore); 3ms in CalculateScore(SparsityThetaScore); 15ms in CalculateScore(^^^ItemsProcessedScore^^^); ]
I0929 14:51:21.158375  5100 processor.cc:898] Processor: complete processing batch 9c21a059-2136-4b57-b604-44694ce7bc81 into model nwt
I0929 14:51:21.173995  5100 cuckoo_watch.h:45] 63ms in ProcessBatch(school_batches\aaaaad.batch) [including 4ms in LoadMessage; 1ms in InitializeSparseNdw; 16ms in InferThetaAndUpdateNwtSparse; 18ms in CalculateScore(PerplexityScore); 4ms in CalculateScore(SparsityThetaScore); 14ms in CalculateScore(^^^ItemsProcessedScore^^^); ]
I0929 14:51:21.189875 10440 master_component.cc:1378] RegularizeModelArgs: rwt_target_name=rwt, pwt_source_name=pwt, nwt_source_name=nwt
I0929 14:51:21.189875 10440 master_component.cc:922] MasterComponent: start regularizing model pwt
I0929 14:51:21.236485 10440 master_component.cc:948] MasterComponent: complete regularizing model pwt
I0929 14:51:21.236485 10440 master_component.cc:1391] NormalizeModelArgs: pwt_target_name=pwt, nwt_source_name=nwt, rwt_source_name=rwt
I0929 14:51:21.236485 10440 master_component.cc:952] MasterComponent: start normalizing model nwt
I0929 14:51:21.252142 10948 processor.cc:717] No data in processing queue, waiting...
I0929 14:51:21.267726 10440 master_component.cc:980] MasterComponent: complete normalizing model nwt
I0929 14:51:21.295591 10440 master_component.cc:1415] DisposeModel rwt
I0929 14:51:21.295591 10440 master_component.cc:1005] FitOffline: ItemsProcessed, num_items=475, num_batches=5, token_weight=160064, token_weight_in_effect=160064
I0929 14:51:21.295591 16016 c_interface.cc:559] Pass GetScoreValueArgs, score_name=^^^ItemsProcessedScore^^^ to MasterComponent::Request
I0929 14:51:21.295591 16016 c_interface.cc:230] ArtmCopyRequestedMessage is copying 46 bytes...
I0929 14:51:21.295591 10440 c_interface.cc:386] Pass FitOfflineMasterModelArgs, batch_filename_size=5, batch_weight_size=5, num_collection_passes=1 to void (__cdecl artm::core::MasterComponent::*)(class artm::FitOfflineMasterModelArgs const & __ptr64) __ptr64
I0929 14:51:21.295591 10440 master_component.cc:1340] ProcessBatchesArgs: nwt_target_name=nwt, batch_filename_size=5, batch_size=0, batch_weight_size=5, pwt_source_name=pwt, num_document_passes=1, regularizer=(name:SparsePhi, tau:-100), class=(text:1), reuse_theta=yes, opt_for_avx=yes, predict_class_id=
I0929 14:51:21.342949 17416 processor.cc:724] Processing queue has data, processing started
I0929 14:51:21.342949 17416 processor.cc:802] Processor: start processing batch 10dc3939-1034-4f09-a4d8-15b68e37ec78 into model nwt
I0929 14:51:21.342949 10752 processor.cc:802] Processor: start processing batch 16ba4aa4-0034-42e6-8503-55a90568f924 into model nwt
I0929 14:51:21.342949 11464 processor.cc:802] Processor: start processing batch 9c21a059-2136-4b57-b604-44694ce7bc81 into model nwt
I0929 14:51:21.342949 13432 processor.cc:802] Processor: start processing batch 848367d3-1564-4ff3-a9c0-b329da99b2d9 into model nwt
I0929 14:51:21.342949  5100 processor.cc:802] Processor: start processing batch 08184e6e-01f0-4d9c-b12a-6ef173dd05ae into model nwt
I0929 14:51:21.389359 13432 processor.cc:898] Processor: complete processing batch 848367d3-1564-4ff3-a9c0-b329da99b2d9 into model nwt
I0929 14:51:21.389359 13432 cuckoo_watch.h:45] 49ms in ProcessBatch(school_batches\aaaaab.batch) [including 4ms in LoadMessage; 1ms in InitializeSparseNdw; 13ms in InferThetaAndUpdateNwtSparse; 13ms in CalculateScore(PerplexityScore); 3ms in CalculateScore(SparsityThetaScore); 11ms in CalculateScore(^^^ItemsProcessedScore^^^); ]
I0929 14:51:21.389359 17416 processor.cc:898] Processor: complete processing batch 10dc3939-1034-4f09-a4d8-15b68e37ec78 into model nwt
I0929 14:51:21.389359 17416 cuckoo_watch.h:45] 50ms in ProcessBatch(school_batches\aaaaae.batch) [including 2ms in LoadMessage; 1ms in InitializeSparseNdw; 13ms in InferThetaAndUpdateNwtSparse; 16ms in CalculateScore(PerplexityScore); 4ms in CalculateScore(SparsityThetaScore); 12ms in CalculateScore(^^^ItemsProcessedScore^^^); ]
I0929 14:51:21.389359 11464 processor.cc:898] Processor: complete processing batch 9c21a059-2136-4b57-b604-44694ce7bc81 into model nwt
I0929 14:51:21.389359 11464 cuckoo_watch.h:45] 53ms in ProcessBatch(school_batches\aaaaad.batch) [including 2ms in LoadMessage; 1ms in InitializeSparseNdw; 12ms in InferThetaAndUpdateNwtSparse; 18ms in CalculateScore(PerplexityScore); 4ms in CalculateScore(SparsityThetaScore); 12ms in CalculateScore(^^^ItemsProcessedScore^^^); ]
I0929 14:51:21.389359 10752 processor.cc:898] Processor: complete processing batch 16ba4aa4-0034-42e6-8503-55a90568f924 into model nwt
I0929 14:51:21.389359 10752 cuckoo_watch.h:45] 54ms in ProcessBatch(school_batches\aaaaaa.batch) [including 2ms in LoadMessage; 1ms in InitializeSparseNdw; 12ms in InferThetaAndUpdateNwtSparse; 17ms in CalculateScore(PerplexityScore); 4ms in CalculateScore(SparsityThetaScore); 14ms in CalculateScore(^^^ItemsProcessedScore^^^); ]
I0929 14:51:21.389359  5100 processor.cc:898] Processor: complete processing batch 08184e6e-01f0-4d9c-b12a-6ef173dd05ae into model nwt
I0929 14:51:21.389359  5100 cuckoo_watch.h:45] 60ms in ProcessBatch(school_batches\aaaaac.batch) [including 4ms in LoadMessage; 1ms in InitializeSparseNdw; 17ms in InferThetaAndUpdateNwtSparse; 19ms in CalculateScore(PerplexityScore); 4ms in CalculateScore(SparsityThetaScore); 11ms in CalculateScore(^^^ItemsProcessedScore^^^); ]
I0929 14:51:21.404999 10440 master_component.cc:1378] RegularizeModelArgs: rwt_target_name=rwt, pwt_source_name=pwt, nwt_source_name=nwt
I0929 14:51:21.404999 10440 master_component.cc:922] MasterComponent: start regularizing model pwt
I0929 14:51:21.451843  8552 processor.cc:717] No data in processing queue, waiting...
I0929 14:51:21.451843 10440 master_component.cc:948] MasterComponent: complete regularizing model pwt
I0929 14:51:21.451843 10440 master_component.cc:1391] NormalizeModelArgs: pwt_target_name=pwt, nwt_source_name=nwt, rwt_source_name=rwt
I0929 14:51:21.451843 10440 master_component.cc:952] MasterComponent: start normalizing model nwt
I0929 14:51:21.483110 10440 master_component.cc:980] MasterComponent: complete normalizing model nwt
I0929 14:51:21.498733 10440 master_component.cc:1415] DisposeModel rwt
I0929 14:51:21.498733 10440 master_component.cc:1005] FitOffline: ItemsProcessed, num_items=475, num_batches=5, token_weight=160064, token_weight_in_effect=160064
I0929 14:51:21.498733 16016 c_interface.cc:559] Pass GetScoreValueArgs, score_name=^^^ItemsProcessedScore^^^ to MasterComponent::Request
I0929 14:51:21.498733 16016 c_interface.cc:230] ArtmCopyRequestedMessage is copying 46 bytes...
I0929 14:51:21.498733 10440 c_interface.cc:386] Pass FitOfflineMasterModelArgs, batch_filename_size=5, batch_weight_size=5, num_collection_passes=1 to void (__cdecl artm::core::MasterComponent::*)(class artm::FitOfflineMasterModelArgs const & __ptr64) __ptr64
I0929 14:51:21.498733 10440 master_component.cc:1340] ProcessBatchesArgs: nwt_target_name=nwt, batch_filename_size=5, batch_size=0, batch_weight_size=5, pwt_source_name=pwt, num_document_passes=1, regularizer=(name:SparsePhi, tau:-100), class=(text:1), reuse_theta=yes, opt_for_avx=yes, predict_class_id=
I0929 14:51:21.546137  8552 processor.cc:724] Processing queue has data, processing started
I0929 14:51:21.546137 10948 processor.cc:724] Processing queue has data, processing started
I0929 14:51:21.546137 11464 processor.cc:802] Processor: start processing batch 848367d3-1564-4ff3-a9c0-b329da99b2d9 into model nwt
I0929 14:51:21.546137 10752 processor.cc:802] Processor: start processing batch 10dc3939-1034-4f09-a4d8-15b68e37ec78 into model nwt
I0929 14:51:21.546137  8552 processor.cc:802] Processor: start processing batch 08184e6e-01f0-4d9c-b12a-6ef173dd05ae into model nwt
I0929 14:51:21.546137 10948 processor.cc:802] Processor: start processing batch 9c21a059-2136-4b57-b604-44694ce7bc81 into model nwt
I0929 14:51:21.546137 17416 processor.cc:802] Processor: start processing batch 16ba4aa4-0034-42e6-8503-55a90568f924 into model nwt
I0929 14:51:21.576776 10752 processor.cc:898] Processor: complete processing batch 10dc3939-1034-4f09-a4d8-15b68e37ec78 into model nwt
I0929 14:51:21.576776 10752 cuckoo_watch.h:45] 38ms in ProcessBatch(school_batches\aaaaae.batch) [including 3ms in LoadMessage; 1ms in InitializeSparseNdw; 10ms in InferThetaAndUpdateNwtSparse; 10ms in CalculateScore(PerplexityScore); 2ms in CalculateScore(SparsityThetaScore); 9ms in CalculateScore(^^^ItemsProcessedScore^^^); ]
I0929 14:51:21.576776  8552 processor.cc:898] Processor: complete processing batch 08184e6e-01f0-4d9c-b12a-6ef173dd05ae into model nwt
I0929 14:51:21.576776  8552 cuckoo_watch.h:45] 42ms in ProcessBatch(school_batches\aaaaac.batch) [including 4ms in LoadMessage; 1ms in InitializeSparseNdw; 11ms in InferThetaAndUpdateNwtSparse; 11ms in CalculateScore(PerplexityScore); 2ms in CalculateScore(SparsityThetaScore); 9ms in CalculateScore(^^^ItemsProcessedScore^^^); ]
I0929 14:51:21.592396 17416 processor.cc:898] Processor: complete processing batch 16ba4aa4-0034-42e6-8503-55a90568f924 into model nwt
I0929 14:51:21.592396 17416 cuckoo_watch.h:45] 47ms in ProcessBatch(school_batches\aaaaaa.batch) [including 4ms in LoadMessage; 1ms in InitializeSparseNdw; 15ms in InferThetaAndUpdateNwtSparse; 11ms in CalculateScore(PerplexityScore); 2ms in CalculateScore(SparsityThetaScore); 9ms in CalculateScore(^^^ItemsProcessedScore^^^); ]
I0929 14:51:21.592396 11464 processor.cc:898] Processor: complete processing batch 848367d3-1564-4ff3-a9c0-b329da99b2d9 into model nwt
I0929 14:51:21.592396 11464 cuckoo_watch.h:45] 49ms in ProcessBatch(school_batches\aaaaab.batch) [including 2ms in LoadMessage; 1ms in InitializeSparseNdw; 11ms in InferThetaAndUpdateNwtSparse; 14ms in CalculateScore(PerplexityScore); 4ms in CalculateScore(SparsityThetaScore); 14ms in CalculateScore(^^^ItemsProcessedScore^^^); ]
I0929 14:51:21.592396 10948 processor.cc:898] Processor: complete processing batch 9c21a059-2136-4b57-b604-44694ce7bc81 into model nwt
I0929 14:51:21.592396 10948 cuckoo_watch.h:45] 56ms in ProcessBatch(school_batches\aaaaad.batch) [including 4ms in LoadMessage; 1ms in InitializeSparseNdw; 16ms in InferThetaAndUpdateNwtSparse; 17ms in CalculateScore(PerplexityScore); 4ms in CalculateScore(SparsityThetaScore); 10ms in CalculateScore(^^^ItemsProcessedScore^^^); ]
I0929 14:51:21.608480 10440 master_component.cc:1378] RegularizeModelArgs: rwt_target_name=rwt, pwt_source_name=pwt, nwt_source_name=nwt
I0929 14:51:21.608480 10440 master_component.cc:922] MasterComponent: start regularizing model pwt
I0929 14:51:21.654882 10440 master_component.cc:948] MasterComponent: complete regularizing model pwt
I0929 14:51:21.654882 10440 master_component.cc:1391] NormalizeModelArgs: pwt_target_name=pwt, nwt_source_name=nwt, rwt_source_name=rwt
I0929 14:51:21.654882 10440 master_component.cc:952] MasterComponent: start normalizing model nwt
I0929 14:51:21.686190 10440 master_component.cc:980] MasterComponent: complete normalizing model nwt
I0929 14:51:21.701745  5100 processor.cc:717] No data in processing queue, waiting...
I0929 14:51:21.701745 13432 processor.cc:717] No data in processing queue, waiting...
I0929 14:51:21.701745 10440 master_component.cc:1415] DisposeModel rwt
I0929 14:51:21.701745 10440 master_component.cc:1005] FitOffline: ItemsProcessed, num_items=475, num_batches=5, token_weight=160064, token_weight_in_effect=160064
I0929 14:51:21.701745 16016 c_interface.cc:559] Pass GetScoreValueArgs, score_name=^^^ItemsProcessedScore^^^ to MasterComponent::Request
I0929 14:51:21.701745 16016 c_interface.cc:230] ArtmCopyRequestedMessage is copying 46 bytes...
I0929 14:51:21.701745 10440 c_interface.cc:386] Pass FitOfflineMasterModelArgs, batch_filename_size=5, batch_weight_size=5, num_collection_passes=1 to void (__cdecl artm::core::MasterComponent::*)(class artm::FitOfflineMasterModelArgs const & __ptr64) __ptr64
I0929 14:51:21.701745 10440 master_component.cc:1340] ProcessBatchesArgs: nwt_target_name=nwt, batch_filename_size=5, batch_size=0, batch_weight_size=5, pwt_source_name=pwt, num_document_passes=1, regularizer=(name:SparsePhi, tau:-100), class=(text:1), reuse_theta=yes, opt_for_avx=yes, predict_class_id=
I0929 14:51:21.748611 11464 processor.cc:802] Processor: start processing batch 08184e6e-01f0-4d9c-b12a-6ef173dd05ae into model nwt
I0929 14:51:21.748611 10752 processor.cc:802] Processor: start processing batch 10dc3939-1034-4f09-a4d8-15b68e37ec78 into model nwt
I0929 14:51:21.748611  8552 processor.cc:802] Processor: start processing batch 9c21a059-2136-4b57-b604-44694ce7bc81 into model nwt
I0929 14:51:21.748611 10948 processor.cc:802] Processor: start processing batch 16ba4aa4-0034-42e6-8503-55a90568f924 into model nwt
I0929 14:51:21.748611 17416 processor.cc:802] Processor: start processing batch 848367d3-1564-4ff3-a9c0-b329da99b2d9 into model nwt
I0929 14:51:21.795476 10948 processor.cc:898] Processor: complete processing batch 16ba4aa4-0034-42e6-8503-55a90568f924 into model nwt
I0929 14:51:21.795476 10948 cuckoo_watch.h:45] 56ms in ProcessBatch(school_batches\aaaaaa.batch) [including 5ms in LoadMessage; 2ms in InitializeSparseNdw; 16ms in InferThetaAndUpdateNwtSparse; 16ms in CalculateScore(PerplexityScore); 2ms in CalculateScore(SparsityThetaScore); 10ms in CalculateScore(^^^ItemsProcessedScore^^^); ]
I0929 14:51:21.795476 17416 processor.cc:898] Processor: complete processing batch 848367d3-1564-4ff3-a9c0-b329da99b2d9 into model nwt
I0929 14:51:21.795476 17416 cuckoo_watch.h:45] 59ms in ProcessBatch(school_batches\aaaaab.batch) [including 5ms in LoadMessage; 2ms in InitializeSparseNdw; 15ms in InferThetaAndUpdateNwtSparse; 15ms in CalculateScore(PerplexityScore); 3ms in CalculateScore(SparsityThetaScore); 15ms in CalculateScore(^^^ItemsProcessedScore^^^); ]
I0929 14:51:21.795476 10752 processor.cc:898] Processor: complete processing batch 10dc3939-1034-4f09-a4d8-15b68e37ec78 into model nwt
I0929 14:51:21.795476 10752 cuckoo_watch.h:45] 60ms in ProcessBatch(school_batches\aaaaae.batch) [including 4ms in LoadMessage; 2ms in InitializeSparseNdw; 17ms in InferThetaAndUpdateNwtSparse; 15ms in CalculateScore(PerplexityScore); 4ms in CalculateScore(SparsityThetaScore); 14ms in CalculateScore(^^^ItemsProcessedScore^^^); ]
I0929 14:51:21.795476 11464 processor.cc:898] Processor: complete processing batch 08184e6e-01f0-4d9c-b12a-6ef173dd05ae into model nwt
I0929 14:51:21.811128  8552 processor.cc:898] Processor: complete processing batch 9c21a059-2136-4b57-b604-44694ce7bc81 into model nwt
I0929 14:51:21.811128 11464 cuckoo_watch.h:45] 62ms in ProcessBatch(school_batches\aaaaac.batch) [including 4ms in LoadMessage; 2ms in InitializeSparseNdw; 18ms in InferThetaAndUpdateNwtSparse; 15ms in CalculateScore(PerplexityScore); 4ms in CalculateScore(SparsityThetaScore); 15ms in CalculateScore(^^^ItemsProcessedScore^^^); ]
I0929 14:51:21.811128  8552 cuckoo_watch.h:45] 63ms in ProcessBatch(school_batches\aaaaad.batch) [including 5ms in LoadMessage; 2ms in InitializeSparseNdw; 17ms in InferThetaAndUpdateNwtSparse; 17ms in CalculateScore(PerplexityScore); 3ms in CalculateScore(SparsityThetaScore); 15ms in CalculateScore(^^^ItemsProcessedScore^^^); ]
I0929 14:51:21.826974 10440 master_component.cc:1378] RegularizeModelArgs: rwt_target_name=rwt, pwt_source_name=pwt, nwt_source_name=nwt
I0929 14:51:21.826974 10440 master_component.cc:922] MasterComponent: start regularizing model pwt
I0929 14:51:21.873643 10440 master_component.cc:948] MasterComponent: complete regularizing model pwt
I0929 14:51:21.873643 10440 master_component.cc:1391] NormalizeModelArgs: pwt_target_name=pwt, nwt_source_name=nwt, rwt_source_name=rwt
I0929 14:51:21.873643 10440 master_component.cc:952] MasterComponent: start normalizing model nwt
I0929 14:51:21.904887 10440 master_component.cc:980] MasterComponent: complete normalizing model nwt
I0929 14:51:21.936131 10440 master_component.cc:1415] DisposeModel rwt
I0929 14:51:21.936131 10440 master_component.cc:1005] FitOffline: ItemsProcessed, num_items=475, num_batches=5, token_weight=160064, token_weight_in_effect=160064
I0929 14:51:21.936131 16016 c_interface.cc:559] Pass GetScoreValueArgs, score_name=^^^ItemsProcessedScore^^^ to MasterComponent::Request
I0929 14:51:21.936131 16016 c_interface.cc:230] ArtmCopyRequestedMessage is copying 46 bytes...
I0929 14:51:21.936131 10440 c_interface.cc:386] Pass FitOfflineMasterModelArgs, batch_filename_size=5, batch_weight_size=5, num_collection_passes=1 to void (__cdecl artm::core::MasterComponent::*)(class artm::FitOfflineMasterModelArgs const & __ptr64) __ptr64
I0929 14:51:21.936131 10440 master_component.cc:1340] ProcessBatchesArgs: nwt_target_name=nwt, batch_filename_size=5, batch_size=0, batch_weight_size=5, pwt_source_name=pwt, num_document_passes=1, regularizer=(name:SparsePhi, tau:-100), class=(text:1), reuse_theta=yes, opt_for_avx=yes, predict_class_id=
I0929 14:51:21.982957 13432 processor.cc:724] Processing queue has data, processing started
I0929 14:51:21.982957  5100 processor.cc:724] Processing queue has data, processing started
I0929 14:51:21.984325 17416 processor.cc:802] Processor: start processing batch 848367d3-1564-4ff3-a9c0-b329da99b2d9 into model nwt
I0929 14:51:21.984325 10948 processor.cc:802] Processor: start processing batch 16ba4aa4-0034-42e6-8503-55a90568f924 into model nwt
I0929 14:51:21.984325 13432 processor.cc:802] Processor: start processing batch 9c21a059-2136-4b57-b604-44694ce7bc81 into model nwt
I0929 14:51:21.984325  5100 processor.cc:802] Processor: start processing batch 10dc3939-1034-4f09-a4d8-15b68e37ec78 into model nwt
I0929 14:51:21.984325 11464 processor.cc:802] Processor: start processing batch 08184e6e-01f0-4d9c-b12a-6ef173dd05ae into model nwt
I0929 14:51:22.032670 10948 processor.cc:898] Processor: complete processing batch 16ba4aa4-0034-42e6-8503-55a90568f924 into model nwt
I0929 14:51:22.032670  5100 processor.cc:898] Processor: complete processing batch 10dc3939-1034-4f09-a4d8-15b68e37ec78 into model nwt
I0929 14:51:22.032670 10948 cuckoo_watch.h:45] 57ms in ProcessBatch(school_batches\aaaaaa.batch) [including 4ms in LoadMessage; 2ms in InitializeSparseNdw; 14ms in InferThetaAndUpdateNwtSparse; 14ms in CalculateScore(PerplexityScore); 4ms in CalculateScore(SparsityThetaScore); 15ms in CalculateScore(^^^ItemsProcessedScore^^^); ]
I0929 14:51:22.032670  5100 cuckoo_watch.h:45] 57ms in ProcessBatch(school_batches\aaaaae.batch) [including 4ms in LoadMessage; 1ms in InitializeSparseNdw; 17ms in InferThetaAndUpdateNwtSparse; 13ms in CalculateScore(PerplexityScore); 4ms in CalculateScore(SparsityThetaScore); 14ms in CalculateScore(^^^ItemsProcessedScore^^^); ]
I0929 14:51:22.032670 17416 processor.cc:898] Processor: complete processing batch 848367d3-1564-4ff3-a9c0-b329da99b2d9 into model nwt
I0929 14:51:22.032670 13432 processor.cc:898] Processor: complete processing batch 9c21a059-2136-4b57-b604-44694ce7bc81 into model nwt
I0929 14:51:22.032670 17416 cuckoo_watch.h:45] 62ms in ProcessBatch(school_batches\aaaaab.batch) [including 4ms in LoadMessage; 2ms in InitializeSparseNdw; 14ms in InferThetaAndUpdateNwtSparse; 20ms in CalculateScore(PerplexityScore); 4ms in CalculateScore(SparsityThetaScore); 13ms in CalculateScore(^^^ItemsProcessedScore^^^); ]
I0929 14:51:22.032670 11464 processor.cc:898] Processor: complete processing batch 08184e6e-01f0-4d9c-b12a-6ef173dd05ae into model nwt
I0929 14:51:22.032670 13432 cuckoo_watch.h:45] 63ms in ProcessBatch(school_batches\aaaaad.batch) [including 3ms in LoadMessage; 2ms in InitializeSparseNdw; 18ms in InferThetaAndUpdateNwtSparse; 19ms in CalculateScore(PerplexityScore); 4ms in CalculateScore(SparsityThetaScore); 12ms in CalculateScore(^^^ItemsProcessedScore^^^); ]
I0929 14:51:22.032670 11464 cuckoo_watch.h:45] 64ms in ProcessBatch(school_batches\aaaaac.batch) [including 4ms in LoadMessage; 2ms in InitializeSparseNdw; 18ms in InferThetaAndUpdateNwtSparse; 20ms in CalculateScore(PerplexityScore); 4ms in CalculateScore(SparsityThetaScore); 11ms in CalculateScore(^^^ItemsProcessedScore^^^); ]
I0929 14:51:22.048549 10440 master_component.cc:1378] RegularizeModelArgs: rwt_target_name=rwt, pwt_source_name=pwt, nwt_source_name=nwt
I0929 14:51:22.048549 10440 master_component.cc:922] MasterComponent: start regularizing model pwt
I0929 14:51:22.096925 10752 processor.cc:717] No data in processing queue, waiting...
I0929 14:51:22.096925 10440 master_component.cc:948] MasterComponent: complete regularizing model pwt
I0929 14:51:22.096925 10440 master_component.cc:1391] NormalizeModelArgs: pwt_target_name=pwt, nwt_source_name=nwt, rwt_source_name=rwt
I0929 14:51:22.096925 10440 master_component.cc:952] MasterComponent: start normalizing model nwt
I0929 14:51:22.112583  8552 processor.cc:717] No data in processing queue, waiting...
I0929 14:51:22.128202 10440 master_component.cc:980] MasterComponent: complete normalizing model nwt
I0929 14:51:22.143788 10440 master_component.cc:1415] DisposeModel rwt
I0929 14:51:22.143788 10440 master_component.cc:1005] FitOffline: ItemsProcessed, num_items=475, num_batches=5, token_weight=160064, token_weight_in_effect=160064
I0929 14:51:22.143788 16016 c_interface.cc:559] Pass GetScoreValueArgs, score_name=^^^ItemsProcessedScore^^^ to MasterComponent::Request
I0929 14:51:22.143788 16016 c_interface.cc:230] ArtmCopyRequestedMessage is copying 46 bytes...
I0929 14:51:22.143788 10440 c_interface.cc:386] Pass FitOfflineMasterModelArgs, batch_filename_size=5, batch_weight_size=5, num_collection_passes=1 to void (__cdecl artm::core::MasterComponent::*)(class artm::FitOfflineMasterModelArgs const & __ptr64) __ptr64
I0929 14:51:22.143788 10440 master_component.cc:1340] ProcessBatchesArgs: nwt_target_name=nwt, batch_filename_size=5, batch_size=0, batch_weight_size=5, pwt_source_name=pwt, num_document_passes=1, regularizer=(name:SparsePhi, tau:-100), class=(text:1), reuse_theta=yes, opt_for_avx=yes, predict_class_id=
I0929 14:51:22.190685  8552 processor.cc:724] Processing queue has data, processing started
I0929 14:51:22.195096  8552 processor.cc:802] Processor: start processing batch 848367d3-1564-4ff3-a9c0-b329da99b2d9 into model nwt
I0929 14:51:22.195096 10948 processor.cc:802] Processor: start processing batch 9c21a059-2136-4b57-b604-44694ce7bc81 into model nwt
I0929 14:51:22.195096 13432 processor.cc:802] Processor: start processing batch 08184e6e-01f0-4d9c-b12a-6ef173dd05ae into model nwt
I0929 14:51:22.195096  5100 processor.cc:802] Processor: start processing batch 16ba4aa4-0034-42e6-8503-55a90568f924 into model nwt
I0929 14:51:22.195096 11464 processor.cc:802] Processor: start processing batch 10dc3939-1034-4f09-a4d8-15b68e37ec78 into model nwt
I0929 14:51:22.235306 11464 processor.cc:898] Processor: complete processing batch 10dc3939-1034-4f09-a4d8-15b68e37ec78 into model nwt
I0929 14:51:22.235306 11464 cuckoo_watch.h:45] 58ms in ProcessBatch(school_batches\aaaaae.batch) [including 5ms in LoadMessage; 1ms in InitializeSparseNdw; 18ms in InferThetaAndUpdateNwtSparse; 18ms in CalculateScore(PerplexityScore); 4ms in CalculateScore(SparsityThetaScore); 8ms in CalculateScore(^^^ItemsProcessedScore^^^); ]
I0929 14:51:22.250939  8552 processor.cc:898] Processor: complete processing batch 848367d3-1564-4ff3-a9c0-b329da99b2d9 into model nwt
I0929 14:51:22.250939 10948 processor.cc:898] Processor: complete processing batch 9c21a059-2136-4b57-b604-44694ce7bc81 into model nwt
I0929 14:51:22.250939  8552 cuckoo_watch.h:45] 63ms in ProcessBatch(school_batches\aaaaab.batch) [including 4ms in LoadMessage; 2ms in InitializeSparseNdw; 15ms in InferThetaAndUpdateNwtSparse; 20ms in CalculateScore(PerplexityScore); 4ms in CalculateScore(SparsityThetaScore); 14ms in CalculateScore(^^^ItemsProcessedScore^^^); ]
I0929 14:51:22.250939 10948 cuckoo_watch.h:45] 65ms in ProcessBatch(school_batches\aaaaad.batch) [including 4ms in LoadMessage; 1ms in InitializeSparseNdw; 15ms in InferThetaAndUpdateNwtSparse; 19ms in CalculateScore(PerplexityScore); 4ms in CalculateScore(SparsityThetaScore); 16ms in CalculateScore(^^^ItemsProcessedScore^^^); ]
I0929 14:51:22.250939  5100 processor.cc:898] Processor: complete processing batch 16ba4aa4-0034-42e6-8503-55a90568f924 into model nwt
I0929 14:51:22.250939 13432 processor.cc:898] Processor: complete processing batch 08184e6e-01f0-4d9c-b12a-6ef173dd05ae into model nwt
I0929 14:51:22.250939  5100 cuckoo_watch.h:45] 66ms in ProcessBatch(school_batches\aaaaaa.batch) [including 5ms in LoadMessage; 1ms in InitializeSparseNdw; 17ms in InferThetaAndUpdateNwtSparse; 20ms in CalculateScore(PerplexityScore); 5ms in CalculateScore(SparsityThetaScore); 14ms in CalculateScore(^^^ItemsProcessedScore^^^); ]
I0929 14:51:22.250939 13432 cuckoo_watch.h:45] 67ms in ProcessBatch(school_batches\aaaaac.batch) [including 4ms in LoadMessage; 1ms in InitializeSparseNdw; 18ms in InferThetaAndUpdateNwtSparse; 20ms in CalculateScore(PerplexityScore); 4ms in CalculateScore(SparsityThetaScore); 15ms in CalculateScore(^^^ItemsProcessedScore^^^); ]
I0929 14:51:22.266549 10440 master_component.cc:1378] RegularizeModelArgs: rwt_target_name=rwt, pwt_source_name=pwt, nwt_source_name=nwt
I0929 14:51:22.266549 10440 master_component.cc:922] MasterComponent: start regularizing model pwt
I0929 14:51:22.313416 10440 master_component.cc:948] MasterComponent: complete regularizing model pwt
I0929 14:51:22.313416 10440 master_component.cc:1391] NormalizeModelArgs: pwt_target_name=pwt, nwt_source_name=nwt, rwt_source_name=rwt
I0929 14:51:22.313416 10440 master_component.cc:952] MasterComponent: start normalizing model nwt
I0929 14:51:22.329103 17416 processor.cc:717] No data in processing queue, waiting...
I0929 14:51:22.360280 10440 master_component.cc:980] MasterComponent: complete normalizing model nwt
I0929 14:51:22.375901 10440 master_component.cc:1415] DisposeModel rwt
I0929 14:51:22.375901 10440 master_component.cc:1005] FitOffline: ItemsProcessed, num_items=475, num_batches=5, token_weight=160064, token_weight_in_effect=160064
I0929 14:51:22.375901 16016 c_interface.cc:559] Pass GetScoreValueArgs, score_name=^^^ItemsProcessedScore^^^ to MasterComponent::Request
I0929 14:51:22.375901 16016 c_interface.cc:230] ArtmCopyRequestedMessage is copying 46 bytes...
I0929 14:51:22.375901 10440 c_interface.cc:386] Pass FitOfflineMasterModelArgs, batch_filename_size=5, batch_weight_size=5, num_collection_passes=1 to void (__cdecl artm::core::MasterComponent::*)(class artm::FitOfflineMasterModelArgs const & __ptr64) __ptr64
I0929 14:51:22.375901 10440 master_component.cc:1340] ProcessBatchesArgs: nwt_target_name=nwt, batch_filename_size=5, batch_size=0, batch_weight_size=5, pwt_source_name=pwt, num_document_passes=1, regularizer=(name:SparsePhi, tau:-100), class=(text:1), reuse_theta=yes, opt_for_avx=yes, predict_class_id=
I0929 14:51:22.422762 10752 processor.cc:724] Processing queue has data, processing started
I0929 14:51:22.422762 10948 processor.cc:802] Processor: start processing batch 848367d3-1564-4ff3-a9c0-b329da99b2d9 into model nwt
I0929 14:51:22.422762  8552 processor.cc:802] Processor: start processing batch 9c21a059-2136-4b57-b604-44694ce7bc81 into model nwt
I0929 14:51:22.422762 13432 processor.cc:802] Processor: start processing batch 16ba4aa4-0034-42e6-8503-55a90568f924 into model nwt
I0929 14:51:22.422762 11464 processor.cc:802] Processor: start processing batch 08184e6e-01f0-4d9c-b12a-6ef173dd05ae into model nwt
I0929 14:51:22.422762 10752 processor.cc:802] Processor: start processing batch 10dc3939-1034-4f09-a4d8-15b68e37ec78 into model nwt
I0929 14:51:22.469626 13432 processor.cc:898] Processor: complete processing batch 16ba4aa4-0034-42e6-8503-55a90568f924 into model nwt
I0929 14:51:22.469626 13432 cuckoo_watch.h:45] 50ms in ProcessBatch(school_batches\aaaaaa.batch) [including 4ms in LoadMessage; 1ms in InitializeSparseNdw; 11ms in InferThetaAndUpdateNwtSparse; 11ms in CalculateScore(PerplexityScore); 4ms in CalculateScore(SparsityThetaScore); 15ms in CalculateScore(^^^ItemsProcessedScore^^^); ]
I0929 14:51:22.469626 11464 processor.cc:898] Processor: complete processing batch 08184e6e-01f0-4d9c-b12a-6ef173dd05ae into model nwt
I0929 14:51:22.469626 11464 cuckoo_watch.h:45] 52ms in ProcessBatch(school_batches\aaaaac.batch) [including 5ms in LoadMessage; 1ms in InitializeSparseNdw; 11ms in InferThetaAndUpdateNwtSparse; 11ms in CalculateScore(PerplexityScore); 4ms in CalculateScore(SparsityThetaScore); 16ms in CalculateScore(^^^ItemsProcessedScore^^^); ]
I0929 14:51:22.469626  8552 processor.cc:898] Processor: complete processing batch 9c21a059-2136-4b57-b604-44694ce7bc81 into model nwt
I0929 14:51:22.469626  8552 cuckoo_watch.h:45] 55ms in ProcessBatch(school_batches\aaaaad.batch) [including 4ms in LoadMessage; 1ms in InitializeSparseNdw; 17ms in InferThetaAndUpdateNwtSparse; 15ms in CalculateScore(PerplexityScore); 2ms in CalculateScore(SparsityThetaScore); 11ms in CalculateScore(^^^ItemsProcessedScore^^^); ]
I0929 14:51:22.469626 10948 processor.cc:898] Processor: complete processing batch 848367d3-1564-4ff3-a9c0-b329da99b2d9 into model nwt
I0929 14:51:22.469626 10948 cuckoo_watch.h:45] 58ms in ProcessBatch(school_batches\aaaaab.batch) [including 3ms in LoadMessage; 1ms in InitializeSparseNdw; 16ms in InferThetaAndUpdateNwtSparse; 19ms in CalculateScore(PerplexityScore); 4ms in CalculateScore(SparsityThetaScore); 10ms in CalculateScore(^^^ItemsProcessedScore^^^); ]
I0929 14:51:22.469626 10752 processor.cc:898] Processor: complete processing batch 10dc3939-1034-4f09-a4d8-15b68e37ec78 into model nwt
I0929 14:51:22.469626 10752 cuckoo_watch.h:45] 61ms in ProcessBatch(school_batches\aaaaae.batch) [including 4ms in LoadMessage; 1ms in InitializeSparseNdw; 19ms in InferThetaAndUpdateNwtSparse; 16ms in CalculateScore(PerplexityScore); 4ms in CalculateScore(SparsityThetaScore); 11ms in CalculateScore(^^^ItemsProcessedScore^^^); ]
I0929 14:51:22.485540 10440 master_component.cc:1378] RegularizeModelArgs: rwt_target_name=rwt, pwt_source_name=pwt, nwt_source_name=nwt
I0929 14:51:22.485540 10440 master_component.cc:922] MasterComponent: start regularizing model pwt
I0929 14:51:22.547735  5100 processor.cc:717] No data in processing queue, waiting...
I0929 14:51:22.578976 10440 master_component.cc:948] MasterComponent: complete regularizing model pwt
I0929 14:51:22.578976 10440 master_component.cc:1391] NormalizeModelArgs: pwt_target_name=pwt, nwt_source_name=nwt, rwt_source_name=rwt
I0929 14:51:22.578976 10440 master_component.cc:952] MasterComponent: start normalizing model nwt
I0929 14:51:22.625840 10440 master_component.cc:980] MasterComponent: complete normalizing model nwt
I0929 14:51:22.641525 10440 master_component.cc:1415] DisposeModel rwt
I0929 14:51:22.659515 10440 master_component.cc:1005] FitOffline: ItemsProcessed, num_items=475, num_batches=5, token_weight=160064, token_weight_in_effect=160064
