I0929 14:33:44.865011 17084 processor.cc:898] Processor: complete processing batch 0580594d-f7bc-44d3-ac2b-5dd3a217f3c1 into model nwt
I0929 14:33:44.865011 17084 cuckoo_watch.h:45] 42ms in ProcessBatch(school_batches\aaaaac.batch) [including 4ms in LoadMessage; 1ms in InitializeSparseNdw; 10ms in InferThetaAndUpdateNwtSparse; 11ms in CalculateScore(PerplexityScore); 2ms in CalculateScore(SparsityThetaScore); 9ms in CalculateScore(^^^ItemsProcessedScore^^^); ]
I0929 14:33:44.880632  1324 processor.cc:898] Processor: complete processing batch b3d2eaf6-16f4-4711-8da3-cd6d21d6db5a into model nwt
I0929 14:33:44.880632  1324 cuckoo_watch.h:45] 54ms in ProcessBatch(school_batches\aaaaab.batch) [including 2ms in LoadMessage; 1ms in InitializeSparseNdw; 15ms in InferThetaAndUpdateNwtSparse; 18ms in CalculateScore(PerplexityScore); 4ms in CalculateScore(SparsityThetaScore); 10ms in CalculateScore(^^^ItemsProcessedScore^^^); ]
I0929 14:33:44.880632 11464 processor.cc:898] Processor: complete processing batch 42e97b85-c4f9-4595-8cb3-402211db67eb into model nwt
I0929 14:33:44.880632 11464 cuckoo_watch.h:45] 56ms in ProcessBatch(school_batches\aaaaad.batch) [including 4ms in LoadMessage; 1ms in InitializeSparseNdw; 16ms in InferThetaAndUpdateNwtSparse; 18ms in CalculateScore(PerplexityScore); 4ms in CalculateScore(SparsityThetaScore); 10ms in CalculateScore(^^^ItemsProcessedScore^^^); ]
I0929 14:33:44.896267  3452 master_component.cc:1378] RegularizeModelArgs: rwt_target_name=rwt, pwt_source_name=pwt, nwt_source_name=nwt
I0929 14:33:44.896267  3452 master_component.cc:922] MasterComponent: start regularizing model pwt
I0929 14:33:44.960605  3452 master_component.cc:948] MasterComponent: complete regularizing model pwt
I0929 14:33:44.960605  3452 master_component.cc:1391] NormalizeModelArgs: pwt_target_name=pwt, nwt_source_name=nwt, rwt_source_name=rwt
I0929 14:33:44.960605  3452 master_component.cc:952] MasterComponent: start normalizing model nwt
I0929 14:33:44.994685 17364 processor.cc:717] No data in processing queue, waiting...
I0929 14:33:44.994685  3452 master_component.cc:980] MasterComponent: complete normalizing model nwt
I0929 14:33:45.010308  3452 master_component.cc:1415] DisposeModel rwt
I0929 14:33:45.010308  3452 master_component.cc:1005] FitOffline: ItemsProcessed, num_items=475, num_batches=5, token_weight=160064, token_weight_in_effect=160064
I0929 14:33:45.010308 16476 c_interface.cc:559] Pass GetScoreValueArgs, score_name=^^^ItemsProcessedScore^^^ to MasterComponent::Request
I0929 14:33:45.010308 16476 c_interface.cc:230] ArtmCopyRequestedMessage is copying 46 bytes...
I0929 14:33:45.010308  3452 c_interface.cc:386] Pass FitOfflineMasterModelArgs, batch_filename_size=5, batch_weight_size=5, num_collection_passes=1 to void (__cdecl artm::core::MasterComponent::*)(class artm::FitOfflineMasterModelArgs const & __ptr64) __ptr64
I0929 14:33:45.010308  3452 master_component.cc:1340] ProcessBatchesArgs: nwt_target_name=nwt, batch_filename_size=5, batch_size=0, batch_weight_size=5, pwt_source_name=pwt, num_document_passes=1, regularizer=(name:SparsePhi, tau:-1), class=(text:1), reuse_theta=yes, opt_for_avx=yes, predict_class_id=
I0929 14:33:45.057734 15808 processor.cc:724] Processing queue has data, processing started
I0929 14:33:45.057734 16728 processor.cc:724] Processing queue has data, processing started
I0929 14:33:45.057734 17084 processor.cc:802] Processor: start processing batch b3d2eaf6-16f4-4711-8da3-cd6d21d6db5a into model nwt
I0929 14:33:45.057734 16712 processor.cc:802] Processor: start processing batch f2b01c28-a91b-48f5-a3c5-c0f8f6a45836 into model nwt
I0929 14:33:45.057734 13428 processor.cc:802] Processor: start processing batch 42e97b85-c4f9-4595-8cb3-402211db67eb into model nwt
I0929 14:33:45.057734 15808 processor.cc:802] Processor: start processing batch 0580594d-f7bc-44d3-ac2b-5dd3a217f3c1 into model nwt
I0929 14:33:45.057734 16728 processor.cc:802] Processor: start processing batch 6a4af50c-1d40-4968-a73a-29c46d4580d1 into model nwt
I0929 14:33:45.088416 16712 processor.cc:898] Processor: complete processing batch f2b01c28-a91b-48f5-a3c5-c0f8f6a45836 into model nwt
I0929 14:33:45.088416 16712 cuckoo_watch.h:45] 43ms in ProcessBatch(school_batches\aaaaaa.batch) [including 2ms in LoadMessage; 1ms in InitializeSparseNdw; 10ms in InferThetaAndUpdateNwtSparse; 10ms in CalculateScore(PerplexityScore); 2ms in CalculateScore(SparsityThetaScore); 14ms in CalculateScore(^^^ItemsProcessedScore^^^); ]
I0929 14:33:45.088416 17084 processor.cc:898] Processor: complete processing batch b3d2eaf6-16f4-4711-8da3-cd6d21d6db5a into model nwt
I0929 14:33:45.104035 17084 cuckoo_watch.h:45] 46ms in ProcessBatch(school_batches\aaaaab.batch) [including 2ms in LoadMessage; 1ms in InitializeSparseNdw; 10ms in InferThetaAndUpdateNwtSparse; 11ms in CalculateScore(PerplexityScore); 2ms in CalculateScore(SparsityThetaScore); 16ms in CalculateScore(^^^ItemsProcessedScore^^^); ]
I0929 14:33:45.104035 13428 processor.cc:898] Processor: complete processing batch 42e97b85-c4f9-4595-8cb3-402211db67eb into model nwt
I0929 14:33:45.104035 13428 cuckoo_watch.h:45] 47ms in ProcessBatch(school_batches\aaaaad.batch) [including 2ms in LoadMessage; 1ms in InitializeSparseNdw; 10ms in InferThetaAndUpdateNwtSparse; 11ms in CalculateScore(PerplexityScore); 2ms in CalculateScore(SparsityThetaScore); 17ms in CalculateScore(^^^ItemsProcessedScore^^^); ]
I0929 14:33:45.104035 16728 processor.cc:898] Processor: complete processing batch 6a4af50c-1d40-4968-a73a-29c46d4580d1 into model nwt
I0929 14:33:45.104035 16728 cuckoo_watch.h:45] 56ms in ProcessBatch(school_batches\aaaaae.batch) [including 4ms in LoadMessage; 1ms in InitializeSparseNdw; 15ms in InferThetaAndUpdateNwtSparse; 16ms in CalculateScore(PerplexityScore); 3ms in CalculateScore(SparsityThetaScore); 13ms in CalculateScore(^^^ItemsProcessedScore^^^); ]
I0929 14:33:45.104035 15808 processor.cc:898] Processor: complete processing batch 0580594d-f7bc-44d3-ac2b-5dd3a217f3c1 into model nwt
I0929 14:33:45.104035 15808 cuckoo_watch.h:45] 59ms in ProcessBatch(school_batches\aaaaac.batch) [including 4ms in LoadMessage; 1ms in InitializeSparseNdw; 16ms in InferThetaAndUpdateNwtSparse; 17ms in CalculateScore(PerplexityScore); 4ms in CalculateScore(SparsityThetaScore); 14ms in CalculateScore(^^^ItemsProcessedScore^^^); ]
I0929 14:33:45.119938  3452 master_component.cc:1378] RegularizeModelArgs: rwt_target_name=rwt, pwt_source_name=pwt, nwt_source_name=nwt
I0929 14:33:45.119938  3452 master_component.cc:922] MasterComponent: start regularizing model pwt
I0929 14:33:45.166520  3452 master_component.cc:948] MasterComponent: complete regularizing model pwt
I0929 14:33:45.166520  3452 master_component.cc:1391] NormalizeModelArgs: pwt_target_name=pwt, nwt_source_name=nwt, rwt_source_name=rwt
I0929 14:33:45.166520  3452 master_component.cc:952] MasterComponent: start normalizing model nwt
I0929 14:33:45.197763  1324 processor.cc:717] No data in processing queue, waiting...
I0929 14:33:45.197763 11464 processor.cc:717] No data in processing queue, waiting...
I0929 14:33:45.197763  3452 master_component.cc:980] MasterComponent: complete normalizing model nwt
I0929 14:33:45.213384  3452 master_component.cc:1415] DisposeModel rwt
I0929 14:33:45.213384  3452 master_component.cc:1005] FitOffline: ItemsProcessed, num_items=475, num_batches=5, token_weight=160064, token_weight_in_effect=160064
I0929 14:33:45.213384 16476 c_interface.cc:559] Pass GetScoreValueArgs, score_name=^^^ItemsProcessedScore^^^ to MasterComponent::Request
I0929 14:33:45.213384 16476 c_interface.cc:230] ArtmCopyRequestedMessage is copying 46 bytes...
I0929 14:33:45.213384  3452 c_interface.cc:386] Pass FitOfflineMasterModelArgs, batch_filename_size=5, batch_weight_size=5, num_collection_passes=1 to void (__cdecl artm::core::MasterComponent::*)(class artm::FitOfflineMasterModelArgs const & __ptr64) __ptr64
I0929 14:33:45.213384  3452 master_component.cc:1340] ProcessBatchesArgs: nwt_target_name=nwt, batch_filename_size=5, batch_size=0, batch_weight_size=5, pwt_source_name=pwt, num_document_passes=1, regularizer=(name:SparsePhi, tau:-1), class=(text:1), reuse_theta=yes, opt_for_avx=yes, predict_class_id=
I0929 14:33:45.260251  1324 processor.cc:724] Processing queue has data, processing started
I0929 14:33:45.263111 16712 processor.cc:802] Processor: start processing batch f2b01c28-a91b-48f5-a3c5-c0f8f6a45836 into model nwt
I0929 14:33:45.263111  1324 processor.cc:802] Processor: start processing batch 0580594d-f7bc-44d3-ac2b-5dd3a217f3c1 into model nwt
I0929 14:33:45.263111 17084 processor.cc:802] Processor: start processing batch b3d2eaf6-16f4-4711-8da3-cd6d21d6db5a into model nwt
I0929 14:33:45.271111 13428 processor.cc:802] Processor: start processing batch 6a4af50c-1d40-4968-a73a-29c46d4580d1 into model nwt
I0929 14:33:45.271111 16728 processor.cc:802] Processor: start processing batch 42e97b85-c4f9-4595-8cb3-402211db67eb into model nwt
I0929 14:33:45.310961 17084 processor.cc:898] Processor: complete processing batch b3d2eaf6-16f4-4711-8da3-cd6d21d6db5a into model nwt
I0929 14:33:45.310961 17084 cuckoo_watch.h:45] 55ms in ProcessBatch(school_batches\aaaaab.batch) [including 9ms in LoadMessage; 2ms in InitializeSparseNdw; 14ms in InferThetaAndUpdateNwtSparse; 14ms in CalculateScore(PerplexityScore); 2ms in CalculateScore(SparsityThetaScore); 10ms in CalculateScore(^^^ItemsProcessedScore^^^); ]
I0929 14:33:45.310961 16712 processor.cc:898] Processor: complete processing batch f2b01c28-a91b-48f5-a3c5-c0f8f6a45836 into model nwt
I0929 14:33:45.310961 16712 cuckoo_watch.h:45] 58ms in ProcessBatch(school_batches\aaaaaa.batch) [including 9ms in LoadMessage; 2ms in InitializeSparseNdw; 15ms in InferThetaAndUpdateNwtSparse; 14ms in CalculateScore(PerplexityScore); 3ms in CalculateScore(SparsityThetaScore); 12ms in CalculateScore(^^^ItemsProcessedScore^^^); ]
I0929 14:33:45.319137  1324 processor.cc:898] Processor: complete processing batch 0580594d-f7bc-44d3-ac2b-5dd3a217f3c1 into model nwt
I0929 14:33:45.319137  1324 cuckoo_watch.h:45] 59ms in ProcessBatch(school_batches\aaaaac.batch) [including 8ms in LoadMessage; 2ms in InitializeSparseNdw; 15ms in InferThetaAndUpdateNwtSparse; 15ms in CalculateScore(PerplexityScore); 4ms in CalculateScore(SparsityThetaScore); 10ms in CalculateScore(^^^ItemsProcessedScore^^^); ]
I0929 14:33:45.319137 16728 processor.cc:898] Processor: complete processing batch 42e97b85-c4f9-4595-8cb3-402211db67eb into model nwt
I0929 14:33:45.319137 16728 cuckoo_watch.h:45] 66ms in ProcessBatch(school_batches\aaaaad.batch) [including 10ms in LoadMessage; 2ms in InitializeSparseNdw; 19ms in InferThetaAndUpdateNwtSparse; 15ms in CalculateScore(PerplexityScore); 3ms in CalculateScore(SparsityThetaScore); 12ms in CalculateScore(^^^ItemsProcessedScore^^^); ]
I0929 14:33:45.327139 13428 processor.cc:898] Processor: complete processing batch 6a4af50c-1d40-4968-a73a-29c46d4580d1 into model nwt
I0929 14:33:45.327139 13428 cuckoo_watch.h:45] 68ms in ProcessBatch(school_batches\aaaaae.batch) [including 10ms in LoadMessage; 2ms in InitializeSparseNdw; 18ms in InferThetaAndUpdateNwtSparse; 16ms in CalculateScore(PerplexityScore); 4ms in CalculateScore(SparsityThetaScore); 13ms in CalculateScore(^^^ItemsProcessedScore^^^); ]
I0929 14:33:45.335170  3452 master_component.cc:1378] RegularizeModelArgs: rwt_target_name=rwt, pwt_source_name=pwt, nwt_source_name=nwt
I0929 14:33:45.335170  3452 master_component.cc:922] MasterComponent: start regularizing model pwt
I0929 14:33:45.398949  3452 master_component.cc:948] MasterComponent: complete regularizing model pwt
I0929 14:33:45.398949  3452 master_component.cc:1391] NormalizeModelArgs: pwt_target_name=pwt, nwt_source_name=nwt, rwt_source_name=rwt
I0929 14:33:45.398949  3452 master_component.cc:952] MasterComponent: start normalizing model nwt
I0929 14:33:45.414950 15808 processor.cc:717] No data in processing queue, waiting...
I0929 14:33:45.423117  3452 master_component.cc:980] MasterComponent: complete normalizing model nwt
I0929 14:33:45.447033  3452 master_component.cc:1415] DisposeModel rwt
I0929 14:33:45.447033  3452 master_component.cc:1005] FitOffline: ItemsProcessed, num_items=475, num_batches=5, token_weight=160064, token_weight_in_effect=160064
I0929 14:33:45.454969 16476 c_interface.cc:559] Pass GetScoreValueArgs, score_name=^^^ItemsProcessedScore^^^ to MasterComponent::Request
I0929 14:33:45.454969 16476 c_interface.cc:230] ArtmCopyRequestedMessage is copying 46 bytes...
I0929 14:33:45.454969  3452 c_interface.cc:386] Pass FitOfflineMasterModelArgs, batch_filename_size=5, batch_weight_size=5, num_collection_passes=1 to void (__cdecl artm::core::MasterComponent::*)(class artm::FitOfflineMasterModelArgs const & __ptr64) __ptr64
I0929 14:33:45.454969  3452 master_component.cc:1340] ProcessBatchesArgs: nwt_target_name=nwt, batch_filename_size=5, batch_size=0, batch_weight_size=5, pwt_source_name=pwt, num_document_passes=1, regularizer=(name:SparsePhi, tau:-1), class=(text:1), reuse_theta=yes, opt_for_avx=yes, predict_class_id=
I0929 14:33:45.478930 16712 processor.cc:802] Processor: start processing batch f2b01c28-a91b-48f5-a3c5-c0f8f6a45836 into model nwt
I0929 14:33:45.478930 17084 processor.cc:802] Processor: start processing batch b3d2eaf6-16f4-4711-8da3-cd6d21d6db5a into model nwt
I0929 14:33:45.478930  1324 processor.cc:802] Processor: start processing batch 0580594d-f7bc-44d3-ac2b-5dd3a217f3c1 into model nwt
I0929 14:33:45.494930 15808 processor.cc:724] Processing queue has data, processing started
I0929 14:33:45.494930 17364 processor.cc:724] Processing queue has data, processing started
I0929 14:33:45.494930 15808 processor.cc:802] Processor: start processing batch 42e97b85-c4f9-4595-8cb3-402211db67eb into model nwt
I0929 14:33:45.494930 17364 processor.cc:802] Processor: start processing batch 6a4af50c-1d40-4968-a73a-29c46d4580d1 into model nwt
I0929 14:33:45.518757 16712 processor.cc:898] Processor: complete processing batch f2b01c28-a91b-48f5-a3c5-c0f8f6a45836 into model nwt
I0929 14:33:45.526757 17084 processor.cc:898] Processor: complete processing batch b3d2eaf6-16f4-4711-8da3-cd6d21d6db5a into model nwt
I0929 14:33:45.526757 17084 cuckoo_watch.h:45] 48ms in ProcessBatch(school_batches\aaaaab.batch) [including 3ms in LoadMessage; 1ms in InitializeSparseNdw; 10ms in InferThetaAndUpdateNwtSparse; 17ms in CalculateScore(PerplexityScore); 4ms in CalculateScore(SparsityThetaScore); 10ms in CalculateScore(^^^ItemsProcessedScore^^^); ]
I0929 14:33:45.526757 16712 cuckoo_watch.h:45] 49ms in ProcessBatch(school_batches\aaaaaa.batch) [including 3ms in LoadMessage; 1ms in InitializeSparseNdw; 10ms in InferThetaAndUpdateNwtSparse; 12ms in CalculateScore(PerplexityScore); 4ms in CalculateScore(SparsityThetaScore); 15ms in CalculateScore(^^^ItemsProcessedScore^^^); ]
I0929 14:33:45.526757  1324 processor.cc:898] Processor: complete processing batch 0580594d-f7bc-44d3-ac2b-5dd3a217f3c1 into model nwt
I0929 14:33:45.526757  1324 cuckoo_watch.h:45] 50ms in ProcessBatch(school_batches\aaaaac.batch) [including 3ms in LoadMessage; 1ms in InitializeSparseNdw; 10ms in InferThetaAndUpdateNwtSparse; 13ms in CalculateScore(PerplexityScore); 4ms in CalculateScore(SparsityThetaScore); 15ms in CalculateScore(^^^ItemsProcessedScore^^^); ]
I0929 14:33:45.534757 15808 processor.cc:898] Processor: complete processing batch 42e97b85-c4f9-4595-8cb3-402211db67eb into model nwt
I0929 14:33:45.534757 15808 cuckoo_watch.h:45] 41ms in ProcessBatch(school_batches\aaaaad.batch) [including 2ms in LoadMessage; 1ms in InitializeSparseNdw; 11ms in InferThetaAndUpdateNwtSparse; 12ms in CalculateScore(PerplexityScore); 2ms in CalculateScore(SparsityThetaScore); 9ms in CalculateScore(^^^ItemsProcessedScore^^^); ]
I0929 14:33:45.534757 17364 processor.cc:898] Processor: complete processing batch 6a4af50c-1d40-4968-a73a-29c46d4580d1 into model nwt
I0929 14:33:45.534757 17364 cuckoo_watch.h:45] 44ms in ProcessBatch(school_batches\aaaaae.batch) [including 3ms in LoadMessage; 1ms in InitializeSparseNdw; 15ms in InferThetaAndUpdateNwtSparse; 11ms in CalculateScore(PerplexityScore); 2ms in CalculateScore(SparsityThetaScore); 7ms in CalculateScore(^^^ItemsProcessedScore^^^); ]
I0929 14:33:45.543295  3452 master_component.cc:1378] RegularizeModelArgs: rwt_target_name=rwt, pwt_source_name=pwt, nwt_source_name=nwt
I0929 14:33:45.543295  3452 master_component.cc:922] MasterComponent: start regularizing model pwt
I0929 14:33:45.582490  3452 master_component.cc:948] MasterComponent: complete regularizing model pwt
I0929 14:33:45.582490  3452 master_component.cc:1391] NormalizeModelArgs: pwt_target_name=pwt, nwt_source_name=nwt, rwt_source_name=rwt
I0929 14:33:45.582490  3452 master_component.cc:952] MasterComponent: start normalizing model nwt
I0929 14:33:45.621981  3452 master_component.cc:980] MasterComponent: complete normalizing model nwt
I0929 14:33:45.637981  3452 master_component.cc:1415] DisposeModel rwt
I0929 14:33:45.646169  3452 master_component.cc:1005] FitOffline: ItemsProcessed, num_items=475, num_batches=5, token_weight=160064, token_weight_in_effect=160064
I0929 14:33:45.646169 16476 c_interface.cc:559] Pass GetScoreValueArgs, score_name=^^^ItemsProcessedScore^^^ to MasterComponent::Request
I0929 14:33:45.646169 16476 c_interface.cc:230] ArtmCopyRequestedMessage is copying 46 bytes...
I0929 14:33:45.646169  3452 c_interface.cc:386] Pass FitOfflineMasterModelArgs, batch_filename_size=5, batch_weight_size=5, num_collection_passes=1 to void (__cdecl artm::core::MasterComponent::*)(class artm::FitOfflineMasterModelArgs const & __ptr64) __ptr64
I0929 14:33:45.646169  3452 master_component.cc:1340] ProcessBatchesArgs: nwt_target_name=nwt, batch_filename_size=5, batch_size=0, batch_weight_size=5, pwt_source_name=pwt, num_document_passes=1, regularizer=(name:SparsePhi, tau:-1), class=(text:1), reuse_theta=yes, opt_for_avx=yes, predict_class_id=
I0929 14:33:45.661795 16728 processor.cc:717] No data in processing queue, waiting...
I0929 14:33:45.661795 13428 processor.cc:717] No data in processing queue, waiting...
I0929 14:33:45.677980 11464 processor.cc:724] Processing queue has data, processing started
I0929 14:33:45.677980 16712 processor.cc:802] Processor: start processing batch f2b01c28-a91b-48f5-a3c5-c0f8f6a45836 into model nwt
I0929 14:33:45.677980  1324 processor.cc:802] Processor: start processing batch 6a4af50c-1d40-4968-a73a-29c46d4580d1 into model nwt
I0929 14:33:45.677980 15808 processor.cc:802] Processor: start processing batch b3d2eaf6-16f4-4711-8da3-cd6d21d6db5a into model nwt
I0929 14:33:45.677980 17364 processor.cc:802] Processor: start processing batch 42e97b85-c4f9-4595-8cb3-402211db67eb into model nwt
I0929 14:33:45.677980 11464 processor.cc:802] Processor: start processing batch 0580594d-f7bc-44d3-ac2b-5dd3a217f3c1 into model nwt
I0929 14:33:45.708658 16712 processor.cc:898] Processor: complete processing batch f2b01c28-a91b-48f5-a3c5-c0f8f6a45836 into model nwt
I0929 14:33:45.708658 16712 cuckoo_watch.h:45] 40ms in ProcessBatch(school_batches\aaaaaa.batch) [including 2ms in LoadMessage; 1ms in InitializeSparseNdw; 10ms in InferThetaAndUpdateNwtSparse; 11ms in CalculateScore(PerplexityScore); 2ms in CalculateScore(SparsityThetaScore); 11ms in CalculateScore(^^^ItemsProcessedScore^^^); ]
I0929 14:33:45.724308 15808 processor.cc:898] Processor: complete processing batch b3d2eaf6-16f4-4711-8da3-cd6d21d6db5a into model nwt
I0929 14:33:45.724308  1324 processor.cc:898] Processor: complete processing batch 6a4af50c-1d40-4968-a73a-29c46d4580d1 into model nwt
I0929 14:33:45.724308 15808 cuckoo_watch.h:45] 48ms in ProcessBatch(school_batches\aaaaab.batch) [including 4ms in LoadMessage; 1ms in InitializeSparseNdw; 10ms in InferThetaAndUpdateNwtSparse; 11ms in CalculateScore(PerplexityScore); 3ms in CalculateScore(SparsityThetaScore); 14ms in CalculateScore(^^^ItemsProcessedScore^^^); ]
I0929 14:33:45.724308  1324 cuckoo_watch.h:45] 48ms in ProcessBatch(school_batches\aaaaae.batch) [including 3ms in LoadMessage; 1ms in InitializeSparseNdw; 14ms in InferThetaAndUpdateNwtSparse; 12ms in CalculateScore(PerplexityScore); 2ms in CalculateScore(SparsityThetaScore); 11ms in CalculateScore(^^^ItemsProcessedScore^^^); ]
I0929 14:33:45.724308 11464 processor.cc:898] Processor: complete processing batch 0580594d-f7bc-44d3-ac2b-5dd3a217f3c1 into model nwt
I0929 14:33:45.724308 11464 cuckoo_watch.h:45] 49ms in ProcessBatch(school_batches\aaaaac.batch) [including 4ms in LoadMessage; 1ms in InitializeSparseNdw; 10ms in InferThetaAndUpdateNwtSparse; 13ms in CalculateScore(PerplexityScore); 4ms in CalculateScore(SparsityThetaScore); 13ms in CalculateScore(^^^ItemsProcessedScore^^^); ]
I0929 14:33:45.724308 17364 processor.cc:898] Processor: complete processing batch 42e97b85-c4f9-4595-8cb3-402211db67eb into model nwt
I0929 14:33:45.724308 17364 cuckoo_watch.h:45] 53ms in ProcessBatch(school_batches\aaaaad.batch) [including 4ms in LoadMessage; 1ms in InitializeSparseNdw; 14ms in InferThetaAndUpdateNwtSparse; 16ms in CalculateScore(PerplexityScore); 4ms in CalculateScore(SparsityThetaScore); 10ms in CalculateScore(^^^ItemsProcessedScore^^^); ]
I0929 14:33:45.740464  3452 master_component.cc:1378] RegularizeModelArgs: rwt_target_name=rwt, pwt_source_name=pwt, nwt_source_name=nwt
I0929 14:33:45.740464  3452 master_component.cc:922] MasterComponent: start regularizing model pwt
I0929 14:33:45.779911  3452 master_component.cc:948] MasterComponent: complete regularizing model pwt
I0929 14:33:45.779911  3452 master_component.cc:1391] NormalizeModelArgs: pwt_target_name=pwt, nwt_source_name=nwt, rwt_source_name=rwt
I0929 14:33:45.779911  3452 master_component.cc:952] MasterComponent: start normalizing model nwt
I0929 14:33:45.819975  3452 master_component.cc:980] MasterComponent: complete normalizing model nwt
I0929 14:33:45.835600  3452 master_component.cc:1415] DisposeModel rwt
I0929 14:33:45.835600  3452 master_component.cc:1005] FitOffline: ItemsProcessed, num_items=475, num_batches=5, token_weight=160064, token_weight_in_effect=160064
I0929 14:33:45.835600 16476 c_interface.cc:559] Pass GetScoreValueArgs, score_name=^^^ItemsProcessedScore^^^ to MasterComponent::Request
I0929 14:33:45.835600 16476 c_interface.cc:230] ArtmCopyRequestedMessage is copying 46 bytes...
I0929 14:33:45.835600  3452 c_interface.cc:386] Pass FitOfflineMasterModelArgs, batch_filename_size=5, batch_weight_size=5, num_collection_passes=1 to void (__cdecl artm::core::MasterComponent::*)(class artm::FitOfflineMasterModelArgs const & __ptr64) __ptr64
I0929 14:33:45.835600  3452 master_component.cc:1340] ProcessBatchesArgs: nwt_target_name=nwt, batch_filename_size=5, batch_size=0, batch_weight_size=5, pwt_source_name=pwt, num_document_passes=1, regularizer=(name:SparsePhi, tau:-1), class=(text:1), reuse_theta=yes, opt_for_avx=yes, predict_class_id=
I0929 14:33:45.882714 13428 processor.cc:724] Processing queue has data, processing started
I0929 14:33:45.885538 11464 processor.cc:802] Processor: start processing batch 6a4af50c-1d40-4968-a73a-29c46d4580d1 into model nwt
I0929 14:33:45.885538 16712 processor.cc:802] Processor: start processing batch b3d2eaf6-16f4-4711-8da3-cd6d21d6db5a into model nwt
I0929 14:33:45.885538  1324 processor.cc:802] Processor: start processing batch f2b01c28-a91b-48f5-a3c5-c0f8f6a45836 into model nwt
I0929 14:33:45.885538 17084 processor.cc:802] Processor: start processing batch 42e97b85-c4f9-4595-8cb3-402211db67eb into model nwt
I0929 14:33:45.885538 13428 processor.cc:802] Processor: start processing batch 0580594d-f7bc-44d3-ac2b-5dd3a217f3c1 into model nwt
I0929 14:33:45.925532 11464 processor.cc:898] Processor: complete processing batch 6a4af50c-1d40-4968-a73a-29c46d4580d1 into model nwt
I0929 14:33:45.925532 11464 cuckoo_watch.h:45] 43ms in ProcessBatch(school_batches\aaaaae.batch) [including 3ms in LoadMessage; 2ms in InitializeSparseNdw; 11ms in InferThetaAndUpdateNwtSparse; 11ms in CalculateScore(PerplexityScore); 2ms in CalculateScore(SparsityThetaScore); 11ms in CalculateScore(^^^ItemsProcessedScore^^^); ]
I0929 14:33:45.925532 17084 processor.cc:898] Processor: complete processing batch 42e97b85-c4f9-4595-8cb3-402211db67eb into model nwt
I0929 14:33:45.925532 17084 cuckoo_watch.h:45] 46ms in ProcessBatch(school_batches\aaaaad.batch) [including 4ms in LoadMessage; 1ms in InitializeSparseNdw; 12ms in InferThetaAndUpdateNwtSparse; 11ms in CalculateScore(PerplexityScore); 3ms in CalculateScore(SparsityThetaScore); 11ms in CalculateScore(^^^ItemsProcessedScore^^^); ]
I0929 14:33:45.925532 16712 processor.cc:898] Processor: complete processing batch b3d2eaf6-16f4-4711-8da3-cd6d21d6db5a into model nwt
I0929 14:33:45.925532 16712 cuckoo_watch.h:45] 49ms in ProcessBatch(school_batches\aaaaab.batch) [including 3ms in LoadMessage; 2ms in InitializeSparseNdw; 15ms in InferThetaAndUpdateNwtSparse; 11ms in CalculateScore(PerplexityScore); 4ms in CalculateScore(SparsityThetaScore); 9ms in CalculateScore(^^^ItemsProcessedScore^^^); ]
I0929 14:33:45.933533 13428 processor.cc:898] Processor: complete processing batch 0580594d-f7bc-44d3-ac2b-5dd3a217f3c1 into model nwt
I0929 14:33:45.941534 13428 cuckoo_watch.h:45] 58ms in ProcessBatch(school_batches\aaaaac.batch) [including 4ms in LoadMessage; 1ms in InitializeSparseNdw; 11ms in InferThetaAndUpdateNwtSparse; 18ms in CalculateScore(PerplexityScore); 4ms in CalculateScore(SparsityThetaScore); 15ms in CalculateScore(^^^ItemsProcessedScore^^^); ]
I0929 14:33:45.941534  1324 processor.cc:898] Processor: complete processing batch f2b01c28-a91b-48f5-a3c5-c0f8f6a45836 into model nwt
I0929 14:33:45.941534  1324 cuckoo_watch.h:45] 63ms in ProcessBatch(school_batches\aaaaaa.batch) [including 4ms in LoadMessage; 1ms in InitializeSparseNdw; 16ms in InferThetaAndUpdateNwtSparse; 19ms in CalculateScore(PerplexityScore); 4ms in CalculateScore(SparsityThetaScore); 14ms in CalculateScore(^^^ItemsProcessedScore^^^); ]
I0929 14:33:45.957543  3452 master_component.cc:1378] RegularizeModelArgs: rwt_target_name=rwt, pwt_source_name=pwt, nwt_source_name=nwt
I0929 14:33:45.957543  3452 master_component.cc:922] MasterComponent: start regularizing model pwt
I0929 14:33:46.021535  3452 master_component.cc:948] MasterComponent: complete regularizing model pwt
I0929 14:33:46.021535  3452 master_component.cc:1391] NormalizeModelArgs: pwt_target_name=pwt, nwt_source_name=nwt, rwt_source_name=rwt
I0929 14:33:46.021535  3452 master_component.cc:952] MasterComponent: start normalizing model nwt
I0929 14:33:46.053535 17364 processor.cc:717] No data in processing queue, waiting...
I0929 14:33:46.053535 15808 processor.cc:717] No data in processing queue, waiting...
I0929 14:33:46.053535  3452 master_component.cc:980] MasterComponent: complete normalizing model nwt
I0929 14:33:46.069535  3452 master_component.cc:1415] DisposeModel rwt
I0929 14:33:46.069535  3452 master_component.cc:1005] FitOffline: ItemsProcessed, num_items=475, num_batches=5, token_weight=160064, token_weight_in_effect=160064
I0929 14:33:46.077533 16476 c_interface.cc:559] Pass GetScoreValueArgs, score_name=^^^ItemsProcessedScore^^^ to MasterComponent::Request
I0929 14:33:46.077533 16476 c_interface.cc:230] ArtmCopyRequestedMessage is copying 46 bytes...
I0929 14:33:46.077533  3452 c_interface.cc:386] Pass FitOfflineMasterModelArgs, batch_filename_size=5, batch_weight_size=5, num_collection_passes=1 to void (__cdecl artm::core::MasterComponent::*)(class artm::FitOfflineMasterModelArgs const & __ptr64) __ptr64
I0929 14:33:46.077533  3452 master_component.cc:1340] ProcessBatchesArgs: nwt_target_name=nwt, batch_filename_size=5, batch_size=0, batch_weight_size=5, pwt_source_name=pwt, num_document_passes=1, regularizer=(name:SparsePhi, tau:-1), class=(text:1), reuse_theta=yes, opt_for_avx=yes, predict_class_id=
I0929 14:33:46.109735 15808 processor.cc:724] Processing queue has data, processing started
I0929 14:33:46.109735 16728 processor.cc:724] Processing queue has data, processing started
I0929 14:33:46.109735  1324 processor.cc:802] Processor: start processing batch 6a4af50c-1d40-4968-a73a-29c46d4580d1 into model nwt
I0929 14:33:46.109735 15808 processor.cc:802] Processor: start processing batch f2b01c28-a91b-48f5-a3c5-c0f8f6a45836 into model nwt
I0929 14:33:46.109735 16712 processor.cc:802] Processor: start processing batch 0580594d-f7bc-44d3-ac2b-5dd3a217f3c1 into model nwt
I0929 14:33:46.109735 16728 processor.cc:802] Processor: start processing batch 42e97b85-c4f9-4595-8cb3-402211db67eb into model nwt
I0929 14:33:46.109735 13428 processor.cc:802] Processor: start processing batch b3d2eaf6-16f4-4711-8da3-cd6d21d6db5a into model nwt
I0929 14:33:46.149657 15808 processor.cc:898] Processor: complete processing batch f2b01c28-a91b-48f5-a3c5-c0f8f6a45836 into model nwt
I0929 14:33:46.149657 15808 cuckoo_watch.h:45] 45ms in ProcessBatch(school_batches\aaaaaa.batch) [including 3ms in LoadMessage; 1ms in InitializeSparseNdw; 11ms in InferThetaAndUpdateNwtSparse; 11ms in CalculateScore(PerplexityScore); 2ms in CalculateScore(SparsityThetaScore); 14ms in CalculateScore(^^^ItemsProcessedScore^^^); ]
I0929 14:33:46.149657  1324 processor.cc:898] Processor: complete processing batch 6a4af50c-1d40-4968-a73a-29c46d4580d1 into model nwt
I0929 14:33:46.149657  1324 cuckoo_watch.h:45] 47ms in ProcessBatch(school_batches\aaaaae.batch) [including 3ms in LoadMessage; 1ms in InitializeSparseNdw; 11ms in InferThetaAndUpdateNwtSparse; 12ms in CalculateScore(PerplexityScore); 4ms in CalculateScore(SparsityThetaScore); 13ms in CalculateScore(^^^ItemsProcessedScore^^^); ]
I0929 14:33:46.157655 13428 processor.cc:898] Processor: complete processing batch b3d2eaf6-16f4-4711-8da3-cd6d21d6db5a into model nwt
I0929 14:33:46.157655 13428 cuckoo_watch.h:45] 51ms in ProcessBatch(school_batches\aaaaab.batch) [including 5ms in LoadMessage; 1ms in InitializeSparseNdw; 16ms in InferThetaAndUpdateNwtSparse; 13ms in CalculateScore(PerplexityScore); 2ms in CalculateScore(SparsityThetaScore); 9ms in CalculateScore(^^^ItemsProcessedScore^^^); ]
I0929 14:33:46.157655 16712 processor.cc:898] Processor: complete processing batch 0580594d-f7bc-44d3-ac2b-5dd3a217f3c1 into model nwt
I0929 14:33:46.157655 16712 cuckoo_watch.h:45] 52ms in ProcessBatch(school_batches\aaaaac.batch) [including 3ms in LoadMessage; 1ms in InitializeSparseNdw; 12ms in InferThetaAndUpdateNwtSparse; 14ms in CalculateScore(PerplexityScore); 4ms in CalculateScore(SparsityThetaScore); 14ms in CalculateScore(^^^ItemsProcessedScore^^^); ]
I0929 14:33:46.165657 16728 processor.cc:898] Processor: complete processing batch 42e97b85-c4f9-4595-8cb3-402211db67eb into model nwt
I0929 14:33:46.165657 16728 cuckoo_watch.h:45] 56ms in ProcessBatch(school_batches\aaaaad.batch) [including 4ms in LoadMessage; 1ms in InitializeSparseNdw; 17ms in InferThetaAndUpdateNwtSparse; 16ms in CalculateScore(PerplexityScore); 4ms in CalculateScore(SparsityThetaScore); 10ms in CalculateScore(^^^ItemsProcessedScore^^^); ]
I0929 14:33:46.174234  3452 master_component.cc:1378] RegularizeModelArgs: rwt_target_name=rwt, pwt_source_name=pwt, nwt_source_name=nwt
I0929 14:33:46.174234  3452 master_component.cc:922] MasterComponent: start regularizing model pwt
I0929 14:33:46.221175 17084 processor.cc:717] No data in processing queue, waiting...
I0929 14:33:46.221175 11464 processor.cc:717] No data in processing queue, waiting...
I0929 14:33:46.221175  3452 master_component.cc:948] MasterComponent: complete regularizing model pwt
I0929 14:33:46.221175  3452 master_component.cc:1391] NormalizeModelArgs: pwt_target_name=pwt, nwt_source_name=nwt, rwt_source_name=rwt
I0929 14:33:46.221175  3452 master_component.cc:952] MasterComponent: start normalizing model nwt
I0929 14:33:46.252419  3452 master_component.cc:980] MasterComponent: complete normalizing model nwt
I0929 14:33:46.268041  3452 master_component.cc:1415] DisposeModel rwt
I0929 14:33:46.268041  3452 master_component.cc:1005] FitOffline: ItemsProcessed, num_items=475, num_batches=5, token_weight=160064, token_weight_in_effect=160064
I0929 14:33:46.268041 16476 c_interface.cc:559] Pass GetScoreValueArgs, score_name=^^^ItemsProcessedScore^^^ to MasterComponent::Request
I0929 14:33:46.268041 16476 c_interface.cc:230] ArtmCopyRequestedMessage is copying 46 bytes...
I0929 14:33:46.268041  3452 c_interface.cc:386] Pass FitOfflineMasterModelArgs, batch_filename_size=5, batch_weight_size=5, num_collection_passes=1 to void (__cdecl artm::core::MasterComponent::*)(class artm::FitOfflineMasterModelArgs const & __ptr64) __ptr64
I0929 14:33:46.268041  3452 master_component.cc:1340] ProcessBatchesArgs: nwt_target_name=nwt, batch_filename_size=5, batch_size=0, batch_weight_size=5, pwt_source_name=pwt, num_document_passes=1, regularizer=(name:SparsePhi, tau:-1), class=(text:1), reuse_theta=yes, opt_for_avx=yes, predict_class_id=
I0929 14:33:46.314867 17084 processor.cc:724] Processing queue has data, processing started
I0929 14:33:46.314867 11464 processor.cc:724] Processing queue has data, processing started
I0929 14:33:46.314867 17364 processor.cc:724] Processing queue has data, processing started
I0929 14:33:46.314867 11464 processor.cc:802] Processor: start processing batch 42e97b85-c4f9-4595-8cb3-402211db67eb into model nwt
I0929 14:33:46.314867 17364 processor.cc:802] Processor: start processing batch 6a4af50c-1d40-4968-a73a-29c46d4580d1 into model nwt
I0929 14:33:46.314867 16728 processor.cc:802] Processor: start processing batch b3d2eaf6-16f4-4711-8da3-cd6d21d6db5a into model nwt
I0929 14:33:46.314867 17084 processor.cc:802] Processor: start processing batch f2b01c28-a91b-48f5-a3c5-c0f8f6a45836 into model nwt
I0929 14:33:46.314867 13428 processor.cc:802] Processor: start processing batch 0580594d-f7bc-44d3-ac2b-5dd3a217f3c1 into model nwt
I0929 14:33:46.361732 11464 processor.cc:898] Processor: complete processing batch 42e97b85-c4f9-4595-8cb3-402211db67eb into model nwt
I0929 14:33:46.361732 11464 cuckoo_watch.h:45] 48ms in ProcessBatch(school_batches\aaaaad.batch) [including 3ms in LoadMessage; 1ms in InitializeSparseNdw; 12ms in InferThetaAndUpdateNwtSparse; 12ms in CalculateScore(PerplexityScore); 3ms in CalculateScore(SparsityThetaScore); 12ms in CalculateScore(^^^ItemsProcessedScore^^^); ]
I0929 14:33:46.361732 16728 processor.cc:898] Processor: complete processing batch b3d2eaf6-16f4-4711-8da3-cd6d21d6db5a into model nwt
I0929 14:33:46.361732 16728 cuckoo_watch.h:45] 54ms in ProcessBatch(school_batches\aaaaab.batch) [including 4ms in LoadMessage; 1ms in InitializeSparseNdw; 13ms in InferThetaAndUpdateNwtSparse; 13ms in CalculateScore(PerplexityScore); 4ms in CalculateScore(SparsityThetaScore); 14ms in CalculateScore(^^^ItemsProcessedScore^^^); ]
I0929 14:33:46.361732 17364 processor.cc:898] Processor: complete processing batch 6a4af50c-1d40-4968-a73a-29c46d4580d1 into model nwt
I0929 14:33:46.361732 17364 cuckoo_watch.h:45] 58ms in ProcessBatch(school_batches\aaaaae.batch) [including 3ms in LoadMessage; 1ms in InitializeSparseNdw; 15ms in InferThetaAndUpdateNwtSparse; 16ms in CalculateScore(PerplexityScore); 4ms in CalculateScore(SparsityThetaScore); 14ms in CalculateScore(^^^ItemsProcessedScore^^^); ]
I0929 14:33:46.361732 13428 processor.cc:898] Processor: complete processing batch 0580594d-f7bc-44d3-ac2b-5dd3a217f3c1 into model nwt
I0929 14:33:46.361732 13428 cuckoo_watch.h:45] 60ms in ProcessBatch(school_batches\aaaaac.batch) [including 4ms in LoadMessage; 1ms in InitializeSparseNdw; 16ms in InferThetaAndUpdateNwtSparse; 19ms in CalculateScore(PerplexityScore); 5ms in CalculateScore(SparsityThetaScore); 11ms in CalculateScore(^^^ItemsProcessedScore^^^); ]
I0929 14:33:46.361732 17084 processor.cc:898] Processor: complete processing batch f2b01c28-a91b-48f5-a3c5-c0f8f6a45836 into model nwt
I0929 14:33:46.361732 17084 cuckoo_watch.h:45] 60ms in ProcessBatch(school_batches\aaaaaa.batch) [including 4ms in LoadMessage; 1ms in InitializeSparseNdw; 15ms in InferThetaAndUpdateNwtSparse; 18ms in CalculateScore(PerplexityScore); 5ms in CalculateScore(SparsityThetaScore); 13ms in CalculateScore(^^^ItemsProcessedScore^^^); ]
I0929 14:33:46.377390  3452 master_component.cc:1378] RegularizeModelArgs: rwt_target_name=rwt, pwt_source_name=pwt, nwt_source_name=nwt
I0929 14:33:46.377390  3452 master_component.cc:922] MasterComponent: start regularizing model pwt
I0929 14:33:46.424219  3452 master_component.cc:948] MasterComponent: complete regularizing model pwt
I0929 14:33:46.424219  3452 master_component.cc:1391] NormalizeModelArgs: pwt_target_name=pwt, nwt_source_name=nwt, rwt_source_name=rwt
I0929 14:33:46.424219  3452 master_component.cc:952] MasterComponent: start normalizing model nwt
I0929 14:33:46.439841  1324 processor.cc:717] No data in processing queue, waiting...
I0929 14:33:46.439841 15808 processor.cc:717] No data in processing queue, waiting...
I0929 14:33:46.456430 16712 processor.cc:717] No data in processing queue, waiting...
I0929 14:33:46.456430  3452 master_component.cc:980] MasterComponent: complete normalizing model nwt
I0929 14:33:46.464574  3452 master_component.cc:1415] DisposeModel rwt
I0929 14:33:46.480515  3452 master_component.cc:1005] FitOffline: ItemsProcessed, num_items=475, num_batches=5, token_weight=160064, token_weight_in_effect=160064
I0929 14:33:46.480515 16476 c_interface.cc:559] Pass GetScoreValueArgs, score_name=^^^ItemsProcessedScore^^^ to MasterComponent::Request
I0929 14:33:46.480515 16476 c_interface.cc:230] ArtmCopyRequestedMessage is copying 46 bytes...
I0929 14:33:46.480515 16476 c_interface.cc:230] ArtmCopyRequestedMessage is copying 293840 bytes...
I0929 14:33:46.551585 16476 c_interface.cc:230] ArtmCopyRequestedMessage is copying 293840 bytes...
I0929 14:33:46.645279 16476 c_interface.cc:230] ArtmCopyRequestedMessage is copying 293840 bytes...
I0929 14:33:46.676520 11464 processor.cc:717] No data in processing queue, waiting...
I0929 14:33:46.676520 17364 processor.cc:717] No data in processing queue, waiting...
I0929 14:33:46.676520 17084 processor.cc:717] No data in processing queue, waiting...
I0929 14:33:46.676520 16728 processor.cc:717] No data in processing queue, waiting...
I0929 14:33:46.676520 13428 processor.cc:717] No data in processing queue, waiting...
I0929 14:33:46.723424 16476 c_interface.cc:230] ArtmCopyRequestedMessage is copying 293840 bytes...
I0929 14:33:46.817112 16476 c_interface.cc:230] ArtmCopyRequestedMessage is copying 293840 bytes...
I0929 14:33:46.920377 16476 c_interface.cc:230] ArtmCopyRequestedMessage is copying 293840 bytes...
I0929 14:33:46.998484 16476 c_interface.cc:230] ArtmCopyRequestedMessage is copying 293840 bytes...
I0929 14:33:47.092211 16476 c_interface.cc:230] ArtmCopyRequestedMessage is copying 293840 bytes...
I0929 14:33:47.170320 16476 c_interface.cc:230] ArtmCopyRequestedMessage is copying 293840 bytes...
I0929 14:33:47.264050 16476 c_interface.cc:230] ArtmCopyRequestedMessage is copying 293840 bytes...
I0929 14:33:47.342154 16476 c_interface.cc:230] ArtmCopyRequestedMessage is copying 2940 bytes...
I0929 14:33:47.357775 16476 c_interface.cc:230] ArtmCopyRequestedMessage is copying 2932 bytes...
I0929 14:33:47.357775 16476 c_interface.cc:386] Pass MasterModelConfig: topic_name_size=10, class=(text:1), score_config_size=5, num_processors=0, pwt_name=pwt, nwt_name=nwt, num_document_passes=1, regularizer=(SparsePhi:-100), reuse_theta=yes, cache_theta=yes, opt_for_avx=yes, disk_cache_path to void (__cdecl artm::core::MasterComponent::*)(class artm::MasterModelConfig const & __ptr64) __ptr64
I0929 14:33:47.357775 16476 instance.cc:401] MasterModelConfig.processors_count is automatically set to 8
I0929 14:33:47.357775 16476 perplexity.cc:26] Perplexity score calculator created: model_type=1, dictionary_name=dictionary
I0929 14:33:47.357775 16476 instance.cc:232] Regularizer 'SparsePhi' was cold-reconfigured
I0929 14:33:47.357775  3452 c_interface.cc:386] Pass FitOfflineMasterModelArgs, batch_filename_size=5, batch_weight_size=5, num_collection_passes=1 to void (__cdecl artm::core::MasterComponent::*)(class artm::FitOfflineMasterModelArgs const & __ptr64) __ptr64
I0929 14:33:47.357775  3452 master_component.cc:1340] ProcessBatchesArgs: nwt_target_name=nwt, batch_filename_size=5, batch_size=0, batch_weight_size=5, pwt_source_name=pwt, num_document_passes=1, regularizer=(name:SparsePhi, tau:-100), class=(text:1), reuse_theta=yes, opt_for_avx=yes, predict_class_id=
I0929 14:33:47.389611 17084 processor.cc:724] Processing queue has data, processing started
I0929 14:33:47.389611  1324 processor.cc:724] Processing queue has data, processing started
I0929 14:33:47.389611 16712 processor.cc:724] Processing queue has data, processing started
I0929 14:33:47.389611 11464 processor.cc:724] Processing queue has data, processing started
I0929 14:33:47.389611 17364 processor.cc:724] Processing queue has data, processing started
I0929 14:33:47.389611 17364 processor.cc:802] Processor: start processing batch 6a4af50c-1d40-4968-a73a-29c46d4580d1 into model nwt
I0929 14:33:47.389611 17084 processor.cc:802] Processor: start processing batch f2b01c28-a91b-48f5-a3c5-c0f8f6a45836 into model nwt
I0929 14:33:47.389611  1324 processor.cc:802] Processor: start processing batch b3d2eaf6-16f4-4711-8da3-cd6d21d6db5a into model nwt
I0929 14:33:47.389611 11464 processor.cc:802] Processor: start processing batch 42e97b85-c4f9-4595-8cb3-402211db67eb into model nwt
I0929 14:33:47.389611 16712 processor.cc:802] Processor: start processing batch 0580594d-f7bc-44d3-ac2b-5dd3a217f3c1 into model nwt
I0929 14:33:47.420260 17364 processor.cc:898] Processor: complete processing batch 6a4af50c-1d40-4968-a73a-29c46d4580d1 into model nwt
I0929 14:33:47.420260 17364 cuckoo_watch.h:45] 38ms in ProcessBatch(school_batches\aaaaae.batch) [including 2ms in LoadMessage; 0ms in InitializeSparseNdw; 10ms in InferThetaAndUpdateNwtSparse; 10ms in CalculateScore(PerplexityScore); 2ms in CalculateScore(SparsityThetaScore); 9ms in CalculateScore(^^^ItemsProcessedScore^^^); ]
I0929 14:33:47.420260 17084 processor.cc:898] Processor: complete processing batch f2b01c28-a91b-48f5-a3c5-c0f8f6a45836 into model nwt
I0929 14:33:47.420260 17084 cuckoo_watch.h:45] 39ms in ProcessBatch(school_batches\aaaaaa.batch) [including 3ms in LoadMessage; 1ms in InitializeSparseNdw; 10ms in InferThetaAndUpdateNwtSparse; 11ms in CalculateScore(PerplexityScore); 2ms in CalculateScore(SparsityThetaScore); 10ms in CalculateScore(^^^ItemsProcessedScore^^^); ]
I0929 14:33:47.420260 11464 processor.cc:898] Processor: complete processing batch 42e97b85-c4f9-4595-8cb3-402211db67eb into model nwt
I0929 14:33:47.420260 11464 cuckoo_watch.h:45] 43ms in ProcessBatch(school_batches\aaaaad.batch) [including 4ms in LoadMessage; 1ms in InitializeSparseNdw; 12ms in InferThetaAndUpdateNwtSparse; 11ms in CalculateScore(PerplexityScore); 2ms in CalculateScore(SparsityThetaScore); 9ms in CalculateScore(^^^ItemsProcessedScore^^^); ]
I0929 14:33:47.435884  1324 processor.cc:898] Processor: complete processing batch b3d2eaf6-16f4-4711-8da3-cd6d21d6db5a into model nwt
I0929 14:33:47.435884  1324 cuckoo_watch.h:45] 51ms in ProcessBatch(school_batches\aaaaab.batch) [including 2ms in LoadMessage; 1ms in InitializeSparseNdw; 12ms in InferThetaAndUpdateNwtSparse; 17ms in CalculateScore(PerplexityScore); 4ms in CalculateScore(SparsityThetaScore); 10ms in CalculateScore(^^^ItemsProcessedScore^^^); ]
I0929 14:33:47.435884 16712 processor.cc:898] Processor: complete processing batch 0580594d-f7bc-44d3-ac2b-5dd3a217f3c1 into model nwt
I0929 14:33:47.435884 16712 cuckoo_watch.h:45] 55ms in ProcessBatch(school_batches\aaaaac.batch) [including 4ms in LoadMessage; 1ms in InitializeSparseNdw; 16ms in InferThetaAndUpdateNwtSparse; 18ms in CalculateScore(PerplexityScore); 2ms in CalculateScore(SparsityThetaScore); 9ms in CalculateScore(^^^ItemsProcessedScore^^^); ]
I0929 14:33:47.451807  3452 master_component.cc:1378] RegularizeModelArgs: rwt_target_name=rwt, pwt_source_name=pwt, nwt_source_name=nwt
I0929 14:33:47.451807  3452 master_component.cc:922] MasterComponent: start regularizing model pwt
I0929 14:33:47.498370  3452 master_component.cc:948] MasterComponent: complete regularizing model pwt
I0929 14:33:47.498370  3452 master_component.cc:1391] NormalizeModelArgs: pwt_target_name=pwt, nwt_source_name=nwt, rwt_source_name=rwt
I0929 14:33:47.498370  3452 master_component.cc:952] MasterComponent: start normalizing model nwt
I0929 14:33:47.529613  3452 master_component.cc:980] MasterComponent: complete normalizing model nwt
I0929 14:33:47.545234  3452 master_component.cc:1415] DisposeModel rwt
I0929 14:33:47.545234  3452 master_component.cc:1005] FitOffline: ItemsProcessed, num_items=475, num_batches=5, token_weight=160064, token_weight_in_effect=160064
I0929 14:33:47.545234 16476 c_interface.cc:559] Pass GetScoreValueArgs, score_name=^^^ItemsProcessedScore^^^ to MasterComponent::Request
I0929 14:33:47.545234 16476 c_interface.cc:230] ArtmCopyRequestedMessage is copying 46 bytes...
I0929 14:33:47.545234  3452 c_interface.cc:386] Pass FitOfflineMasterModelArgs, batch_filename_size=5, batch_weight_size=5, num_collection_passes=1 to void (__cdecl artm::core::MasterComponent::*)(class artm::FitOfflineMasterModelArgs const & __ptr64) __ptr64
I0929 14:33:47.545234  3452 master_component.cc:1340] ProcessBatchesArgs: nwt_target_name=nwt, batch_filename_size=5, batch_size=0, batch_weight_size=5, pwt_source_name=pwt, num_document_passes=1, regularizer=(name:SparsePhi, tau:-100), class=(text:1), reuse_theta=yes, opt_for_avx=yes, predict_class_id=
I0929 14:33:47.592108 13428 processor.cc:724] Processing queue has data, processing started
I0929 14:33:47.592108 15808 processor.cc:724] Processing queue has data, processing started
I0929 14:33:47.592108 11464 processor.cc:802] Processor: start processing batch b3d2eaf6-16f4-4711-8da3-cd6d21d6db5a into model nwt
I0929 14:33:47.592108 16712 processor.cc:802] Processor: start processing batch f2b01c28-a91b-48f5-a3c5-c0f8f6a45836 into model nwt
I0929 14:33:47.592108 15808 processor.cc:802] Processor: start processing batch 42e97b85-c4f9-4595-8cb3-402211db67eb into model nwt
I0929 14:33:47.592108 17364 processor.cc:802] Processor: start processing batch 6a4af50c-1d40-4968-a73a-29c46d4580d1 into model nwt
I0929 14:33:47.592108 13428 processor.cc:802] Processor: start processing batch 0580594d-f7bc-44d3-ac2b-5dd3a217f3c1 into model nwt
I0929 14:33:47.638964 17364 processor.cc:898] Processor: complete processing batch 6a4af50c-1d40-4968-a73a-29c46d4580d1 into model nwt
I0929 14:33:47.638964 17364 cuckoo_watch.h:45] 51ms in ProcessBatch(school_batches\aaaaae.batch) [including 8ms in LoadMessage; 2ms in InitializeSparseNdw; 13ms in InferThetaAndUpdateNwtSparse; 10ms in CalculateScore(PerplexityScore); 2ms in CalculateScore(SparsityThetaScore); 10ms in CalculateScore(^^^ItemsProcessedScore^^^); ]
I0929 14:33:47.638964 11464 processor.cc:898] Processor: complete processing batch b3d2eaf6-16f4-4711-8da3-cd6d21d6db5a into model nwt
I0929 14:33:47.638964 11464 cuckoo_watch.h:45] 59ms in ProcessBatch(school_batches\aaaaab.batch) [including 6ms in LoadMessage; 2ms in InitializeSparseNdw; 14ms in InferThetaAndUpdateNwtSparse; 12ms in CalculateScore(PerplexityScore); 2ms in CalculateScore(SparsityThetaScore); 19ms in CalculateScore(^^^ItemsProcessedScore^^^); ]
I0929 14:33:47.654580 15808 processor.cc:898] Processor: complete processing batch 42e97b85-c4f9-4595-8cb3-402211db67eb into model nwt
I0929 14:33:47.654580 15808 cuckoo_watch.h:45] 64ms in ProcessBatch(school_batches\aaaaad.batch) [including 6ms in LoadMessage; 2ms in InitializeSparseNdw; 14ms in InferThetaAndUpdateNwtSparse; 14ms in CalculateScore(PerplexityScore); 4ms in CalculateScore(SparsityThetaScore); 19ms in CalculateScore(^^^ItemsProcessedScore^^^); ]
I0929 14:33:47.654580 16712 processor.cc:898] Processor: complete processing batch f2b01c28-a91b-48f5-a3c5-c0f8f6a45836 into model nwt
I0929 14:33:47.654580 16712 cuckoo_watch.h:45] 67ms in ProcessBatch(school_batches\aaaaaa.batch) [including 6ms in LoadMessage; 2ms in InitializeSparseNdw; 17ms in InferThetaAndUpdateNwtSparse; 17ms in CalculateScore(PerplexityScore); 5ms in CalculateScore(SparsityThetaScore); 16ms in CalculateScore(^^^ItemsProcessedScore^^^); ]
I0929 14:33:47.654580 13428 processor.cc:898] Processor: complete processing batch 0580594d-f7bc-44d3-ac2b-5dd3a217f3c1 into model nwt
I0929 14:33:47.654580 13428 cuckoo_watch.h:45] 69ms in ProcessBatch(school_batches\aaaaac.batch) [including 9ms in LoadMessage; 2ms in InitializeSparseNdw; 19ms in InferThetaAndUpdateNwtSparse; 15ms in CalculateScore(PerplexityScore); 5ms in CalculateScore(SparsityThetaScore); 14ms in CalculateScore(^^^ItemsProcessedScore^^^); ]
I0929 14:33:47.670202  3452 master_component.cc:1378] RegularizeModelArgs: rwt_target_name=rwt, pwt_source_name=pwt, nwt_source_name=nwt
I0929 14:33:47.670202  3452 master_component.cc:922] MasterComponent: start regularizing model pwt
I0929 14:33:47.717069 17084 processor.cc:717] No data in processing queue, waiting...
I0929 14:33:47.717069  3452 master_component.cc:948] MasterComponent: complete regularizing model pwt
I0929 14:33:47.717069  3452 master_component.cc:1391] NormalizeModelArgs: pwt_target_name=pwt, nwt_source_name=nwt, rwt_source_name=rwt
I0929 14:33:47.717069  3452 master_component.cc:952] MasterComponent: start normalizing model nwt
I0929 14:33:47.732690  1324 processor.cc:717] No data in processing queue, waiting...
I0929 14:33:47.748312  3452 master_component.cc:980] MasterComponent: complete normalizing model nwt
I0929 14:33:47.763931  3452 master_component.cc:1415] DisposeModel rwt
I0929 14:33:47.763931  3452 master_component.cc:1005] FitOffline: ItemsProcessed, num_items=475, num_batches=5, token_weight=160064, token_weight_in_effect=160064
