Log file created at: 2021/09/29 14:12:01
Running on machine: LAPTOP-ECN5NL3P
Log line format: [IWEF]mmdd hh:mm:ss.uuuuuu threadid file:line] msg
I0929 14:12:01.911360 15184 c_interface.cc:127] Logging enabled to .
I0929 14:12:01.911360 15184 instance.cc:401] MasterModelConfig.processors_count is automatically set to 8
I0929 14:12:01.911360 11292 processor.cc:701] Processor thread started
I0929 14:12:01.911360  3236 processor.cc:701] Processor thread started
I0929 14:12:01.911360 15184 c_interface.cc:271] Creating MasterModel (id=1)...
I0929 14:12:01.911360 17292 processor.cc:701] Processor thread started
I0929 14:12:01.911360  3676 processor.cc:701] Processor thread started
I0929 14:12:01.911360 17404 processor.cc:701] Processor thread started
I0929 14:12:01.911360  1572 processor.cc:701] Processor thread started
I0929 14:12:01.911360 16808 processor.cc:701] Processor thread started
I0929 14:12:01.911360 14980 processor.cc:701] Processor thread started
I0929 14:12:01.911360 15184 c_interface.cc:271] Creating MasterModel (id=2)...
I0929 14:12:01.911360 15184 c_interface.cc:372] Pass dictionary to void (__cdecl artm::core::MasterComponent::*)(class std::basic_string<char,struct std::char_traits<char>,class std::allocator<char> > const & __ptr64) __ptr64
I0929 14:12:01.911360 15184 c_interface.cc:386] Pass GatherDictionaryArgs: dictionary_target_name=dictionary, data_path=school_batches, symmetric_cooc_values=0 to void (__cdecl artm::core::MasterComponent::*)(class artm::GatherDictionaryArgs const & __ptr64) __ptr64
I0929 14:12:01.911360 15184 dictionary_operations.cc:249] Found 5 batches in 'school_batches' folder
I0929 14:12:01.958160 15184 dictionary_operations.cc:313] Find 16080 unique tokens in 475 items
I0929 14:12:01.989403 15184 c_interface.cc:386] Pass MasterModelConfig: topic_name_size=10, class=(text:1), score_config_size=2, num_processors=0, pwt_name=pwt, nwt_name=nwt, num_document_passes=1, reuse_theta=yes, cache_theta=yes, opt_for_avx=yes, disk_cache_path to void (__cdecl artm::core::MasterComponent::*)(class artm::MasterModelConfig const & __ptr64) __ptr64
I0929 14:12:01.989403 15184 instance.cc:401] MasterModelConfig.processors_count is automatically set to 8
I0929 14:12:01.989403 15184 perplexity.cc:26] Perplexity score calculator created: model_type=1, dictionary_name=dictionary
I0929 14:12:01.989403 15184 c_interface.cc:386] Pass MasterModelConfig: topic_name_size=10, class=(text:1), score_config_size=3, num_processors=0, pwt_name=pwt, nwt_name=nwt, num_document_passes=1, reuse_theta=yes, cache_theta=yes, opt_for_avx=yes, disk_cache_path to void (__cdecl artm::core::MasterComponent::*)(class artm::MasterModelConfig const & __ptr64) __ptr64
I0929 14:12:01.989403 15184 instance.cc:401] MasterModelConfig.processors_count is automatically set to 8
I0929 14:12:01.989403 15184 perplexity.cc:26] Perplexity score calculator created: model_type=1, dictionary_name=dictionary
I0929 14:12:01.989403 15184 c_interface.cc:386] Pass MasterModelConfig: topic_name_size=10, class=(text:1), score_config_size=4, num_processors=0, pwt_name=pwt, nwt_name=nwt, num_document_passes=1, reuse_theta=yes, cache_theta=yes, opt_for_avx=yes, disk_cache_path to void (__cdecl artm::core::MasterComponent::*)(class artm::MasterModelConfig const & __ptr64) __ptr64
I0929 14:12:01.989403 15184 instance.cc:401] MasterModelConfig.processors_count is automatically set to 8
I0929 14:12:01.989403 15184 perplexity.cc:26] Perplexity score calculator created: model_type=1, dictionary_name=dictionary
I0929 14:12:01.989403 15184 c_interface.cc:386] Pass MasterModelConfig: topic_name_size=10, class=(text:1), score_config_size=5, num_processors=0, pwt_name=pwt, nwt_name=nwt, num_document_passes=1, reuse_theta=yes, cache_theta=yes, opt_for_avx=yes, disk_cache_path to void (__cdecl artm::core::MasterComponent::*)(class artm::MasterModelConfig const & __ptr64) __ptr64
I0929 14:12:01.989403 15184 instance.cc:401] MasterModelConfig.processors_count is automatically set to 8
I0929 14:12:01.989403 15184 perplexity.cc:26] Perplexity score calculator created: model_type=1, dictionary_name=dictionary
I0929 14:12:01.989403 15184 c_interface.cc:372] Pass pwt to void (__cdecl artm::core::MasterComponent::*)(class std::basic_string<char,struct std::char_traits<char>,class std::allocator<char> > const & __ptr64) __ptr64
I0929 14:12:01.989403 15184 c_interface.cc:372] Pass nwt to void (__cdecl artm::core::MasterComponent::*)(class std::basic_string<char,struct std::char_traits<char>,class std::allocator<char> > const & __ptr64) __ptr64
I0929 14:12:01.989403 15184 c_interface.cc:386] Pass InitializeModelArgs: model_name=pwt, dictionary_name=dictionary, topic_name_size=10 to void (__cdecl artm::core::MasterComponent::*)(class artm::InitializeModelArgs const & __ptr64) __ptr64
I0929 14:12:02.067510 15184 master_component.cc:620] InitializeModel() created matrix pwt with 10 topics and 16080 tokens; 
I0929 14:12:02.067510 15184 c_interface.cc:386] Pass InitializeModelArgs: model_name=nwt, dictionary_name=dictionary, topic_name_size=10 to void (__cdecl artm::core::MasterComponent::*)(class artm::InitializeModelArgs const & __ptr64) __ptr64
I0929 14:12:02.129995 15184 master_component.cc:620] InitializeModel() created matrix nwt with 10 topics and 16080 tokens; 
I0929 14:12:02.129995 15184 phi_matrix_operations.cc:84] RetrieveExternalTopicModel() with 10 topics, 16080 tokens
I0929 14:12:02.145620 15184 c_interface.cc:230] ArtmCopyRequestedMessage is copying 477077 bytes...
I0929 14:12:02.208165 14980 processor.cc:717] No data in processing queue, waiting...
I0929 14:12:02.208165 11292 processor.cc:717] No data in processing queue, waiting...
I0929 14:12:02.208165  3236 processor.cc:717] No data in processing queue, waiting...
I0929 14:12:02.208165 17292 processor.cc:717] No data in processing queue, waiting...
I0929 14:12:02.208165  3676 processor.cc:717] No data in processing queue, waiting...
I0929 14:12:02.208165  1572 processor.cc:717] No data in processing queue, waiting...
I0929 14:12:02.208165 16808 processor.cc:717] No data in processing queue, waiting...
I0929 14:12:02.208165 17404 processor.cc:717] No data in processing queue, waiting...
I0929 14:12:02.395560 18068 c_interface.cc:386] Pass FitOfflineMasterModelArgs, batch_filename_size=5, batch_weight_size=5, num_collection_passes=1 to void (__cdecl artm::core::MasterComponent::*)(class artm::FitOfflineMasterModelArgs const & __ptr64) __ptr64
I0929 14:12:02.395560 18068 master_component.cc:1340] ProcessBatchesArgs: nwt_target_name=nwt, batch_filename_size=5, batch_size=0, batch_weight_size=5, pwt_source_name=pwt, num_document_passes=1, class=(text:1), reuse_theta=yes, opt_for_avx=yes, predict_class_id=
I0929 14:12:02.426803 18068 master_component.cc:772] Batches count (=5) is smaller than num processors (=8), which may cause suboptimal performance.
I0929 14:12:02.442914 11292 processor.cc:724] Processing queue has data, processing started
I0929 14:12:02.442914  3676 processor.cc:724] Processing queue has data, processing started
I0929 14:12:02.442914 14980 processor.cc:724] Processing queue has data, processing started
I0929 14:12:02.442914  1572 processor.cc:724] Processing queue has data, processing started
I0929 14:12:02.442914 17292 processor.cc:724] Processing queue has data, processing started
I0929 14:12:02.442914 17292 processor.cc:802] Processor: start processing batch 6a4af50c-1d40-4968-a73a-29c46d4580d1 into model nwt
I0929 14:12:02.442914  1572 processor.cc:802] Processor: start processing batch 42e97b85-c4f9-4595-8cb3-402211db67eb into model nwt
I0929 14:12:02.442914 14980 processor.cc:802] Processor: start processing batch 0580594d-f7bc-44d3-ac2b-5dd3a217f3c1 into model nwt
I0929 14:12:02.442914  3676 processor.cc:802] Processor: start processing batch b3d2eaf6-16f4-4711-8da3-cd6d21d6db5a into model nwt
I0929 14:12:02.442914 11292 processor.cc:802] Processor: start processing batch f2b01c28-a91b-48f5-a3c5-c0f8f6a45836 into model nwt
I0929 14:12:02.489286  1572 processor.cc:898] Processor: complete processing batch 42e97b85-c4f9-4595-8cb3-402211db67eb into model nwt
I0929 14:12:02.504907  1572 cuckoo_watch.h:45] 62ms in ProcessBatch(school_batches\aaaaad.batch) [including 4ms in LoadMessage; 1ms in InitializeSparseNdw; 11ms in InferThetaAndUpdateNwtSparse; 17ms in CalculateScore(PerplexityScore); 2ms in CalculateScore(SparsityThetaScore); 22ms in CalculateScore(^^^ItemsProcessedScore^^^); ]
I0929 14:12:02.504907 17292 processor.cc:898] Processor: complete processing batch 6a4af50c-1d40-4968-a73a-29c46d4580d1 into model nwt
I0929 14:12:02.504907  3676 processor.cc:898] Processor: complete processing batch b3d2eaf6-16f4-4711-8da3-cd6d21d6db5a into model nwt
I0929 14:12:02.504907 17292 cuckoo_watch.h:45] 69ms in ProcessBatch(school_batches\aaaaae.batch) [including 3ms in LoadMessage; 1ms in InitializeSparseNdw; 10ms in InferThetaAndUpdateNwtSparse; 15ms in CalculateScore(PerplexityScore); 4ms in CalculateScore(SparsityThetaScore); 30ms in CalculateScore(^^^ItemsProcessedScore^^^); ]
I0929 14:12:02.504907  3676 cuckoo_watch.h:45] 69ms in ProcessBatch(school_batches\aaaaab.batch) [including 5ms in LoadMessage; 1ms in InitializeSparseNdw; 10ms in InferThetaAndUpdateNwtSparse; 12ms in CalculateScore(PerplexityScore); 4ms in CalculateScore(SparsityThetaScore); 32ms in CalculateScore(^^^ItemsProcessedScore^^^); ]
I0929 14:12:02.504907 14980 processor.cc:898] Processor: complete processing batch 0580594d-f7bc-44d3-ac2b-5dd3a217f3c1 into model nwt
I0929 14:12:02.504907 14980 cuckoo_watch.h:45] 74ms in ProcessBatch(school_batches\aaaaac.batch) [including 4ms in LoadMessage; 1ms in InitializeSparseNdw; 10ms in InferThetaAndUpdateNwtSparse; 17ms in CalculateScore(PerplexityScore); 4ms in CalculateScore(SparsityThetaScore); 33ms in CalculateScore(^^^ItemsProcessedScore^^^); ]
I0929 14:12:02.504907 11292 processor.cc:898] Processor: complete processing batch f2b01c28-a91b-48f5-a3c5-c0f8f6a45836 into model nwt
I0929 14:12:02.504907 11292 cuckoo_watch.h:45] 77ms in ProcessBatch(school_batches\aaaaaa.batch) [including 5ms in LoadMessage; 1ms in InitializeSparseNdw; 12ms in InferThetaAndUpdateNwtSparse; 17ms in CalculateScore(PerplexityScore); 7ms in CalculateScore(SparsityThetaScore); 29ms in CalculateScore(^^^ItemsProcessedScore^^^); ]
I0929 14:12:02.520531 18068 master_component.cc:1391] NormalizeModelArgs: pwt_target_name=pwt, nwt_source_name=nwt, rwt_source_name=
I0929 14:12:02.520531 18068 master_component.cc:952] MasterComponent: start normalizing model nwt
I0929 14:12:02.551771 18068 master_component.cc:980] MasterComponent: complete normalizing model nwt
I0929 14:12:02.583016 18068 master_component.cc:1415] DisposeModel rwt
I0929 14:12:02.583016 18068 master_component.cc:1005] FitOffline: ItemsProcessed, num_items=475, num_batches=5, token_weight=160064, token_weight_in_effect=160064
I0929 14:12:02.583016 15184 c_interface.cc:559] Pass GetScoreValueArgs, score_name=^^^ItemsProcessedScore^^^ to MasterComponent::Request
I0929 14:12:02.583016 15184 c_interface.cc:230] ArtmCopyRequestedMessage is copying 46 bytes...
I0929 14:12:02.583016 18068 c_interface.cc:386] Pass FitOfflineMasterModelArgs, batch_filename_size=5, batch_weight_size=5, num_collection_passes=1 to void (__cdecl artm::core::MasterComponent::*)(class artm::FitOfflineMasterModelArgs const & __ptr64) __ptr64
I0929 14:12:02.583016 18068 master_component.cc:1340] ProcessBatchesArgs: nwt_target_name=nwt, batch_filename_size=5, batch_size=0, batch_weight_size=5, pwt_source_name=pwt, num_document_passes=1, class=(text:1), reuse_theta=yes, opt_for_avx=yes, predict_class_id=
I0929 14:12:02.629878 17404 processor.cc:724] Processing queue has data, processing started
I0929 14:12:02.629878  3236 processor.cc:724] Processing queue has data, processing started
I0929 14:12:02.629878 17404 processor.cc:802] Processor: start processing batch b3d2eaf6-16f4-4711-8da3-cd6d21d6db5a into model nwt
I0929 14:12:02.629878  1572 processor.cc:802] Processor: start processing batch 42e97b85-c4f9-4595-8cb3-402211db67eb into model nwt
I0929 14:12:02.629878 11292 processor.cc:802] Processor: start processing batch f2b01c28-a91b-48f5-a3c5-c0f8f6a45836 into model nwt
I0929 14:12:02.629878  3236 processor.cc:802] Processor: start processing batch 6a4af50c-1d40-4968-a73a-29c46d4580d1 into model nwt
I0929 14:12:02.629878 14980 processor.cc:802] Processor: start processing batch 0580594d-f7bc-44d3-ac2b-5dd3a217f3c1 into model nwt
I0929 14:12:02.676743  3236 processor.cc:898] Processor: complete processing batch 6a4af50c-1d40-4968-a73a-29c46d4580d1 into model nwt
I0929 14:12:02.676743  3236 cuckoo_watch.h:45] 53ms in ProcessBatch(school_batches\aaaaae.batch) [including 4ms in LoadMessage; 1ms in InitializeSparseNdw; 11ms in InferThetaAndUpdateNwtSparse; 18ms in CalculateScore(PerplexityScore); 5ms in CalculateScore(SparsityThetaScore); 10ms in CalculateScore(^^^ItemsProcessedScore^^^); ]
I0929 14:12:02.676743 11292 processor.cc:898] Processor: complete processing batch f2b01c28-a91b-48f5-a3c5-c0f8f6a45836 into model nwt
I0929 14:12:02.676743 17404 processor.cc:898] Processor: complete processing batch b3d2eaf6-16f4-4711-8da3-cd6d21d6db5a into model nwt
I0929 14:12:02.676743 11292 cuckoo_watch.h:45] 56ms in ProcessBatch(school_batches\aaaaaa.batch) [including 4ms in LoadMessage; 2ms in InitializeSparseNdw; 11ms in InferThetaAndUpdateNwtSparse; 16ms in CalculateScore(PerplexityScore); 6ms in CalculateScore(SparsityThetaScore); 13ms in CalculateScore(^^^ItemsProcessedScore^^^); ]
I0929 14:12:02.676743 17404 cuckoo_watch.h:45] 56ms in ProcessBatch(school_batches\aaaaab.batch) [including 3ms in LoadMessage; 1ms in InitializeSparseNdw; 11ms in InferThetaAndUpdateNwtSparse; 14ms in CalculateScore(PerplexityScore); 4ms in CalculateScore(SparsityThetaScore); 18ms in CalculateScore(^^^ItemsProcessedScore^^^); ]
I0929 14:12:02.676743  1572 processor.cc:898] Processor: complete processing batch 42e97b85-c4f9-4595-8cb3-402211db67eb into model nwt
I0929 14:12:02.676743 14980 processor.cc:898] Processor: complete processing batch 0580594d-f7bc-44d3-ac2b-5dd3a217f3c1 into model nwt
I0929 14:12:02.676743  1572 cuckoo_watch.h:45] 60ms in ProcessBatch(school_batches\aaaaad.batch) [including 3ms in LoadMessage; 1ms in InitializeSparseNdw; 13ms in InferThetaAndUpdateNwtSparse; 18ms in CalculateScore(PerplexityScore); 5ms in CalculateScore(SparsityThetaScore); 15ms in CalculateScore(^^^ItemsProcessedScore^^^); ]
I0929 14:12:02.676743 14980 cuckoo_watch.h:45] 61ms in ProcessBatch(school_batches\aaaaac.batch) [including 5ms in LoadMessage; 2ms in InitializeSparseNdw; 13ms in InferThetaAndUpdateNwtSparse; 16ms in CalculateScore(PerplexityScore); 6ms in CalculateScore(SparsityThetaScore); 16ms in CalculateScore(^^^ItemsProcessedScore^^^); ]
I0929 14:12:02.692364 18068 master_component.cc:1391] NormalizeModelArgs: pwt_target_name=pwt, nwt_source_name=nwt, rwt_source_name=
I0929 14:12:02.692364 18068 master_component.cc:952] MasterComponent: start normalizing model nwt
I0929 14:12:02.723608 18068 master_component.cc:980] MasterComponent: complete normalizing model nwt
I0929 14:12:02.754884 18068 master_component.cc:1415] DisposeModel rwt
I0929 14:12:02.754884 18068 master_component.cc:1005] FitOffline: ItemsProcessed, num_items=475, num_batches=5, token_weight=160064, token_weight_in_effect=160064
I0929 14:12:02.754884 15184 c_interface.cc:559] Pass GetScoreValueArgs, score_name=^^^ItemsProcessedScore^^^ to MasterComponent::Request
I0929 14:12:02.754884 15184 c_interface.cc:230] ArtmCopyRequestedMessage is copying 46 bytes...
I0929 14:12:02.754884 18068 c_interface.cc:386] Pass FitOfflineMasterModelArgs, batch_filename_size=5, batch_weight_size=5, num_collection_passes=1 to void (__cdecl artm::core::MasterComponent::*)(class artm::FitOfflineMasterModelArgs const & __ptr64) __ptr64
I0929 14:12:02.754884 18068 master_component.cc:1340] ProcessBatchesArgs: nwt_target_name=nwt, batch_filename_size=5, batch_size=0, batch_weight_size=5, pwt_source_name=pwt, num_document_passes=1, class=(text:1), reuse_theta=yes, opt_for_avx=yes, predict_class_id=
I0929 14:12:02.786094  3236 processor.cc:802] Processor: start processing batch 0580594d-f7bc-44d3-ac2b-5dd3a217f3c1 into model nwt
I0929 14:12:02.786094 17292 processor.cc:802] Processor: start processing batch f2b01c28-a91b-48f5-a3c5-c0f8f6a45836 into model nwt
I0929 14:12:02.786094 17404 processor.cc:802] Processor: start processing batch b3d2eaf6-16f4-4711-8da3-cd6d21d6db5a into model nwt
I0929 14:12:02.801712 16808 processor.cc:724] Processing queue has data, processing started
I0929 14:12:02.801712  3676 processor.cc:717] No data in processing queue, waiting...
I0929 14:12:02.801712 16808 processor.cc:802] Processor: start processing batch 6a4af50c-1d40-4968-a73a-29c46d4580d1 into model nwt
I0929 14:12:02.801712 11292 processor.cc:802] Processor: start processing batch 42e97b85-c4f9-4595-8cb3-402211db67eb into model nwt
I0929 14:12:02.817337  3236 processor.cc:898] Processor: complete processing batch 0580594d-f7bc-44d3-ac2b-5dd3a217f3c1 into model nwt
I0929 14:12:02.817337  3236 cuckoo_watch.h:45] 45ms in ProcessBatch(school_batches\aaaaac.batch) [including 3ms in LoadMessage; 1ms in InitializeSparseNdw; 9ms in InferThetaAndUpdateNwtSparse; 13ms in CalculateScore(PerplexityScore); 2ms in CalculateScore(SparsityThetaScore); 13ms in CalculateScore(^^^ItemsProcessedScore^^^); ]
I0929 14:12:02.817337 17292 processor.cc:898] Processor: complete processing batch f2b01c28-a91b-48f5-a3c5-c0f8f6a45836 into model nwt
I0929 14:12:02.832957 17292 cuckoo_watch.h:45] 47ms in ProcessBatch(school_batches\aaaaaa.batch) [including 3ms in LoadMessage; 1ms in InitializeSparseNdw; 8ms in InferThetaAndUpdateNwtSparse; 16ms in CalculateScore(PerplexityScore); 4ms in CalculateScore(SparsityThetaScore); 9ms in CalculateScore(^^^ItemsProcessedScore^^^); ]
I0929 14:12:02.832957 17404 processor.cc:898] Processor: complete processing batch b3d2eaf6-16f4-4711-8da3-cd6d21d6db5a into model nwt
I0929 14:12:02.832957 17404 cuckoo_watch.h:45] 50ms in ProcessBatch(school_batches\aaaaab.batch) [including 4ms in LoadMessage; 1ms in InitializeSparseNdw; 8ms in InferThetaAndUpdateNwtSparse; 17ms in CalculateScore(PerplexityScore); 3ms in CalculateScore(SparsityThetaScore); 13ms in CalculateScore(^^^ItemsProcessedScore^^^); ]
I0929 14:12:02.832957 11292 processor.cc:898] Processor: complete processing batch 42e97b85-c4f9-4595-8cb3-402211db67eb into model nwt
I0929 14:12:02.832957 16808 processor.cc:898] Processor: complete processing batch 6a4af50c-1d40-4968-a73a-29c46d4580d1 into model nwt
I0929 14:12:02.832957 11292 cuckoo_watch.h:45] 44ms in ProcessBatch(school_batches\aaaaad.batch) [including 3ms in LoadMessage; 1ms in InitializeSparseNdw; 8ms in InferThetaAndUpdateNwtSparse; 13ms in CalculateScore(PerplexityScore); 4ms in CalculateScore(SparsityThetaScore); 10ms in CalculateScore(^^^ItemsProcessedScore^^^); ]
I0929 14:12:02.832957 16808 cuckoo_watch.h:45] 44ms in ProcessBatch(school_batches\aaaaae.batch) [including 2ms in LoadMessage; 0ms in InitializeSparseNdw; 8ms in InferThetaAndUpdateNwtSparse; 15ms in CalculateScore(PerplexityScore); 5ms in CalculateScore(SparsityThetaScore); 9ms in CalculateScore(^^^ItemsProcessedScore^^^); ]
I0929 14:12:02.849001 18068 master_component.cc:1391] NormalizeModelArgs: pwt_target_name=pwt, nwt_source_name=nwt, rwt_source_name=
I0929 14:12:02.849001 18068 master_component.cc:952] MasterComponent: start normalizing model nwt
I0929 14:12:02.879822 18068 master_component.cc:980] MasterComponent: complete normalizing model nwt
I0929 14:12:02.895485 18068 master_component.cc:1415] DisposeModel rwt
I0929 14:12:02.895485 18068 master_component.cc:1005] FitOffline: ItemsProcessed, num_items=475, num_batches=5, token_weight=160064, token_weight_in_effect=160064
I0929 14:12:02.895485 15184 c_interface.cc:559] Pass GetScoreValueArgs, score_name=^^^ItemsProcessedScore^^^ to MasterComponent::Request
I0929 14:12:02.895485 15184 c_interface.cc:230] ArtmCopyRequestedMessage is copying 46 bytes...
I0929 14:12:02.895485 18068 c_interface.cc:386] Pass FitOfflineMasterModelArgs, batch_filename_size=5, batch_weight_size=5, num_collection_passes=1 to void (__cdecl artm::core::MasterComponent::*)(class artm::FitOfflineMasterModelArgs const & __ptr64) __ptr64
I0929 14:12:02.895485 18068 master_component.cc:1340] ProcessBatchesArgs: nwt_target_name=nwt, batch_filename_size=5, batch_size=0, batch_weight_size=5, pwt_source_name=pwt, num_document_passes=1, class=(text:1), reuse_theta=yes, opt_for_avx=yes, predict_class_id=
I0929 14:12:02.942760  3676 processor.cc:724] Processing queue has data, processing started
I0929 14:12:02.942760 11292 processor.cc:802] Processor: start processing batch f2b01c28-a91b-48f5-a3c5-c0f8f6a45836 into model nwt
I0929 14:12:02.942760  1572 processor.cc:802] Processor: start processing batch 6a4af50c-1d40-4968-a73a-29c46d4580d1 into model nwt
I0929 14:12:02.942760 16808 processor.cc:802] Processor: start processing batch 42e97b85-c4f9-4595-8cb3-402211db67eb into model nwt
I0929 14:12:02.942760  3676 processor.cc:802] Processor: start processing batch b3d2eaf6-16f4-4711-8da3-cd6d21d6db5a into model nwt
I0929 14:12:02.942760 14980 processor.cc:802] Processor: start processing batch 0580594d-f7bc-44d3-ac2b-5dd3a217f3c1 into model nwt
I0929 14:12:02.973548  1572 processor.cc:898] Processor: complete processing batch 6a4af50c-1d40-4968-a73a-29c46d4580d1 into model nwt
I0929 14:12:02.989169  1572 cuckoo_watch.h:45] 46ms in ProcessBatch(school_batches\aaaaae.batch) [including 2ms in LoadMessage; 1ms in InitializeSparseNdw; 8ms in InferThetaAndUpdateNwtSparse; 13ms in CalculateScore(PerplexityScore); 2ms in CalculateScore(SparsityThetaScore); 16ms in CalculateScore(^^^ItemsProcessedScore^^^); ]
I0929 14:12:02.989169 16808 processor.cc:898] Processor: complete processing batch 42e97b85-c4f9-4595-8cb3-402211db67eb into model nwt
I0929 14:12:02.989169 16808 cuckoo_watch.h:45] 52ms in ProcessBatch(school_batches\aaaaad.batch) [including 3ms in LoadMessage; 1ms in InitializeSparseNdw; 9ms in InferThetaAndUpdateNwtSparse; 13ms in CalculateScore(PerplexityScore); 2ms in CalculateScore(SparsityThetaScore); 19ms in CalculateScore(^^^ItemsProcessedScore^^^); ]
I0929 14:12:02.989169 11292 processor.cc:898] Processor: complete processing batch f2b01c28-a91b-48f5-a3c5-c0f8f6a45836 into model nwt
I0929 14:12:02.989169 11292 cuckoo_watch.h:45] 57ms in ProcessBatch(school_batches\aaaaaa.batch) [including 3ms in LoadMessage; 1ms in InitializeSparseNdw; 8ms in InferThetaAndUpdateNwtSparse; 17ms in CalculateScore(PerplexityScore); 7ms in CalculateScore(SparsityThetaScore); 17ms in CalculateScore(^^^ItemsProcessedScore^^^); ]
I0929 14:12:02.989169 14980 processor.cc:898] Processor: complete processing batch 0580594d-f7bc-44d3-ac2b-5dd3a217f3c1 into model nwt
I0929 14:12:02.989169 14980 cuckoo_watch.h:45] 59ms in ProcessBatch(school_batches\aaaaac.batch) [including 5ms in LoadMessage; 1ms in InitializeSparseNdw; 13ms in InferThetaAndUpdateNwtSparse; 16ms in CalculateScore(PerplexityScore); 4ms in CalculateScore(SparsityThetaScore); 15ms in CalculateScore(^^^ItemsProcessedScore^^^); ]
I0929 14:12:02.989169  3676 processor.cc:898] Processor: complete processing batch b3d2eaf6-16f4-4711-8da3-cd6d21d6db5a into model nwt
I0929 14:12:03.004791  3676 cuckoo_watch.h:45] 62ms in ProcessBatch(school_batches\aaaaab.batch) [including 4ms in LoadMessage; 1ms in InitializeSparseNdw; 13ms in InferThetaAndUpdateNwtSparse; 22ms in CalculateScore(PerplexityScore); 4ms in CalculateScore(SparsityThetaScore); 13ms in CalculateScore(^^^ItemsProcessedScore^^^); ]
I0929 14:12:03.020668 18068 master_component.cc:1391] NormalizeModelArgs: pwt_target_name=pwt, nwt_source_name=nwt, rwt_source_name=
I0929 14:12:03.020668 18068 master_component.cc:952] MasterComponent: start normalizing model nwt
I0929 14:12:03.051654 18068 master_component.cc:980] MasterComponent: complete normalizing model nwt
I0929 14:12:03.067276 18068 master_component.cc:1415] DisposeModel rwt
I0929 14:12:03.067276 18068 master_component.cc:1005] FitOffline: ItemsProcessed, num_items=475, num_batches=5, token_weight=160064, token_weight_in_effect=160064
I0929 14:12:03.067276 15184 c_interface.cc:559] Pass GetScoreValueArgs, score_name=^^^ItemsProcessedScore^^^ to MasterComponent::Request
I0929 14:12:03.067276 15184 c_interface.cc:230] ArtmCopyRequestedMessage is copying 46 bytes...
I0929 14:12:03.067276 18068 c_interface.cc:386] Pass FitOfflineMasterModelArgs, batch_filename_size=5, batch_weight_size=5, num_collection_passes=1 to void (__cdecl artm::core::MasterComponent::*)(class artm::FitOfflineMasterModelArgs const & __ptr64) __ptr64
I0929 14:12:03.067276 18068 master_component.cc:1340] ProcessBatchesArgs: nwt_target_name=nwt, batch_filename_size=5, batch_size=0, batch_weight_size=5, pwt_source_name=pwt, num_document_passes=1, class=(text:1), reuse_theta=yes, opt_for_avx=yes, predict_class_id=
I0929 14:12:03.114425  1572 processor.cc:802] Processor: start processing batch 42e97b85-c4f9-4595-8cb3-402211db67eb into model nwt
I0929 14:12:03.114425  3676 processor.cc:802] Processor: start processing batch f2b01c28-a91b-48f5-a3c5-c0f8f6a45836 into model nwt
I0929 14:12:03.114425 17292 processor.cc:802] Processor: start processing batch 0580594d-f7bc-44d3-ac2b-5dd3a217f3c1 into model nwt
I0929 14:12:03.114425  3236 processor.cc:802] Processor: start processing batch 6a4af50c-1d40-4968-a73a-29c46d4580d1 into model nwt
I0929 14:12:03.114425 14980 processor.cc:802] Processor: start processing batch b3d2eaf6-16f4-4711-8da3-cd6d21d6db5a into model nwt
I0929 14:12:03.129761 17404 processor.cc:717] No data in processing queue, waiting...
I0929 14:12:03.145385  3236 processor.cc:898] Processor: complete processing batch 6a4af50c-1d40-4968-a73a-29c46d4580d1 into model nwt
I0929 14:12:03.145385  3236 cuckoo_watch.h:45] 44ms in ProcessBatch(school_batches\aaaaae.batch) [including 4ms in LoadMessage; 1ms in InitializeSparseNdw; 9ms in InferThetaAndUpdateNwtSparse; 12ms in CalculateScore(PerplexityScore); 2ms in CalculateScore(SparsityThetaScore); 12ms in CalculateScore(^^^ItemsProcessedScore^^^); ]
I0929 14:12:03.161005  1572 processor.cc:898] Processor: complete processing batch 42e97b85-c4f9-4595-8cb3-402211db67eb into model nwt
I0929 14:12:03.161005 17292 processor.cc:898] Processor: complete processing batch 0580594d-f7bc-44d3-ac2b-5dd3a217f3c1 into model nwt
I0929 14:12:03.161005 17292 cuckoo_watch.h:45] 48ms in ProcessBatch(school_batches\aaaaac.batch) [including 3ms in LoadMessage; 1ms in InitializeSparseNdw; 10ms in InferThetaAndUpdateNwtSparse; 15ms in CalculateScore(PerplexityScore); 2ms in CalculateScore(SparsityThetaScore); 13ms in CalculateScore(^^^ItemsProcessedScore^^^); ]
I0929 14:12:03.161005  1572 cuckoo_watch.h:45] 48ms in ProcessBatch(school_batches\aaaaad.batch) [including 3ms in LoadMessage; 1ms in InitializeSparseNdw; 10ms in InferThetaAndUpdateNwtSparse; 15ms in CalculateScore(PerplexityScore); 3ms in CalculateScore(SparsityThetaScore); 12ms in CalculateScore(^^^ItemsProcessedScore^^^); ]
I0929 14:12:03.161005  3676 processor.cc:898] Processor: complete processing batch f2b01c28-a91b-48f5-a3c5-c0f8f6a45836 into model nwt
I0929 14:12:03.161005 14980 processor.cc:898] Processor: complete processing batch b3d2eaf6-16f4-4711-8da3-cd6d21d6db5a into model nwt
I0929 14:12:03.161005 14980 cuckoo_watch.h:45] 53ms in ProcessBatch(school_batches\aaaaab.batch) [including 5ms in LoadMessage; 1ms in InitializeSparseNdw; 13ms in InferThetaAndUpdateNwtSparse; 16ms in CalculateScore(PerplexityScore); 2ms in CalculateScore(SparsityThetaScore); 12ms in CalculateScore(^^^ItemsProcessedScore^^^); ]
I0929 14:12:03.161005  3676 cuckoo_watch.h:45] 53ms in ProcessBatch(school_batches\aaaaaa.batch) [including 3ms in LoadMessage; 1ms in InitializeSparseNdw; 11ms in InferThetaAndUpdateNwtSparse; 16ms in CalculateScore(PerplexityScore); 4ms in CalculateScore(SparsityThetaScore); 13ms in CalculateScore(^^^ItemsProcessedScore^^^); ]
I0929 14:12:03.176640 18068 master_component.cc:1391] NormalizeModelArgs: pwt_target_name=pwt, nwt_source_name=nwt, rwt_source_name=
I0929 14:12:03.176640 18068 master_component.cc:952] MasterComponent: start normalizing model nwt
I0929 14:12:03.207870 18068 master_component.cc:980] MasterComponent: complete normalizing model nwt
I0929 14:12:03.223491 18068 master_component.cc:1415] DisposeModel rwt
I0929 14:12:03.223491 18068 master_component.cc:1005] FitOffline: ItemsProcessed, num_items=475, num_batches=5, token_weight=160064, token_weight_in_effect=160064
I0929 14:12:03.223491 15184 c_interface.cc:559] Pass GetScoreValueArgs, score_name=^^^ItemsProcessedScore^^^ to MasterComponent::Request
I0929 14:12:03.223491 15184 c_interface.cc:230] ArtmCopyRequestedMessage is copying 46 bytes...
I0929 14:12:03.239111 18068 c_interface.cc:386] Pass FitOfflineMasterModelArgs, batch_filename_size=5, batch_weight_size=5, num_collection_passes=1 to void (__cdecl artm::core::MasterComponent::*)(class artm::FitOfflineMasterModelArgs const & __ptr64) __ptr64
I0929 14:12:03.239111 18068 master_component.cc:1340] ProcessBatchesArgs: nwt_target_name=nwt, batch_filename_size=5, batch_size=0, batch_weight_size=5, pwt_source_name=pwt, num_document_passes=1, class=(text:1), reuse_theta=yes, opt_for_avx=yes, predict_class_id=
I0929 14:12:03.270634 17404 processor.cc:724] Processing queue has data, processing started
I0929 14:12:03.270634 14980 processor.cc:802] Processor: start processing batch f2b01c28-a91b-48f5-a3c5-c0f8f6a45836 into model nwt
I0929 14:12:03.270634 16808 processor.cc:802] Processor: start processing batch b3d2eaf6-16f4-4711-8da3-cd6d21d6db5a into model nwt
I0929 14:12:03.270634 17404 processor.cc:802] Processor: start processing batch 6a4af50c-1d40-4968-a73a-29c46d4580d1 into model nwt
I0929 14:12:03.270634  3676 processor.cc:802] Processor: start processing batch 0580594d-f7bc-44d3-ac2b-5dd3a217f3c1 into model nwt
I0929 14:12:03.270634  3236 processor.cc:802] Processor: start processing batch 42e97b85-c4f9-4595-8cb3-402211db67eb into model nwt
I0929 14:12:03.285975 11292 processor.cc:717] No data in processing queue, waiting...
I0929 14:12:03.301596 17404 processor.cc:898] Processor: complete processing batch 6a4af50c-1d40-4968-a73a-29c46d4580d1 into model nwt
I0929 14:12:03.301596 17404 cuckoo_watch.h:45] 36ms in ProcessBatch(school_batches\aaaaae.batch) [including 3ms in LoadMessage; 1ms in InitializeSparseNdw; 8ms in InferThetaAndUpdateNwtSparse; 10ms in CalculateScore(PerplexityScore); 2ms in CalculateScore(SparsityThetaScore); 9ms in CalculateScore(^^^ItemsProcessedScore^^^); ]
I0929 14:12:03.301596 16808 processor.cc:898] Processor: complete processing batch b3d2eaf6-16f4-4711-8da3-cd6d21d6db5a into model nwt
I0929 14:12:03.301596 16808 cuckoo_watch.h:45] 39ms in ProcessBatch(school_batches\aaaaab.batch) [including 3ms in LoadMessage; 1ms in InitializeSparseNdw; 8ms in InferThetaAndUpdateNwtSparse; 11ms in CalculateScore(PerplexityScore); 2ms in CalculateScore(SparsityThetaScore); 10ms in CalculateScore(^^^ItemsProcessedScore^^^); ]
I0929 14:12:03.317217 14980 processor.cc:898] Processor: complete processing batch f2b01c28-a91b-48f5-a3c5-c0f8f6a45836 into model nwt
I0929 14:12:03.317217  3236 processor.cc:898] Processor: complete processing batch 42e97b85-c4f9-4595-8cb3-402211db67eb into model nwt
I0929 14:12:03.317217 14980 cuckoo_watch.h:45] 50ms in ProcessBatch(school_batches\aaaaaa.batch) [including 2ms in LoadMessage; 1ms in InitializeSparseNdw; 8ms in InferThetaAndUpdateNwtSparse; 15ms in CalculateScore(PerplexityScore); 4ms in CalculateScore(SparsityThetaScore); 15ms in CalculateScore(^^^ItemsProcessedScore^^^); ]
I0929 14:12:03.317217  3236 cuckoo_watch.h:45] 50ms in ProcessBatch(school_batches\aaaaad.batch) [including 5ms in LoadMessage; 1ms in InitializeSparseNdw; 11ms in InferThetaAndUpdateNwtSparse; 10ms in CalculateScore(PerplexityScore); 4ms in CalculateScore(SparsityThetaScore); 14ms in CalculateScore(^^^ItemsProcessedScore^^^); ]
I0929 14:12:03.317217  3676 processor.cc:898] Processor: complete processing batch 0580594d-f7bc-44d3-ac2b-5dd3a217f3c1 into model nwt
I0929 14:12:03.317217  3676 cuckoo_watch.h:45] 52ms in ProcessBatch(school_batches\aaaaac.batch) [including 4ms in LoadMessage; 1ms in InitializeSparseNdw; 13ms in InferThetaAndUpdateNwtSparse; 15ms in CalculateScore(PerplexityScore); 4ms in CalculateScore(SparsityThetaScore); 11ms in CalculateScore(^^^ItemsProcessedScore^^^); ]
I0929 14:12:03.333402 18068 master_component.cc:1391] NormalizeModelArgs: pwt_target_name=pwt, nwt_source_name=nwt, rwt_source_name=
I0929 14:12:03.333402 18068 master_component.cc:952] MasterComponent: start normalizing model nwt
I0929 14:12:03.348464 18068 master_component.cc:980] MasterComponent: complete normalizing model nwt
I0929 14:12:03.379705 18068 master_component.cc:1415] DisposeModel rwt
I0929 14:12:03.379705 18068 master_component.cc:1005] FitOffline: ItemsProcessed, num_items=475, num_batches=5, token_weight=160064, token_weight_in_effect=160064
I0929 14:12:03.379705 15184 c_interface.cc:559] Pass GetScoreValueArgs, score_name=^^^ItemsProcessedScore^^^ to MasterComponent::Request
I0929 14:12:03.379705 15184 c_interface.cc:230] ArtmCopyRequestedMessage is copying 46 bytes...
I0929 14:12:03.379705 18068 c_interface.cc:386] Pass FitOfflineMasterModelArgs, batch_filename_size=5, batch_weight_size=5, num_collection_passes=1 to void (__cdecl artm::core::MasterComponent::*)(class artm::FitOfflineMasterModelArgs const & __ptr64) __ptr64
I0929 14:12:03.379705 18068 master_component.cc:1340] ProcessBatchesArgs: nwt_target_name=nwt, batch_filename_size=5, batch_size=0, batch_weight_size=5, pwt_source_name=pwt, num_document_passes=1, class=(text:1), reuse_theta=yes, opt_for_avx=yes, predict_class_id=
I0929 14:12:03.411442 11292 processor.cc:724] Processing queue has data, processing started
I0929 14:12:03.411442 17292 processor.cc:802] Processor: start processing batch b3d2eaf6-16f4-4711-8da3-cd6d21d6db5a into model nwt
I0929 14:12:03.411442 17404 processor.cc:802] Processor: start processing batch 42e97b85-c4f9-4595-8cb3-402211db67eb into model nwt
I0929 14:12:03.411442 14980 processor.cc:802] Processor: start processing batch 0580594d-f7bc-44d3-ac2b-5dd3a217f3c1 into model nwt
I0929 14:12:03.411442 16808 processor.cc:802] Processor: start processing batch 6a4af50c-1d40-4968-a73a-29c46d4580d1 into model nwt
I0929 14:12:03.411442 11292 processor.cc:802] Processor: start processing batch f2b01c28-a91b-48f5-a3c5-c0f8f6a45836 into model nwt
I0929 14:12:03.457810 16808 processor.cc:898] Processor: complete processing batch 6a4af50c-1d40-4968-a73a-29c46d4580d1 into model nwt
I0929 14:12:03.457810 17292 processor.cc:898] Processor: complete processing batch b3d2eaf6-16f4-4711-8da3-cd6d21d6db5a into model nwt
I0929 14:12:03.457810 16808 cuckoo_watch.h:45] 56ms in ProcessBatch(school_batches\aaaaae.batch) [including 4ms in LoadMessage; 1ms in InitializeSparseNdw; 12ms in InferThetaAndUpdateNwtSparse; 15ms in CalculateScore(PerplexityScore); 4ms in CalculateScore(SparsityThetaScore); 15ms in CalculateScore(^^^ItemsProcessedScore^^^); ]
I0929 14:12:03.457810 14980 processor.cc:898] Processor: complete processing batch 0580594d-f7bc-44d3-ac2b-5dd3a217f3c1 into model nwt
I0929 14:12:03.457810 17292 cuckoo_watch.h:45] 58ms in ProcessBatch(school_batches\aaaaab.batch) [including 2ms in LoadMessage; 1ms in InitializeSparseNdw; 11ms in InferThetaAndUpdateNwtSparse; 18ms in CalculateScore(PerplexityScore); 4ms in CalculateScore(SparsityThetaScore); 16ms in CalculateScore(^^^ItemsProcessedScore^^^); ]
I0929 14:12:03.457810 17404 processor.cc:898] Processor: complete processing batch 42e97b85-c4f9-4595-8cb3-402211db67eb into model nwt
I0929 14:12:03.457810 14980 cuckoo_watch.h:45] 58ms in ProcessBatch(school_batches\aaaaac.batch) [including 2ms in LoadMessage; 1ms in InitializeSparseNdw; 10ms in InferThetaAndUpdateNwtSparse; 17ms in CalculateScore(PerplexityScore); 4ms in CalculateScore(SparsityThetaScore); 19ms in CalculateScore(^^^ItemsProcessedScore^^^); ]
I0929 14:12:03.457810 11292 processor.cc:898] Processor: complete processing batch f2b01c28-a91b-48f5-a3c5-c0f8f6a45836 into model nwt
I0929 14:12:03.457810 17404 cuckoo_watch.h:45] 60ms in ProcessBatch(school_batches\aaaaad.batch) [including 2ms in LoadMessage; 1ms in InitializeSparseNdw; 11ms in InferThetaAndUpdateNwtSparse; 18ms in CalculateScore(PerplexityScore); 5ms in CalculateScore(SparsityThetaScore); 17ms in CalculateScore(^^^ItemsProcessedScore^^^); ]
I0929 14:12:03.457810 11292 cuckoo_watch.h:45] 61ms in ProcessBatch(school_batches\aaaaaa.batch) [including 4ms in LoadMessage; 1ms in InitializeSparseNdw; 12ms in InferThetaAndUpdateNwtSparse; 18ms in CalculateScore(PerplexityScore); 4ms in CalculateScore(SparsityThetaScore); 15ms in CalculateScore(^^^ItemsProcessedScore^^^); ]
I0929 14:12:03.473433 18068 master_component.cc:1391] NormalizeModelArgs: pwt_target_name=pwt, nwt_source_name=nwt, rwt_source_name=
I0929 14:12:03.473433 18068 master_component.cc:952] MasterComponent: start normalizing model nwt
I0929 14:12:03.473433  1572 processor.cc:717] No data in processing queue, waiting...
I0929 14:12:03.489090 18068 master_component.cc:980] MasterComponent: complete normalizing model nwt
I0929 14:12:03.520359 18068 master_component.cc:1415] DisposeModel rwt
I0929 14:12:03.520359 18068 master_component.cc:1005] FitOffline: ItemsProcessed, num_items=475, num_batches=5, token_weight=160064, token_weight_in_effect=160064
I0929 14:12:03.520359 15184 c_interface.cc:559] Pass GetScoreValueArgs, score_name=^^^ItemsProcessedScore^^^ to MasterComponent::Request
I0929 14:12:03.520359 15184 c_interface.cc:230] ArtmCopyRequestedMessage is copying 46 bytes...
I0929 14:12:03.520359 18068 c_interface.cc:386] Pass FitOfflineMasterModelArgs, batch_filename_size=5, batch_weight_size=5, num_collection_passes=1 to void (__cdecl artm::core::MasterComponent::*)(class artm::FitOfflineMasterModelArgs const & __ptr64) __ptr64
I0929 14:12:03.520359 18068 master_component.cc:1340] ProcessBatchesArgs: nwt_target_name=nwt, batch_filename_size=5, batch_size=0, batch_weight_size=5, pwt_source_name=pwt, num_document_passes=1, class=(text:1), reuse_theta=yes, opt_for_avx=yes, predict_class_id=
I0929 14:12:03.551817  1572 processor.cc:724] Processing queue has data, processing started
I0929 14:12:03.551817  1572 processor.cc:802] Processor: start processing batch b3d2eaf6-16f4-4711-8da3-cd6d21d6db5a into model nwt
I0929 14:12:03.551817 17404 processor.cc:802] Processor: start processing batch 6a4af50c-1d40-4968-a73a-29c46d4580d1 into model nwt
I0929 14:12:03.551817 16808 processor.cc:802] Processor: start processing batch 42e97b85-c4f9-4595-8cb3-402211db67eb into model nwt
I0929 14:12:03.551817 14980 processor.cc:802] Processor: start processing batch 0580594d-f7bc-44d3-ac2b-5dd3a217f3c1 into model nwt
I0929 14:12:03.551817 11292 processor.cc:802] Processor: start processing batch f2b01c28-a91b-48f5-a3c5-c0f8f6a45836 into model nwt
I0929 14:12:03.582780 11292 processor.cc:898] Processor: complete processing batch f2b01c28-a91b-48f5-a3c5-c0f8f6a45836 into model nwt
I0929 14:12:03.582780 11292 cuckoo_watch.h:45] 43ms in ProcessBatch(school_batches\aaaaaa.batch) [including 4ms in LoadMessage; 1ms in InitializeSparseNdw; 7ms in InferThetaAndUpdateNwtSparse; 12ms in CalculateScore(PerplexityScore); 2ms in CalculateScore(SparsityThetaScore); 12ms in CalculateScore(^^^ItemsProcessedScore^^^); ]
I0929 14:12:03.582780 17404 processor.cc:898] Processor: complete processing batch 6a4af50c-1d40-4968-a73a-29c46d4580d1 into model nwt
I0929 14:12:03.582780 17404 cuckoo_watch.h:45] 44ms in ProcessBatch(school_batches\aaaaae.batch) [including 2ms in LoadMessage; 2ms in InitializeSparseNdw; 8ms in InferThetaAndUpdateNwtSparse; 14ms in CalculateScore(PerplexityScore); 3ms in CalculateScore(SparsityThetaScore); 11ms in CalculateScore(^^^ItemsProcessedScore^^^); ]
I0929 14:12:03.582780  1572 processor.cc:898] Processor: complete processing batch b3d2eaf6-16f4-4711-8da3-cd6d21d6db5a into model nwt
I0929 14:12:03.598404  1572 cuckoo_watch.h:45] 48ms in ProcessBatch(school_batches\aaaaab.batch) [including 2ms in LoadMessage; 2ms in InitializeSparseNdw; 11ms in InferThetaAndUpdateNwtSparse; 14ms in CalculateScore(PerplexityScore); 4ms in CalculateScore(SparsityThetaScore); 10ms in CalculateScore(^^^ItemsProcessedScore^^^); ]
I0929 14:12:03.598404 14980 processor.cc:898] Processor: complete processing batch 0580594d-f7bc-44d3-ac2b-5dd3a217f3c1 into model nwt
I0929 14:12:03.598404 14980 cuckoo_watch.h:45] 49ms in ProcessBatch(school_batches\aaaaac.batch) [including 4ms in LoadMessage; 1ms in InitializeSparseNdw; 8ms in InferThetaAndUpdateNwtSparse; 14ms in CalculateScore(PerplexityScore); 4ms in CalculateScore(SparsityThetaScore); 13ms in CalculateScore(^^^ItemsProcessedScore^^^); ]
I0929 14:12:03.598404 16808 processor.cc:898] Processor: complete processing batch 42e97b85-c4f9-4595-8cb3-402211db67eb into model nwt
I0929 14:12:03.598404 16808 cuckoo_watch.h:45] 51ms in ProcessBatch(school_batches\aaaaad.batch) [including 2ms in LoadMessage; 2ms in InitializeSparseNdw; 12ms in InferThetaAndUpdateNwtSparse; 17ms in CalculateScore(PerplexityScore); 4ms in CalculateScore(SparsityThetaScore); 10ms in CalculateScore(^^^ItemsProcessedScore^^^); ]
I0929 14:12:03.614594 18068 master_component.cc:1391] NormalizeModelArgs: pwt_target_name=pwt, nwt_source_name=nwt, rwt_source_name=
I0929 14:12:03.614594 18068 master_component.cc:952] MasterComponent: start normalizing model nwt
I0929 14:12:03.629647 18068 master_component.cc:980] MasterComponent: complete normalizing model nwt
I0929 14:12:03.645268  3236 processor.cc:717] No data in processing queue, waiting...
I0929 14:12:03.645268  3676 processor.cc:717] No data in processing queue, waiting...
I0929 14:12:03.660889 18068 master_component.cc:1415] DisposeModel rwt
I0929 14:12:03.660889 18068 master_component.cc:1005] FitOffline: ItemsProcessed, num_items=475, num_batches=5, token_weight=160064, token_weight_in_effect=160064
I0929 14:12:03.660889 15184 c_interface.cc:559] Pass GetScoreValueArgs, score_name=^^^ItemsProcessedScore^^^ to MasterComponent::Request
I0929 14:12:03.660889 15184 c_interface.cc:230] ArtmCopyRequestedMessage is copying 46 bytes...
I0929 14:12:03.660889 18068 c_interface.cc:386] Pass FitOfflineMasterModelArgs, batch_filename_size=5, batch_weight_size=5, num_collection_passes=1 to void (__cdecl artm::core::MasterComponent::*)(class artm::FitOfflineMasterModelArgs const & __ptr64) __ptr64
I0929 14:12:03.660889 18068 master_component.cc:1340] ProcessBatchesArgs: nwt_target_name=nwt, batch_filename_size=5, batch_size=0, batch_weight_size=5, pwt_source_name=pwt, num_document_passes=1, class=(text:1), reuse_theta=yes, opt_for_avx=yes, predict_class_id=
I0929 14:12:03.692131  3236 processor.cc:724] Processing queue has data, processing started
I0929 14:12:03.692131  3236 processor.cc:802] Processor: start processing batch 6a4af50c-1d40-4968-a73a-29c46d4580d1 into model nwt
I0929 14:12:03.692131 17404 processor.cc:802] Processor: start processing batch 42e97b85-c4f9-4595-8cb3-402211db67eb into model nwt
I0929 14:12:03.692131 16808 processor.cc:802] Processor: start processing batch 0580594d-f7bc-44d3-ac2b-5dd3a217f3c1 into model nwt
I0929 14:12:03.692131 17292 processor.cc:802] Processor: start processing batch f2b01c28-a91b-48f5-a3c5-c0f8f6a45836 into model nwt
I0929 14:12:03.692131  1572 processor.cc:802] Processor: start processing batch b3d2eaf6-16f4-4711-8da3-cd6d21d6db5a into model nwt
I0929 14:12:03.723373 16808 processor.cc:898] Processor: complete processing batch 0580594d-f7bc-44d3-ac2b-5dd3a217f3c1 into model nwt
I0929 14:12:03.723373 16808 cuckoo_watch.h:45] 42ms in ProcessBatch(school_batches\aaaaac.batch) [including 3ms in LoadMessage; 1ms in InitializeSparseNdw; 9ms in InferThetaAndUpdateNwtSparse; 12ms in CalculateScore(PerplexityScore); 2ms in CalculateScore(SparsityThetaScore); 11ms in CalculateScore(^^^ItemsProcessedScore^^^); ]
I0929 14:12:03.723373  3236 processor.cc:898] Processor: complete processing batch 6a4af50c-1d40-4968-a73a-29c46d4580d1 into model nwt
I0929 14:12:03.723373  3236 cuckoo_watch.h:45] 46ms in ProcessBatch(school_batches\aaaaae.batch) [including 2ms in LoadMessage; 1ms in InitializeSparseNdw; 8ms in InferThetaAndUpdateNwtSparse; 14ms in CalculateScore(PerplexityScore); 4ms in CalculateScore(SparsityThetaScore); 13ms in CalculateScore(^^^ItemsProcessedScore^^^); ]
I0929 14:12:03.738993 17404 processor.cc:898] Processor: complete processing batch 42e97b85-c4f9-4595-8cb3-402211db67eb into model nwt
I0929 14:12:03.738993 17404 cuckoo_watch.h:45] 52ms in ProcessBatch(school_batches\aaaaad.batch) [including 2ms in LoadMessage; 1ms in InitializeSparseNdw; 8ms in InferThetaAndUpdateNwtSparse; 16ms in CalculateScore(PerplexityScore); 5ms in CalculateScore(SparsityThetaScore); 15ms in CalculateScore(^^^ItemsProcessedScore^^^); ]
I0929 14:12:03.738993 17292 processor.cc:898] Processor: complete processing batch f2b01c28-a91b-48f5-a3c5-c0f8f6a45836 into model nwt
I0929 14:12:03.738993 17292 cuckoo_watch.h:45] 54ms in ProcessBatch(school_batches\aaaaaa.batch) [including 4ms in LoadMessage; 1ms in InitializeSparseNdw; 12ms in InferThetaAndUpdateNwtSparse; 17ms in CalculateScore(PerplexityScore); 4ms in CalculateScore(SparsityThetaScore); 12ms in CalculateScore(^^^ItemsProcessedScore^^^); ]
I0929 14:12:03.738993  1572 processor.cc:898] Processor: complete processing batch b3d2eaf6-16f4-4711-8da3-cd6d21d6db5a into model nwt
I0929 14:12:03.738993  1572 cuckoo_watch.h:45] 56ms in ProcessBatch(school_batches\aaaaab.batch) [including 4ms in LoadMessage; 1ms in InitializeSparseNdw; 12ms in InferThetaAndUpdateNwtSparse; 17ms in CalculateScore(PerplexityScore); 4ms in CalculateScore(SparsityThetaScore); 14ms in CalculateScore(^^^ItemsProcessedScore^^^); ]
I0929 14:12:03.754866 18068 master_component.cc:1391] NormalizeModelArgs: pwt_target_name=pwt, nwt_source_name=nwt, rwt_source_name=
I0929 14:12:03.754866 18068 master_component.cc:952] MasterComponent: start normalizing model nwt
I0929 14:12:03.770239 18068 master_component.cc:980] MasterComponent: complete normalizing model nwt
I0929 14:12:03.801482 18068 master_component.cc:1415] DisposeModel rwt
I0929 14:12:03.801482 18068 master_component.cc:1005] FitOffline: ItemsProcessed, num_items=475, num_batches=5, token_weight=160064, token_weight_in_effect=160064
I0929 14:12:03.801482 15184 c_interface.cc:559] Pass GetScoreValueArgs, score_name=^^^ItemsProcessedScore^^^ to MasterComponent::Request
I0929 14:12:03.801482 15184 c_interface.cc:230] ArtmCopyRequestedMessage is copying 46 bytes...
I0929 14:12:03.801482 18068 c_interface.cc:386] Pass FitOfflineMasterModelArgs, batch_filename_size=5, batch_weight_size=5, num_collection_passes=1 to void (__cdecl artm::core::MasterComponent::*)(class artm::FitOfflineMasterModelArgs const & __ptr64) __ptr64
I0929 14:12:03.801482 18068 master_component.cc:1340] ProcessBatchesArgs: nwt_target_name=nwt, batch_filename_size=5, batch_size=0, batch_weight_size=5, pwt_source_name=pwt, num_document_passes=1, class=(text:1), reuse_theta=yes, opt_for_avx=yes, predict_class_id=
I0929 14:12:03.832736  3676 processor.cc:724] Processing queue has data, processing started
I0929 14:12:03.832736  3236 processor.cc:802] Processor: start processing batch 6a4af50c-1d40-4968-a73a-29c46d4580d1 into model nwt
I0929 14:12:03.832736  1572 processor.cc:802] Processor: start processing batch 42e97b85-c4f9-4595-8cb3-402211db67eb into model nwt
I0929 14:12:03.832736 16808 processor.cc:802] Processor: start processing batch b3d2eaf6-16f4-4711-8da3-cd6d21d6db5a into model nwt
I0929 14:12:03.832736  3676 processor.cc:802] Processor: start processing batch 0580594d-f7bc-44d3-ac2b-5dd3a217f3c1 into model nwt
I0929 14:12:03.832736 11292 processor.cc:802] Processor: start processing batch f2b01c28-a91b-48f5-a3c5-c0f8f6a45836 into model nwt
I0929 14:12:03.879586 16808 processor.cc:898] Processor: complete processing batch b3d2eaf6-16f4-4711-8da3-cd6d21d6db5a into model nwt
I0929 14:12:03.879586 16808 cuckoo_watch.h:45] 47ms in ProcessBatch(school_batches\aaaaab.batch) [including 7ms in LoadMessage; 2ms in InitializeSparseNdw; 11ms in InferThetaAndUpdateNwtSparse; 12ms in CalculateScore(PerplexityScore); 2ms in CalculateScore(SparsityThetaScore); 9ms in CalculateScore(^^^ItemsProcessedScore^^^); ]
I0929 14:12:03.879586  3236 processor.cc:898] Processor: complete processing batch 6a4af50c-1d40-4968-a73a-29c46d4580d1 into model nwt
I0929 14:12:03.879586 11292 processor.cc:898] Processor: complete processing batch f2b01c28-a91b-48f5-a3c5-c0f8f6a45836 into model nwt
I0929 14:12:03.879586  3236 cuckoo_watch.h:45] 54ms in ProcessBatch(school_batches\aaaaae.batch) [including 6ms in LoadMessage; 2ms in InitializeSparseNdw; 14ms in InferThetaAndUpdateNwtSparse; 14ms in CalculateScore(PerplexityScore); 4ms in CalculateScore(SparsityThetaScore); 10ms in CalculateScore(^^^ItemsProcessedScore^^^); ]
I0929 14:12:03.879586 11292 cuckoo_watch.h:45] 55ms in ProcessBatch(school_batches\aaaaaa.batch) [including 10ms in LoadMessage; 2ms in InitializeSparseNdw; 10ms in InferThetaAndUpdateNwtSparse; 13ms in CalculateScore(PerplexityScore); 4ms in CalculateScore(SparsityThetaScore); 11ms in CalculateScore(^^^ItemsProcessedScore^^^); ]
I0929 14:12:03.879586  1572 processor.cc:898] Processor: complete processing batch 42e97b85-c4f9-4595-8cb3-402211db67eb into model nwt
