Log file created at: 2021/09/29 14:50:52
Running on machine: LAPTOP-ECN5NL3P
Log line format: [IWEF]mmdd hh:mm:ss.uuuuuu threadid file:line] msg
I0929 14:50:52.952178 16016 c_interface.cc:127] Logging enabled to .
I0929 14:50:52.952178 16016 instance.cc:401] MasterModelConfig.processors_count is automatically set to 8
I0929 14:50:52.952178  8552 processor.cc:701] Processor thread started
I0929 14:50:52.952178 10752 processor.cc:701] Processor thread started
I0929 14:50:52.952178 13432 processor.cc:701] Processor thread started
I0929 14:50:52.952178 16016 c_interface.cc:271] Creating MasterModel (id=1)...
I0929 14:50:52.952178 10948 processor.cc:701] Processor thread started
I0929 14:50:52.952178 11464 processor.cc:701] Processor thread started
I0929 14:50:52.952178  5100 processor.cc:701] Processor thread started
I0929 14:50:52.952178 14812 processor.cc:701] Processor thread started
I0929 14:50:52.952178 17416 processor.cc:701] Processor thread started
I0929 14:50:52.952178 16016 c_interface.cc:271] Creating MasterModel (id=2)...
I0929 14:50:52.967798 16016 c_interface.cc:372] Pass dictionary to void (__cdecl artm::core::MasterComponent::*)(class std::basic_string<char,struct std::char_traits<char>,class std::allocator<char> > const & __ptr64) __ptr64
I0929 14:50:52.967798 16016 c_interface.cc:386] Pass GatherDictionaryArgs: dictionary_target_name=dictionary, data_path=school_batches, symmetric_cooc_values=0 to void (__cdecl artm::core::MasterComponent::*)(class artm::GatherDictionaryArgs const & __ptr64) __ptr64
I0929 14:50:52.967798 16016 dictionary_operations.cc:249] Found 5 batches in 'school_batches' folder
I0929 14:50:52.999039 16016 dictionary_operations.cc:313] Find 16080 unique tokens in 475 items
I0929 14:50:53.030285 16016 c_interface.cc:386] Pass MasterModelConfig: topic_name_size=10, class=(text:1), score_config_size=2, num_processors=0, pwt_name=pwt, nwt_name=nwt, num_document_passes=1, reuse_theta=yes, cache_theta=yes, opt_for_avx=yes, disk_cache_path to void (__cdecl artm::core::MasterComponent::*)(class artm::MasterModelConfig const & __ptr64) __ptr64
I0929 14:50:53.030285 16016 instance.cc:401] MasterModelConfig.processors_count is automatically set to 8
I0929 14:50:53.030285 16016 perplexity.cc:26] Perplexity score calculator created: model_type=1, dictionary_name=dictionary
I0929 14:50:53.030285 16016 c_interface.cc:386] Pass MasterModelConfig: topic_name_size=10, class=(text:1), score_config_size=3, num_processors=0, pwt_name=pwt, nwt_name=nwt, num_document_passes=1, reuse_theta=yes, cache_theta=yes, opt_for_avx=yes, disk_cache_path to void (__cdecl artm::core::MasterComponent::*)(class artm::MasterModelConfig const & __ptr64) __ptr64
I0929 14:50:53.030285 16016 instance.cc:401] MasterModelConfig.processors_count is automatically set to 8
I0929 14:50:53.030285 16016 perplexity.cc:26] Perplexity score calculator created: model_type=1, dictionary_name=dictionary
I0929 14:50:53.030285 16016 c_interface.cc:386] Pass MasterModelConfig: topic_name_size=10, class=(text:1), score_config_size=4, num_processors=0, pwt_name=pwt, nwt_name=nwt, num_document_passes=1, reuse_theta=yes, cache_theta=yes, opt_for_avx=yes, disk_cache_path to void (__cdecl artm::core::MasterComponent::*)(class artm::MasterModelConfig const & __ptr64) __ptr64
I0929 14:50:53.030285 16016 instance.cc:401] MasterModelConfig.processors_count is automatically set to 8
I0929 14:50:53.030285 16016 perplexity.cc:26] Perplexity score calculator created: model_type=1, dictionary_name=dictionary
I0929 14:50:53.030285 16016 c_interface.cc:386] Pass MasterModelConfig: topic_name_size=10, class=(text:1), score_config_size=5, num_processors=0, pwt_name=pwt, nwt_name=nwt, num_document_passes=1, reuse_theta=yes, cache_theta=yes, opt_for_avx=yes, disk_cache_path to void (__cdecl artm::core::MasterComponent::*)(class artm::MasterModelConfig const & __ptr64) __ptr64
I0929 14:50:53.030285 16016 instance.cc:401] MasterModelConfig.processors_count is automatically set to 8
I0929 14:50:53.030285 16016 perplexity.cc:26] Perplexity score calculator created: model_type=1, dictionary_name=dictionary
I0929 14:50:53.030285 16016 c_interface.cc:372] Pass pwt to void (__cdecl artm::core::MasterComponent::*)(class std::basic_string<char,struct std::char_traits<char>,class std::allocator<char> > const & __ptr64) __ptr64
I0929 14:50:53.030285 16016 c_interface.cc:372] Pass nwt to void (__cdecl artm::core::MasterComponent::*)(class std::basic_string<char,struct std::char_traits<char>,class std::allocator<char> > const & __ptr64) __ptr64
I0929 14:50:53.030285 16016 c_interface.cc:386] Pass InitializeModelArgs: model_name=pwt, dictionary_name=dictionary, topic_name_size=10 to void (__cdecl artm::core::MasterComponent::*)(class artm::InitializeModelArgs const & __ptr64) __ptr64
I0929 14:50:53.100328 16016 master_component.cc:620] InitializeModel() created matrix pwt with 10 topics and 16080 tokens; 
I0929 14:50:53.100328 16016 c_interface.cc:386] Pass InitializeModelArgs: model_name=nwt, dictionary_name=dictionary, topic_name_size=10 to void (__cdecl artm::core::MasterComponent::*)(class artm::InitializeModelArgs const & __ptr64) __ptr64
I0929 14:50:53.175891 16016 master_component.cc:620] InitializeModel() created matrix nwt with 10 topics and 16080 tokens; 
I0929 14:50:53.175891 16016 phi_matrix_operations.cc:84] RetrieveExternalTopicModel() with 10 topics, 16080 tokens
I0929 14:50:53.191895 16016 c_interface.cc:230] ArtmCopyRequestedMessage is copying 477077 bytes...
I0929 14:50:53.262652 10948 processor.cc:717] No data in processing queue, waiting...
I0929 14:50:53.262652 17416 processor.cc:717] No data in processing queue, waiting...
I0929 14:50:53.262652  8552 processor.cc:717] No data in processing queue, waiting...
I0929 14:50:53.262652 11464 processor.cc:717] No data in processing queue, waiting...
I0929 14:50:53.262652 13432 processor.cc:717] No data in processing queue, waiting...
I0929 14:50:53.262652 10752 processor.cc:717] No data in processing queue, waiting...
I0929 14:50:53.262652 14812 processor.cc:717] No data in processing queue, waiting...
I0929 14:50:53.262652  5100 processor.cc:717] No data in processing queue, waiting...
I0929 14:50:53.450071 10440 c_interface.cc:386] Pass FitOfflineMasterModelArgs, batch_filename_size=5, batch_weight_size=5, num_collection_passes=1 to void (__cdecl artm::core::MasterComponent::*)(class artm::FitOfflineMasterModelArgs const & __ptr64) __ptr64
I0929 14:50:53.450071 10440 master_component.cc:1340] ProcessBatchesArgs: nwt_target_name=nwt, batch_filename_size=5, batch_size=0, batch_weight_size=5, pwt_source_name=pwt, num_document_passes=1, class=(text:1), reuse_theta=yes, opt_for_avx=yes, predict_class_id=
I0929 14:50:53.481312 10440 master_component.cc:772] Batches count (=5) is smaller than num processors (=8), which may cause suboptimal performance.
I0929 14:50:53.497217 10948 processor.cc:724] Processing queue has data, processing started
I0929 14:50:53.497217 13432 processor.cc:724] Processing queue has data, processing started
I0929 14:50:53.497217  8552 processor.cc:724] Processing queue has data, processing started
I0929 14:50:53.497217 10752 processor.cc:724] Processing queue has data, processing started
I0929 14:50:53.497217 14812 processor.cc:724] Processing queue has data, processing started
I0929 14:50:53.497217 14812 processor.cc:802] Processor: start processing batch 10dc3939-1034-4f09-a4d8-15b68e37ec78 into model nwt
I0929 14:50:53.497217 10948 processor.cc:802] Processor: start processing batch 848367d3-1564-4ff3-a9c0-b329da99b2d9 into model nwt
I0929 14:50:53.497217 10752 processor.cc:802] Processor: start processing batch 9c21a059-2136-4b57-b604-44694ce7bc81 into model nwt
I0929 14:50:53.497217 13432 processor.cc:802] Processor: start processing batch 08184e6e-01f0-4d9c-b12a-6ef173dd05ae into model nwt
I0929 14:50:53.497217  8552 processor.cc:802] Processor: start processing batch 16ba4aa4-0034-42e6-8503-55a90568f924 into model nwt
I0929 14:50:53.559419 14812 processor.cc:898] Processor: complete processing batch 10dc3939-1034-4f09-a4d8-15b68e37ec78 into model nwt
I0929 14:50:53.559419 14812 cuckoo_watch.h:45] 71ms in ProcessBatch(school_batches\aaaaae.batch) [including 3ms in LoadMessage; 1ms in InitializeSparseNdw; 16ms in InferThetaAndUpdateNwtSparse; 23ms in CalculateScore(PerplexityScore); 4ms in CalculateScore(SparsityThetaScore); 19ms in CalculateScore(^^^ItemsProcessedScore^^^); ]
I0929 14:50:53.575043 10948 processor.cc:898] Processor: complete processing batch 848367d3-1564-4ff3-a9c0-b329da99b2d9 into model nwt
I0929 14:50:53.575043 10948 cuckoo_watch.h:45] 78ms in ProcessBatch(school_batches\aaaaab.batch) [including 4ms in LoadMessage; 1ms in InitializeSparseNdw; 15ms in InferThetaAndUpdateNwtSparse; 27ms in CalculateScore(PerplexityScore); 6ms in CalculateScore(SparsityThetaScore); 22ms in CalculateScore(^^^ItemsProcessedScore^^^); ]
I0929 14:50:53.575043 10752 processor.cc:898] Processor: complete processing batch 9c21a059-2136-4b57-b604-44694ce7bc81 into model nwt
I0929 14:50:53.575043 10752 cuckoo_watch.h:45] 81ms in ProcessBatch(school_batches\aaaaad.batch) [including 5ms in LoadMessage; 1ms in InitializeSparseNdw; 15ms in InferThetaAndUpdateNwtSparse; 27ms in CalculateScore(PerplexityScore); 5ms in CalculateScore(SparsityThetaScore); 22ms in CalculateScore(^^^ItemsProcessedScore^^^); ]
I0929 14:50:53.575043  8552 processor.cc:898] Processor: complete processing batch 16ba4aa4-0034-42e6-8503-55a90568f924 into model nwt
I0929 14:50:53.575043  8552 cuckoo_watch.h:45] 84ms in ProcessBatch(school_batches\aaaaaa.batch) [including 5ms in LoadMessage; 2ms in InitializeSparseNdw; 14ms in InferThetaAndUpdateNwtSparse; 33ms in CalculateScore(PerplexityScore); 6ms in CalculateScore(SparsityThetaScore); 17ms in CalculateScore(^^^ItemsProcessedScore^^^); ]
I0929 14:50:53.575043 13432 processor.cc:898] Processor: complete processing batch 08184e6e-01f0-4d9c-b12a-6ef173dd05ae into model nwt
I0929 14:50:53.575043 13432 cuckoo_watch.h:45] 85ms in ProcessBatch(school_batches\aaaaac.batch) [including 5ms in LoadMessage; 1ms in InitializeSparseNdw; 14ms in InferThetaAndUpdateNwtSparse; 34ms in CalculateScore(PerplexityScore); 7ms in CalculateScore(SparsityThetaScore); 19ms in CalculateScore(^^^ItemsProcessedScore^^^); ]
I0929 14:50:53.590664 10440 master_component.cc:1391] NormalizeModelArgs: pwt_target_name=pwt, nwt_source_name=nwt, rwt_source_name=
I0929 14:50:53.590664 10440 master_component.cc:952] MasterComponent: start normalizing model nwt
I0929 14:50:53.621906 10440 master_component.cc:980] MasterComponent: complete normalizing model nwt
I0929 14:50:53.653151 10440 master_component.cc:1415] DisposeModel rwt
I0929 14:50:53.653151 10440 master_component.cc:1005] FitOffline: ItemsProcessed, num_items=475, num_batches=5, token_weight=160064, token_weight_in_effect=160064
I0929 14:50:53.653151 16016 c_interface.cc:559] Pass GetScoreValueArgs, score_name=^^^ItemsProcessedScore^^^ to MasterComponent::Request
I0929 14:50:53.653151 16016 c_interface.cc:230] ArtmCopyRequestedMessage is copying 46 bytes...
I0929 14:50:53.653151 10440 c_interface.cc:386] Pass FitOfflineMasterModelArgs, batch_filename_size=5, batch_weight_size=5, num_collection_passes=1 to void (__cdecl artm::core::MasterComponent::*)(class artm::FitOfflineMasterModelArgs const & __ptr64) __ptr64
I0929 14:50:53.653151 10440 master_component.cc:1340] ProcessBatchesArgs: nwt_target_name=nwt, batch_filename_size=5, batch_size=0, batch_weight_size=5, pwt_source_name=pwt, num_document_passes=1, class=(text:1), reuse_theta=yes, opt_for_avx=yes, predict_class_id=
I0929 14:50:53.700019 17416 processor.cc:724] Processing queue has data, processing started
I0929 14:50:53.700019  5100 processor.cc:724] Processing queue has data, processing started
I0929 14:50:53.700019 14812 processor.cc:802] Processor: start processing batch 9c21a059-2136-4b57-b604-44694ce7bc81 into model nwt
I0929 14:50:53.700019  8552 processor.cc:802] Processor: start processing batch 848367d3-1564-4ff3-a9c0-b329da99b2d9 into model nwt
I0929 14:50:53.700019  5100 processor.cc:802] Processor: start processing batch 10dc3939-1034-4f09-a4d8-15b68e37ec78 into model nwt
I0929 14:50:53.700019 10948 processor.cc:802] Processor: start processing batch 16ba4aa4-0034-42e6-8503-55a90568f924 into model nwt
I0929 14:50:53.700019 17416 processor.cc:802] Processor: start processing batch 08184e6e-01f0-4d9c-b12a-6ef173dd05ae into model nwt
I0929 14:50:53.746876  5100 processor.cc:898] Processor: complete processing batch 10dc3939-1034-4f09-a4d8-15b68e37ec78 into model nwt
I0929 14:50:53.746876  5100 cuckoo_watch.h:45] 49ms in ProcessBatch(school_batches\aaaaae.batch) [including 7ms in LoadMessage; 1ms in InitializeSparseNdw; 12ms in InferThetaAndUpdateNwtSparse; 12ms in CalculateScore(PerplexityScore); 2ms in CalculateScore(SparsityThetaScore); 9ms in CalculateScore(^^^ItemsProcessedScore^^^); ]
I0929 14:50:53.746876 10948 processor.cc:898] Processor: complete processing batch 16ba4aa4-0034-42e6-8503-55a90568f924 into model nwt
I0929 14:50:53.746876 10948 cuckoo_watch.h:45] 53ms in ProcessBatch(school_batches\aaaaaa.batch) [including 10ms in LoadMessage; 2ms in InitializeSparseNdw; 11ms in InferThetaAndUpdateNwtSparse; 11ms in CalculateScore(PerplexityScore); 3ms in CalculateScore(SparsityThetaScore); 11ms in CalculateScore(^^^ItemsProcessedScore^^^); ]
I0929 14:50:53.746876 14812 processor.cc:898] Processor: complete processing batch 9c21a059-2136-4b57-b604-44694ce7bc81 into model nwt
I0929 14:50:53.746876  8552 processor.cc:898] Processor: complete processing batch 848367d3-1564-4ff3-a9c0-b329da99b2d9 into model nwt
I0929 14:50:53.746876 14812 cuckoo_watch.h:45] 55ms in ProcessBatch(school_batches\aaaaad.batch) [including 7ms in LoadMessage; 2ms in InitializeSparseNdw; 15ms in InferThetaAndUpdateNwtSparse; 13ms in CalculateScore(PerplexityScore); 2ms in CalculateScore(SparsityThetaScore); 11ms in CalculateScore(^^^ItemsProcessedScore^^^); ]
I0929 14:50:53.746876  8552 cuckoo_watch.h:45] 55ms in ProcessBatch(school_batches\aaaaab.batch) [including 7ms in LoadMessage; 2ms in InitializeSparseNdw; 13ms in InferThetaAndUpdateNwtSparse; 13ms in CalculateScore(PerplexityScore); 4ms in CalculateScore(SparsityThetaScore); 12ms in CalculateScore(^^^ItemsProcessedScore^^^); ]
I0929 14:50:53.762532 17416 processor.cc:898] Processor: complete processing batch 08184e6e-01f0-4d9c-b12a-6ef173dd05ae into model nwt
I0929 14:50:53.762532 17416 cuckoo_watch.h:45] 65ms in ProcessBatch(school_batches\aaaaac.batch) [including 10ms in LoadMessage; 2ms in InitializeSparseNdw; 16ms in InferThetaAndUpdateNwtSparse; 17ms in CalculateScore(PerplexityScore); 5ms in CalculateScore(SparsityThetaScore); 10ms in CalculateScore(^^^ItemsProcessedScore^^^); ]
I0929 14:50:53.778398 10440 master_component.cc:1391] NormalizeModelArgs: pwt_target_name=pwt, nwt_source_name=nwt, rwt_source_name=
I0929 14:50:53.778398 10440 master_component.cc:952] MasterComponent: start normalizing model nwt
I0929 14:50:53.793742 10440 master_component.cc:980] MasterComponent: complete normalizing model nwt
I0929 14:50:53.824985 10440 master_component.cc:1415] DisposeModel rwt
I0929 14:50:53.824985 10440 master_component.cc:1005] FitOffline: ItemsProcessed, num_items=475, num_batches=5, token_weight=160064, token_weight_in_effect=160064
I0929 14:50:53.824985 16016 c_interface.cc:559] Pass GetScoreValueArgs, score_name=^^^ItemsProcessedScore^^^ to MasterComponent::Request
I0929 14:50:53.824985 16016 c_interface.cc:230] ArtmCopyRequestedMessage is copying 46 bytes...
I0929 14:50:53.824985 10440 c_interface.cc:386] Pass FitOfflineMasterModelArgs, batch_filename_size=5, batch_weight_size=5, num_collection_passes=1 to void (__cdecl artm::core::MasterComponent::*)(class artm::FitOfflineMasterModelArgs const & __ptr64) __ptr64
I0929 14:50:53.824985 10440 master_component.cc:1340] ProcessBatchesArgs: nwt_target_name=nwt, batch_filename_size=5, batch_size=0, batch_weight_size=5, pwt_source_name=pwt, num_document_passes=1, class=(text:1), reuse_theta=yes, opt_for_avx=yes, predict_class_id=
I0929 14:50:53.871984 11464 processor.cc:724] Processing queue has data, processing started
I0929 14:50:53.871984 10752 processor.cc:717] No data in processing queue, waiting...
I0929 14:50:53.871984 13432 processor.cc:717] No data in processing queue, waiting...
I0929 14:50:53.871984  5100 processor.cc:802] Processor: start processing batch 10dc3939-1034-4f09-a4d8-15b68e37ec78 into model nwt
I0929 14:50:53.871984  8552 processor.cc:802] Processor: start processing batch 9c21a059-2136-4b57-b604-44694ce7bc81 into model nwt
I0929 14:50:53.871984 10948 processor.cc:802] Processor: start processing batch 16ba4aa4-0034-42e6-8503-55a90568f924 into model nwt
I0929 14:50:53.871984 11464 processor.cc:802] Processor: start processing batch 08184e6e-01f0-4d9c-b12a-6ef173dd05ae into model nwt
I0929 14:50:53.871984 17416 processor.cc:802] Processor: start processing batch 848367d3-1564-4ff3-a9c0-b329da99b2d9 into model nwt
I0929 14:50:53.918709  5100 processor.cc:898] Processor: complete processing batch 10dc3939-1034-4f09-a4d8-15b68e37ec78 into model nwt
I0929 14:50:53.918709  5100 cuckoo_watch.h:45] 59ms in ProcessBatch(school_batches\aaaaae.batch) [including 5ms in LoadMessage; 1ms in InitializeSparseNdw; 13ms in InferThetaAndUpdateNwtSparse; 21ms in CalculateScore(PerplexityScore); 3ms in CalculateScore(SparsityThetaScore); 12ms in CalculateScore(^^^ItemsProcessedScore^^^); ]
I0929 14:50:53.934331 11464 processor.cc:898] Processor: complete processing batch 08184e6e-01f0-4d9c-b12a-6ef173dd05ae into model nwt
I0929 14:50:53.934331  8552 processor.cc:898] Processor: complete processing batch 9c21a059-2136-4b57-b604-44694ce7bc81 into model nwt
I0929 14:50:53.934331  8552 cuckoo_watch.h:45] 69ms in ProcessBatch(school_batches\aaaaad.batch) [including 5ms in LoadMessage; 2ms in InitializeSparseNdw; 16ms in InferThetaAndUpdateNwtSparse; 22ms in CalculateScore(PerplexityScore); 5ms in CalculateScore(SparsityThetaScore); 13ms in CalculateScore(^^^ItemsProcessedScore^^^); ]
I0929 14:50:53.934331 11464 cuckoo_watch.h:45] 69ms in ProcessBatch(school_batches\aaaaac.batch) [including 5ms in LoadMessage; 2ms in InitializeSparseNdw; 15ms in InferThetaAndUpdateNwtSparse; 21ms in CalculateScore(PerplexityScore); 7ms in CalculateScore(SparsityThetaScore); 11ms in CalculateScore(^^^ItemsProcessedScore^^^); ]
I0929 14:50:53.949952 17416 processor.cc:898] Processor: complete processing batch 848367d3-1564-4ff3-a9c0-b329da99b2d9 into model nwt
I0929 14:50:53.949952 10948 processor.cc:898] Processor: complete processing batch 16ba4aa4-0034-42e6-8503-55a90568f924 into model nwt
I0929 14:50:53.949952 17416 cuckoo_watch.h:45] 90ms in ProcessBatch(school_batches\aaaaab.batch) [including 6ms in LoadMessage; 1ms in InitializeSparseNdw; 15ms in InferThetaAndUpdateNwtSparse; 20ms in CalculateScore(PerplexityScore); 4ms in CalculateScore(SparsityThetaScore); 31ms in CalculateScore(^^^ItemsProcessedScore^^^); ]
I0929 14:50:53.949952 10948 cuckoo_watch.h:45] 91ms in ProcessBatch(school_batches\aaaaaa.batch) [including 5ms in LoadMessage; 2ms in InitializeSparseNdw; 16ms in InferThetaAndUpdateNwtSparse; 24ms in CalculateScore(PerplexityScore); 4ms in CalculateScore(SparsityThetaScore); 30ms in CalculateScore(^^^ItemsProcessedScore^^^); ]
I0929 14:50:53.965575 10440 master_component.cc:1391] NormalizeModelArgs: pwt_target_name=pwt, nwt_source_name=nwt, rwt_source_name=
I0929 14:50:53.965575 10440 master_component.cc:952] MasterComponent: start normalizing model nwt
I0929 14:50:54.043681 14812 processor.cc:717] No data in processing queue, waiting...
I0929 14:50:54.043681 10440 master_component.cc:980] MasterComponent: complete normalizing model nwt
I0929 14:50:54.059365 10440 master_component.cc:1415] DisposeModel rwt
I0929 14:50:54.059365 10440 master_component.cc:1005] FitOffline: ItemsProcessed, num_items=475, num_batches=5, token_weight=160064, token_weight_in_effect=160064
I0929 14:50:54.059365 16016 c_interface.cc:559] Pass GetScoreValueArgs, score_name=^^^ItemsProcessedScore^^^ to MasterComponent::Request
I0929 14:50:54.059365 16016 c_interface.cc:230] ArtmCopyRequestedMessage is copying 46 bytes...
I0929 14:50:54.059365 10440 c_interface.cc:386] Pass FitOfflineMasterModelArgs, batch_filename_size=5, batch_weight_size=5, num_collection_passes=1 to void (__cdecl artm::core::MasterComponent::*)(class artm::FitOfflineMasterModelArgs const & __ptr64) __ptr64
I0929 14:50:54.059365 10440 master_component.cc:1340] ProcessBatchesArgs: nwt_target_name=nwt, batch_filename_size=5, batch_size=0, batch_weight_size=5, pwt_source_name=pwt, num_document_passes=1, class=(text:1), reuse_theta=yes, opt_for_avx=yes, predict_class_id=
I0929 14:50:54.106448 10752 processor.cc:724] Processing queue has data, processing started
I0929 14:50:54.106448 13432 processor.cc:724] Processing queue has data, processing started
I0929 14:50:54.106448 11464 processor.cc:802] Processor: start processing batch 16ba4aa4-0034-42e6-8503-55a90568f924 into model nwt
I0929 14:50:54.106448 10752 processor.cc:802] Processor: start processing batch 9c21a059-2136-4b57-b604-44694ce7bc81 into model nwt
I0929 14:50:54.106448 17416 processor.cc:802] Processor: start processing batch 08184e6e-01f0-4d9c-b12a-6ef173dd05ae into model nwt
I0929 14:50:54.106448 13432 processor.cc:802] Processor: start processing batch 10dc3939-1034-4f09-a4d8-15b68e37ec78 into model nwt
I0929 14:50:54.106448  8552 processor.cc:802] Processor: start processing batch 848367d3-1564-4ff3-a9c0-b329da99b2d9 into model nwt
I0929 14:50:54.137409 17416 processor.cc:898] Processor: complete processing batch 08184e6e-01f0-4d9c-b12a-6ef173dd05ae into model nwt
I0929 14:50:54.137409 10752 processor.cc:898] Processor: complete processing batch 9c21a059-2136-4b57-b604-44694ce7bc81 into model nwt
I0929 14:50:54.137409 17416 cuckoo_watch.h:45] 42ms in ProcessBatch(school_batches\aaaaac.batch) [including 4ms in LoadMessage; 1ms in InitializeSparseNdw; 10ms in InferThetaAndUpdateNwtSparse; 11ms in CalculateScore(PerplexityScore); 3ms in CalculateScore(SparsityThetaScore); 10ms in CalculateScore(^^^ItemsProcessedScore^^^); ]
I0929 14:50:54.137409 10752 cuckoo_watch.h:45] 43ms in ProcessBatch(school_batches\aaaaad.batch) [including 4ms in LoadMessage; 1ms in InitializeSparseNdw; 11ms in InferThetaAndUpdateNwtSparse; 11ms in CalculateScore(PerplexityScore); 3ms in CalculateScore(SparsityThetaScore); 10ms in CalculateScore(^^^ItemsProcessedScore^^^); ]
I0929 14:50:54.153033 13432 processor.cc:898] Processor: complete processing batch 10dc3939-1034-4f09-a4d8-15b68e37ec78 into model nwt
I0929 14:50:54.153033 13432 cuckoo_watch.h:45] 47ms in ProcessBatch(school_batches\aaaaae.batch) [including 4ms in LoadMessage; 1ms in InitializeSparseNdw; 12ms in InferThetaAndUpdateNwtSparse; 11ms in CalculateScore(PerplexityScore); 2ms in CalculateScore(SparsityThetaScore); 12ms in CalculateScore(^^^ItemsProcessedScore^^^); ]
I0929 14:50:54.153033  8552 processor.cc:898] Processor: complete processing batch 848367d3-1564-4ff3-a9c0-b329da99b2d9 into model nwt
I0929 14:50:54.153033  8552 cuckoo_watch.h:45] 50ms in ProcessBatch(school_batches\aaaaab.batch) [including 4ms in LoadMessage; 1ms in InitializeSparseNdw; 11ms in InferThetaAndUpdateNwtSparse; 16ms in CalculateScore(PerplexityScore); 2ms in CalculateScore(SparsityThetaScore); 10ms in CalculateScore(^^^ItemsProcessedScore^^^); ]
I0929 14:50:54.153033 11464 processor.cc:898] Processor: complete processing batch 16ba4aa4-0034-42e6-8503-55a90568f924 into model nwt
I0929 14:50:54.153033 11464 cuckoo_watch.h:45] 53ms in ProcessBatch(school_batches\aaaaaa.batch) [including 3ms in LoadMessage; 1ms in InitializeSparseNdw; 11ms in InferThetaAndUpdateNwtSparse; 17ms in CalculateScore(PerplexityScore); 5ms in CalculateScore(SparsityThetaScore); 12ms in CalculateScore(^^^ItemsProcessedScore^^^); ]
I0929 14:50:54.168998 10440 master_component.cc:1391] NormalizeModelArgs: pwt_target_name=pwt, nwt_source_name=nwt, rwt_source_name=
I0929 14:50:54.168998 10440 master_component.cc:952] MasterComponent: start normalizing model nwt
I0929 14:50:54.184309 10440 master_component.cc:980] MasterComponent: complete normalizing model nwt
I0929 14:50:54.215515  5100 processor.cc:717] No data in processing queue, waiting...
I0929 14:50:54.215515 10440 master_component.cc:1415] DisposeModel rwt
I0929 14:50:54.215515 10440 master_component.cc:1005] FitOffline: ItemsProcessed, num_items=475, num_batches=5, token_weight=160064, token_weight_in_effect=160064
I0929 14:50:54.215515 16016 c_interface.cc:559] Pass GetScoreValueArgs, score_name=^^^ItemsProcessedScore^^^ to MasterComponent::Request
I0929 14:50:54.215515 16016 c_interface.cc:230] ArtmCopyRequestedMessage is copying 46 bytes...
I0929 14:50:54.215515 10440 c_interface.cc:386] Pass FitOfflineMasterModelArgs, batch_filename_size=5, batch_weight_size=5, num_collection_passes=1 to void (__cdecl artm::core::MasterComponent::*)(class artm::FitOfflineMasterModelArgs const & __ptr64) __ptr64
I0929 14:50:54.215515 10440 master_component.cc:1340] ProcessBatchesArgs: nwt_target_name=nwt, batch_filename_size=5, batch_size=0, batch_weight_size=5, pwt_source_name=pwt, num_document_passes=1, class=(text:1), reuse_theta=yes, opt_for_avx=yes, predict_class_id=
I0929 14:50:54.247282 10948 processor.cc:802] Processor: start processing batch 848367d3-1564-4ff3-a9c0-b329da99b2d9 into model nwt
I0929 14:50:54.247282 17416 processor.cc:802] Processor: start processing batch 08184e6e-01f0-4d9c-b12a-6ef173dd05ae into model nwt
I0929 14:50:54.247282 13432 processor.cc:802] Processor: start processing batch 10dc3939-1034-4f09-a4d8-15b68e37ec78 into model nwt
I0929 14:50:54.247282  8552 processor.cc:802] Processor: start processing batch 16ba4aa4-0034-42e6-8503-55a90568f924 into model nwt
I0929 14:50:54.247282 11464 processor.cc:802] Processor: start processing batch 9c21a059-2136-4b57-b604-44694ce7bc81 into model nwt
I0929 14:50:54.278004 13432 processor.cc:898] Processor: complete processing batch 10dc3939-1034-4f09-a4d8-15b68e37ec78 into model nwt
I0929 14:50:54.278004 13432 cuckoo_watch.h:45] 40ms in ProcessBatch(school_batches\aaaaae.batch) [including 3ms in LoadMessage; 1ms in InitializeSparseNdw; 8ms in InferThetaAndUpdateNwtSparse; 10ms in CalculateScore(PerplexityScore); 2ms in CalculateScore(SparsityThetaScore); 11ms in CalculateScore(^^^ItemsProcessedScore^^^); ]
I0929 14:50:54.278004 10948 processor.cc:898] Processor: complete processing batch 848367d3-1564-4ff3-a9c0-b329da99b2d9 into model nwt
I0929 14:50:54.278004 17416 processor.cc:898] Processor: complete processing batch 08184e6e-01f0-4d9c-b12a-6ef173dd05ae into model nwt
I0929 14:50:54.278004 10948 cuckoo_watch.h:45] 41ms in ProcessBatch(school_batches\aaaaab.batch) [including 3ms in LoadMessage; 1ms in InitializeSparseNdw; 8ms in InferThetaAndUpdateNwtSparse; 11ms in CalculateScore(PerplexityScore); 2ms in CalculateScore(SparsityThetaScore); 12ms in CalculateScore(^^^ItemsProcessedScore^^^); ]
I0929 14:50:54.278004 17416 cuckoo_watch.h:45] 42ms in ProcessBatch(school_batches\aaaaac.batch) [including 3ms in LoadMessage; 1ms in InitializeSparseNdw; 8ms in InferThetaAndUpdateNwtSparse; 11ms in CalculateScore(PerplexityScore); 2ms in CalculateScore(SparsityThetaScore); 11ms in CalculateScore(^^^ItemsProcessedScore^^^); ]
I0929 14:50:54.293622  8552 processor.cc:898] Processor: complete processing batch 16ba4aa4-0034-42e6-8503-55a90568f924 into model nwt
I0929 14:50:54.293622 11464 processor.cc:898] Processor: complete processing batch 9c21a059-2136-4b57-b604-44694ce7bc81 into model nwt
I0929 14:50:54.293622  8552 cuckoo_watch.h:45] 53ms in ProcessBatch(school_batches\aaaaaa.batch) [including 3ms in LoadMessage; 1ms in InitializeSparseNdw; 12ms in InferThetaAndUpdateNwtSparse; 16ms in CalculateScore(PerplexityScore); 5ms in CalculateScore(SparsityThetaScore); 10ms in CalculateScore(^^^ItemsProcessedScore^^^); ]
I0929 14:50:54.293622 11464 cuckoo_watch.h:45] 53ms in ProcessBatch(school_batches\aaaaad.batch) [including 4ms in LoadMessage; 1ms in InitializeSparseNdw; 12ms in InferThetaAndUpdateNwtSparse; 15ms in CalculateScore(PerplexityScore); 5ms in CalculateScore(SparsityThetaScore); 9ms in CalculateScore(^^^ItemsProcessedScore^^^); ]
I0929 14:50:54.309279 10440 master_component.cc:1391] NormalizeModelArgs: pwt_target_name=pwt, nwt_source_name=nwt, rwt_source_name=
I0929 14:50:54.309279 10440 master_component.cc:952] MasterComponent: start normalizing model nwt
I0929 14:50:54.340489 10440 master_component.cc:980] MasterComponent: complete normalizing model nwt
I0929 14:50:54.356107 10440 master_component.cc:1415] DisposeModel rwt
I0929 14:50:54.356107 10440 master_component.cc:1005] FitOffline: ItemsProcessed, num_items=475, num_batches=5, token_weight=160064, token_weight_in_effect=160064
I0929 14:50:54.356107 16016 c_interface.cc:559] Pass GetScoreValueArgs, score_name=^^^ItemsProcessedScore^^^ to MasterComponent::Request
I0929 14:50:54.356107 16016 c_interface.cc:230] ArtmCopyRequestedMessage is copying 46 bytes...
I0929 14:50:54.356107 10440 c_interface.cc:386] Pass FitOfflineMasterModelArgs, batch_filename_size=5, batch_weight_size=5, num_collection_passes=1 to void (__cdecl artm::core::MasterComponent::*)(class artm::FitOfflineMasterModelArgs const & __ptr64) __ptr64
I0929 14:50:54.356107 10440 master_component.cc:1340] ProcessBatchesArgs: nwt_target_name=nwt, batch_filename_size=5, batch_size=0, batch_weight_size=5, pwt_source_name=pwt, num_document_passes=1, class=(text:1), reuse_theta=yes, opt_for_avx=yes, predict_class_id=
I0929 14:50:54.402971 14812 processor.cc:724] Processing queue has data, processing started
I0929 14:50:54.402971 11464 processor.cc:802] Processor: start processing batch 10dc3939-1034-4f09-a4d8-15b68e37ec78 into model nwt
I0929 14:50:54.402971 13432 processor.cc:802] Processor: start processing batch 08184e6e-01f0-4d9c-b12a-6ef173dd05ae into model nwt
I0929 14:50:54.402971 14812 processor.cc:802] Processor: start processing batch 9c21a059-2136-4b57-b604-44694ce7bc81 into model nwt
I0929 14:50:54.402971 10948 processor.cc:802] Processor: start processing batch 848367d3-1564-4ff3-a9c0-b329da99b2d9 into model nwt
I0929 14:50:54.402971 17416 processor.cc:802] Processor: start processing batch 16ba4aa4-0034-42e6-8503-55a90568f924 into model nwt
I0929 14:50:54.434216 17416 processor.cc:898] Processor: complete processing batch 16ba4aa4-0034-42e6-8503-55a90568f924 into model nwt
I0929 14:50:54.434216 11464 processor.cc:898] Processor: complete processing batch 10dc3939-1034-4f09-a4d8-15b68e37ec78 into model nwt
I0929 14:50:54.449836 10752 processor.cc:717] No data in processing queue, waiting...
I0929 14:50:54.449836 17416 cuckoo_watch.h:45] 46ms in ProcessBatch(school_batches\aaaaaa.batch) [including 4ms in LoadMessage; 1ms in InitializeSparseNdw; 11ms in InferThetaAndUpdateNwtSparse; 10ms in CalculateScore(PerplexityScore); 4ms in CalculateScore(SparsityThetaScore); 11ms in CalculateScore(^^^ItemsProcessedScore^^^); ]
I0929 14:50:54.449836 11464 cuckoo_watch.h:45] 47ms in ProcessBatch(school_batches\aaaaae.batch) [including 2ms in LoadMessage; 1ms in InitializeSparseNdw; 13ms in InferThetaAndUpdateNwtSparse; 15ms in CalculateScore(PerplexityScore); 3ms in CalculateScore(SparsityThetaScore); 10ms in CalculateScore(^^^ItemsProcessedScore^^^); ]
I0929 14:50:54.449836 10948 processor.cc:898] Processor: complete processing batch 848367d3-1564-4ff3-a9c0-b329da99b2d9 into model nwt
I0929 14:50:54.449836 10948 cuckoo_watch.h:45] 49ms in ProcessBatch(school_batches\aaaaab.batch) [including 4ms in LoadMessage; 1ms in InitializeSparseNdw; 9ms in InferThetaAndUpdateNwtSparse; 16ms in CalculateScore(PerplexityScore); 3ms in CalculateScore(SparsityThetaScore); 11ms in CalculateScore(^^^ItemsProcessedScore^^^); ]
I0929 14:50:54.449836 14812 processor.cc:898] Processor: complete processing batch 9c21a059-2136-4b57-b604-44694ce7bc81 into model nwt
I0929 14:50:54.449836 13432 processor.cc:898] Processor: complete processing batch 08184e6e-01f0-4d9c-b12a-6ef173dd05ae into model nwt
I0929 14:50:54.449836 14812 cuckoo_watch.h:45] 55ms in ProcessBatch(school_batches\aaaaad.batch) [including 3ms in LoadMessage; 2ms in InitializeSparseNdw; 10ms in InferThetaAndUpdateNwtSparse; 17ms in CalculateScore(PerplexityScore); 5ms in CalculateScore(SparsityThetaScore); 12ms in CalculateScore(^^^ItemsProcessedScore^^^); ]
I0929 14:50:54.449836 13432 cuckoo_watch.h:45] 55ms in ProcessBatch(school_batches\aaaaac.batch) [including 3ms in LoadMessage; 1ms in InitializeSparseNdw; 9ms in InferThetaAndUpdateNwtSparse; 17ms in CalculateScore(PerplexityScore); 5ms in CalculateScore(SparsityThetaScore); 16ms in CalculateScore(^^^ItemsProcessedScore^^^); ]
I0929 14:50:54.465739 10440 master_component.cc:1391] NormalizeModelArgs: pwt_target_name=pwt, nwt_source_name=nwt, rwt_source_name=
I0929 14:50:54.465739 10440 master_component.cc:952] MasterComponent: start normalizing model nwt
I0929 14:50:54.481117 10440 master_component.cc:980] MasterComponent: complete normalizing model nwt
I0929 14:50:54.512322 10440 master_component.cc:1415] DisposeModel rwt
I0929 14:50:54.512322 10440 master_component.cc:1005] FitOffline: ItemsProcessed, num_items=475, num_batches=5, token_weight=160064, token_weight_in_effect=160064
I0929 14:50:54.512322 16016 c_interface.cc:559] Pass GetScoreValueArgs, score_name=^^^ItemsProcessedScore^^^ to MasterComponent::Request
I0929 14:50:54.512322 16016 c_interface.cc:230] ArtmCopyRequestedMessage is copying 46 bytes...
I0929 14:50:54.512322 10440 c_interface.cc:386] Pass FitOfflineMasterModelArgs, batch_filename_size=5, batch_weight_size=5, num_collection_passes=1 to void (__cdecl artm::core::MasterComponent::*)(class artm::FitOfflineMasterModelArgs const & __ptr64) __ptr64
I0929 14:50:54.512322 10440 master_component.cc:1340] ProcessBatchesArgs: nwt_target_name=nwt, batch_filename_size=5, batch_size=0, batch_weight_size=5, pwt_source_name=pwt, num_document_passes=1, class=(text:1), reuse_theta=yes, opt_for_avx=yes, predict_class_id=
I0929 14:50:54.543562  5100 processor.cc:724] Processing queue has data, processing started
I0929 14:50:54.543562  5100 processor.cc:802] Processor: start processing batch 848367d3-1564-4ff3-a9c0-b329da99b2d9 into model nwt
I0929 14:50:54.543562 11464 processor.cc:802] Processor: start processing batch 16ba4aa4-0034-42e6-8503-55a90568f924 into model nwt
I0929 14:50:54.559185 10948 processor.cc:802] Processor: start processing batch 9c21a059-2136-4b57-b604-44694ce7bc81 into model nwt
I0929 14:50:54.559185 13432 processor.cc:802] Processor: start processing batch 08184e6e-01f0-4d9c-b12a-6ef173dd05ae into model nwt
I0929 14:50:54.559185 14812 processor.cc:802] Processor: start processing batch 10dc3939-1034-4f09-a4d8-15b68e37ec78 into model nwt
I0929 14:50:54.574806 11464 processor.cc:898] Processor: complete processing batch 16ba4aa4-0034-42e6-8503-55a90568f924 into model nwt
I0929 14:50:54.574806 11464 cuckoo_watch.h:45] 42ms in ProcessBatch(school_batches\aaaaaa.batch) [including 3ms in LoadMessage; 1ms in InitializeSparseNdw; 8ms in InferThetaAndUpdateNwtSparse; 15ms in CalculateScore(PerplexityScore); 3ms in CalculateScore(SparsityThetaScore); 9ms in CalculateScore(^^^ItemsProcessedScore^^^); ]
I0929 14:50:54.574806  5100 processor.cc:898] Processor: complete processing batch 848367d3-1564-4ff3-a9c0-b329da99b2d9 into model nwt
I0929 14:50:54.574806  5100 cuckoo_watch.h:45] 46ms in ProcessBatch(school_batches\aaaaab.batch) [including 2ms in LoadMessage; 1ms in InitializeSparseNdw; 9ms in InferThetaAndUpdateNwtSparse; 13ms in CalculateScore(PerplexityScore); 2ms in CalculateScore(SparsityThetaScore); 14ms in CalculateScore(^^^ItemsProcessedScore^^^); ]
I0929 14:50:54.590427  8552 processor.cc:717] No data in processing queue, waiting...
I0929 14:50:54.590427 14812 processor.cc:898] Processor: complete processing batch 10dc3939-1034-4f09-a4d8-15b68e37ec78 into model nwt
I0929 14:50:54.590427 10948 processor.cc:898] Processor: complete processing batch 9c21a059-2136-4b57-b604-44694ce7bc81 into model nwt
I0929 14:50:54.590427 14812 cuckoo_watch.h:45] 45ms in ProcessBatch(school_batches\aaaaae.batch) [including 3ms in LoadMessage; 1ms in InitializeSparseNdw; 12ms in InferThetaAndUpdateNwtSparse; 14ms in CalculateScore(PerplexityScore); 2ms in CalculateScore(SparsityThetaScore); 8ms in CalculateScore(^^^ItemsProcessedScore^^^); ]
I0929 14:50:54.590427 13432 processor.cc:898] Processor: complete processing batch 08184e6e-01f0-4d9c-b12a-6ef173dd05ae into model nwt
I0929 14:50:54.590427 10948 cuckoo_watch.h:45] 46ms in ProcessBatch(school_batches\aaaaad.batch) [including 3ms in LoadMessage; 1ms in InitializeSparseNdw; 9ms in InferThetaAndUpdateNwtSparse; 16ms in CalculateScore(PerplexityScore); 3ms in CalculateScore(SparsityThetaScore); 9ms in CalculateScore(^^^ItemsProcessedScore^^^); ]
I0929 14:50:54.606084 13432 cuckoo_watch.h:45] 47ms in ProcessBatch(school_batches\aaaaac.batch) [including 3ms in LoadMessage; 1ms in InitializeSparseNdw; 10ms in InferThetaAndUpdateNwtSparse; 16ms in CalculateScore(PerplexityScore); 3ms in CalculateScore(SparsityThetaScore); 9ms in CalculateScore(^^^ItemsProcessedScore^^^); ]
I0929 14:50:54.622148 10440 master_component.cc:1391] NormalizeModelArgs: pwt_target_name=pwt, nwt_source_name=nwt, rwt_source_name=
I0929 14:50:54.622148 10440 master_component.cc:952] MasterComponent: start normalizing model nwt
I0929 14:50:54.637295 10440 master_component.cc:980] MasterComponent: complete normalizing model nwt
I0929 14:50:54.668535 10440 master_component.cc:1415] DisposeModel rwt
I0929 14:50:54.668535 10440 master_component.cc:1005] FitOffline: ItemsProcessed, num_items=475, num_batches=5, token_weight=160064, token_weight_in_effect=160064
I0929 14:50:54.668535 16016 c_interface.cc:559] Pass GetScoreValueArgs, score_name=^^^ItemsProcessedScore^^^ to MasterComponent::Request
I0929 14:50:54.668535 16016 c_interface.cc:230] ArtmCopyRequestedMessage is copying 46 bytes...
I0929 14:50:54.668535 10440 c_interface.cc:386] Pass FitOfflineMasterModelArgs, batch_filename_size=5, batch_weight_size=5, num_collection_passes=1 to void (__cdecl artm::core::MasterComponent::*)(class artm::FitOfflineMasterModelArgs const & __ptr64) __ptr64
I0929 14:50:54.668535 10440 master_component.cc:1340] ProcessBatchesArgs: nwt_target_name=nwt, batch_filename_size=5, batch_size=0, batch_weight_size=5, pwt_source_name=pwt, num_document_passes=1, class=(text:1), reuse_theta=yes, opt_for_avx=yes, predict_class_id=
I0929 14:50:54.715974  8552 processor.cc:724] Processing queue has data, processing started
I0929 14:50:54.715974 10948 processor.cc:802] Processor: start processing batch 16ba4aa4-0034-42e6-8503-55a90568f924 into model nwt
I0929 14:50:54.715974  8552 processor.cc:802] Processor: start processing batch 10dc3939-1034-4f09-a4d8-15b68e37ec78 into model nwt
I0929 14:50:54.715974 14812 processor.cc:802] Processor: start processing batch 9c21a059-2136-4b57-b604-44694ce7bc81 into model nwt
I0929 14:50:54.715974  5100 processor.cc:802] Processor: start processing batch 08184e6e-01f0-4d9c-b12a-6ef173dd05ae into model nwt
I0929 14:50:54.715974 13432 processor.cc:802] Processor: start processing batch 848367d3-1564-4ff3-a9c0-b329da99b2d9 into model nwt
I0929 14:50:54.746644  8552 processor.cc:898] Processor: complete processing batch 10dc3939-1034-4f09-a4d8-15b68e37ec78 into model nwt
I0929 14:50:54.746644  8552 cuckoo_watch.h:45] 42ms in ProcessBatch(school_batches\aaaaae.batch) [including 4ms in LoadMessage; 1ms in InitializeSparseNdw; 9ms in InferThetaAndUpdateNwtSparse; 11ms in CalculateScore(PerplexityScore); 2ms in CalculateScore(SparsityThetaScore); 11ms in CalculateScore(^^^ItemsProcessedScore^^^); ]
I0929 14:50:54.762262 17416 processor.cc:717] No data in processing queue, waiting...
I0929 14:50:54.762262 14812 processor.cc:898] Processor: complete processing batch 9c21a059-2136-4b57-b604-44694ce7bc81 into model nwt
I0929 14:50:54.762262 14812 cuckoo_watch.h:45] 48ms in ProcessBatch(school_batches\aaaaad.batch) [including 4ms in LoadMessage; 1ms in InitializeSparseNdw; 9ms in InferThetaAndUpdateNwtSparse; 16ms in CalculateScore(PerplexityScore); 4ms in CalculateScore(SparsityThetaScore); 9ms in CalculateScore(^^^ItemsProcessedScore^^^); ]
I0929 14:50:54.762262 13432 processor.cc:898] Processor: complete processing batch 848367d3-1564-4ff3-a9c0-b329da99b2d9 into model nwt
I0929 14:50:54.762262 13432 cuckoo_watch.h:45] 49ms in ProcessBatch(school_batches\aaaaab.batch) [including 5ms in LoadMessage; 1ms in InitializeSparseNdw; 8ms in InferThetaAndUpdateNwtSparse; 15ms in CalculateScore(PerplexityScore); 2ms in CalculateScore(SparsityThetaScore); 14ms in CalculateScore(^^^ItemsProcessedScore^^^); ]
I0929 14:50:54.762262 10948 processor.cc:898] Processor: complete processing batch 16ba4aa4-0034-42e6-8503-55a90568f924 into model nwt
I0929 14:50:54.762262 10948 cuckoo_watch.h:45] 57ms in ProcessBatch(school_batches\aaaaaa.batch) [including 3ms in LoadMessage; 2ms in InitializeSparseNdw; 12ms in InferThetaAndUpdateNwtSparse; 15ms in CalculateScore(PerplexityScore); 4ms in CalculateScore(SparsityThetaScore); 15ms in CalculateScore(^^^ItemsProcessedScore^^^); ]
I0929 14:50:54.762262  5100 processor.cc:898] Processor: complete processing batch 08184e6e-01f0-4d9c-b12a-6ef173dd05ae into model nwt
I0929 14:50:54.762262  5100 cuckoo_watch.h:45] 58ms in ProcessBatch(school_batches\aaaaac.batch) [including 5ms in LoadMessage; 1ms in InitializeSparseNdw; 13ms in InferThetaAndUpdateNwtSparse; 18ms in CalculateScore(PerplexityScore); 2ms in CalculateScore(SparsityThetaScore); 13ms in CalculateScore(^^^ItemsProcessedScore^^^); ]
I0929 14:50:54.778393 10440 master_component.cc:1391] NormalizeModelArgs: pwt_target_name=pwt, nwt_source_name=nwt, rwt_source_name=
I0929 14:50:54.778393 10440 master_component.cc:952] MasterComponent: start normalizing model nwt
I0929 14:50:54.793509 10440 master_component.cc:980] MasterComponent: complete normalizing model nwt
I0929 14:50:54.824748 10440 master_component.cc:1415] DisposeModel rwt
I0929 14:50:54.824748 10440 master_component.cc:1005] FitOffline: ItemsProcessed, num_items=475, num_batches=5, token_weight=160064, token_weight_in_effect=160064
I0929 14:50:54.824748 16016 c_interface.cc:559] Pass GetScoreValueArgs, score_name=^^^ItemsProcessedScore^^^ to MasterComponent::Request
I0929 14:50:54.824748 16016 c_interface.cc:230] ArtmCopyRequestedMessage is copying 46 bytes...
I0929 14:50:54.824748 10440 c_interface.cc:386] Pass FitOfflineMasterModelArgs, batch_filename_size=5, batch_weight_size=5, num_collection_passes=1 to void (__cdecl artm::core::MasterComponent::*)(class artm::FitOfflineMasterModelArgs const & __ptr64) __ptr64
I0929 14:50:54.824748 10440 master_component.cc:1340] ProcessBatchesArgs: nwt_target_name=nwt, batch_filename_size=5, batch_size=0, batch_weight_size=5, pwt_source_name=pwt, num_document_passes=1, class=(text:1), reuse_theta=yes, opt_for_avx=yes, predict_class_id=
I0929 14:50:54.856465 17416 processor.cc:724] Processing queue has data, processing started
I0929 14:50:54.856465 11464 processor.cc:802] Processor: start processing batch 16ba4aa4-0034-42e6-8503-55a90568f924 into model nwt
I0929 14:50:54.856465 17416 processor.cc:802] Processor: start processing batch 9c21a059-2136-4b57-b604-44694ce7bc81 into model nwt
I0929 14:50:54.856465 10948 processor.cc:802] Processor: start processing batch 08184e6e-01f0-4d9c-b12a-6ef173dd05ae into model nwt
I0929 14:50:54.856465  5100 processor.cc:802] Processor: start processing batch 848367d3-1564-4ff3-a9c0-b329da99b2d9 into model nwt
I0929 14:50:54.856465  8552 processor.cc:802] Processor: start processing batch 10dc3939-1034-4f09-a4d8-15b68e37ec78 into model nwt
I0929 14:50:54.902854  8552 processor.cc:898] Processor: complete processing batch 10dc3939-1034-4f09-a4d8-15b68e37ec78 into model nwt
I0929 14:50:54.904145  8552 cuckoo_watch.h:45] 47ms in ProcessBatch(school_batches\aaaaae.batch) [including 4ms in LoadMessage; 1ms in InitializeSparseNdw; 10ms in InferThetaAndUpdateNwtSparse; 10ms in CalculateScore(PerplexityScore); 4ms in CalculateScore(SparsityThetaScore); 13ms in CalculateScore(^^^ItemsProcessedScore^^^); ]
I0929 14:50:54.908237  5100 processor.cc:898] Processor: complete processing batch 848367d3-1564-4ff3-a9c0-b329da99b2d9 into model nwt
I0929 14:50:54.908237 10948 processor.cc:898] Processor: complete processing batch 08184e6e-01f0-4d9c-b12a-6ef173dd05ae into model nwt
I0929 14:50:54.908237  5100 cuckoo_watch.h:45] 54ms in ProcessBatch(school_batches\aaaaab.batch) [including 4ms in LoadMessage; 1ms in InitializeSparseNdw; 11ms in InferThetaAndUpdateNwtSparse; 11ms in CalculateScore(PerplexityScore); 3ms in CalculateScore(SparsityThetaScore); 18ms in CalculateScore(^^^ItemsProcessedScore^^^); ]
I0929 14:50:54.908237 10948 cuckoo_watch.h:45] 55ms in ProcessBatch(school_batches\aaaaac.batch) [including 4ms in LoadMessage; 1ms in InitializeSparseNdw; 11ms in InferThetaAndUpdateNwtSparse; 13ms in CalculateScore(PerplexityScore); 4ms in CalculateScore(SparsityThetaScore); 18ms in CalculateScore(^^^ItemsProcessedScore^^^); ]
I0929 14:50:54.908237 11464 processor.cc:898] Processor: complete processing batch 16ba4aa4-0034-42e6-8503-55a90568f924 into model nwt
I0929 14:50:54.908237 11464 cuckoo_watch.h:45] 58ms in ProcessBatch(school_batches\aaaaaa.batch) [including 3ms in LoadMessage; 1ms in InitializeSparseNdw; 11ms in InferThetaAndUpdateNwtSparse; 17ms in CalculateScore(PerplexityScore); 3ms in CalculateScore(SparsityThetaScore); 19ms in CalculateScore(^^^ItemsProcessedScore^^^); ]
I0929 14:50:54.908237 17416 processor.cc:898] Processor: complete processing batch 9c21a059-2136-4b57-b604-44694ce7bc81 into model nwt
I0929 14:50:54.908237 17416 cuckoo_watch.h:45] 60ms in ProcessBatch(school_batches\aaaaad.batch) [including 2ms in LoadMessage; 2ms in InitializeSparseNdw; 13ms in InferThetaAndUpdateNwtSparse; 19ms in CalculateScore(PerplexityScore); 3ms in CalculateScore(SparsityThetaScore); 17ms in CalculateScore(^^^ItemsProcessedScore^^^); ]
I0929 14:50:54.923858 10440 master_component.cc:1391] NormalizeModelArgs: pwt_target_name=pwt, nwt_source_name=nwt, rwt_source_name=
I0929 14:50:54.923858 10440 master_component.cc:952] MasterComponent: start normalizing model nwt
I0929 14:50:54.955102 10440 master_component.cc:980] MasterComponent: complete normalizing model nwt
I0929 14:50:54.986346 10440 master_component.cc:1415] DisposeModel rwt
I0929 14:50:54.986346 10440 master_component.cc:1005] FitOffline: ItemsProcessed, num_items=475, num_batches=5, token_weight=160064, token_weight_in_effect=160064
I0929 14:50:54.986346 16016 c_interface.cc:559] Pass GetScoreValueArgs, score_name=^^^ItemsProcessedScore^^^ to MasterComponent::Request
I0929 14:50:54.986346 16016 c_interface.cc:230] ArtmCopyRequestedMessage is copying 46 bytes...
I0929 14:50:54.986346 10440 c_interface.cc:386] Pass FitOfflineMasterModelArgs, batch_filename_size=5, batch_weight_size=5, num_collection_passes=1 to void (__cdecl artm::core::MasterComponent::*)(class artm::FitOfflineMasterModelArgs const & __ptr64) __ptr64
I0929 14:50:54.986346 10440 master_component.cc:1340] ProcessBatchesArgs: nwt_target_name=nwt, batch_filename_size=5, batch_size=0, batch_weight_size=5, pwt_source_name=pwt, num_document_passes=1, class=(text:1), reuse_theta=yes, opt_for_avx=yes, predict_class_id=
I0929 14:50:55.028592 13432 processor.cc:802] Processor: start processing batch 848367d3-1564-4ff3-a9c0-b329da99b2d9 into model nwt
I0929 14:50:55.028592 11464 processor.cc:802] Processor: start processing batch 08184e6e-01f0-4d9c-b12a-6ef173dd05ae into model nwt
I0929 14:50:55.028592 17416 processor.cc:802] Processor: start processing batch 16ba4aa4-0034-42e6-8503-55a90568f924 into model nwt
I0929 14:50:55.028592  8552 processor.cc:802] Processor: start processing batch 10dc3939-1034-4f09-a4d8-15b68e37ec78 into model nwt
I0929 14:50:55.028592  5100 processor.cc:802] Processor: start processing batch 9c21a059-2136-4b57-b604-44694ce7bc81 into model nwt
I0929 14:50:55.075459 14812 processor.cc:717] No data in processing queue, waiting...
I0929 14:50:55.075459  8552 processor.cc:898] Processor: complete processing batch 10dc3939-1034-4f09-a4d8-15b68e37ec78 into model nwt
I0929 14:50:55.075459 11464 processor.cc:898] Processor: complete processing batch 08184e6e-01f0-4d9c-b12a-6ef173dd05ae into model nwt
I0929 14:50:55.075459  8552 cuckoo_watch.h:45] 52ms in ProcessBatch(school_batches\aaaaae.batch) [including 4ms in LoadMessage; 1ms in InitializeSparseNdw; 12ms in InferThetaAndUpdateNwtSparse; 16ms in CalculateScore(PerplexityScore); 2ms in CalculateScore(SparsityThetaScore); 11ms in CalculateScore(^^^ItemsProcessedScore^^^); ]
I0929 14:50:55.075459 11464 cuckoo_watch.h:45] 52ms in ProcessBatch(school_batches\aaaaac.batch) [including 4ms in LoadMessage; 1ms in InitializeSparseNdw; 12ms in InferThetaAndUpdateNwtSparse; 15ms in CalculateScore(PerplexityScore); 3ms in CalculateScore(SparsityThetaScore); 12ms in CalculateScore(^^^ItemsProcessedScore^^^); ]
I0929 14:50:55.075459 17416 processor.cc:898] Processor: complete processing batch 16ba4aa4-0034-42e6-8503-55a90568f924 into model nwt
I0929 14:50:55.075459 17416 cuckoo_watch.h:45] 57ms in ProcessBatch(school_batches\aaaaaa.batch) [including 4ms in LoadMessage; 1ms in InitializeSparseNdw; 14ms in InferThetaAndUpdateNwtSparse; 18ms in CalculateScore(PerplexityScore); 3ms in CalculateScore(SparsityThetaScore); 12ms in CalculateScore(^^^ItemsProcessedScore^^^); ]
I0929 14:50:55.075459 13432 processor.cc:898] Processor: complete processing batch 848367d3-1564-4ff3-a9c0-b329da99b2d9 into model nwt
I0929 14:50:55.075459  5100 processor.cc:898] Processor: complete processing batch 9c21a059-2136-4b57-b604-44694ce7bc81 into model nwt
