I0929 13:00:00.524549  4504 cuckoo_watch.h:45] 38ms in ProcessBatch(school_batches\aaaaac.batch) [including 2ms in LoadMessage; 1ms in InitializeSparseNdw; 9ms in InferThetaAndUpdateNwtSparse; 11ms in CalculateScore(PerplexityScore); 2ms in CalculateScore(SparsityThetaScore); 10ms in CalculateScore(^^^ItemsProcessedScore^^^); ]
I0929 13:00:00.540169  3164 processor.cc:898] Processor: complete processing batch 5ee4f08b-a3cc-484a-a125-d05ea514f6b8 into model nwt
I0929 13:00:00.540169  3164 cuckoo_watch.h:45] 48ms in ProcessBatch(school_batches\aaaaaa.batch) [including 2ms in LoadMessage; 1ms in InitializeSparseNdw; 8ms in InferThetaAndUpdateNwtSparse; 15ms in CalculateScore(PerplexityScore); 4ms in CalculateScore(SparsityThetaScore); 14ms in CalculateScore(^^^ItemsProcessedScore^^^); ]
I0929 13:00:00.540169 11116 processor.cc:898] Processor: complete processing batch 08a6e9cc-52e3-4c3a-af89-41dc340b31a5 into model nwt
I0929 13:00:00.540169 11116 cuckoo_watch.h:45] 38ms in ProcessBatch(school_batches\aaaaad.batch) [including 2ms in LoadMessage; 1ms in InitializeSparseNdw; 10ms in InferThetaAndUpdateNwtSparse; 11ms in CalculateScore(PerplexityScore); 2ms in CalculateScore(SparsityThetaScore); 9ms in CalculateScore(^^^ItemsProcessedScore^^^); ]
I0929 13:00:00.540169  4104 processor.cc:898] Processor: complete processing batch a3b79662-78c9-4a84-93ec-296f8ab0ce82 into model nwt
I0929 13:00:00.540169  4104 cuckoo_watch.h:45] 45ms in ProcessBatch(school_batches\aaaaae.batch) [including 3ms in LoadMessage; 1ms in InitializeSparseNdw; 14ms in InferThetaAndUpdateNwtSparse; 13ms in CalculateScore(PerplexityScore); 2ms in CalculateScore(SparsityThetaScore); 7ms in CalculateScore(^^^ItemsProcessedScore^^^); ]
I0929 13:00:00.556095 15776 master_component.cc:1391] NormalizeModelArgs: pwt_target_name=pwt, nwt_source_name=nwt, rwt_source_name=
I0929 13:00:00.556095 15776 master_component.cc:952] MasterComponent: start normalizing model nwt
I0929 13:00:00.571483 15776 master_component.cc:980] MasterComponent: complete normalizing model nwt
I0929 13:00:00.602658 15776 master_component.cc:1415] DisposeModel rwt
I0929 13:00:00.602658 15776 master_component.cc:1005] FitOffline: ItemsProcessed, num_items=475, num_batches=5, token_weight=160064, token_weight_in_effect=160064
I0929 13:00:00.602658  5020 c_interface.cc:559] Pass GetScoreValueArgs, score_name=^^^ItemsProcessedScore^^^ to MasterComponent::Request
I0929 13:00:00.602658  5020 c_interface.cc:230] ArtmCopyRequestedMessage is copying 46 bytes...
I0929 13:00:00.602658 15776 c_interface.cc:386] Pass FitOfflineMasterModelArgs, batch_filename_size=5, batch_weight_size=5, num_collection_passes=1 to void (__cdecl artm::core::MasterComponent::*)(class artm::FitOfflineMasterModelArgs const & __ptr64) __ptr64
I0929 13:00:00.602658 15776 master_component.cc:1340] ProcessBatchesArgs: nwt_target_name=nwt, batch_filename_size=5, batch_size=0, batch_weight_size=5, pwt_source_name=pwt, num_document_passes=1, class=(text:1), reuse_theta=yes, opt_for_avx=yes, predict_class_id=
I0929 13:00:00.635201 16076 processor.cc:802] Processor: start processing batch 5f8ed2ad-eff0-44fc-acc1-bff987d1bf55 into model nwt
I0929 13:00:00.635201  2328 processor.cc:802] Processor: start processing batch 5ee4f08b-a3cc-484a-a125-d05ea514f6b8 into model nwt
I0929 13:00:00.635201  4504 processor.cc:802] Processor: start processing batch a3b79662-78c9-4a84-93ec-296f8ab0ce82 into model nwt
I0929 13:00:00.635201  3836 processor.cc:802] Processor: start processing batch 08a6e9cc-52e3-4c3a-af89-41dc340b31a5 into model nwt
I0929 13:00:00.635201  4104 processor.cc:802] Processor: start processing batch 422084be-ef15-40e8-beac-d1eb08743b28 into model nwt
I0929 13:00:00.668612  2328 processor.cc:898] Processor: complete processing batch 5ee4f08b-a3cc-484a-a125-d05ea514f6b8 into model nwt
I0929 13:00:00.668612  2328 cuckoo_watch.h:45] 41ms in ProcessBatch(school_batches\aaaaaa.batch) [including 3ms in LoadMessage; 1ms in InitializeSparseNdw; 10ms in InferThetaAndUpdateNwtSparse; 12ms in CalculateScore(PerplexityScore); 2ms in CalculateScore(SparsityThetaScore); 10ms in CalculateScore(^^^ItemsProcessedScore^^^); ]
I0929 13:00:00.676610 16076 processor.cc:898] Processor: complete processing batch 5f8ed2ad-eff0-44fc-acc1-bff987d1bf55 into model nwt
I0929 13:00:00.676610 16076 cuckoo_watch.h:45] 45ms in ProcessBatch(school_batches\aaaaac.batch) [including 3ms in LoadMessage; 1ms in InitializeSparseNdw; 10ms in InferThetaAndUpdateNwtSparse; 12ms in CalculateScore(PerplexityScore); 2ms in CalculateScore(SparsityThetaScore); 13ms in CalculateScore(^^^ItemsProcessedScore^^^); ]
I0929 13:00:00.676610  4504 processor.cc:898] Processor: complete processing batch a3b79662-78c9-4a84-93ec-296f8ab0ce82 into model nwt
I0929 13:00:00.676610  4504 cuckoo_watch.h:45] 47ms in ProcessBatch(school_batches\aaaaae.batch) [including 3ms in LoadMessage; 1ms in InitializeSparseNdw; 13ms in InferThetaAndUpdateNwtSparse; 10ms in CalculateScore(PerplexityScore); 2ms in CalculateScore(SparsityThetaScore); 13ms in CalculateScore(^^^ItemsProcessedScore^^^); ]
I0929 13:00:00.676610  4104 processor.cc:898] Processor: complete processing batch 422084be-ef15-40e8-beac-d1eb08743b28 into model nwt
I0929 13:00:00.684610  4104 cuckoo_watch.h:45] 52ms in ProcessBatch(school_batches\aaaaab.batch) [including 4ms in LoadMessage; 1ms in InitializeSparseNdw; 9ms in InferThetaAndUpdateNwtSparse; 15ms in CalculateScore(PerplexityScore); 4ms in CalculateScore(SparsityThetaScore); 13ms in CalculateScore(^^^ItemsProcessedScore^^^); ]
I0929 13:00:00.684610  3836 processor.cc:898] Processor: complete processing batch 08a6e9cc-52e3-4c3a-af89-41dc340b31a5 into model nwt
I0929 13:00:00.684610  3836 cuckoo_watch.h:45] 55ms in ProcessBatch(school_batches\aaaaad.batch) [including 4ms in LoadMessage; 1ms in InitializeSparseNdw; 15ms in InferThetaAndUpdateNwtSparse; 18ms in CalculateScore(PerplexityScore); 4ms in CalculateScore(SparsityThetaScore); 10ms in CalculateScore(^^^ItemsProcessedScore^^^); ]
I0929 13:00:00.702281 13944 processor.cc:717] No data in processing queue, waiting...
I0929 13:00:00.702281 15776 master_component.cc:1391] NormalizeModelArgs: pwt_target_name=pwt, nwt_source_name=nwt, rwt_source_name=
I0929 13:00:00.702281 15776 master_component.cc:952] MasterComponent: start normalizing model nwt
I0929 13:00:00.733566 15776 master_component.cc:980] MasterComponent: complete normalizing model nwt
I0929 13:00:00.749181 15776 master_component.cc:1415] DisposeModel rwt
I0929 13:00:00.749181 15776 master_component.cc:1005] FitOffline: ItemsProcessed, num_items=475, num_batches=5, token_weight=160064, token_weight_in_effect=160064
I0929 13:00:00.749181  5020 c_interface.cc:559] Pass GetScoreValueArgs, score_name=^^^ItemsProcessedScore^^^ to MasterComponent::Request
I0929 13:00:00.749181  5020 c_interface.cc:230] ArtmCopyRequestedMessage is copying 46 bytes...
I0929 13:00:00.749181 15776 c_interface.cc:386] Pass FitOfflineMasterModelArgs, batch_filename_size=5, batch_weight_size=5, num_collection_passes=1 to void (__cdecl artm::core::MasterComponent::*)(class artm::FitOfflineMasterModelArgs const & __ptr64) __ptr64
I0929 13:00:00.749181 15776 master_component.cc:1340] ProcessBatchesArgs: nwt_target_name=nwt, batch_filename_size=5, batch_size=0, batch_weight_size=5, pwt_source_name=pwt, num_document_passes=1, class=(text:1), reuse_theta=yes, opt_for_avx=yes, predict_class_id=
I0929 13:00:00.780838 13944 processor.cc:724] Processing queue has data, processing started
I0929 13:00:00.780838  4504 processor.cc:802] Processor: start processing batch 5ee4f08b-a3cc-484a-a125-d05ea514f6b8 into model nwt
I0929 13:00:00.780838  2328 processor.cc:802] Processor: start processing batch 08a6e9cc-52e3-4c3a-af89-41dc340b31a5 into model nwt
I0929 13:00:00.780838 11116 processor.cc:802] Processor: start processing batch 5f8ed2ad-eff0-44fc-acc1-bff987d1bf55 into model nwt
I0929 13:00:00.780838  3164 processor.cc:802] Processor: start processing batch a3b79662-78c9-4a84-93ec-296f8ab0ce82 into model nwt
I0929 13:00:00.780838 13944 processor.cc:802] Processor: start processing batch 422084be-ef15-40e8-beac-d1eb08743b28 into model nwt
I0929 13:00:00.811637  4504 processor.cc:898] Processor: complete processing batch 5ee4f08b-a3cc-484a-a125-d05ea514f6b8 into model nwt
I0929 13:00:00.811637  4504 cuckoo_watch.h:45] 38ms in ProcessBatch(school_batches\aaaaaa.batch) [including 2ms in LoadMessage; 1ms in InitializeSparseNdw; 9ms in InferThetaAndUpdateNwtSparse; 10ms in CalculateScore(PerplexityScore); 2ms in CalculateScore(SparsityThetaScore); 9ms in CalculateScore(^^^ItemsProcessedScore^^^); ]
I0929 13:00:00.811637  2328 processor.cc:898] Processor: complete processing batch 08a6e9cc-52e3-4c3a-af89-41dc340b31a5 into model nwt
I0929 13:00:00.811637  2328 cuckoo_watch.h:45] 39ms in ProcessBatch(school_batches\aaaaad.batch) [including 2ms in LoadMessage; 1ms in InitializeSparseNdw; 9ms in InferThetaAndUpdateNwtSparse; 11ms in CalculateScore(PerplexityScore); 2ms in CalculateScore(SparsityThetaScore); 9ms in CalculateScore(^^^ItemsProcessedScore^^^); ]
I0929 13:00:00.811637 11116 processor.cc:898] Processor: complete processing batch 5f8ed2ad-eff0-44fc-acc1-bff987d1bf55 into model nwt
I0929 13:00:00.811637 11116 cuckoo_watch.h:45] 42ms in ProcessBatch(school_batches\aaaaac.batch) [including 2ms in LoadMessage; 1ms in InitializeSparseNdw; 9ms in InferThetaAndUpdateNwtSparse; 11ms in CalculateScore(PerplexityScore); 2ms in CalculateScore(SparsityThetaScore); 13ms in CalculateScore(^^^ItemsProcessedScore^^^); ]
I0929 13:00:00.811637  3164 processor.cc:898] Processor: complete processing batch a3b79662-78c9-4a84-93ec-296f8ab0ce82 into model nwt
I0929 13:00:00.827289  3164 cuckoo_watch.h:45] 46ms in ProcessBatch(school_batches\aaaaae.batch) [including 4ms in LoadMessage; 1ms in InitializeSparseNdw; 13ms in InferThetaAndUpdateNwtSparse; 14ms in CalculateScore(PerplexityScore); 2ms in CalculateScore(SparsityThetaScore); 8ms in CalculateScore(^^^ItemsProcessedScore^^^); ]
I0929 13:00:00.827289 13944 processor.cc:898] Processor: complete processing batch 422084be-ef15-40e8-beac-d1eb08743b28 into model nwt
I0929 13:00:00.827289 13944 cuckoo_watch.h:45] 52ms in ProcessBatch(school_batches\aaaaab.batch) [including 4ms in LoadMessage; 1ms in InitializeSparseNdw; 13ms in InferThetaAndUpdateNwtSparse; 17ms in CalculateScore(PerplexityScore); 4ms in CalculateScore(SparsityThetaScore); 9ms in CalculateScore(^^^ItemsProcessedScore^^^); ]
I0929 13:00:00.843155 15776 master_component.cc:1391] NormalizeModelArgs: pwt_target_name=pwt, nwt_source_name=nwt, rwt_source_name=
I0929 13:00:00.843155 15776 master_component.cc:952] MasterComponent: start normalizing model nwt
I0929 13:00:00.874186 15776 master_component.cc:980] MasterComponent: complete normalizing model nwt
I0929 13:00:00.889801 15776 master_component.cc:1415] DisposeModel rwt
I0929 13:00:00.889801 15776 master_component.cc:1005] FitOffline: ItemsProcessed, num_items=475, num_batches=5, token_weight=160064, token_weight_in_effect=160064
I0929 13:00:00.889801  5020 c_interface.cc:559] Pass GetScoreValueArgs, score_name=^^^ItemsProcessedScore^^^ to MasterComponent::Request
I0929 13:00:00.889801  5020 c_interface.cc:230] ArtmCopyRequestedMessage is copying 46 bytes...
I0929 13:00:00.889801 15776 c_interface.cc:386] Pass FitOfflineMasterModelArgs, batch_filename_size=5, batch_weight_size=5, num_collection_passes=1 to void (__cdecl artm::core::MasterComponent::*)(class artm::FitOfflineMasterModelArgs const & __ptr64) __ptr64
I0929 13:00:00.889801 15776 master_component.cc:1340] ProcessBatchesArgs: nwt_target_name=nwt, batch_filename_size=5, batch_size=0, batch_weight_size=5, pwt_source_name=pwt, num_document_passes=1, class=(text:1), reuse_theta=yes, opt_for_avx=yes, predict_class_id=
I0929 13:00:00.921393 11116 processor.cc:802] Processor: start processing batch a3b79662-78c9-4a84-93ec-296f8ab0ce82 into model nwt
I0929 13:00:00.921393  4504 processor.cc:802] Processor: start processing batch 5ee4f08b-a3cc-484a-a125-d05ea514f6b8 into model nwt
I0929 13:00:00.921393  3836 processor.cc:802] Processor: start processing batch 5f8ed2ad-eff0-44fc-acc1-bff987d1bf55 into model nwt
I0929 13:00:00.921393  2328 processor.cc:802] Processor: start processing batch 422084be-ef15-40e8-beac-d1eb08743b28 into model nwt
I0929 13:00:00.921393 13944 processor.cc:802] Processor: start processing batch 08a6e9cc-52e3-4c3a-af89-41dc340b31a5 into model nwt
I0929 13:00:00.952226  2328 processor.cc:898] Processor: complete processing batch 422084be-ef15-40e8-beac-d1eb08743b28 into model nwt
I0929 13:00:00.952226  2328 cuckoo_watch.h:45] 43ms in ProcessBatch(school_batches\aaaaab.batch) [including 4ms in LoadMessage; 1ms in InitializeSparseNdw; 9ms in InferThetaAndUpdateNwtSparse; 11ms in CalculateScore(PerplexityScore); 2ms in CalculateScore(SparsityThetaScore); 12ms in CalculateScore(^^^ItemsProcessedScore^^^); ]
I0929 13:00:00.952226  3836 processor.cc:898] Processor: complete processing batch 5f8ed2ad-eff0-44fc-acc1-bff987d1bf55 into model nwt
I0929 13:00:00.952226  4504 processor.cc:898] Processor: complete processing batch 5ee4f08b-a3cc-484a-a125-d05ea514f6b8 into model nwt
I0929 13:00:00.952226  3836 cuckoo_watch.h:45] 45ms in ProcessBatch(school_batches\aaaaac.batch) [including 3ms in LoadMessage; 1ms in InitializeSparseNdw; 10ms in InferThetaAndUpdateNwtSparse; 16ms in CalculateScore(PerplexityScore); 2ms in CalculateScore(SparsityThetaScore); 10ms in CalculateScore(^^^ItemsProcessedScore^^^); ]
I0929 13:00:00.952226  4504 cuckoo_watch.h:45] 45ms in ProcessBatch(school_batches\aaaaaa.batch) [including 2ms in LoadMessage; 1ms in InitializeSparseNdw; 14ms in InferThetaAndUpdateNwtSparse; 10ms in CalculateScore(PerplexityScore); 4ms in CalculateScore(SparsityThetaScore); 9ms in CalculateScore(^^^ItemsProcessedScore^^^); ]
I0929 13:00:00.967881 16076 processor.cc:717] No data in processing queue, waiting...
I0929 13:00:00.967881 11116 processor.cc:898] Processor: complete processing batch a3b79662-78c9-4a84-93ec-296f8ab0ce82 into model nwt
I0929 13:00:00.967881 11116 cuckoo_watch.h:45] 48ms in ProcessBatch(school_batches\aaaaae.batch) [including 2ms in LoadMessage; 1ms in InitializeSparseNdw; 9ms in InferThetaAndUpdateNwtSparse; 15ms in CalculateScore(PerplexityScore); 4ms in CalculateScore(SparsityThetaScore); 13ms in CalculateScore(^^^ItemsProcessedScore^^^); ]
I0929 13:00:00.967881 13944 processor.cc:898] Processor: complete processing batch 08a6e9cc-52e3-4c3a-af89-41dc340b31a5 into model nwt
I0929 13:00:00.967881 13944 cuckoo_watch.h:45] 50ms in ProcessBatch(school_batches\aaaaad.batch) [including 4ms in LoadMessage; 1ms in InitializeSparseNdw; 13ms in InferThetaAndUpdateNwtSparse; 11ms in CalculateScore(PerplexityScore); 4ms in CalculateScore(SparsityThetaScore); 14ms in CalculateScore(^^^ItemsProcessedScore^^^); ]
I0929 13:00:00.984074  4104 processor.cc:717] No data in processing queue, waiting...
I0929 13:00:00.984074 15776 master_component.cc:1391] NormalizeModelArgs: pwt_target_name=pwt, nwt_source_name=nwt, rwt_source_name=
I0929 13:00:00.984074 15776 master_component.cc:952] MasterComponent: start normalizing model nwt
I0929 13:00:00.999136 15776 master_component.cc:980] MasterComponent: complete normalizing model nwt
I0929 13:00:01.030398 15776 master_component.cc:1415] DisposeModel rwt
I0929 13:00:01.030398 15776 master_component.cc:1005] FitOffline: ItemsProcessed, num_items=475, num_batches=5, token_weight=160064, token_weight_in_effect=160064
I0929 13:00:01.030398  5020 c_interface.cc:559] Pass GetScoreValueArgs, score_name=^^^ItemsProcessedScore^^^ to MasterComponent::Request
I0929 13:00:01.030398  5020 c_interface.cc:230] ArtmCopyRequestedMessage is copying 46 bytes...
I0929 13:00:01.030398 15776 c_interface.cc:386] Pass FitOfflineMasterModelArgs, batch_filename_size=5, batch_weight_size=5, num_collection_passes=1 to void (__cdecl artm::core::MasterComponent::*)(class artm::FitOfflineMasterModelArgs const & __ptr64) __ptr64
I0929 13:00:01.030398 15776 master_component.cc:1340] ProcessBatchesArgs: nwt_target_name=nwt, batch_filename_size=5, batch_size=0, batch_weight_size=5, pwt_source_name=pwt, num_document_passes=1, class=(text:1), reuse_theta=yes, opt_for_avx=yes, predict_class_id=
I0929 13:00:01.062031  4104 processor.cc:724] Processing queue has data, processing started
I0929 13:00:01.062031  2328 processor.cc:802] Processor: start processing batch a3b79662-78c9-4a84-93ec-296f8ab0ce82 into model nwt
I0929 13:00:01.062031  3164 processor.cc:802] Processor: start processing batch 5f8ed2ad-eff0-44fc-acc1-bff987d1bf55 into model nwt
I0929 13:00:01.062031  3836 processor.cc:802] Processor: start processing batch 08a6e9cc-52e3-4c3a-af89-41dc340b31a5 into model nwt
I0929 13:00:01.062031  4104 processor.cc:802] Processor: start processing batch 422084be-ef15-40e8-beac-d1eb08743b28 into model nwt
I0929 13:00:01.062031 13944 processor.cc:802] Processor: start processing batch 5ee4f08b-a3cc-484a-a125-d05ea514f6b8 into model nwt
I0929 13:00:01.092815  2328 processor.cc:898] Processor: complete processing batch a3b79662-78c9-4a84-93ec-296f8ab0ce82 into model nwt
I0929 13:00:01.092815  2328 cuckoo_watch.h:45] 36ms in ProcessBatch(school_batches\aaaaae.batch) [including 2ms in LoadMessage; 0ms in InitializeSparseNdw; 9ms in InferThetaAndUpdateNwtSparse; 10ms in CalculateScore(PerplexityScore); 2ms in CalculateScore(SparsityThetaScore); 9ms in CalculateScore(^^^ItemsProcessedScore^^^); ]
I0929 13:00:01.092815 13944 processor.cc:898] Processor: complete processing batch 5ee4f08b-a3cc-484a-a125-d05ea514f6b8 into model nwt
I0929 13:00:01.092815 13944 cuckoo_watch.h:45] 42ms in ProcessBatch(school_batches\aaaaaa.batch) [including 4ms in LoadMessage; 1ms in InitializeSparseNdw; 11ms in InferThetaAndUpdateNwtSparse; 10ms in CalculateScore(PerplexityScore); 3ms in CalculateScore(SparsityThetaScore); 9ms in CalculateScore(^^^ItemsProcessedScore^^^); ]
I0929 13:00:01.092815  4104 processor.cc:898] Processor: complete processing batch 422084be-ef15-40e8-beac-d1eb08743b28 into model nwt
I0929 13:00:01.092815  4104 cuckoo_watch.h:45] 44ms in ProcessBatch(school_batches\aaaaab.batch) [including 4ms in LoadMessage; 1ms in InitializeSparseNdw; 9ms in InferThetaAndUpdateNwtSparse; 11ms in CalculateScore(PerplexityScore); 2ms in CalculateScore(SparsityThetaScore); 14ms in CalculateScore(^^^ItemsProcessedScore^^^); ]
I0929 13:00:01.108498  3164 processor.cc:898] Processor: complete processing batch 5f8ed2ad-eff0-44fc-acc1-bff987d1bf55 into model nwt
I0929 13:00:01.108498  3164 cuckoo_watch.h:45] 48ms in ProcessBatch(school_batches\aaaaac.batch) [including 2ms in LoadMessage; 1ms in InitializeSparseNdw; 14ms in InferThetaAndUpdateNwtSparse; 16ms in CalculateScore(PerplexityScore); 2ms in CalculateScore(SparsityThetaScore); 9ms in CalculateScore(^^^ItemsProcessedScore^^^); ]
I0929 13:00:01.108498  3836 processor.cc:898] Processor: complete processing batch 08a6e9cc-52e3-4c3a-af89-41dc340b31a5 into model nwt
I0929 13:00:01.108498  3836 cuckoo_watch.h:45] 49ms in ProcessBatch(school_batches\aaaaad.batch) [including 2ms in LoadMessage; 1ms in InitializeSparseNdw; 9ms in InferThetaAndUpdateNwtSparse; 16ms in CalculateScore(PerplexityScore); 4ms in CalculateScore(SparsityThetaScore); 13ms in CalculateScore(^^^ItemsProcessedScore^^^); ]
I0929 13:00:01.124722 15776 master_component.cc:1391] NormalizeModelArgs: pwt_target_name=pwt, nwt_source_name=nwt, rwt_source_name=
I0929 13:00:01.124722 15776 master_component.cc:952] MasterComponent: start normalizing model nwt
I0929 13:00:01.155376 15776 master_component.cc:980] MasterComponent: complete normalizing model nwt
I0929 13:00:01.171552 15776 master_component.cc:1415] DisposeModel rwt
I0929 13:00:01.171552 15776 master_component.cc:1005] FitOffline: ItemsProcessed, num_items=475, num_batches=5, token_weight=160064, token_weight_in_effect=160064
I0929 13:00:01.171552  5020 c_interface.cc:559] Pass GetScoreValueArgs, score_name=^^^ItemsProcessedScore^^^ to MasterComponent::Request
I0929 13:00:01.171552  5020 c_interface.cc:230] ArtmCopyRequestedMessage is copying 46 bytes...
I0929 13:00:01.171552 15776 c_interface.cc:386] Pass FitOfflineMasterModelArgs, batch_filename_size=5, batch_weight_size=5, num_collection_passes=1 to void (__cdecl artm::core::MasterComponent::*)(class artm::FitOfflineMasterModelArgs const & __ptr64) __ptr64
I0929 13:00:01.171552 15776 master_component.cc:1340] ProcessBatchesArgs: nwt_target_name=nwt, batch_filename_size=5, batch_size=0, batch_weight_size=5, pwt_source_name=pwt, num_document_passes=1, class=(text:1), reuse_theta=yes, opt_for_avx=yes, predict_class_id=
I0929 13:00:01.212154  3836 processor.cc:802] Processor: start processing batch a3b79662-78c9-4a84-93ec-296f8ab0ce82 into model nwt
I0929 13:00:01.212154  4104 processor.cc:802] Processor: start processing batch 08a6e9cc-52e3-4c3a-af89-41dc340b31a5 into model nwt
I0929 13:00:01.212154  2328 processor.cc:802] Processor: start processing batch 5f8ed2ad-eff0-44fc-acc1-bff987d1bf55 into model nwt
I0929 13:00:01.212154  4504 processor.cc:802] Processor: start processing batch 422084be-ef15-40e8-beac-d1eb08743b28 into model nwt
I0929 13:00:01.212154 13944 processor.cc:802] Processor: start processing batch 5ee4f08b-a3cc-484a-a125-d05ea514f6b8 into model nwt
I0929 13:00:01.243234  3836 processor.cc:898] Processor: complete processing batch a3b79662-78c9-4a84-93ec-296f8ab0ce82 into model nwt
I0929 13:00:01.243234  3836 cuckoo_watch.h:45] 36ms in ProcessBatch(school_batches\aaaaae.batch) [including 2ms in LoadMessage; 0ms in InitializeSparseNdw; 9ms in InferThetaAndUpdateNwtSparse; 10ms in CalculateScore(PerplexityScore); 2ms in CalculateScore(SparsityThetaScore); 8ms in CalculateScore(^^^ItemsProcessedScore^^^); ]
I0929 13:00:01.243234  4104 processor.cc:898] Processor: complete processing batch 08a6e9cc-52e3-4c3a-af89-41dc340b31a5 into model nwt
I0929 13:00:01.243234  4104 cuckoo_watch.h:45] 38ms in ProcessBatch(school_batches\aaaaad.batch) [including 2ms in LoadMessage; 1ms in InitializeSparseNdw; 9ms in InferThetaAndUpdateNwtSparse; 11ms in CalculateScore(PerplexityScore); 2ms in CalculateScore(SparsityThetaScore); 9ms in CalculateScore(^^^ItemsProcessedScore^^^); ]
I0929 13:00:01.243234  4504 processor.cc:898] Processor: complete processing batch 422084be-ef15-40e8-beac-d1eb08743b28 into model nwt
I0929 13:00:01.243234  4504 cuckoo_watch.h:45] 43ms in ProcessBatch(school_batches\aaaaab.batch) [including 3ms in LoadMessage; 1ms in InitializeSparseNdw; 12ms in InferThetaAndUpdateNwtSparse; 11ms in CalculateScore(PerplexityScore); 2ms in CalculateScore(SparsityThetaScore); 9ms in CalculateScore(^^^ItemsProcessedScore^^^); ]
I0929 13:00:01.258917  2328 processor.cc:898] Processor: complete processing batch 5f8ed2ad-eff0-44fc-acc1-bff987d1bf55 into model nwt
I0929 13:00:01.258917  2328 cuckoo_watch.h:45] 50ms in ProcessBatch(school_batches\aaaaac.batch) [including 2ms in LoadMessage; 1ms in InitializeSparseNdw; 9ms in InferThetaAndUpdateNwtSparse; 16ms in CalculateScore(PerplexityScore); 4ms in CalculateScore(SparsityThetaScore); 13ms in CalculateScore(^^^ItemsProcessedScore^^^); ]
I0929 13:00:01.258917 13944 processor.cc:898] Processor: complete processing batch 5ee4f08b-a3cc-484a-a125-d05ea514f6b8 into model nwt
I0929 13:00:01.258917 13944 cuckoo_watch.h:45] 54ms in ProcessBatch(school_batches\aaaaaa.batch) [including 4ms in LoadMessage; 1ms in InitializeSparseNdw; 14ms in InferThetaAndUpdateNwtSparse; 17ms in CalculateScore(PerplexityScore); 4ms in CalculateScore(SparsityThetaScore); 10ms in CalculateScore(^^^ItemsProcessedScore^^^); ]
I0929 13:00:01.274796 15776 master_component.cc:1391] NormalizeModelArgs: pwt_target_name=pwt, nwt_source_name=nwt, rwt_source_name=
I0929 13:00:01.274796 15776 master_component.cc:952] MasterComponent: start normalizing model nwt
I0929 13:00:01.290166 11116 processor.cc:717] No data in processing queue, waiting...
I0929 13:00:01.305788 15776 master_component.cc:980] MasterComponent: complete normalizing model nwt
I0929 13:00:01.321404 15776 master_component.cc:1415] DisposeModel rwt
I0929 13:00:01.321404 15776 master_component.cc:1005] FitOffline: ItemsProcessed, num_items=475, num_batches=5, token_weight=160064, token_weight_in_effect=160064
I0929 13:00:01.321404  5020 c_interface.cc:559] Pass GetScoreValueArgs, score_name=^^^ItemsProcessedScore^^^ to MasterComponent::Request
I0929 13:00:01.321404  5020 c_interface.cc:230] ArtmCopyRequestedMessage is copying 46 bytes...
I0929 13:00:01.321404 15776 c_interface.cc:386] Pass FitOfflineMasterModelArgs, batch_filename_size=5, batch_weight_size=5, num_collection_passes=1 to void (__cdecl artm::core::MasterComponent::*)(class artm::FitOfflineMasterModelArgs const & __ptr64) __ptr64
I0929 13:00:01.321404 15776 master_component.cc:1340] ProcessBatchesArgs: nwt_target_name=nwt, batch_filename_size=5, batch_size=0, batch_weight_size=5, pwt_source_name=pwt, num_document_passes=1, class=(text:1), reuse_theta=yes, opt_for_avx=yes, predict_class_id=
I0929 13:00:01.352833 16076 processor.cc:724] Processing queue has data, processing started
I0929 13:00:01.352833 11116 processor.cc:724] Processing queue has data, processing started
I0929 13:00:01.352833 11116 processor.cc:802] Processor: start processing batch 5f8ed2ad-eff0-44fc-acc1-bff987d1bf55 into model nwt
I0929 13:00:01.352833  2328 processor.cc:802] Processor: start processing batch a3b79662-78c9-4a84-93ec-296f8ab0ce82 into model nwt
I0929 13:00:01.352833  4504 processor.cc:802] Processor: start processing batch 5ee4f08b-a3cc-484a-a125-d05ea514f6b8 into model nwt
I0929 13:00:01.352833  3836 processor.cc:802] Processor: start processing batch 08a6e9cc-52e3-4c3a-af89-41dc340b31a5 into model nwt
I0929 13:00:01.352833 16076 processor.cc:802] Processor: start processing batch 422084be-ef15-40e8-beac-d1eb08743b28 into model nwt
I0929 13:00:01.388427 16076 processor.cc:898] Processor: complete processing batch 422084be-ef15-40e8-beac-d1eb08743b28 into model nwt
I0929 13:00:01.388427 16076 cuckoo_watch.h:45] 40ms in ProcessBatch(school_batches\aaaaab.batch) [including 4ms in LoadMessage; 1ms in InitializeSparseNdw; 9ms in InferThetaAndUpdateNwtSparse; 11ms in CalculateScore(PerplexityScore); 2ms in CalculateScore(SparsityThetaScore); 9ms in CalculateScore(^^^ItemsProcessedScore^^^); ]
I0929 13:00:01.388427 11116 processor.cc:898] Processor: complete processing batch 5f8ed2ad-eff0-44fc-acc1-bff987d1bf55 into model nwt
I0929 13:00:01.388427 11116 cuckoo_watch.h:45] 42ms in ProcessBatch(school_batches\aaaaac.batch) [including 2ms in LoadMessage; 1ms in InitializeSparseNdw; 10ms in InferThetaAndUpdateNwtSparse; 11ms in CalculateScore(PerplexityScore); 2ms in CalculateScore(SparsityThetaScore); 11ms in CalculateScore(^^^ItemsProcessedScore^^^); ]
I0929 13:00:01.388427  3836 processor.cc:898] Processor: complete processing batch 08a6e9cc-52e3-4c3a-af89-41dc340b31a5 into model nwt
I0929 13:00:01.388427  3836 cuckoo_watch.h:45] 43ms in ProcessBatch(school_batches\aaaaad.batch) [including 4ms in LoadMessage; 1ms in InitializeSparseNdw; 9ms in InferThetaAndUpdateNwtSparse; 11ms in CalculateScore(PerplexityScore); 2ms in CalculateScore(SparsityThetaScore); 11ms in CalculateScore(^^^ItemsProcessedScore^^^); ]
I0929 13:00:01.404109  2328 processor.cc:898] Processor: complete processing batch a3b79662-78c9-4a84-93ec-296f8ab0ce82 into model nwt
I0929 13:00:01.404109  2328 cuckoo_watch.h:45] 54ms in ProcessBatch(school_batches\aaaaae.batch) [including 3ms in LoadMessage; 1ms in InitializeSparseNdw; 14ms in InferThetaAndUpdateNwtSparse; 15ms in CalculateScore(PerplexityScore); 4ms in CalculateScore(SparsityThetaScore); 12ms in CalculateScore(^^^ItemsProcessedScore^^^); ]
I0929 13:00:01.404109  4504 processor.cc:898] Processor: complete processing batch 5ee4f08b-a3cc-484a-a125-d05ea514f6b8 into model nwt
I0929 13:00:01.404109  4504 cuckoo_watch.h:45] 57ms in ProcessBatch(school_batches\aaaaaa.batch) [including 4ms in LoadMessage; 1ms in InitializeSparseNdw; 14ms in InferThetaAndUpdateNwtSparse; 17ms in CalculateScore(PerplexityScore); 4ms in CalculateScore(SparsityThetaScore); 14ms in CalculateScore(^^^ItemsProcessedScore^^^); ]
I0929 13:00:01.420331  3164 processor.cc:717] No data in processing queue, waiting...
I0929 13:00:01.420331 15776 master_component.cc:1391] NormalizeModelArgs: pwt_target_name=pwt, nwt_source_name=nwt, rwt_source_name=
I0929 13:00:01.420331 15776 master_component.cc:952] MasterComponent: start normalizing model nwt
I0929 13:00:01.450978 15776 master_component.cc:980] MasterComponent: complete normalizing model nwt
I0929 13:00:01.466596 15776 master_component.cc:1415] DisposeModel rwt
I0929 13:00:01.466596 15776 master_component.cc:1005] FitOffline: ItemsProcessed, num_items=475, num_batches=5, token_weight=160064, token_weight_in_effect=160064
I0929 13:00:01.466596  5020 c_interface.cc:559] Pass GetScoreValueArgs, score_name=^^^ItemsProcessedScore^^^ to MasterComponent::Request
I0929 13:00:01.466596  5020 c_interface.cc:230] ArtmCopyRequestedMessage is copying 46 bytes...
I0929 13:00:01.466596 15776 c_interface.cc:386] Pass FitOfflineMasterModelArgs, batch_filename_size=5, batch_weight_size=5, num_collection_passes=1 to void (__cdecl artm::core::MasterComponent::*)(class artm::FitOfflineMasterModelArgs const & __ptr64) __ptr64
I0929 13:00:01.466596 15776 master_component.cc:1340] ProcessBatchesArgs: nwt_target_name=nwt, batch_filename_size=5, batch_size=0, batch_weight_size=5, pwt_source_name=pwt, num_document_passes=1, class=(text:1), reuse_theta=yes, opt_for_avx=yes, predict_class_id=
I0929 13:00:01.497843  4104 processor.cc:802] Processor: start processing batch 5f8ed2ad-eff0-44fc-acc1-bff987d1bf55 into model nwt
I0929 13:00:01.497843 11116 processor.cc:802] Processor: start processing batch a3b79662-78c9-4a84-93ec-296f8ab0ce82 into model nwt
I0929 13:00:01.497843 13944 processor.cc:802] Processor: start processing batch 08a6e9cc-52e3-4c3a-af89-41dc340b31a5 into model nwt
I0929 13:00:01.497843  4504 processor.cc:802] Processor: start processing batch 5ee4f08b-a3cc-484a-a125-d05ea514f6b8 into model nwt
I0929 13:00:01.497843  3836 processor.cc:802] Processor: start processing batch 422084be-ef15-40e8-beac-d1eb08743b28 into model nwt
I0929 13:00:01.529017 11116 processor.cc:898] Processor: complete processing batch a3b79662-78c9-4a84-93ec-296f8ab0ce82 into model nwt
I0929 13:00:01.529017 11116 cuckoo_watch.h:45] 39ms in ProcessBatch(school_batches\aaaaae.batch) [including 3ms in LoadMessage; 1ms in InitializeSparseNdw; 10ms in InferThetaAndUpdateNwtSparse; 10ms in CalculateScore(PerplexityScore); 2ms in CalculateScore(SparsityThetaScore); 8ms in CalculateScore(^^^ItemsProcessedScore^^^); ]
I0929 13:00:01.529017  4104 processor.cc:898] Processor: complete processing batch 5f8ed2ad-eff0-44fc-acc1-bff987d1bf55 into model nwt
I0929 13:00:01.529017  4104 cuckoo_watch.h:45] 41ms in ProcessBatch(school_batches\aaaaac.batch) [including 3ms in LoadMessage; 1ms in InitializeSparseNdw; 11ms in InferThetaAndUpdateNwtSparse; 11ms in CalculateScore(PerplexityScore); 2ms in CalculateScore(SparsityThetaScore); 9ms in CalculateScore(^^^ItemsProcessedScore^^^); ]
I0929 13:00:01.529017  4504 processor.cc:898] Processor: complete processing batch 5ee4f08b-a3cc-484a-a125-d05ea514f6b8 into model nwt
I0929 13:00:01.529017  4504 cuckoo_watch.h:45] 45ms in ProcessBatch(school_batches\aaaaaa.batch) [including 4ms in LoadMessage; 2ms in InitializeSparseNdw; 13ms in InferThetaAndUpdateNwtSparse; 11ms in CalculateScore(PerplexityScore); 2ms in CalculateScore(SparsityThetaScore); 9ms in CalculateScore(^^^ItemsProcessedScore^^^); ]
I0929 13:00:01.544709 13944 processor.cc:898] Processor: complete processing batch 08a6e9cc-52e3-4c3a-af89-41dc340b31a5 into model nwt
I0929 13:00:01.544709 13944 cuckoo_watch.h:45] 56ms in ProcessBatch(school_batches\aaaaad.batch) [including 4ms in LoadMessage; 1ms in InitializeSparseNdw; 11ms in InferThetaAndUpdateNwtSparse; 16ms in CalculateScore(PerplexityScore); 4ms in CalculateScore(SparsityThetaScore); 14ms in CalculateScore(^^^ItemsProcessedScore^^^); ]
I0929 13:00:01.544709  3836 processor.cc:898] Processor: complete processing batch 422084be-ef15-40e8-beac-d1eb08743b28 into model nwt
I0929 13:00:01.544709  3836 cuckoo_watch.h:45] 57ms in ProcessBatch(school_batches\aaaaab.batch) [including 4ms in LoadMessage; 1ms in InitializeSparseNdw; 14ms in InferThetaAndUpdateNwtSparse; 17ms in CalculateScore(PerplexityScore); 4ms in CalculateScore(SparsityThetaScore); 13ms in CalculateScore(^^^ItemsProcessedScore^^^); ]
I0929 13:00:01.560559 15776 master_component.cc:1391] NormalizeModelArgs: pwt_target_name=pwt, nwt_source_name=nwt, rwt_source_name=
I0929 13:00:01.560559 15776 master_component.cc:952] MasterComponent: start normalizing model nwt
I0929 13:00:01.575923 15776 master_component.cc:980] MasterComponent: complete normalizing model nwt
I0929 13:00:01.607192 15776 master_component.cc:1415] DisposeModel rwt
I0929 13:00:01.607192 15776 master_component.cc:1005] FitOffline: ItemsProcessed, num_items=475, num_batches=5, token_weight=160064, token_weight_in_effect=160064
I0929 13:00:01.607192  5020 c_interface.cc:559] Pass GetScoreValueArgs, score_name=^^^ItemsProcessedScore^^^ to MasterComponent::Request
I0929 13:00:01.607192  5020 c_interface.cc:230] ArtmCopyRequestedMessage is copying 46 bytes...
I0929 13:00:01.607192 15776 c_interface.cc:386] Pass FitOfflineMasterModelArgs, batch_filename_size=5, batch_weight_size=5, num_collection_passes=1 to void (__cdecl artm::core::MasterComponent::*)(class artm::FitOfflineMasterModelArgs const & __ptr64) __ptr64
I0929 13:00:01.607192 15776 master_component.cc:1340] ProcessBatchesArgs: nwt_target_name=nwt, batch_filename_size=5, batch_size=0, batch_weight_size=5, pwt_source_name=pwt, num_document_passes=1, class=(text:1), reuse_theta=yes, opt_for_avx=yes, predict_class_id=
I0929 13:00:01.638931  3164 processor.cc:724] Processing queue has data, processing started
I0929 13:00:01.638931 13944 processor.cc:802] Processor: start processing batch 5ee4f08b-a3cc-484a-a125-d05ea514f6b8 into model nwt
I0929 13:00:01.638931  4504 processor.cc:802] Processor: start processing batch 5f8ed2ad-eff0-44fc-acc1-bff987d1bf55 into model nwt
I0929 13:00:01.638931 16076 processor.cc:802] Processor: start processing batch 422084be-ef15-40e8-beac-d1eb08743b28 into model nwt
I0929 13:00:01.638931  3836 processor.cc:802] Processor: start processing batch a3b79662-78c9-4a84-93ec-296f8ab0ce82 into model nwt
I0929 13:00:01.638931  3164 processor.cc:802] Processor: start processing batch 08a6e9cc-52e3-4c3a-af89-41dc340b31a5 into model nwt
I0929 13:00:01.669607 16076 processor.cc:898] Processor: complete processing batch 422084be-ef15-40e8-beac-d1eb08743b28 into model nwt
I0929 13:00:01.669607  4504 processor.cc:898] Processor: complete processing batch 5f8ed2ad-eff0-44fc-acc1-bff987d1bf55 into model nwt
I0929 13:00:01.669607 16076 cuckoo_watch.h:45] 38ms in ProcessBatch(school_batches\aaaaab.batch) [including 3ms in LoadMessage; 1ms in InitializeSparseNdw; 9ms in InferThetaAndUpdateNwtSparse; 10ms in CalculateScore(PerplexityScore); 2ms in CalculateScore(SparsityThetaScore); 9ms in CalculateScore(^^^ItemsProcessedScore^^^); ]
I0929 13:00:01.669607  4504 cuckoo_watch.h:45] 39ms in ProcessBatch(school_batches\aaaaac.batch) [including 3ms in LoadMessage; 1ms in InitializeSparseNdw; 9ms in InferThetaAndUpdateNwtSparse; 10ms in CalculateScore(PerplexityScore); 2ms in CalculateScore(SparsityThetaScore); 10ms in CalculateScore(^^^ItemsProcessedScore^^^); ]
I0929 13:00:01.669607 13944 processor.cc:898] Processor: complete processing batch 5ee4f08b-a3cc-484a-a125-d05ea514f6b8 into model nwt
I0929 13:00:01.669607 13944 cuckoo_watch.h:45] 41ms in ProcessBatch(school_batches\aaaaaa.batch) [including 2ms in LoadMessage; 1ms in InitializeSparseNdw; 9ms in InferThetaAndUpdateNwtSparse; 10ms in CalculateScore(PerplexityScore); 2ms in CalculateScore(SparsityThetaScore); 12ms in CalculateScore(^^^ItemsProcessedScore^^^); ]
I0929 13:00:01.685295  3164 processor.cc:898] Processor: complete processing batch 08a6e9cc-52e3-4c3a-af89-41dc340b31a5 into model nwt
I0929 13:00:01.685295  3836 processor.cc:898] Processor: complete processing batch a3b79662-78c9-4a84-93ec-296f8ab0ce82 into model nwt
I0929 13:00:01.685295  3164 cuckoo_watch.h:45] 48ms in ProcessBatch(school_batches\aaaaad.batch) [including 4ms in LoadMessage; 1ms in InitializeSparseNdw; 14ms in InferThetaAndUpdateNwtSparse; 14ms in CalculateScore(PerplexityScore); 2ms in CalculateScore(SparsityThetaScore); 9ms in CalculateScore(^^^ItemsProcessedScore^^^); ]
I0929 13:00:01.685295  3836 cuckoo_watch.h:45] 48ms in ProcessBatch(school_batches\aaaaae.batch) [including 3ms in LoadMessage; 1ms in InitializeSparseNdw; 13ms in InferThetaAndUpdateNwtSparse; 15ms in CalculateScore(PerplexityScore); 4ms in CalculateScore(SparsityThetaScore); 8ms in CalculateScore(^^^ItemsProcessedScore^^^); ]
I0929 13:00:01.701126 15776 master_component.cc:1391] NormalizeModelArgs: pwt_target_name=pwt, nwt_source_name=nwt, rwt_source_name=
I0929 13:00:01.701126 15776 master_component.cc:952] MasterComponent: start normalizing model nwt
I0929 13:00:01.721565 15776 master_component.cc:980] MasterComponent: complete normalizing model nwt
I0929 13:00:01.735215  2328 processor.cc:717] No data in processing queue, waiting...
I0929 13:00:01.743252 15776 master_component.cc:1415] DisposeModel rwt
I0929 13:00:01.743252 15776 master_component.cc:1005] FitOffline: ItemsProcessed, num_items=475, num_batches=5, token_weight=160064, token_weight_in_effect=160064
I0929 13:00:01.743252  5020 c_interface.cc:559] Pass GetScoreValueArgs, score_name=^^^ItemsProcessedScore^^^ to MasterComponent::Request
I0929 13:00:01.743252  5020 c_interface.cc:230] ArtmCopyRequestedMessage is copying 46 bytes...
I0929 13:00:01.751216 15776 c_interface.cc:386] Pass FitOfflineMasterModelArgs, batch_filename_size=5, batch_weight_size=5, num_collection_passes=1 to void (__cdecl artm::core::MasterComponent::*)(class artm::FitOfflineMasterModelArgs const & __ptr64) __ptr64
I0929 13:00:01.751216 15776 master_component.cc:1340] ProcessBatchesArgs: nwt_target_name=nwt, batch_filename_size=5, batch_size=0, batch_weight_size=5, pwt_source_name=pwt, num_document_passes=1, class=(text:1), reuse_theta=yes, opt_for_avx=yes, predict_class_id=
I0929 13:00:01.791651  4504 processor.cc:802] Processor: start processing batch 422084be-ef15-40e8-beac-d1eb08743b28 into model nwt
I0929 13:00:01.791651 11116 processor.cc:802] Processor: start processing batch a3b79662-78c9-4a84-93ec-296f8ab0ce82 into model nwt
I0929 13:00:01.791651 13944 processor.cc:802] Processor: start processing batch 5ee4f08b-a3cc-484a-a125-d05ea514f6b8 into model nwt
I0929 13:00:01.791651 16076 processor.cc:802] Processor: start processing batch 5f8ed2ad-eff0-44fc-acc1-bff987d1bf55 into model nwt
I0929 13:00:01.791651  4104 processor.cc:802] Processor: start processing batch 08a6e9cc-52e3-4c3a-af89-41dc340b31a5 into model nwt
I0929 13:00:01.822255  4504 processor.cc:898] Processor: complete processing batch 422084be-ef15-40e8-beac-d1eb08743b28 into model nwt
I0929 13:00:01.822255  4504 cuckoo_watch.h:45] 38ms in ProcessBatch(school_batches\aaaaab.batch) [including 2ms in LoadMessage; 1ms in InitializeSparseNdw; 10ms in InferThetaAndUpdateNwtSparse; 10ms in CalculateScore(PerplexityScore); 2ms in CalculateScore(SparsityThetaScore); 9ms in CalculateScore(^^^ItemsProcessedScore^^^); ]
I0929 13:00:01.822255  4104 processor.cc:898] Processor: complete processing batch 08a6e9cc-52e3-4c3a-af89-41dc340b31a5 into model nwt
I0929 13:00:01.822255 16076 processor.cc:898] Processor: complete processing batch 5f8ed2ad-eff0-44fc-acc1-bff987d1bf55 into model nwt
I0929 13:00:01.822255  4104 cuckoo_watch.h:45] 39ms in ProcessBatch(school_batches\aaaaad.batch) [including 4ms in LoadMessage; 1ms in InitializeSparseNdw; 9ms in InferThetaAndUpdateNwtSparse; 10ms in CalculateScore(PerplexityScore); 2ms in CalculateScore(SparsityThetaScore); 9ms in CalculateScore(^^^ItemsProcessedScore^^^); ]
I0929 13:00:01.822255 16076 cuckoo_watch.h:45] 40ms in ProcessBatch(school_batches\aaaaac.batch) [including 4ms in LoadMessage; 1ms in InitializeSparseNdw; 9ms in InferThetaAndUpdateNwtSparse; 10ms in CalculateScore(PerplexityScore); 2ms in CalculateScore(SparsityThetaScore); 10ms in CalculateScore(^^^ItemsProcessedScore^^^); ]
I0929 13:00:01.837877 11116 processor.cc:898] Processor: complete processing batch a3b79662-78c9-4a84-93ec-296f8ab0ce82 into model nwt
I0929 13:00:01.837877 11116 cuckoo_watch.h:45] 48ms in ProcessBatch(school_batches\aaaaae.batch) [including 3ms in LoadMessage; 1ms in InitializeSparseNdw; 13ms in InferThetaAndUpdateNwtSparse; 15ms in CalculateScore(PerplexityScore); 4ms in CalculateScore(SparsityThetaScore); 8ms in CalculateScore(^^^ItemsProcessedScore^^^); ]
I0929 13:00:01.837877 13944 processor.cc:898] Processor: complete processing batch 5ee4f08b-a3cc-484a-a125-d05ea514f6b8 into model nwt
I0929 13:00:01.837877 13944 cuckoo_watch.h:45] 50ms in ProcessBatch(school_batches\aaaaaa.batch) [including 4ms in LoadMessage; 1ms in InitializeSparseNdw; 13ms in InferThetaAndUpdateNwtSparse; 16ms in CalculateScore(PerplexityScore); 3ms in CalculateScore(SparsityThetaScore); 8ms in CalculateScore(^^^ItemsProcessedScore^^^); ]
I0929 13:00:01.854074 15776 master_component.cc:1391] NormalizeModelArgs: pwt_target_name=pwt, nwt_source_name=nwt, rwt_source_name=
I0929 13:00:01.854074 15776 master_component.cc:952] MasterComponent: start normalizing model nwt
I0929 13:00:01.884806 15776 master_component.cc:980] MasterComponent: complete normalizing model nwt
I0929 13:00:01.900421 15776 master_component.cc:1415] DisposeModel rwt
I0929 13:00:01.900421 15776 master_component.cc:1005] FitOffline: ItemsProcessed, num_items=475, num_batches=5, token_weight=160064, token_weight_in_effect=160064
I0929 13:00:01.900421  5020 c_interface.cc:559] Pass GetScoreValueArgs, score_name=^^^ItemsProcessedScore^^^ to MasterComponent::Request
I0929 13:00:01.900421  5020 c_interface.cc:230] ArtmCopyRequestedMessage is copying 46 bytes...
I0929 13:00:01.919903  5020 c_interface.cc:230] ArtmCopyRequestedMessage is copying 2240 bytes...
I0929 13:00:02.031246  3164 processor.cc:717] No data in processing queue, waiting...
I0929 13:00:02.031246  3836 processor.cc:717] No data in processing queue, waiting...
I0929 13:00:02.139434 16076 processor.cc:717] No data in processing queue, waiting...
I0929 13:00:02.139434  4104 processor.cc:717] No data in processing queue, waiting...
I0929 13:00:02.139434  4504 processor.cc:717] No data in processing queue, waiting...
I0929 13:00:02.155488 13944 processor.cc:717] No data in processing queue, waiting...
I0929 13:00:02.155488 11116 processor.cc:717] No data in processing queue, waiting...
I0929 13:02:50.749845  5020 c_interface.cc:230] ArtmCopyRequestedMessage is copying 150729 bytes...
I0929 13:02:50.797804  5020 c_interface.cc:230] ArtmCopyRequestedMessage is copying 150729 bytes...
I0929 13:02:50.837967  5020 c_interface.cc:230] ArtmCopyRequestedMessage is copying 150729 bytes...
I0929 13:02:50.884876  5020 c_interface.cc:230] ArtmCopyRequestedMessage is copying 150729 bytes...
I0929 13:02:50.931736  5020 c_interface.cc:230] ArtmCopyRequestedMessage is copying 150729 bytes...
I0929 13:02:50.995342  5020 c_interface.cc:230] ArtmCopyRequestedMessage is copying 150729 bytes...
I0929 13:02:51.043875  5020 c_interface.cc:230] ArtmCopyRequestedMessage is copying 150729 bytes...
I0929 13:02:51.090742  5020 c_interface.cc:230] ArtmCopyRequestedMessage is copying 150729 bytes...
I0929 13:02:51.137604  5020 c_interface.cc:230] ArtmCopyRequestedMessage is copying 150729 bytes...
I0929 13:02:51.196241  5020 c_interface.cc:230] ArtmCopyRequestedMessage is copying 150729 bytes...
I0929 13:03:24.610004  5020 c_interface.cc:230] ArtmCopyRequestedMessage is copying 1460 bytes...
I0929 13:03:24.610004  5020 c_interface.cc:230] ArtmCopyRequestedMessage is copying 1452 bytes...
I0929 13:05:39.851042  5020 c_interface.cc:230] ArtmCopyRequestedMessage is copying 150729 bytes...
I0929 13:05:39.907038  5020 c_interface.cc:230] ArtmCopyRequestedMessage is copying 150729 bytes...
I0929 13:05:39.962363  5020 c_interface.cc:230] ArtmCopyRequestedMessage is copying 150729 bytes...
I0929 13:05:40.006114  5020 c_interface.cc:230] ArtmCopyRequestedMessage is copying 150729 bytes...
I0929 13:05:40.053030  5020 c_interface.cc:230] ArtmCopyRequestedMessage is copying 150729 bytes...
I0929 13:05:40.113641  5020 c_interface.cc:230] ArtmCopyRequestedMessage is copying 150729 bytes...
I0929 13:05:40.145352  5020 c_interface.cc:230] ArtmCopyRequestedMessage is copying 150729 bytes...
I0929 13:05:40.207830  5020 c_interface.cc:230] ArtmCopyRequestedMessage is copying 150729 bytes...
I0929 13:05:40.266023  5020 c_interface.cc:230] ArtmCopyRequestedMessage is copying 150729 bytes...
I0929 13:05:40.308648  5020 c_interface.cc:230] ArtmCopyRequestedMessage is copying 150729 bytes...
I0929 13:05:56.778955  5020 c_interface.cc:230] ArtmCopyRequestedMessage is copying 150729 bytes...
I0929 13:05:56.834991  5020 c_interface.cc:230] ArtmCopyRequestedMessage is copying 150729 bytes...
I0929 13:05:56.872218  5020 c_interface.cc:230] ArtmCopyRequestedMessage is copying 150729 bytes...
I0929 13:05:56.934700  5020 c_interface.cc:230] ArtmCopyRequestedMessage is copying 150729 bytes...
I0929 13:05:56.981564  5020 c_interface.cc:230] ArtmCopyRequestedMessage is copying 150729 bytes...
I0929 13:05:57.028429  5020 c_interface.cc:230] ArtmCopyRequestedMessage is copying 150729 bytes...
I0929 13:05:57.090871  5020 c_interface.cc:230] ArtmCopyRequestedMessage is copying 150729 bytes...
I0929 13:05:57.139426  5020 c_interface.cc:230] ArtmCopyRequestedMessage is copying 150729 bytes...
I0929 13:05:57.194367  5020 c_interface.cc:230] ArtmCopyRequestedMessage is copying 150729 bytes...
I0929 13:05:57.241233  5020 c_interface.cc:230] ArtmCopyRequestedMessage is copying 150729 bytes...
I0929 13:06:53.316480  5020 c_interface.cc:230] ArtmCopyRequestedMessage is copying 150729 bytes...
I0929 13:07:01.059047  5020 c_interface.cc:230] ArtmCopyRequestedMessage is copying 150729 bytes...
I0929 13:07:01.115046  5020 c_interface.cc:230] ArtmCopyRequestedMessage is copying 150729 bytes...
I0929 13:07:01.155126  5020 c_interface.cc:230] ArtmCopyRequestedMessage is copying 150729 bytes...
I0929 13:07:01.201990  5020 c_interface.cc:230] ArtmCopyRequestedMessage is copying 150729 bytes...
I0929 13:07:01.248895  5020 c_interface.cc:230] ArtmCopyRequestedMessage is copying 150729 bytes...
I0929 13:07:01.306555  5020 c_interface.cc:230] ArtmCopyRequestedMessage is copying 150729 bytes...
I0929 13:07:01.353845  5020 c_interface.cc:230] ArtmCopyRequestedMessage is copying 150729 bytes...
I0929 13:07:01.400750  5020 c_interface.cc:230] ArtmCopyRequestedMessage is copying 150729 bytes...
I0929 13:07:01.431994  5020 c_interface.cc:230] ArtmCopyRequestedMessage is copying 150729 bytes...
I0929 13:07:01.478858  5020 c_interface.cc:230] ArtmCopyRequestedMessage is copying 150729 bytes...
I0929 13:07:09.145318  5020 c_interface.cc:230] ArtmCopyRequestedMessage is copying 150729 bytes...
I0929 13:07:09.201355  5020 c_interface.cc:230] ArtmCopyRequestedMessage is copying 150729 bytes...
I0929 13:07:09.249101  5020 c_interface.cc:230] ArtmCopyRequestedMessage is copying 150729 bytes...
I0929 13:07:09.295965  5020 c_interface.cc:230] ArtmCopyRequestedMessage is copying 150729 bytes...
I0929 13:07:09.342834  5020 c_interface.cc:230] ArtmCopyRequestedMessage is copying 150729 bytes...
I0929 13:07:09.389694  5020 c_interface.cc:230] ArtmCopyRequestedMessage is copying 150729 bytes...
I0929 13:07:09.436561  5020 c_interface.cc:230] ArtmCopyRequestedMessage is copying 150729 bytes...
I0929 13:07:09.488945  5020 c_interface.cc:230] ArtmCopyRequestedMessage is copying 150729 bytes...
I0929 13:07:09.536300  5020 c_interface.cc:230] ArtmCopyRequestedMessage is copying 150729 bytes...
I0929 13:07:09.583211  5020 c_interface.cc:230] ArtmCopyRequestedMessage is copying 150729 bytes...
I0929 13:07:36.022637  5020 c_interface.cc:230] ArtmCopyRequestedMessage is copying 150729 bytes...
I0929 13:07:36.070699  5020 c_interface.cc:230] ArtmCopyRequestedMessage is copying 150729 bytes...
I0929 13:07:36.109470  5020 c_interface.cc:230] ArtmCopyRequestedMessage is copying 150729 bytes...
I0929 13:07:36.171958  5020 c_interface.cc:230] ArtmCopyRequestedMessage is copying 150729 bytes...
I0929 13:07:36.203200  5020 c_interface.cc:230] ArtmCopyRequestedMessage is copying 150729 bytes...
I0929 13:07:36.261584  5020 c_interface.cc:230] ArtmCopyRequestedMessage is copying 150729 bytes...
I0929 13:07:36.316910  5020 c_interface.cc:230] ArtmCopyRequestedMessage is copying 150729 bytes...
I0929 13:07:36.363775  5020 c_interface.cc:230] ArtmCopyRequestedMessage is copying 150729 bytes...
I0929 13:07:36.410637  5020 c_interface.cc:230] ArtmCopyRequestedMessage is copying 150729 bytes...
I0929 13:07:36.457501  5020 c_interface.cc:230] ArtmCopyRequestedMessage is copying 150729 bytes...
I0929 13:07:43.366739  5020 c_interface.cc:230] ArtmCopyRequestedMessage is copying 150729 bytes...
I0929 13:07:43.422735  5020 c_interface.cc:230] ArtmCopyRequestedMessage is copying 150729 bytes...
I0929 13:07:43.458590  5020 c_interface.cc:230] ArtmCopyRequestedMessage is copying 150729 bytes...
I0929 13:07:43.505409  5020 c_interface.cc:230] ArtmCopyRequestedMessage is copying 150729 bytes...
I0929 13:07:43.552314  5020 c_interface.cc:230] ArtmCopyRequestedMessage is copying 150729 bytes...
I0929 13:07:43.599185  5020 c_interface.cc:230] ArtmCopyRequestedMessage is copying 150729 bytes...
I0929 13:07:43.656148  5020 c_interface.cc:230] ArtmCopyRequestedMessage is copying 150729 bytes...
