Log file created at: 2021/09/29 11:31:24
Running on machine: LAPTOP-ECN5NL3P
Log line format: [IWEF]mmdd hh:mm:ss.uuuuuu threadid file:line] msg
I0929 11:31:24.823215  5020 c_interface.cc:127] Logging enabled to .
I0929 11:31:24.824213  5020 c_interface.cc:271] Creating MasterModel (id=1)...
I0929 11:31:24.830196  5020 collection_parser.cc:557] CollectionParserConfig.num_threads is automatically set to 8
I0929 11:31:24.976750  5020 c_interface.cc:372] Pass a28524f0-0a25-42cf-9b22-436e69051d71 to void (__cdecl artm::core::MasterComponent::*)(class std::basic_string<char,struct std::char_traits<char>,class std::allocator<char> > const & __ptr64) __ptr64
I0929 11:31:24.992372  5020 c_interface.cc:386] Pass GatherDictionaryArgs: dictionary_target_name=a28524f0-0a25-42cf-9b22-436e69051d71, data_path=school_batches, symmetric_cooc_values=0 to void (__cdecl artm::core::MasterComponent::*)(class artm::GatherDictionaryArgs const & __ptr64) __ptr64
I0929 11:31:24.992372  5020 dictionary_operations.cc:249] Found 5 batches in 'school_batches' folder
I0929 11:31:25.050863  5020 dictionary_operations.cc:313] Find 16080 unique tokens in 475 items
I0929 11:31:48.998623  5020 c_interface.cc:372] Pass a28524f0-0a25-42cf-9b22-436e69051d71 to void (__cdecl artm::core::MasterComponent::*)(class std::basic_string<char,struct std::char_traits<char>,class std::allocator<char> > const & __ptr64) __ptr64
I0929 11:31:49.004608  5020 c_interface.cc:336] Disposing MasterComponent (id=1)...
I0929 11:40:02.414863  5020 instance.cc:401] MasterModelConfig.processors_count is automatically set to 8
I0929 11:40:02.415861  5020 c_interface.cc:271] Creating MasterModel (id=2)...
I0929 11:40:02.416858  9944 processor.cc:701] Processor thread started
I0929 11:40:02.416858  3232 processor.cc:701] Processor thread started
I0929 11:40:02.416858 14772 processor.cc:701] Processor thread started
I0929 11:40:02.416858  8164 processor.cc:701] Processor thread started
I0929 11:40:02.416858  7012 processor.cc:701] Processor thread started
I0929 11:40:02.416858  5992 processor.cc:701] Processor thread started
I0929 11:40:02.416858  5184 processor.cc:701] Processor thread started
I0929 11:40:02.416858  1460 processor.cc:701] Processor thread started
I0929 11:40:02.773422  5184 processor.cc:717] No data in processing queue, waiting...
I0929 11:40:02.773422  3232 processor.cc:717] No data in processing queue, waiting...
I0929 11:40:02.773422  7012 processor.cc:717] No data in processing queue, waiting...
I0929 11:40:02.773422 14772 processor.cc:717] No data in processing queue, waiting...
I0929 11:40:02.773422  9944 processor.cc:717] No data in processing queue, waiting...
I0929 11:40:02.773422  5992 processor.cc:717] No data in processing queue, waiting...
I0929 11:40:02.773422  8164 processor.cc:717] No data in processing queue, waiting...
I0929 11:40:02.773422  1460 processor.cc:717] No data in processing queue, waiting...
I0929 12:13:02.537923  5020 instance.cc:401] MasterModelConfig.processors_count is automatically set to 8
I0929 12:13:02.538923  3868 processor.cc:701] Processor thread started
I0929 12:13:02.538923 13952 processor.cc:701] Processor thread started
I0929 12:13:02.538923  5020 c_interface.cc:271] Creating MasterModel (id=3)...
I0929 12:13:02.538923  8176 processor.cc:701] Processor thread started
I0929 12:13:02.538923 12436 processor.cc:701] Processor thread started
I0929 12:13:02.538923  6636 processor.cc:701] Processor thread started
I0929 12:13:02.538923  1580 processor.cc:701] Processor thread started
I0929 12:13:02.538923 11120 processor.cc:701] Processor thread started
I0929 12:13:02.538923  1760 processor.cc:701] Processor thread started
I0929 12:13:02.548929  5184 processor.cc:709] Processor thread stopped
I0929 12:13:02.548929  5184 processor.cc:710] Total number of processed batches: 0
I0929 12:13:02.565198 14772 processor.cc:709] Processor thread stopped
I0929 12:13:02.565198 14772 processor.cc:710] Total number of processed batches: 0
I0929 12:13:02.580031  7012 processor.cc:709] Processor thread stopped
I0929 12:13:02.580031  7012 processor.cc:710] Total number of processed batches: 0
I0929 12:13:02.596313  3232 processor.cc:709] Processor thread stopped
I0929 12:13:02.596313  3232 processor.cc:710] Total number of processed batches: 0
I0929 12:13:02.626929  9944 processor.cc:709] Processor thread stopped
I0929 12:13:02.626929  9944 processor.cc:710] Total number of processed batches: 0
I0929 12:13:02.643002  5992 processor.cc:709] Processor thread stopped
I0929 12:13:02.643002  5992 processor.cc:710] Total number of processed batches: 0
I0929 12:13:02.658591  8164 processor.cc:709] Processor thread stopped
I0929 12:13:02.658591  8164 processor.cc:710] Total number of processed batches: 0
I0929 12:13:02.674209  1460 processor.cc:709] Processor thread stopped
I0929 12:13:02.674209  1460 processor.cc:710] Total number of processed batches: 0
I0929 12:13:02.674209  5020 c_interface.cc:336] Disposing MasterComponent (id=2)...
I0929 12:13:02.855347 12436 processor.cc:717] No data in processing queue, waiting...
I0929 12:13:02.855347  8176 processor.cc:717] No data in processing queue, waiting...
I0929 12:13:02.855347  3868 processor.cc:717] No data in processing queue, waiting...
I0929 12:13:02.855347 11120 processor.cc:717] No data in processing queue, waiting...
I0929 12:13:02.855347  1580 processor.cc:717] No data in processing queue, waiting...
I0929 12:13:02.855347 13952 processor.cc:717] No data in processing queue, waiting...
I0929 12:13:02.855347  1760 processor.cc:717] No data in processing queue, waiting...
I0929 12:13:02.855347  6636 processor.cc:717] No data in processing queue, waiting...
I0929 12:13:33.113118  5020 c_interface.cc:271] Creating MasterModel (id=4)...
I0929 12:13:33.113118  5020 c_interface.cc:372] Pass dictionary to void (__cdecl artm::core::MasterComponent::*)(class std::basic_string<char,struct std::char_traits<char>,class std::allocator<char> > const & __ptr64) __ptr64
I0929 12:13:33.113118  5020 c_interface.cc:386] Pass GatherDictionaryArgs: dictionary_target_name=dictionary, data_path=school_batches, symmetric_cooc_values=0 to void (__cdecl artm::core::MasterComponent::*)(class artm::GatherDictionaryArgs const & __ptr64) __ptr64
I0929 12:13:33.114113  5020 dictionary_operations.cc:249] Found 5 batches in 'school_batches' folder
I0929 12:13:33.150017  5020 dictionary_operations.cc:313] Find 16080 unique tokens in 475 items
I0929 12:29:39.410321  5020 instance.cc:401] MasterModelConfig.processors_count is automatically set to 8
I0929 12:29:39.411319  3836 processor.cc:701] Processor thread started
I0929 12:29:39.411319  4104 processor.cc:701] Processor thread started
I0929 12:29:39.411319  5020 c_interface.cc:271] Creating MasterModel (id=5)...
I0929 12:29:39.411319 16076 processor.cc:701] Processor thread started
I0929 12:29:39.411319  2328 processor.cc:701] Processor thread started
I0929 12:29:39.411319  3164 processor.cc:701] Processor thread started
I0929 12:29:39.411319 11116 processor.cc:701] Processor thread started
I0929 12:29:39.411319 13944 processor.cc:701] Processor thread started
I0929 12:29:39.411319  4504 processor.cc:701] Processor thread started
I0929 12:29:39.422286  3868 processor.cc:709] Processor thread stopped
I0929 12:29:39.422286  3868 processor.cc:710] Total number of processed batches: 0
I0929 12:29:39.438587 13952 processor.cc:709] Processor thread stopped
I0929 12:29:39.438587 13952 processor.cc:710] Total number of processed batches: 0
I0929 12:29:39.453214  8176 processor.cc:709] Processor thread stopped
I0929 12:29:39.453214  8176 processor.cc:710] Total number of processed batches: 0
I0929 12:29:39.474483  6636 processor.cc:709] Processor thread stopped
I0929 12:29:39.474483  6636 processor.cc:710] Total number of processed batches: 0
I0929 12:29:39.490355 12436 processor.cc:709] Processor thread stopped
I0929 12:29:39.490355 12436 processor.cc:710] Total number of processed batches: 0
I0929 12:29:39.505947  1580 processor.cc:709] Processor thread stopped
I0929 12:29:39.505947  1580 processor.cc:710] Total number of processed batches: 0
I0929 12:29:39.521513 11120 processor.cc:709] Processor thread stopped
I0929 12:29:39.521513 11120 processor.cc:710] Total number of processed batches: 0
I0929 12:29:39.537106  1760 processor.cc:709] Processor thread stopped
I0929 12:29:39.537106  1760 processor.cc:710] Total number of processed batches: 0
I0929 12:29:39.537106  5020 c_interface.cc:336] Disposing MasterComponent (id=3)...
I0929 12:29:39.720842  3836 processor.cc:717] No data in processing queue, waiting...
I0929 12:29:39.720842 13944 processor.cc:717] No data in processing queue, waiting...
I0929 12:29:39.720842  4504 processor.cc:717] No data in processing queue, waiting...
I0929 12:29:39.720842 11116 processor.cc:717] No data in processing queue, waiting...
I0929 12:29:39.720842  4104 processor.cc:717] No data in processing queue, waiting...
I0929 12:29:39.720842 16076 processor.cc:717] No data in processing queue, waiting...
I0929 12:29:39.720842  3164 processor.cc:717] No data in processing queue, waiting...
I0929 12:29:39.720842  2328 processor.cc:717] No data in processing queue, waiting...
I0929 12:29:40.343053  5020 c_interface.cc:271] Creating MasterModel (id=6)...
I0929 12:29:40.343053  5020 c_interface.cc:372] Pass dictionary to void (__cdecl artm::core::MasterComponent::*)(class std::basic_string<char,struct std::char_traits<char>,class std::allocator<char> > const & __ptr64) __ptr64
I0929 12:29:40.348007  5020 c_interface.cc:336] Disposing MasterComponent (id=4)...
I0929 12:29:40.348007  5020 c_interface.cc:372] Pass dictionary to void (__cdecl artm::core::MasterComponent::*)(class std::basic_string<char,struct std::char_traits<char>,class std::allocator<char> > const & __ptr64) __ptr64
I0929 12:29:40.348007  5020 c_interface.cc:386] Pass GatherDictionaryArgs: dictionary_target_name=dictionary, data_path=school_batches, symmetric_cooc_values=0 to void (__cdecl artm::core::MasterComponent::*)(class artm::GatherDictionaryArgs const & __ptr64) __ptr64
I0929 12:29:40.349041  5020 dictionary_operations.cc:249] Found 5 batches in 'school_batches' folder
I0929 12:29:40.390954  5020 dictionary_operations.cc:313] Find 16080 unique tokens in 475 items
I0929 12:57:02.078537  5020 c_interface.cc:386] Pass MasterModelConfig: topic_name_size=10, class=(text:1), score_config_size=2, num_processors=0, pwt_name=pwt, nwt_name=nwt, num_document_passes=1, reuse_theta=yes, cache_theta=yes, opt_for_avx=yes, disk_cache_path to void (__cdecl artm::core::MasterComponent::*)(class artm::MasterModelConfig const & __ptr64) __ptr64
I0929 12:57:02.078537  5020 instance.cc:401] MasterModelConfig.processors_count is automatically set to 8
I0929 12:57:02.078537  5020 perplexity.cc:26] Perplexity score calculator created: model_type=1, dictionary_name=dictionary
I0929 12:57:02.078537  5020 c_interface.cc:386] Pass MasterModelConfig: topic_name_size=10, class=(text:1), score_config_size=3, num_processors=0, pwt_name=pwt, nwt_name=nwt, num_document_passes=1, reuse_theta=yes, cache_theta=yes, opt_for_avx=yes, disk_cache_path to void (__cdecl artm::core::MasterComponent::*)(class artm::MasterModelConfig const & __ptr64) __ptr64
I0929 12:57:02.078537  5020 instance.cc:401] MasterModelConfig.processors_count is automatically set to 8
I0929 12:57:02.078537  5020 perplexity.cc:26] Perplexity score calculator created: model_type=1, dictionary_name=dictionary
I0929 12:57:02.078537  5020 c_interface.cc:386] Pass MasterModelConfig: topic_name_size=10, class=(text:1), score_config_size=4, num_processors=0, pwt_name=pwt, nwt_name=nwt, num_document_passes=1, reuse_theta=yes, cache_theta=yes, opt_for_avx=yes, disk_cache_path to void (__cdecl artm::core::MasterComponent::*)(class artm::MasterModelConfig const & __ptr64) __ptr64
I0929 12:57:02.078537  5020 instance.cc:401] MasterModelConfig.processors_count is automatically set to 8
I0929 12:57:02.078537  5020 perplexity.cc:26] Perplexity score calculator created: model_type=1, dictionary_name=dictionary
I0929 12:57:02.078537  5020 c_interface.cc:386] Pass MasterModelConfig: topic_name_size=10, class=(text:1), score_config_size=5, num_processors=0, pwt_name=pwt, nwt_name=nwt, num_document_passes=1, reuse_theta=yes, cache_theta=yes, opt_for_avx=yes, disk_cache_path to void (__cdecl artm::core::MasterComponent::*)(class artm::MasterModelConfig const & __ptr64) __ptr64
I0929 12:57:02.078537  5020 instance.cc:401] MasterModelConfig.processors_count is automatically set to 8
I0929 12:57:02.078537  5020 perplexity.cc:26] Perplexity score calculator created: model_type=1, dictionary_name=dictionary
I0929 12:58:52.107648  5020 c_interface.cc:372] Pass pwt to void (__cdecl artm::core::MasterComponent::*)(class std::basic_string<char,struct std::char_traits<char>,class std::allocator<char> > const & __ptr64) __ptr64
I0929 12:58:52.107648  5020 c_interface.cc:372] Pass nwt to void (__cdecl artm::core::MasterComponent::*)(class std::basic_string<char,struct std::char_traits<char>,class std::allocator<char> > const & __ptr64) __ptr64
I0929 12:58:52.107648  5020 c_interface.cc:386] Pass InitializeModelArgs: model_name=pwt, dictionary_name=dictionary, topic_name_size=10 to void (__cdecl artm::core::MasterComponent::*)(class artm::InitializeModelArgs const & __ptr64) __ptr64
I0929 12:58:52.195715  5020 master_component.cc:620] InitializeModel() created matrix pwt with 10 topics and 16080 tokens; 
I0929 12:58:52.195812  5020 c_interface.cc:386] Pass InitializeModelArgs: model_name=nwt, dictionary_name=dictionary, topic_name_size=10 to void (__cdecl artm::core::MasterComponent::*)(class artm::InitializeModelArgs const & __ptr64) __ptr64
I0929 12:58:52.258339  5020 master_component.cc:620] InitializeModel() created matrix nwt with 10 topics and 16080 tokens; 
I0929 12:58:52.258339  5020 phi_matrix_operations.cc:84] RetrieveExternalTopicModel() with 10 topics, 16080 tokens
I0929 12:58:52.273977  5020 c_interface.cc:230] ArtmCopyRequestedMessage is copying 477077 bytes...
I0929 12:59:19.968211  5020 c_interface.cc:230] ArtmCopyRequestedMessage is copying 654 bytes...
I0929 12:59:55.988515 15776 c_interface.cc:386] Pass FitOfflineMasterModelArgs, batch_filename_size=5, batch_weight_size=5, num_collection_passes=1 to void (__cdecl artm::core::MasterComponent::*)(class artm::FitOfflineMasterModelArgs const & __ptr64) __ptr64
I0929 12:59:55.988515 15776 master_component.cc:1340] ProcessBatchesArgs: nwt_target_name=nwt, batch_filename_size=5, batch_size=0, batch_weight_size=5, pwt_source_name=pwt, num_document_passes=1, class=(text:1), reuse_theta=yes, opt_for_avx=yes, predict_class_id=
I0929 12:59:56.019805 15776 master_component.cc:772] Batches count (=5) is smaller than num processors (=8), which may cause suboptimal performance.
I0929 12:59:56.036000 13944 processor.cc:724] Processing queue has data, processing started
I0929 12:59:56.036000  4504 processor.cc:724] Processing queue has data, processing started
I0929 12:59:56.036000  2328 processor.cc:724] Processing queue has data, processing started
I0929 12:59:56.036000  3164 processor.cc:724] Processing queue has data, processing started
I0929 12:59:56.036000 11116 processor.cc:724] Processing queue has data, processing started
I0929 12:59:56.036000  3164 processor.cc:802] Processor: start processing batch 08a6e9cc-52e3-4c3a-af89-41dc340b31a5 into model nwt
I0929 12:59:56.036000 13944 processor.cc:802] Processor: start processing batch 5ee4f08b-a3cc-484a-a125-d05ea514f6b8 into model nwt
I0929 12:59:56.036000  2328 processor.cc:802] Processor: start processing batch a3b79662-78c9-4a84-93ec-296f8ab0ce82 into model nwt
I0929 12:59:56.036000 11116 processor.cc:802] Processor: start processing batch 5f8ed2ad-eff0-44fc-acc1-bff987d1bf55 into model nwt
I0929 12:59:56.036000  4504 processor.cc:802] Processor: start processing batch 422084be-ef15-40e8-beac-d1eb08743b28 into model nwt
I0929 12:59:56.066622  2328 processor.cc:898] Processor: complete processing batch a3b79662-78c9-4a84-93ec-296f8ab0ce82 into model nwt
I0929 12:59:56.066622  2328 cuckoo_watch.h:45] 39ms in ProcessBatch(school_batches\aaaaae.batch) [including 4ms in LoadMessage; 1ms in InitializeSparseNdw; 9ms in InferThetaAndUpdateNwtSparse; 10ms in CalculateScore(PerplexityScore); 3ms in CalculateScore(SparsityThetaScore); 9ms in CalculateScore(^^^ItemsProcessedScore^^^); ]
I0929 12:59:56.066622 11116 processor.cc:898] Processor: complete processing batch 5f8ed2ad-eff0-44fc-acc1-bff987d1bf55 into model nwt
I0929 12:59:56.066622  3164 processor.cc:898] Processor: complete processing batch 08a6e9cc-52e3-4c3a-af89-41dc340b31a5 into model nwt
I0929 12:59:56.066622  3164 cuckoo_watch.h:45] 41ms in ProcessBatch(school_batches\aaaaad.batch) [including 3ms in LoadMessage; 2ms in InitializeSparseNdw; 9ms in InferThetaAndUpdateNwtSparse; 10ms in CalculateScore(PerplexityScore); 2ms in CalculateScore(SparsityThetaScore); 10ms in CalculateScore(^^^ItemsProcessedScore^^^); ]
I0929 12:59:56.066622 11116 cuckoo_watch.h:45] 41ms in ProcessBatch(school_batches\aaaaac.batch) [including 4ms in LoadMessage; 1ms in InitializeSparseNdw; 9ms in InferThetaAndUpdateNwtSparse; 11ms in CalculateScore(PerplexityScore); 2ms in CalculateScore(SparsityThetaScore); 9ms in CalculateScore(^^^ItemsProcessedScore^^^); ]
I0929 12:59:56.082247 13944 processor.cc:898] Processor: complete processing batch 5ee4f08b-a3cc-484a-a125-d05ea514f6b8 into model nwt
I0929 12:59:56.082247  4504 processor.cc:898] Processor: complete processing batch 422084be-ef15-40e8-beac-d1eb08743b28 into model nwt
I0929 12:59:56.082247 13944 cuckoo_watch.h:45] 52ms in ProcessBatch(school_batches\aaaaaa.batch) [including 4ms in LoadMessage; 1ms in InitializeSparseNdw; 12ms in InferThetaAndUpdateNwtSparse; 16ms in CalculateScore(PerplexityScore); 5ms in CalculateScore(SparsityThetaScore); 10ms in CalculateScore(^^^ItemsProcessedScore^^^); ]
I0929 12:59:56.082247  4504 cuckoo_watch.h:45] 52ms in ProcessBatch(school_batches\aaaaab.batch) [including 4ms in LoadMessage; 1ms in InitializeSparseNdw; 12ms in InferThetaAndUpdateNwtSparse; 16ms in CalculateScore(PerplexityScore); 5ms in CalculateScore(SparsityThetaScore); 10ms in CalculateScore(^^^ItemsProcessedScore^^^); ]
I0929 12:59:56.098460 15776 master_component.cc:1391] NormalizeModelArgs: pwt_target_name=pwt, nwt_source_name=nwt, rwt_source_name=
I0929 12:59:56.098460 15776 master_component.cc:952] MasterComponent: start normalizing model nwt
I0929 12:59:56.113554 15776 master_component.cc:980] MasterComponent: complete normalizing model nwt
I0929 12:59:56.144729 15776 master_component.cc:1415] DisposeModel rwt
I0929 12:59:56.144729 15776 master_component.cc:1005] FitOffline: ItemsProcessed, num_items=475, num_batches=5, token_weight=160064, token_weight_in_effect=160064
I0929 12:59:56.144729  5020 c_interface.cc:559] Pass GetScoreValueArgs, score_name=^^^ItemsProcessedScore^^^ to MasterComponent::Request
I0929 12:59:56.144729  5020 c_interface.cc:230] ArtmCopyRequestedMessage is copying 46 bytes...
I0929 12:59:56.144729 15776 c_interface.cc:386] Pass FitOfflineMasterModelArgs, batch_filename_size=5, batch_weight_size=5, num_collection_passes=1 to void (__cdecl artm::core::MasterComponent::*)(class artm::FitOfflineMasterModelArgs const & __ptr64) __ptr64
I0929 12:59:56.144729 15776 master_component.cc:1340] ProcessBatchesArgs: nwt_target_name=nwt, batch_filename_size=5, batch_size=0, batch_weight_size=5, pwt_source_name=pwt, num_document_passes=1, class=(text:1), reuse_theta=yes, opt_for_avx=yes, predict_class_id=
I0929 12:59:56.191882  4104 processor.cc:724] Processing queue has data, processing started
I0929 12:59:56.191882  3836 processor.cc:724] Processing queue has data, processing started
I0929 12:59:56.191882  3836 processor.cc:802] Processor: start processing batch a3b79662-78c9-4a84-93ec-296f8ab0ce82 into model nwt
I0929 12:59:56.191882 11116 processor.cc:802] Processor: start processing batch 08a6e9cc-52e3-4c3a-af89-41dc340b31a5 into model nwt
I0929 12:59:56.191882  4104 processor.cc:802] Processor: start processing batch 5f8ed2ad-eff0-44fc-acc1-bff987d1bf55 into model nwt
I0929 12:59:56.191882  4504 processor.cc:802] Processor: start processing batch 5ee4f08b-a3cc-484a-a125-d05ea514f6b8 into model nwt
I0929 12:59:56.191882 13944 processor.cc:802] Processor: start processing batch 422084be-ef15-40e8-beac-d1eb08743b28 into model nwt
I0929 12:59:56.222836  3836 processor.cc:898] Processor: complete processing batch a3b79662-78c9-4a84-93ec-296f8ab0ce82 into model nwt
I0929 12:59:56.222836  3836 cuckoo_watch.h:45] 36ms in ProcessBatch(school_batches\aaaaae.batch) [including 3ms in LoadMessage; 1ms in InitializeSparseNdw; 8ms in InferThetaAndUpdateNwtSparse; 10ms in CalculateScore(PerplexityScore); 2ms in CalculateScore(SparsityThetaScore); 8ms in CalculateScore(^^^ItemsProcessedScore^^^); ]
I0929 12:59:56.222836  4104 processor.cc:898] Processor: complete processing batch 5f8ed2ad-eff0-44fc-acc1-bff987d1bf55 into model nwt
I0929 12:59:56.222836 11116 processor.cc:898] Processor: complete processing batch 08a6e9cc-52e3-4c3a-af89-41dc340b31a5 into model nwt
I0929 12:59:56.222836  4104 cuckoo_watch.h:45] 39ms in ProcessBatch(school_batches\aaaaac.batch) [including 3ms in LoadMessage; 1ms in InitializeSparseNdw; 8ms in InferThetaAndUpdateNwtSparse; 11ms in CalculateScore(PerplexityScore); 2ms in CalculateScore(SparsityThetaScore); 10ms in CalculateScore(^^^ItemsProcessedScore^^^); ]
I0929 12:59:56.222836 11116 cuckoo_watch.h:45] 39ms in ProcessBatch(school_batches\aaaaad.batch) [including 3ms in LoadMessage; 1ms in InitializeSparseNdw; 8ms in InferThetaAndUpdateNwtSparse; 11ms in CalculateScore(PerplexityScore); 3ms in CalculateScore(SparsityThetaScore); 9ms in CalculateScore(^^^ItemsProcessedScore^^^); ]
I0929 12:59:56.238461  4504 processor.cc:898] Processor: complete processing batch 5ee4f08b-a3cc-484a-a125-d05ea514f6b8 into model nwt
I0929 12:59:56.238461  4504 cuckoo_watch.h:45] 50ms in ProcessBatch(school_batches\aaaaaa.batch) [including 4ms in LoadMessage; 1ms in InitializeSparseNdw; 12ms in InferThetaAndUpdateNwtSparse; 16ms in CalculateScore(PerplexityScore); 4ms in CalculateScore(SparsityThetaScore); 9ms in CalculateScore(^^^ItemsProcessedScore^^^); ]
I0929 12:59:56.238461 13944 processor.cc:898] Processor: complete processing batch 422084be-ef15-40e8-beac-d1eb08743b28 into model nwt
I0929 12:59:56.238461 13944 cuckoo_watch.h:45] 52ms in ProcessBatch(school_batches\aaaaab.batch) [including 5ms in LoadMessage; 1ms in InitializeSparseNdw; 12ms in InferThetaAndUpdateNwtSparse; 16ms in CalculateScore(PerplexityScore); 4ms in CalculateScore(SparsityThetaScore); 9ms in CalculateScore(^^^ItemsProcessedScore^^^); ]
I0929 12:59:56.254354 15776 master_component.cc:1391] NormalizeModelArgs: pwt_target_name=pwt, nwt_source_name=nwt, rwt_source_name=
I0929 12:59:56.254354 15776 master_component.cc:952] MasterComponent: start normalizing model nwt
I0929 12:59:56.285327 15776 master_component.cc:980] MasterComponent: complete normalizing model nwt
I0929 12:59:56.300947 15776 master_component.cc:1415] DisposeModel rwt
I0929 12:59:56.300947 15776 master_component.cc:1005] FitOffline: ItemsProcessed, num_items=475, num_batches=5, token_weight=160064, token_weight_in_effect=160064
I0929 12:59:56.300947  5020 c_interface.cc:559] Pass GetScoreValueArgs, score_name=^^^ItemsProcessedScore^^^ to MasterComponent::Request
I0929 12:59:56.300947  5020 c_interface.cc:230] ArtmCopyRequestedMessage is copying 46 bytes...
I0929 12:59:56.300947 15776 c_interface.cc:386] Pass FitOfflineMasterModelArgs, batch_filename_size=5, batch_weight_size=5, num_collection_passes=1 to void (__cdecl artm::core::MasterComponent::*)(class artm::FitOfflineMasterModelArgs const & __ptr64) __ptr64
I0929 12:59:56.300947 15776 master_component.cc:1340] ProcessBatchesArgs: nwt_target_name=nwt, batch_filename_size=5, batch_size=0, batch_weight_size=5, pwt_source_name=pwt, num_document_passes=1, class=(text:1), reuse_theta=yes, opt_for_avx=yes, predict_class_id=
I0929 12:59:56.347820 16076 processor.cc:724] Processing queue has data, processing started
I0929 12:59:56.347820  3164 processor.cc:802] Processor: start processing batch a3b79662-78c9-4a84-93ec-296f8ab0ce82 into model nwt
I0929 12:59:56.347820  4104 processor.cc:802] Processor: start processing batch 08a6e9cc-52e3-4c3a-af89-41dc340b31a5 into model nwt
I0929 12:59:56.347820 16076 processor.cc:802] Processor: start processing batch 5f8ed2ad-eff0-44fc-acc1-bff987d1bf55 into model nwt
I0929 12:59:56.347820 13944 processor.cc:802] Processor: start processing batch 5ee4f08b-a3cc-484a-a125-d05ea514f6b8 into model nwt
I0929 12:59:56.347820  4504 processor.cc:802] Processor: start processing batch 422084be-ef15-40e8-beac-d1eb08743b28 into model nwt
I0929 12:59:56.379050  2328 processor.cc:717] No data in processing queue, waiting...
I0929 12:59:56.394671  3164 processor.cc:898] Processor: complete processing batch a3b79662-78c9-4a84-93ec-296f8ab0ce82 into model nwt
I0929 12:59:56.394671  3164 cuckoo_watch.h:45] 48ms in ProcessBatch(school_batches\aaaaae.batch) [including 7ms in LoadMessage; 2ms in InitializeSparseNdw; 12ms in InferThetaAndUpdateNwtSparse; 11ms in CalculateScore(PerplexityScore); 2ms in CalculateScore(SparsityThetaScore); 8ms in CalculateScore(^^^ItemsProcessedScore^^^); ]
I0929 12:59:56.394671  4104 processor.cc:898] Processor: complete processing batch 08a6e9cc-52e3-4c3a-af89-41dc340b31a5 into model nwt
I0929 12:59:56.394671 16076 processor.cc:898] Processor: complete processing batch 5f8ed2ad-eff0-44fc-acc1-bff987d1bf55 into model nwt
I0929 12:59:56.394671  4104 cuckoo_watch.h:45] 51ms in ProcessBatch(school_batches\aaaaad.batch) [including 8ms in LoadMessage; 2ms in InitializeSparseNdw; 12ms in InferThetaAndUpdateNwtSparse; 12ms in CalculateScore(PerplexityScore); 2ms in CalculateScore(SparsityThetaScore); 10ms in CalculateScore(^^^ItemsProcessedScore^^^); ]
I0929 12:59:56.394671 16076 cuckoo_watch.h:45] 51ms in ProcessBatch(school_batches\aaaaac.batch) [including 8ms in LoadMessage; 2ms in InitializeSparseNdw; 12ms in InferThetaAndUpdateNwtSparse; 12ms in CalculateScore(PerplexityScore); 2ms in CalculateScore(SparsityThetaScore); 10ms in CalculateScore(^^^ItemsProcessedScore^^^); ]
I0929 12:59:56.410296 13944 processor.cc:898] Processor: complete processing batch 5ee4f08b-a3cc-484a-a125-d05ea514f6b8 into model nwt
I0929 12:59:56.410296  4504 processor.cc:898] Processor: complete processing batch 422084be-ef15-40e8-beac-d1eb08743b28 into model nwt
I0929 12:59:56.410296 13944 cuckoo_watch.h:45] 64ms in ProcessBatch(school_batches\aaaaaa.batch) [including 12ms in LoadMessage; 3ms in InitializeSparseNdw; 14ms in InferThetaAndUpdateNwtSparse; 16ms in CalculateScore(PerplexityScore); 4ms in CalculateScore(SparsityThetaScore); 10ms in CalculateScore(^^^ItemsProcessedScore^^^); ]
I0929 12:59:56.410296  4504 cuckoo_watch.h:45] 64ms in ProcessBatch(school_batches\aaaaab.batch) [including 12ms in LoadMessage; 3ms in InitializeSparseNdw; 15ms in InferThetaAndUpdateNwtSparse; 16ms in CalculateScore(PerplexityScore); 4ms in CalculateScore(SparsityThetaScore); 9ms in CalculateScore(^^^ItemsProcessedScore^^^); ]
I0929 12:59:56.426229 15776 master_component.cc:1391] NormalizeModelArgs: pwt_target_name=pwt, nwt_source_name=nwt, rwt_source_name=
I0929 12:59:56.426229 15776 master_component.cc:952] MasterComponent: start normalizing model nwt
I0929 12:59:56.441578 15776 master_component.cc:980] MasterComponent: complete normalizing model nwt
I0929 12:59:56.472812 15776 master_component.cc:1415] DisposeModel rwt
I0929 12:59:56.472812 15776 master_component.cc:1005] FitOffline: ItemsProcessed, num_items=475, num_batches=5, token_weight=160064, token_weight_in_effect=160064
I0929 12:59:56.472812  5020 c_interface.cc:559] Pass GetScoreValueArgs, score_name=^^^ItemsProcessedScore^^^ to MasterComponent::Request
I0929 12:59:56.472812  5020 c_interface.cc:230] ArtmCopyRequestedMessage is copying 46 bytes...
I0929 12:59:56.472812 15776 c_interface.cc:386] Pass FitOfflineMasterModelArgs, batch_filename_size=5, batch_weight_size=5, num_collection_passes=1 to void (__cdecl artm::core::MasterComponent::*)(class artm::FitOfflineMasterModelArgs const & __ptr64) __ptr64
I0929 12:59:56.472812 15776 master_component.cc:1340] ProcessBatchesArgs: nwt_target_name=nwt, batch_filename_size=5, batch_size=0, batch_weight_size=5, pwt_source_name=pwt, num_document_passes=1, class=(text:1), reuse_theta=yes, opt_for_avx=yes, predict_class_id=
I0929 12:59:56.504087  4504 processor.cc:802] Processor: start processing batch 5ee4f08b-a3cc-484a-a125-d05ea514f6b8 into model nwt
I0929 12:59:56.519708  2328 processor.cc:724] Processing queue has data, processing started
I0929 12:59:56.519708  2328 processor.cc:802] Processor: start processing batch 5f8ed2ad-eff0-44fc-acc1-bff987d1bf55 into model nwt
I0929 12:59:56.519708  3836 processor.cc:802] Processor: start processing batch 422084be-ef15-40e8-beac-d1eb08743b28 into model nwt
I0929 12:59:56.519708  4104 processor.cc:802] Processor: start processing batch a3b79662-78c9-4a84-93ec-296f8ab0ce82 into model nwt
I0929 12:59:56.519708 13944 processor.cc:802] Processor: start processing batch 08a6e9cc-52e3-4c3a-af89-41dc340b31a5 into model nwt
I0929 12:59:56.535264 11116 processor.cc:717] No data in processing queue, waiting...
I0929 12:59:56.535264  4504 processor.cc:898] Processor: complete processing batch 5ee4f08b-a3cc-484a-a125-d05ea514f6b8 into model nwt
I0929 12:59:56.535264  4504 cuckoo_watch.h:45] 40ms in ProcessBatch(school_batches\aaaaaa.batch) [including 3ms in LoadMessage; 1ms in InitializeSparseNdw; 8ms in InferThetaAndUpdateNwtSparse; 13ms in CalculateScore(PerplexityScore); 3ms in CalculateScore(SparsityThetaScore); 9ms in CalculateScore(^^^ItemsProcessedScore^^^); ]
I0929 12:59:56.550884  3836 processor.cc:898] Processor: complete processing batch 422084be-ef15-40e8-beac-d1eb08743b28 into model nwt
I0929 12:59:56.550884  3836 cuckoo_watch.h:45] 40ms in ProcessBatch(school_batches\aaaaab.batch) [including 4ms in LoadMessage; 1ms in InitializeSparseNdw; 8ms in InferThetaAndUpdateNwtSparse; 11ms in CalculateScore(PerplexityScore); 2ms in CalculateScore(SparsityThetaScore); 10ms in CalculateScore(^^^ItemsProcessedScore^^^); ]
I0929 12:59:56.550884 13944 processor.cc:898] Processor: complete processing batch 08a6e9cc-52e3-4c3a-af89-41dc340b31a5 into model nwt
I0929 12:59:56.550884  2328 processor.cc:898] Processor: complete processing batch 5f8ed2ad-eff0-44fc-acc1-bff987d1bf55 into model nwt
I0929 12:59:56.550884 13944 cuckoo_watch.h:45] 44ms in ProcessBatch(school_batches\aaaaad.batch) [including 4ms in LoadMessage; 1ms in InitializeSparseNdw; 11ms in InferThetaAndUpdateNwtSparse; 11ms in CalculateScore(PerplexityScore); 3ms in CalculateScore(SparsityThetaScore); 10ms in CalculateScore(^^^ItemsProcessedScore^^^); ]
I0929 12:59:56.550884  2328 cuckoo_watch.h:45] 45ms in ProcessBatch(school_batches\aaaaac.batch) [including 3ms in LoadMessage; 1ms in InitializeSparseNdw; 9ms in InferThetaAndUpdateNwtSparse; 15ms in CalculateScore(PerplexityScore); 3ms in CalculateScore(SparsityThetaScore); 11ms in CalculateScore(^^^ItemsProcessedScore^^^); ]
I0929 12:59:56.550884  4104 processor.cc:898] Processor: complete processing batch a3b79662-78c9-4a84-93ec-296f8ab0ce82 into model nwt
I0929 12:59:56.550884  4104 cuckoo_watch.h:45] 46ms in ProcessBatch(school_batches\aaaaae.batch) [including 4ms in LoadMessage; 1ms in InitializeSparseNdw; 11ms in InferThetaAndUpdateNwtSparse; 14ms in CalculateScore(PerplexityScore); 3ms in CalculateScore(SparsityThetaScore); 8ms in CalculateScore(^^^ItemsProcessedScore^^^); ]
I0929 12:59:56.566820 15776 master_component.cc:1391] NormalizeModelArgs: pwt_target_name=pwt, nwt_source_name=nwt, rwt_source_name=
I0929 12:59:56.566820 15776 master_component.cc:952] MasterComponent: start normalizing model nwt
I0929 12:59:56.582129 15776 master_component.cc:980] MasterComponent: complete normalizing model nwt
I0929 12:59:56.613433 15776 master_component.cc:1415] DisposeModel rwt
I0929 12:59:56.613433 15776 master_component.cc:1005] FitOffline: ItemsProcessed, num_items=475, num_batches=5, token_weight=160064, token_weight_in_effect=160064
I0929 12:59:56.613433  5020 c_interface.cc:559] Pass GetScoreValueArgs, score_name=^^^ItemsProcessedScore^^^ to MasterComponent::Request
I0929 12:59:56.613433  5020 c_interface.cc:230] ArtmCopyRequestedMessage is copying 46 bytes...
I0929 12:59:56.613433 15776 c_interface.cc:386] Pass FitOfflineMasterModelArgs, batch_filename_size=5, batch_weight_size=5, num_collection_passes=1 to void (__cdecl artm::core::MasterComponent::*)(class artm::FitOfflineMasterModelArgs const & __ptr64) __ptr64
I0929 12:59:56.613433 15776 master_component.cc:1340] ProcessBatchesArgs: nwt_target_name=nwt, batch_filename_size=5, batch_size=0, batch_weight_size=5, pwt_source_name=pwt, num_document_passes=1, class=(text:1), reuse_theta=yes, opt_for_avx=yes, predict_class_id=
I0929 12:59:56.644680 13944 processor.cc:802] Processor: start processing batch 422084be-ef15-40e8-beac-d1eb08743b28 into model nwt
I0929 12:59:56.644680  4104 processor.cc:802] Processor: start processing batch a3b79662-78c9-4a84-93ec-296f8ab0ce82 into model nwt
I0929 12:59:56.644680  2328 processor.cc:802] Processor: start processing batch 5ee4f08b-a3cc-484a-a125-d05ea514f6b8 into model nwt
I0929 12:59:56.644680  3164 processor.cc:802] Processor: start processing batch 5f8ed2ad-eff0-44fc-acc1-bff987d1bf55 into model nwt
I0929 12:59:56.644680  3836 processor.cc:802] Processor: start processing batch 08a6e9cc-52e3-4c3a-af89-41dc340b31a5 into model nwt
I0929 12:59:56.675854  4104 processor.cc:898] Processor: complete processing batch a3b79662-78c9-4a84-93ec-296f8ab0ce82 into model nwt
I0929 12:59:56.675854 13944 processor.cc:898] Processor: complete processing batch 422084be-ef15-40e8-beac-d1eb08743b28 into model nwt
I0929 12:59:56.675854  4104 cuckoo_watch.h:45] 38ms in ProcessBatch(school_batches\aaaaae.batch) [including 2ms in LoadMessage; 1ms in InitializeSparseNdw; 8ms in InferThetaAndUpdateNwtSparse; 10ms in CalculateScore(PerplexityScore); 2ms in CalculateScore(SparsityThetaScore); 11ms in CalculateScore(^^^ItemsProcessedScore^^^); ]
I0929 12:59:56.675854 13944 cuckoo_watch.h:45] 38ms in ProcessBatch(school_batches\aaaaab.batch) [including 2ms in LoadMessage; 1ms in InitializeSparseNdw; 8ms in InferThetaAndUpdateNwtSparse; 11ms in CalculateScore(PerplexityScore); 2ms in CalculateScore(SparsityThetaScore); 10ms in CalculateScore(^^^ItemsProcessedScore^^^); ]
I0929 12:59:56.675854  2328 processor.cc:898] Processor: complete processing batch 5ee4f08b-a3cc-484a-a125-d05ea514f6b8 into model nwt
I0929 12:59:56.675854  2328 cuckoo_watch.h:45] 42ms in ProcessBatch(school_batches\aaaaaa.batch) [including 3ms in LoadMessage; 1ms in InitializeSparseNdw; 7ms in InferThetaAndUpdateNwtSparse; 14ms in CalculateScore(PerplexityScore); 4ms in CalculateScore(SparsityThetaScore); 10ms in CalculateScore(^^^ItemsProcessedScore^^^); ]
I0929 12:59:56.675854  3836 processor.cc:898] Processor: complete processing batch 08a6e9cc-52e3-4c3a-af89-41dc340b31a5 into model nwt
I0929 12:59:56.691516  3836 cuckoo_watch.h:45] 47ms in ProcessBatch(school_batches\aaaaad.batch) [including 4ms in LoadMessage; 1ms in InitializeSparseNdw; 11ms in InferThetaAndUpdateNwtSparse; 11ms in CalculateScore(PerplexityScore); 4ms in CalculateScore(SparsityThetaScore); 11ms in CalculateScore(^^^ItemsProcessedScore^^^); ]
I0929 12:59:56.691516  3164 processor.cc:898] Processor: complete processing batch 5f8ed2ad-eff0-44fc-acc1-bff987d1bf55 into model nwt
I0929 12:59:56.691516  3164 cuckoo_watch.h:45] 50ms in ProcessBatch(school_batches\aaaaac.batch) [including 4ms in LoadMessage; 1ms in InitializeSparseNdw; 13ms in InferThetaAndUpdateNwtSparse; 15ms in CalculateScore(PerplexityScore); 3ms in CalculateScore(SparsityThetaScore); 10ms in CalculateScore(^^^ItemsProcessedScore^^^); ]
I0929 12:59:56.707378 16076 processor.cc:717] No data in processing queue, waiting...
I0929 12:59:56.707378 15776 master_component.cc:1391] NormalizeModelArgs: pwt_target_name=pwt, nwt_source_name=nwt, rwt_source_name=
I0929 12:59:56.707378 15776 master_component.cc:952] MasterComponent: start normalizing model nwt
I0929 12:59:56.722798 15776 master_component.cc:980] MasterComponent: complete normalizing model nwt
I0929 12:59:56.754029 15776 master_component.cc:1415] DisposeModel rwt
I0929 12:59:56.754029 15776 master_component.cc:1005] FitOffline: ItemsProcessed, num_items=475, num_batches=5, token_weight=160064, token_weight_in_effect=160064
I0929 12:59:56.754029  5020 c_interface.cc:559] Pass GetScoreValueArgs, score_name=^^^ItemsProcessedScore^^^ to MasterComponent::Request
I0929 12:59:56.754029  5020 c_interface.cc:230] ArtmCopyRequestedMessage is copying 46 bytes...
I0929 12:59:56.754029 15776 c_interface.cc:386] Pass FitOfflineMasterModelArgs, batch_filename_size=5, batch_weight_size=5, num_collection_passes=1 to void (__cdecl artm::core::MasterComponent::*)(class artm::FitOfflineMasterModelArgs const & __ptr64) __ptr64
I0929 12:59:56.754029 15776 master_component.cc:1340] ProcessBatchesArgs: nwt_target_name=nwt, batch_filename_size=5, batch_size=0, batch_weight_size=5, pwt_source_name=pwt, num_document_passes=1, class=(text:1), reuse_theta=yes, opt_for_avx=yes, predict_class_id=
I0929 12:59:56.785681 11116 processor.cc:724] Processing queue has data, processing started
I0929 12:59:56.785681  3836 processor.cc:802] Processor: start processing batch 08a6e9cc-52e3-4c3a-af89-41dc340b31a5 into model nwt
I0929 12:59:56.785681  3164 processor.cc:802] Processor: start processing batch a3b79662-78c9-4a84-93ec-296f8ab0ce82 into model nwt
I0929 12:59:56.785681  2328 processor.cc:802] Processor: start processing batch 422084be-ef15-40e8-beac-d1eb08743b28 into model nwt
I0929 12:59:56.785681 11116 processor.cc:802] Processor: start processing batch 5f8ed2ad-eff0-44fc-acc1-bff987d1bf55 into model nwt
I0929 12:59:56.785681  4504 processor.cc:802] Processor: start processing batch 5ee4f08b-a3cc-484a-a125-d05ea514f6b8 into model nwt
I0929 12:59:56.816447  3164 processor.cc:898] Processor: complete processing batch a3b79662-78c9-4a84-93ec-296f8ab0ce82 into model nwt
I0929 12:59:56.816447  3836 processor.cc:898] Processor: complete processing batch 08a6e9cc-52e3-4c3a-af89-41dc340b31a5 into model nwt
I0929 12:59:56.816447  3164 cuckoo_watch.h:45] 37ms in ProcessBatch(school_batches\aaaaae.batch) [including 2ms in LoadMessage; 1ms in InitializeSparseNdw; 8ms in InferThetaAndUpdateNwtSparse; 10ms in CalculateScore(PerplexityScore); 2ms in CalculateScore(SparsityThetaScore); 10ms in CalculateScore(^^^ItemsProcessedScore^^^); ]
I0929 12:59:56.816447  3836 cuckoo_watch.h:45] 37ms in ProcessBatch(school_batches\aaaaad.batch) [including 2ms in LoadMessage; 1ms in InitializeSparseNdw; 8ms in InferThetaAndUpdateNwtSparse; 11ms in CalculateScore(PerplexityScore); 2ms in CalculateScore(SparsityThetaScore); 9ms in CalculateScore(^^^ItemsProcessedScore^^^); ]
I0929 12:59:56.816447 11116 processor.cc:898] Processor: complete processing batch 5f8ed2ad-eff0-44fc-acc1-bff987d1bf55 into model nwt
I0929 12:59:56.816447 11116 cuckoo_watch.h:45] 40ms in ProcessBatch(school_batches\aaaaac.batch) [including 4ms in LoadMessage; 1ms in InitializeSparseNdw; 8ms in InferThetaAndUpdateNwtSparse; 11ms in CalculateScore(PerplexityScore); 2ms in CalculateScore(SparsityThetaScore); 12ms in CalculateScore(^^^ItemsProcessedScore^^^); ]
I0929 12:59:56.832072  2328 processor.cc:898] Processor: complete processing batch 422084be-ef15-40e8-beac-d1eb08743b28 into model nwt
I0929 12:59:56.832072  2328 cuckoo_watch.h:45] 50ms in ProcessBatch(school_batches\aaaaab.batch) [including 2ms in LoadMessage; 1ms in InitializeSparseNdw; 12ms in InferThetaAndUpdateNwtSparse; 16ms in CalculateScore(PerplexityScore); 5ms in CalculateScore(SparsityThetaScore); 9ms in CalculateScore(^^^ItemsProcessedScore^^^); ]
I0929 12:59:56.832072  4504 processor.cc:898] Processor: complete processing batch 5ee4f08b-a3cc-484a-a125-d05ea514f6b8 into model nwt
I0929 12:59:56.832072  4504 cuckoo_watch.h:45] 51ms in ProcessBatch(school_batches\aaaaaa.batch) [including 4ms in LoadMessage; 1ms in InitializeSparseNdw; 11ms in InferThetaAndUpdateNwtSparse; 16ms in CalculateScore(PerplexityScore); 4ms in CalculateScore(SparsityThetaScore); 9ms in CalculateScore(^^^ItemsProcessedScore^^^); ]
I0929 12:59:56.848327 15776 master_component.cc:1391] NormalizeModelArgs: pwt_target_name=pwt, nwt_source_name=nwt, rwt_source_name=
I0929 12:59:56.848327 15776 master_component.cc:952] MasterComponent: start normalizing model nwt
I0929 12:59:56.863380 15776 master_component.cc:980] MasterComponent: complete normalizing model nwt
I0929 12:59:56.894554 15776 master_component.cc:1415] DisposeModel rwt
I0929 12:59:56.894554 15776 master_component.cc:1005] FitOffline: ItemsProcessed, num_items=475, num_batches=5, token_weight=160064, token_weight_in_effect=160064
I0929 12:59:56.894554  5020 c_interface.cc:559] Pass GetScoreValueArgs, score_name=^^^ItemsProcessedScore^^^ to MasterComponent::Request
I0929 12:59:56.894554  5020 c_interface.cc:230] ArtmCopyRequestedMessage is copying 46 bytes...
I0929 12:59:56.894554 15776 c_interface.cc:386] Pass FitOfflineMasterModelArgs, batch_filename_size=5, batch_weight_size=5, num_collection_passes=1 to void (__cdecl artm::core::MasterComponent::*)(class artm::FitOfflineMasterModelArgs const & __ptr64) __ptr64
I0929 12:59:56.894554 15776 master_component.cc:1340] ProcessBatchesArgs: nwt_target_name=nwt, batch_filename_size=5, batch_size=0, batch_weight_size=5, pwt_source_name=pwt, num_document_passes=1, class=(text:1), reuse_theta=yes, opt_for_avx=yes, predict_class_id=
I0929 12:59:56.926127 16076 processor.cc:724] Processing queue has data, processing started
I0929 12:59:56.926127  2328 processor.cc:802] Processor: start processing batch a3b79662-78c9-4a84-93ec-296f8ab0ce82 into model nwt
I0929 12:59:56.926127 13944 processor.cc:802] Processor: start processing batch 5ee4f08b-a3cc-484a-a125-d05ea514f6b8 into model nwt
I0929 12:59:56.926127 11116 processor.cc:802] Processor: start processing batch 08a6e9cc-52e3-4c3a-af89-41dc340b31a5 into model nwt
I0929 12:59:56.926127  3164 processor.cc:802] Processor: start processing batch 422084be-ef15-40e8-beac-d1eb08743b28 into model nwt
I0929 12:59:56.926127 16076 processor.cc:802] Processor: start processing batch 5f8ed2ad-eff0-44fc-acc1-bff987d1bf55 into model nwt
I0929 12:59:56.967533  2328 processor.cc:898] Processor: complete processing batch a3b79662-78c9-4a84-93ec-296f8ab0ce82 into model nwt
I0929 12:59:56.967533  2328 cuckoo_watch.h:45] 42ms in ProcessBatch(school_batches\aaaaae.batch) [including 2ms in LoadMessage; 1ms in InitializeSparseNdw; 13ms in InferThetaAndUpdateNwtSparse; 11ms in CalculateScore(PerplexityScore); 2ms in CalculateScore(SparsityThetaScore); 8ms in CalculateScore(^^^ItemsProcessedScore^^^); ]
I0929 12:59:56.967533 11116 processor.cc:898] Processor: complete processing batch 08a6e9cc-52e3-4c3a-af89-41dc340b31a5 into model nwt
I0929 12:59:56.967533 11116 cuckoo_watch.h:45] 45ms in ProcessBatch(school_batches\aaaaad.batch) [including 4ms in LoadMessage; 1ms in InitializeSparseNdw; 11ms in InferThetaAndUpdateNwtSparse; 11ms in CalculateScore(PerplexityScore); 2ms in CalculateScore(SparsityThetaScore); 10ms in CalculateScore(^^^ItemsProcessedScore^^^); ]
I0929 12:59:56.967533 16076 processor.cc:898] Processor: complete processing batch 5f8ed2ad-eff0-44fc-acc1-bff987d1bf55 into model nwt
I0929 12:59:56.975595 16076 cuckoo_watch.h:45] 50ms in ProcessBatch(school_batches\aaaaac.batch) [including 5ms in LoadMessage; 1ms in InitializeSparseNdw; 12ms in InferThetaAndUpdateNwtSparse; 11ms in CalculateScore(PerplexityScore); 2ms in CalculateScore(SparsityThetaScore); 11ms in CalculateScore(^^^ItemsProcessedScore^^^); ]
I0929 12:59:56.975595  3164 processor.cc:898] Processor: complete processing batch 422084be-ef15-40e8-beac-d1eb08743b28 into model nwt
I0929 12:59:56.975595 13944 processor.cc:898] Processor: complete processing batch 5ee4f08b-a3cc-484a-a125-d05ea514f6b8 into model nwt
I0929 12:59:56.975595  3164 cuckoo_watch.h:45] 56ms in ProcessBatch(school_batches\aaaaab.batch) [including 4ms in LoadMessage; 2ms in InitializeSparseNdw; 13ms in InferThetaAndUpdateNwtSparse; 17ms in CalculateScore(PerplexityScore); 4ms in CalculateScore(SparsityThetaScore); 11ms in CalculateScore(^^^ItemsProcessedScore^^^); ]
I0929 12:59:56.975595 13944 cuckoo_watch.h:45] 57ms in ProcessBatch(school_batches\aaaaaa.batch) [including 4ms in LoadMessage; 1ms in InitializeSparseNdw; 12ms in InferThetaAndUpdateNwtSparse; 17ms in CalculateScore(PerplexityScore); 4ms in CalculateScore(SparsityThetaScore); 14ms in CalculateScore(^^^ItemsProcessedScore^^^); ]
I0929 12:59:56.983788  4104 processor.cc:717] No data in processing queue, waiting...
I0929 12:59:56.983788 15776 master_component.cc:1391] NormalizeModelArgs: pwt_target_name=pwt, nwt_source_name=nwt, rwt_source_name=
I0929 12:59:56.983788 15776 master_component.cc:952] MasterComponent: start normalizing model nwt
I0929 12:59:57.001718 15776 master_component.cc:980] MasterComponent: complete normalizing model nwt
I0929 12:59:57.032920 15776 master_component.cc:1415] DisposeModel rwt
I0929 12:59:57.032920 15776 master_component.cc:1005] FitOffline: ItemsProcessed, num_items=475, num_batches=5, token_weight=160064, token_weight_in_effect=160064
I0929 12:59:57.032920  5020 c_interface.cc:559] Pass GetScoreValueArgs, score_name=^^^ItemsProcessedScore^^^ to MasterComponent::Request
I0929 12:59:57.032920  5020 c_interface.cc:230] ArtmCopyRequestedMessage is copying 46 bytes...
I0929 12:59:57.032920 15776 c_interface.cc:386] Pass FitOfflineMasterModelArgs, batch_filename_size=5, batch_weight_size=5, num_collection_passes=1 to void (__cdecl artm::core::MasterComponent::*)(class artm::FitOfflineMasterModelArgs const & __ptr64) __ptr64
I0929 12:59:57.032920 15776 master_component.cc:1340] ProcessBatchesArgs: nwt_target_name=nwt, batch_filename_size=5, batch_size=0, batch_weight_size=5, pwt_source_name=pwt, num_document_passes=1, class=(text:1), reuse_theta=yes, opt_for_avx=yes, predict_class_id=
I0929 12:59:57.064731 11116 processor.cc:802] Processor: start processing batch 422084be-ef15-40e8-beac-d1eb08743b28 into model nwt
I0929 12:59:57.064731  3164 processor.cc:802] Processor: start processing batch a3b79662-78c9-4a84-93ec-296f8ab0ce82 into model nwt
I0929 12:59:57.064731  3836 processor.cc:802] Processor: start processing batch 08a6e9cc-52e3-4c3a-af89-41dc340b31a5 into model nwt
I0929 12:59:57.064731  4504 processor.cc:802] Processor: start processing batch 5ee4f08b-a3cc-484a-a125-d05ea514f6b8 into model nwt
I0929 12:59:57.064731 13944 processor.cc:802] Processor: start processing batch 5f8ed2ad-eff0-44fc-acc1-bff987d1bf55 into model nwt
I0929 12:59:57.096603  3164 processor.cc:898] Processor: complete processing batch a3b79662-78c9-4a84-93ec-296f8ab0ce82 into model nwt
I0929 12:59:57.096603  3164 cuckoo_watch.h:45] 39ms in ProcessBatch(school_batches\aaaaae.batch) [including 2ms in LoadMessage; 1ms in InitializeSparseNdw; 8ms in InferThetaAndUpdateNwtSparse; 9ms in CalculateScore(PerplexityScore); 4ms in CalculateScore(SparsityThetaScore); 11ms in CalculateScore(^^^ItemsProcessedScore^^^); ]
I0929 12:59:57.104604 11116 processor.cc:898] Processor: complete processing batch 422084be-ef15-40e8-beac-d1eb08743b28 into model nwt
I0929 12:59:57.104604 11116 cuckoo_watch.h:45] 42ms in ProcessBatch(school_batches\aaaaab.batch) [including 2ms in LoadMessage; 1ms in InitializeSparseNdw; 8ms in InferThetaAndUpdateNwtSparse; 11ms in CalculateScore(PerplexityScore); 4ms in CalculateScore(SparsityThetaScore); 12ms in CalculateScore(^^^ItemsProcessedScore^^^); ]
I0929 12:59:57.104604  4504 processor.cc:898] Processor: complete processing batch 5ee4f08b-a3cc-484a-a125-d05ea514f6b8 into model nwt
I0929 12:59:57.104604  4504 cuckoo_watch.h:45] 45ms in ProcessBatch(school_batches\aaaaaa.batch) [including 4ms in LoadMessage; 1ms in InitializeSparseNdw; 7ms in InferThetaAndUpdateNwtSparse; 11ms in CalculateScore(PerplexityScore); 4ms in CalculateScore(SparsityThetaScore); 14ms in CalculateScore(^^^ItemsProcessedScore^^^); ]
I0929 12:59:57.112603  3836 processor.cc:898] Processor: complete processing batch 08a6e9cc-52e3-4c3a-af89-41dc340b31a5 into model nwt
I0929 12:59:57.112603  3836 cuckoo_watch.h:45] 52ms in ProcessBatch(school_batches\aaaaad.batch) [including 2ms in LoadMessage; 1ms in InitializeSparseNdw; 12ms in InferThetaAndUpdateNwtSparse; 16ms in CalculateScore(PerplexityScore); 2ms in CalculateScore(SparsityThetaScore); 14ms in CalculateScore(^^^ItemsProcessedScore^^^); ]
I0929 12:59:57.112603 13944 processor.cc:898] Processor: complete processing batch 5f8ed2ad-eff0-44fc-acc1-bff987d1bf55 into model nwt
I0929 12:59:57.112603 13944 cuckoo_watch.h:45] 55ms in ProcessBatch(school_batches\aaaaac.batch) [including 4ms in LoadMessage; 1ms in InitializeSparseNdw; 12ms in InferThetaAndUpdateNwtSparse; 16ms in CalculateScore(PerplexityScore); 4ms in CalculateScore(SparsityThetaScore); 14ms in CalculateScore(^^^ItemsProcessedScore^^^); ]
I0929 12:59:57.120604 15776 master_component.cc:1391] NormalizeModelArgs: pwt_target_name=pwt, nwt_source_name=nwt, rwt_source_name=
I0929 12:59:57.120604 15776 master_component.cc:952] MasterComponent: start normalizing model nwt
I0929 12:59:57.144605 15776 master_component.cc:980] MasterComponent: complete normalizing model nwt
I0929 12:59:57.168665 15776 master_component.cc:1415] DisposeModel rwt
I0929 12:59:57.168665 15776 master_component.cc:1005] FitOffline: ItemsProcessed, num_items=475, num_batches=5, token_weight=160064, token_weight_in_effect=160064
