I0929 14:45:55.253878 14772 c_interface.cc:386] Pass FitOfflineMasterModelArgs, batch_filename_size=5, batch_weight_size=5, num_collection_passes=1 to void (__cdecl artm::core::MasterComponent::*)(class artm::FitOfflineMasterModelArgs const & __ptr64) __ptr64
I0929 14:45:55.253878 14772 master_component.cc:1340] ProcessBatchesArgs: nwt_target_name=nwt, batch_filename_size=5, batch_size=0, batch_weight_size=5, pwt_source_name=pwt, num_document_passes=1, regularizer=(name:SparsePhi, tau:-100), class=(text:1), reuse_theta=yes, opt_for_avx=yes, predict_class_id=
I0929 14:45:55.261873 10632 processor.cc:717] No data in processing queue, waiting...
I0929 14:45:55.293862 10632 processor.cc:724] Processing queue has data, processing started
I0929 14:45:55.294560 10632 processor.cc:802] Processor: start processing batch b3d2eaf6-16f4-4711-8da3-cd6d21d6db5a into model nwt
I0929 14:45:55.294560  2260 processor.cc:802] Processor: start processing batch f2b01c28-a91b-48f5-a3c5-c0f8f6a45836 into model nwt
I0929 14:45:55.294560 14988 processor.cc:802] Processor: start processing batch 0580594d-f7bc-44d3-ac2b-5dd3a217f3c1 into model nwt
I0929 14:45:55.294560 11396 processor.cc:802] Processor: start processing batch 42e97b85-c4f9-4595-8cb3-402211db67eb into model nwt
I0929 14:45:55.294560 13660 processor.cc:802] Processor: start processing batch 6a4af50c-1d40-4968-a73a-29c46d4580d1 into model nwt
I0929 14:45:55.328616  2260 processor.cc:898] Processor: complete processing batch f2b01c28-a91b-48f5-a3c5-c0f8f6a45836 into model nwt
I0929 14:45:55.328616  2260 cuckoo_watch.h:45] 41ms in ProcessBatch(school_batches\aaaaaa.batch) [including 4ms in LoadMessage; 1ms in InitializeSparseNdw; 10ms in InferThetaAndUpdateNwtSparse; 11ms in CalculateScore(PerplexityScore); 2ms in CalculateScore(SparsityThetaScore); 10ms in CalculateScore(^^^ItemsProcessedScore^^^); ]
I0929 14:45:55.328616 10632 processor.cc:898] Processor: complete processing batch b3d2eaf6-16f4-4711-8da3-cd6d21d6db5a into model nwt
I0929 14:45:55.328616 10632 cuckoo_watch.h:45] 42ms in ProcessBatch(school_batches\aaaaab.batch) [including 2ms in LoadMessage; 1ms in InitializeSparseNdw; 11ms in InferThetaAndUpdateNwtSparse; 12ms in CalculateScore(PerplexityScore); 3ms in CalculateScore(SparsityThetaScore); 10ms in CalculateScore(^^^ItemsProcessedScore^^^); ]
I0929 14:45:55.328616 14988 processor.cc:898] Processor: complete processing batch 0580594d-f7bc-44d3-ac2b-5dd3a217f3c1 into model nwt
I0929 14:45:55.328616 14988 cuckoo_watch.h:45] 47ms in ProcessBatch(school_batches\aaaaac.batch) [including 4ms in LoadMessage; 1ms in InitializeSparseNdw; 10ms in InferThetaAndUpdateNwtSparse; 11ms in CalculateScore(PerplexityScore); 3ms in CalculateScore(SparsityThetaScore); 15ms in CalculateScore(^^^ItemsProcessedScore^^^); ]
I0929 14:45:55.344240 11396 processor.cc:898] Processor: complete processing batch 42e97b85-c4f9-4595-8cb3-402211db67eb into model nwt
I0929 14:45:55.344240 11396 cuckoo_watch.h:45] 52ms in ProcessBatch(school_batches\aaaaad.batch) [including 4ms in LoadMessage; 1ms in InitializeSparseNdw; 16ms in InferThetaAndUpdateNwtSparse; 16ms in CalculateScore(PerplexityScore); 2ms in CalculateScore(SparsityThetaScore); 9ms in CalculateScore(^^^ItemsProcessedScore^^^); ]
I0929 14:45:55.344240 13660 processor.cc:898] Processor: complete processing batch 6a4af50c-1d40-4968-a73a-29c46d4580d1 into model nwt
I0929 14:45:55.344240 13660 cuckoo_watch.h:45] 53ms in ProcessBatch(school_batches\aaaaae.batch) [including 3ms in LoadMessage; 1ms in InitializeSparseNdw; 15ms in InferThetaAndUpdateNwtSparse; 15ms in CalculateScore(PerplexityScore); 4ms in CalculateScore(SparsityThetaScore); 11ms in CalculateScore(^^^ItemsProcessedScore^^^); ]
I0929 14:45:55.360318 14772 master_component.cc:1378] RegularizeModelArgs: rwt_target_name=rwt, pwt_source_name=pwt, nwt_source_name=nwt
I0929 14:45:55.360318 14772 master_component.cc:922] MasterComponent: start regularizing model pwt
I0929 14:45:55.399884 14772 master_component.cc:948] MasterComponent: complete regularizing model pwt
I0929 14:45:55.399884 14772 master_component.cc:1391] NormalizeModelArgs: pwt_target_name=pwt, nwt_source_name=nwt, rwt_source_name=rwt
I0929 14:45:55.399884 14772 master_component.cc:952] MasterComponent: start normalizing model nwt
I0929 14:45:55.439958 14772 master_component.cc:980] MasterComponent: complete normalizing model nwt
I0929 14:45:55.455925 14772 master_component.cc:1415] DisposeModel rwt
I0929 14:45:55.455925 14772 master_component.cc:1005] FitOffline: ItemsProcessed, num_items=475, num_batches=5, token_weight=160064, token_weight_in_effect=160064
I0929 14:45:55.455925 12060 c_interface.cc:559] Pass GetScoreValueArgs, score_name=^^^ItemsProcessedScore^^^ to MasterComponent::Request
I0929 14:45:55.455925 12060 c_interface.cc:230] ArtmCopyRequestedMessage is copying 46 bytes...
I0929 14:45:55.455925 14772 c_interface.cc:386] Pass FitOfflineMasterModelArgs, batch_filename_size=5, batch_weight_size=5, num_collection_passes=1 to void (__cdecl artm::core::MasterComponent::*)(class artm::FitOfflineMasterModelArgs const & __ptr64) __ptr64
I0929 14:45:55.455925 14772 master_component.cc:1340] ProcessBatchesArgs: nwt_target_name=nwt, batch_filename_size=5, batch_size=0, batch_weight_size=5, pwt_source_name=pwt, num_document_passes=1, regularizer=(name:SparsePhi, tau:-100), class=(text:1), reuse_theta=yes, opt_for_avx=yes, predict_class_id=
I0929 14:45:55.471988 15776 processor.cc:717] No data in processing queue, waiting...
I0929 14:45:55.496021 15736 processor.cc:724] Processing queue has data, processing started
I0929 14:45:55.496351  2260 processor.cc:802] Processor: start processing batch 42e97b85-c4f9-4595-8cb3-402211db67eb into model nwt
I0929 14:45:55.496351 15736 processor.cc:802] Processor: start processing batch b3d2eaf6-16f4-4711-8da3-cd6d21d6db5a into model nwt
I0929 14:45:55.496351 10632 processor.cc:802] Processor: start processing batch 0580594d-f7bc-44d3-ac2b-5dd3a217f3c1 into model nwt
I0929 14:45:55.496351 14988 processor.cc:802] Processor: start processing batch 6a4af50c-1d40-4968-a73a-29c46d4580d1 into model nwt
I0929 14:45:55.496351 11396 processor.cc:802] Processor: start processing batch f2b01c28-a91b-48f5-a3c5-c0f8f6a45836 into model nwt
I0929 14:45:55.536103 10632 processor.cc:898] Processor: complete processing batch 0580594d-f7bc-44d3-ac2b-5dd3a217f3c1 into model nwt
I0929 14:45:55.536103 15736 processor.cc:898] Processor: complete processing batch b3d2eaf6-16f4-4711-8da3-cd6d21d6db5a into model nwt
I0929 14:45:55.536103 15736 cuckoo_watch.h:45] 41ms in ProcessBatch(school_batches\aaaaab.batch) [including 2ms in LoadMessage; 1ms in InitializeSparseNdw; 10ms in InferThetaAndUpdateNwtSparse; 12ms in CalculateScore(PerplexityScore); 2ms in CalculateScore(SparsityThetaScore); 10ms in CalculateScore(^^^ItemsProcessedScore^^^); ]
I0929 14:45:55.536103 10632 cuckoo_watch.h:45] 41ms in ProcessBatch(school_batches\aaaaac.batch) [including 2ms in LoadMessage; 1ms in InitializeSparseNdw; 10ms in InferThetaAndUpdateNwtSparse; 11ms in CalculateScore(PerplexityScore); 2ms in CalculateScore(SparsityThetaScore); 10ms in CalculateScore(^^^ItemsProcessedScore^^^); ]
I0929 14:45:55.536103  2260 processor.cc:898] Processor: complete processing batch 42e97b85-c4f9-4595-8cb3-402211db67eb into model nwt
I0929 14:45:55.536103  2260 cuckoo_watch.h:45] 47ms in ProcessBatch(school_batches\aaaaad.batch) [including 2ms in LoadMessage; 1ms in InitializeSparseNdw; 11ms in InferThetaAndUpdateNwtSparse; 13ms in CalculateScore(PerplexityScore); 4ms in CalculateScore(SparsityThetaScore); 13ms in CalculateScore(^^^ItemsProcessedScore^^^); ]
I0929 14:45:55.536103 11396 processor.cc:898] Processor: complete processing batch f2b01c28-a91b-48f5-a3c5-c0f8f6a45836 into model nwt
I0929 14:45:55.536103 11396 cuckoo_watch.h:45] 48ms in ProcessBatch(school_batches\aaaaaa.batch) [including 4ms in LoadMessage; 1ms in InitializeSparseNdw; 15ms in InferThetaAndUpdateNwtSparse; 12ms in CalculateScore(PerplexityScore); 2ms in CalculateScore(SparsityThetaScore); 9ms in CalculateScore(^^^ItemsProcessedScore^^^); ]
I0929 14:45:55.536103 14988 processor.cc:898] Processor: complete processing batch 6a4af50c-1d40-4968-a73a-29c46d4580d1 into model nwt
I0929 14:45:55.536103 14988 cuckoo_watch.h:45] 50ms in ProcessBatch(school_batches\aaaaae.batch) [including 4ms in LoadMessage; 1ms in InitializeSparseNdw; 15ms in InferThetaAndUpdateNwtSparse; 16ms in CalculateScore(PerplexityScore); 3ms in CalculateScore(SparsityThetaScore); 7ms in CalculateScore(^^^ItemsProcessedScore^^^); ]
I0929 14:45:55.551808 14772 master_component.cc:1378] RegularizeModelArgs: rwt_target_name=rwt, pwt_source_name=pwt, nwt_source_name=nwt
I0929 14:45:55.551808 14772 master_component.cc:922] MasterComponent: start regularizing model pwt
I0929 14:45:55.613070 14772 master_component.cc:948] MasterComponent: complete regularizing model pwt
I0929 14:45:55.613070 14772 master_component.cc:1391] NormalizeModelArgs: pwt_target_name=pwt, nwt_source_name=nwt, rwt_source_name=rwt
I0929 14:45:55.613070 14772 master_component.cc:952] MasterComponent: start normalizing model nwt
I0929 14:45:55.645000 14772 master_component.cc:980] MasterComponent: complete normalizing model nwt
I0929 14:45:55.661109 14772 master_component.cc:1415] DisposeModel rwt
I0929 14:45:55.661109 14772 master_component.cc:1005] FitOffline: ItemsProcessed, num_items=475, num_batches=5, token_weight=160064, token_weight_in_effect=160064
I0929 14:45:55.661109 12060 c_interface.cc:559] Pass GetScoreValueArgs, score_name=^^^ItemsProcessedScore^^^ to MasterComponent::Request
I0929 14:45:55.661109 12060 c_interface.cc:230] ArtmCopyRequestedMessage is copying 46 bytes...
I0929 14:45:55.661109 14772 c_interface.cc:386] Pass FitOfflineMasterModelArgs, batch_filename_size=5, batch_weight_size=5, num_collection_passes=1 to void (__cdecl artm::core::MasterComponent::*)(class artm::FitOfflineMasterModelArgs const & __ptr64) __ptr64
I0929 14:45:55.661109 14772 master_component.cc:1340] ProcessBatchesArgs: nwt_target_name=nwt, batch_filename_size=5, batch_size=0, batch_weight_size=5, pwt_source_name=pwt, num_document_passes=1, regularizer=(name:SparsePhi, tau:-100), class=(text:1), reuse_theta=yes, opt_for_avx=yes, predict_class_id=
I0929 14:45:55.693002 10632 processor.cc:802] Processor: start processing batch 42e97b85-c4f9-4595-8cb3-402211db67eb into model nwt
I0929 14:45:55.693002 14988 processor.cc:802] Processor: start processing batch 6a4af50c-1d40-4968-a73a-29c46d4580d1 into model nwt
I0929 14:45:55.693002 11396 processor.cc:802] Processor: start processing batch 0580594d-f7bc-44d3-ac2b-5dd3a217f3c1 into model nwt
I0929 14:45:55.693002 13660 processor.cc:802] Processor: start processing batch b3d2eaf6-16f4-4711-8da3-cd6d21d6db5a into model nwt
I0929 14:45:55.693002  2260 processor.cc:802] Processor: start processing batch f2b01c28-a91b-48f5-a3c5-c0f8f6a45836 into model nwt
I0929 14:45:55.732944 14988 processor.cc:898] Processor: complete processing batch 6a4af50c-1d40-4968-a73a-29c46d4580d1 into model nwt
I0929 14:45:55.732944 14988 cuckoo_watch.h:45] 41ms in ProcessBatch(school_batches\aaaaae.batch) [including 3ms in LoadMessage; 0ms in InitializeSparseNdw; 10ms in InferThetaAndUpdateNwtSparse; 12ms in CalculateScore(PerplexityScore); 4ms in CalculateScore(SparsityThetaScore); 8ms in CalculateScore(^^^ItemsProcessedScore^^^); ]
I0929 14:45:55.732944 10632 processor.cc:898] Processor: complete processing batch 42e97b85-c4f9-4595-8cb3-402211db67eb into model nwt
I0929 14:45:55.732944 10632 cuckoo_watch.h:45] 43ms in ProcessBatch(school_batches\aaaaad.batch) [including 2ms in LoadMessage; 1ms in InitializeSparseNdw; 11ms in InferThetaAndUpdateNwtSparse; 13ms in CalculateScore(PerplexityScore); 3ms in CalculateScore(SparsityThetaScore); 9ms in CalculateScore(^^^ItemsProcessedScore^^^); ]
I0929 14:45:55.732944  2260 processor.cc:898] Processor: complete processing batch f2b01c28-a91b-48f5-a3c5-c0f8f6a45836 into model nwt
I0929 14:45:55.732944  2260 cuckoo_watch.h:45] 46ms in ProcessBatch(school_batches\aaaaaa.batch) [including 4ms in LoadMessage; 1ms in InitializeSparseNdw; 10ms in InferThetaAndUpdateNwtSparse; 11ms in CalculateScore(PerplexityScore); 2ms in CalculateScore(SparsityThetaScore); 14ms in CalculateScore(^^^ItemsProcessedScore^^^); ]
I0929 14:45:55.741046 13660 processor.cc:898] Processor: complete processing batch b3d2eaf6-16f4-4711-8da3-cd6d21d6db5a into model nwt
I0929 14:45:55.741046 13660 cuckoo_watch.h:45] 50ms in ProcessBatch(school_batches\aaaaab.batch) [including 4ms in LoadMessage; 1ms in InitializeSparseNdw; 14ms in InferThetaAndUpdateNwtSparse; 15ms in CalculateScore(PerplexityScore); 2ms in CalculateScore(SparsityThetaScore); 10ms in CalculateScore(^^^ItemsProcessedScore^^^); ]
I0929 14:45:55.741046 11396 processor.cc:898] Processor: complete processing batch 0580594d-f7bc-44d3-ac2b-5dd3a217f3c1 into model nwt
I0929 14:45:55.741046 11396 cuckoo_watch.h:45] 55ms in ProcessBatch(school_batches\aaaaac.batch) [including 4ms in LoadMessage; 1ms in InitializeSparseNdw; 16ms in InferThetaAndUpdateNwtSparse; 18ms in CalculateScore(PerplexityScore); 4ms in CalculateScore(SparsityThetaScore); 9ms in CalculateScore(^^^ItemsProcessedScore^^^); ]
I0929 14:45:55.756669 14772 master_component.cc:1378] RegularizeModelArgs: rwt_target_name=rwt, pwt_source_name=pwt, nwt_source_name=nwt
I0929 14:45:55.756669 14772 master_component.cc:922] MasterComponent: start regularizing model pwt
I0929 14:45:55.805836 14772 master_component.cc:948] MasterComponent: complete regularizing model pwt
I0929 14:45:55.805836 14772 master_component.cc:1391] NormalizeModelArgs: pwt_target_name=pwt, nwt_source_name=nwt, rwt_source_name=rwt
I0929 14:45:55.805836 14772 master_component.cc:952] MasterComponent: start normalizing model nwt
I0929 14:45:55.837349 14772 master_component.cc:980] MasterComponent: complete normalizing model nwt
I0929 14:45:55.853391 14772 master_component.cc:1415] DisposeModel rwt
I0929 14:45:55.853391 14772 master_component.cc:1005] FitOffline: ItemsProcessed, num_items=475, num_batches=5, token_weight=160064, token_weight_in_effect=160064
I0929 14:45:55.853391 12060 c_interface.cc:559] Pass GetScoreValueArgs, score_name=^^^ItemsProcessedScore^^^ to MasterComponent::Request
I0929 14:45:55.853391 12060 c_interface.cc:230] ArtmCopyRequestedMessage is copying 46 bytes...
I0929 14:45:55.853391 14772 c_interface.cc:386] Pass FitOfflineMasterModelArgs, batch_filename_size=5, batch_weight_size=5, num_collection_passes=1 to void (__cdecl artm::core::MasterComponent::*)(class artm::FitOfflineMasterModelArgs const & __ptr64) __ptr64
I0929 14:45:55.853391 14772 master_component.cc:1340] ProcessBatchesArgs: nwt_target_name=nwt, batch_filename_size=5, batch_size=0, batch_weight_size=5, pwt_source_name=pwt, num_document_passes=1, regularizer=(name:SparsePhi, tau:-100), class=(text:1), reuse_theta=yes, opt_for_avx=yes, predict_class_id=
I0929 14:45:55.885669 12576 processor.cc:724] Processing queue has data, processing started
I0929 14:45:55.885669 15776 processor.cc:724] Processing queue has data, processing started
I0929 14:45:55.885669 15776 processor.cc:802] Processor: start processing batch 42e97b85-c4f9-4595-8cb3-402211db67eb into model nwt
I0929 14:45:55.885669 12576 processor.cc:802] Processor: start processing batch 0580594d-f7bc-44d3-ac2b-5dd3a217f3c1 into model nwt
I0929 14:45:55.885669 13660 processor.cc:802] Processor: start processing batch f2b01c28-a91b-48f5-a3c5-c0f8f6a45836 into model nwt
I0929 14:45:55.885669 11396 processor.cc:802] Processor: start processing batch 6a4af50c-1d40-4968-a73a-29c46d4580d1 into model nwt
I0929 14:45:55.885669 14988 processor.cc:802] Processor: start processing batch b3d2eaf6-16f4-4711-8da3-cd6d21d6db5a into model nwt
I0929 14:45:55.908763 15736 processor.cc:717] No data in processing queue, waiting...
I0929 14:45:55.924930 15776 processor.cc:898] Processor: complete processing batch 42e97b85-c4f9-4595-8cb3-402211db67eb into model nwt
I0929 14:45:55.924930 15776 cuckoo_watch.h:45] 41ms in ProcessBatch(school_batches\aaaaad.batch) [including 2ms in LoadMessage; 1ms in InitializeSparseNdw; 11ms in InferThetaAndUpdateNwtSparse; 12ms in CalculateScore(PerplexityScore); 2ms in CalculateScore(SparsityThetaScore); 9ms in CalculateScore(^^^ItemsProcessedScore^^^); ]
I0929 14:45:55.933084 13660 processor.cc:898] Processor: complete processing batch f2b01c28-a91b-48f5-a3c5-c0f8f6a45836 into model nwt
I0929 14:45:55.933084 13660 cuckoo_watch.h:45] 48ms in ProcessBatch(school_batches\aaaaaa.batch) [including 2ms in LoadMessage; 1ms in InitializeSparseNdw; 10ms in InferThetaAndUpdateNwtSparse; 13ms in CalculateScore(PerplexityScore); 4ms in CalculateScore(SparsityThetaScore); 14ms in CalculateScore(^^^ItemsProcessedScore^^^); ]
I0929 14:45:55.933084 14988 processor.cc:898] Processor: complete processing batch b3d2eaf6-16f4-4711-8da3-cd6d21d6db5a into model nwt
I0929 14:45:55.933084 14988 cuckoo_watch.h:45] 52ms in ProcessBatch(school_batches\aaaaab.batch) [including 4ms in LoadMessage; 1ms in InitializeSparseNdw; 10ms in InferThetaAndUpdateNwtSparse; 15ms in CalculateScore(PerplexityScore); 4ms in CalculateScore(SparsityThetaScore); 14ms in CalculateScore(^^^ItemsProcessedScore^^^); ]
I0929 14:45:55.933084 11396 processor.cc:898] Processor: complete processing batch 6a4af50c-1d40-4968-a73a-29c46d4580d1 into model nwt
I0929 14:45:55.933084 12576 processor.cc:898] Processor: complete processing batch 0580594d-f7bc-44d3-ac2b-5dd3a217f3c1 into model nwt
I0929 14:45:55.933084 11396 cuckoo_watch.h:45] 54ms in ProcessBatch(school_batches\aaaaae.batch) [including 4ms in LoadMessage; 1ms in InitializeSparseNdw; 15ms in InferThetaAndUpdateNwtSparse; 15ms in CalculateScore(PerplexityScore); 4ms in CalculateScore(SparsityThetaScore); 12ms in CalculateScore(^^^ItemsProcessedScore^^^); ]
I0929 14:45:55.933084 12576 cuckoo_watch.h:45] 54ms in ProcessBatch(school_batches\aaaaac.batch) [including 2ms in LoadMessage; 1ms in InitializeSparseNdw; 15ms in InferThetaAndUpdateNwtSparse; 17ms in CalculateScore(PerplexityScore); 4ms in CalculateScore(SparsityThetaScore); 11ms in CalculateScore(^^^ItemsProcessedScore^^^); ]
I0929 14:45:55.949546 14772 master_component.cc:1378] RegularizeModelArgs: rwt_target_name=rwt, pwt_source_name=pwt, nwt_source_name=nwt
I0929 14:45:55.949546 14772 master_component.cc:922] MasterComponent: start regularizing model pwt
I0929 14:45:55.989317 14772 master_component.cc:948] MasterComponent: complete regularizing model pwt
I0929 14:45:55.989317 14772 master_component.cc:1391] NormalizeModelArgs: pwt_target_name=pwt, nwt_source_name=nwt, rwt_source_name=rwt
I0929 14:45:55.989317 14772 master_component.cc:952] MasterComponent: start normalizing model nwt
I0929 14:45:56.020560 14772 master_component.cc:980] MasterComponent: complete normalizing model nwt
I0929 14:45:56.036185 14772 master_component.cc:1415] DisposeModel rwt
I0929 14:45:56.036185 14772 master_component.cc:1005] FitOffline: ItemsProcessed, num_items=475, num_batches=5, token_weight=160064, token_weight_in_effect=160064
I0929 14:45:56.036185 12060 c_interface.cc:559] Pass GetScoreValueArgs, score_name=^^^ItemsProcessedScore^^^ to MasterComponent::Request
I0929 14:45:56.036185 12060 c_interface.cc:230] ArtmCopyRequestedMessage is copying 46 bytes...
I0929 14:45:56.036185 14772 c_interface.cc:386] Pass FitOfflineMasterModelArgs, batch_filename_size=5, batch_weight_size=5, num_collection_passes=1 to void (__cdecl artm::core::MasterComponent::*)(class artm::FitOfflineMasterModelArgs const & __ptr64) __ptr64
I0929 14:45:56.036185 14772 master_component.cc:1340] ProcessBatchesArgs: nwt_target_name=nwt, batch_filename_size=5, batch_size=0, batch_weight_size=5, pwt_source_name=pwt, num_document_passes=1, regularizer=(name:SparsePhi, tau:-100), class=(text:1), reuse_theta=yes, opt_for_avx=yes, predict_class_id=
I0929 14:45:56.083585 10632 processor.cc:717] No data in processing queue, waiting...
I0929 14:45:56.083585  2260 processor.cc:802] Processor: start processing batch f2b01c28-a91b-48f5-a3c5-c0f8f6a45836 into model nwt
I0929 14:45:56.083585 13660 processor.cc:802] Processor: start processing batch b3d2eaf6-16f4-4711-8da3-cd6d21d6db5a into model nwt
I0929 14:45:56.083585 11396 processor.cc:802] Processor: start processing batch 0580594d-f7bc-44d3-ac2b-5dd3a217f3c1 into model nwt
I0929 14:45:56.083585 15776 processor.cc:802] Processor: start processing batch 6a4af50c-1d40-4968-a73a-29c46d4580d1 into model nwt
I0929 14:45:56.083585 12576 processor.cc:802] Processor: start processing batch 42e97b85-c4f9-4595-8cb3-402211db67eb into model nwt
I0929 14:45:56.117211  2260 processor.cc:898] Processor: complete processing batch f2b01c28-a91b-48f5-a3c5-c0f8f6a45836 into model nwt
I0929 14:45:56.117211  2260 cuckoo_watch.h:45] 39ms in ProcessBatch(school_batches\aaaaaa.batch) [including 2ms in LoadMessage; 1ms in InitializeSparseNdw; 10ms in InferThetaAndUpdateNwtSparse; 11ms in CalculateScore(PerplexityScore); 2ms in CalculateScore(SparsityThetaScore); 10ms in CalculateScore(^^^ItemsProcessedScore^^^); ]
I0929 14:45:56.117211 13660 processor.cc:898] Processor: complete processing batch b3d2eaf6-16f4-4711-8da3-cd6d21d6db5a into model nwt
I0929 14:45:56.117211 13660 cuckoo_watch.h:45] 44ms in ProcessBatch(school_batches\aaaaab.batch) [including 2ms in LoadMessage; 1ms in InitializeSparseNdw; 10ms in InferThetaAndUpdateNwtSparse; 13ms in CalculateScore(PerplexityScore); 4ms in CalculateScore(SparsityThetaScore); 10ms in CalculateScore(^^^ItemsProcessedScore^^^); ]
I0929 14:45:56.117211 11396 processor.cc:898] Processor: complete processing batch 0580594d-f7bc-44d3-ac2b-5dd3a217f3c1 into model nwt
I0929 14:45:56.117211 12576 processor.cc:898] Processor: complete processing batch 42e97b85-c4f9-4595-8cb3-402211db67eb into model nwt
I0929 14:45:56.132834 11396 cuckoo_watch.h:45] 49ms in ProcessBatch(school_batches\aaaaac.batch) [including 2ms in LoadMessage; 1ms in InitializeSparseNdw; 11ms in InferThetaAndUpdateNwtSparse; 12ms in CalculateScore(PerplexityScore); 4ms in CalculateScore(SparsityThetaScore); 15ms in CalculateScore(^^^ItemsProcessedScore^^^); ]
I0929 14:45:56.133074 12576 cuckoo_watch.h:45] 49ms in ProcessBatch(school_batches\aaaaad.batch) [including 4ms in LoadMessage; 1ms in InitializeSparseNdw; 16ms in InferThetaAndUpdateNwtSparse; 13ms in CalculateScore(PerplexityScore); 2ms in CalculateScore(SparsityThetaScore); 9ms in CalculateScore(^^^ItemsProcessedScore^^^); ]
I0929 14:45:56.133074 15776 processor.cc:898] Processor: complete processing batch 6a4af50c-1d40-4968-a73a-29c46d4580d1 into model nwt
I0929 14:45:56.133074 15776 cuckoo_watch.h:45] 52ms in ProcessBatch(school_batches\aaaaae.batch) [including 3ms in LoadMessage; 1ms in InitializeSparseNdw; 15ms in InferThetaAndUpdateNwtSparse; 13ms in CalculateScore(PerplexityScore); 4ms in CalculateScore(SparsityThetaScore); 12ms in CalculateScore(^^^ItemsProcessedScore^^^); ]
I0929 14:45:56.149781 14772 master_component.cc:1378] RegularizeModelArgs: rwt_target_name=rwt, pwt_source_name=pwt, nwt_source_name=nwt
I0929 14:45:56.149781 14772 master_component.cc:922] MasterComponent: start regularizing model pwt
I0929 14:45:56.189940 14772 master_component.cc:948] MasterComponent: complete regularizing model pwt
I0929 14:45:56.189940 14772 master_component.cc:1391] NormalizeModelArgs: pwt_target_name=pwt, nwt_source_name=nwt, rwt_source_name=rwt
I0929 14:45:56.189940 14772 master_component.cc:952] MasterComponent: start normalizing model nwt
I0929 14:45:56.230090 14772 master_component.cc:980] MasterComponent: complete normalizing model nwt
I0929 14:45:56.245776 14772 master_component.cc:1415] DisposeModel rwt
I0929 14:45:56.245776 14772 master_component.cc:1005] FitOffline: ItemsProcessed, num_items=475, num_batches=5, token_weight=160064, token_weight_in_effect=160064
I0929 14:45:56.245776 12060 c_interface.cc:559] Pass GetScoreValueArgs, score_name=^^^ItemsProcessedScore^^^ to MasterComponent::Request
I0929 14:45:56.245776 12060 c_interface.cc:230] ArtmCopyRequestedMessage is copying 46 bytes...
I0929 14:45:56.245776 14772 c_interface.cc:386] Pass FitOfflineMasterModelArgs, batch_filename_size=5, batch_weight_size=5, num_collection_passes=1 to void (__cdecl artm::core::MasterComponent::*)(class artm::FitOfflineMasterModelArgs const & __ptr64) __ptr64
I0929 14:45:56.245776 14772 master_component.cc:1340] ProcessBatchesArgs: nwt_target_name=nwt, batch_filename_size=5, batch_size=0, batch_weight_size=5, pwt_source_name=pwt, num_document_passes=1, regularizer=(name:SparsePhi, tau:-100), class=(text:1), reuse_theta=yes, opt_for_avx=yes, predict_class_id=
I0929 14:45:56.261371 14988 processor.cc:717] No data in processing queue, waiting...
I0929 14:45:56.293004 14988 processor.cc:724] Processing queue has data, processing started
I0929 14:45:56.293004 15776 processor.cc:802] Processor: start processing batch 6a4af50c-1d40-4968-a73a-29c46d4580d1 into model nwt
I0929 14:45:56.293004 11396 processor.cc:802] Processor: start processing batch f2b01c28-a91b-48f5-a3c5-c0f8f6a45836 into model nwt
I0929 14:45:56.293004 13660 processor.cc:802] Processor: start processing batch 42e97b85-c4f9-4595-8cb3-402211db67eb into model nwt
I0929 14:45:56.293004 14988 processor.cc:802] Processor: start processing batch 0580594d-f7bc-44d3-ac2b-5dd3a217f3c1 into model nwt
I0929 14:45:56.293004 12576 processor.cc:802] Processor: start processing batch b3d2eaf6-16f4-4711-8da3-cd6d21d6db5a into model nwt
I0929 14:45:56.323819 13660 processor.cc:898] Processor: complete processing batch 42e97b85-c4f9-4595-8cb3-402211db67eb into model nwt
I0929 14:45:56.323819 13660 cuckoo_watch.h:45] 39ms in ProcessBatch(school_batches\aaaaad.batch) [including 2ms in LoadMessage; 1ms in InitializeSparseNdw; 10ms in InferThetaAndUpdateNwtSparse; 11ms in CalculateScore(PerplexityScore); 2ms in CalculateScore(SparsityThetaScore); 9ms in CalculateScore(^^^ItemsProcessedScore^^^); ]
I0929 14:45:56.339440 15776 processor.cc:898] Processor: complete processing batch 6a4af50c-1d40-4968-a73a-29c46d4580d1 into model nwt
I0929 14:45:56.339440 15776 cuckoo_watch.h:45] 48ms in ProcessBatch(school_batches\aaaaae.batch) [including 2ms in LoadMessage; 0ms in InitializeSparseNdw; 10ms in InferThetaAndUpdateNwtSparse; 15ms in CalculateScore(PerplexityScore); 4ms in CalculateScore(SparsityThetaScore); 13ms in CalculateScore(^^^ItemsProcessedScore^^^); ]
I0929 14:45:56.339440 11396 processor.cc:898] Processor: complete processing batch f2b01c28-a91b-48f5-a3c5-c0f8f6a45836 into model nwt
I0929 14:45:56.339440 11396 cuckoo_watch.h:45] 49ms in ProcessBatch(school_batches\aaaaaa.batch) [including 2ms in LoadMessage; 1ms in InitializeSparseNdw; 10ms in InferThetaAndUpdateNwtSparse; 16ms in CalculateScore(PerplexityScore); 4ms in CalculateScore(SparsityThetaScore); 13ms in CalculateScore(^^^ItemsProcessedScore^^^); ]
I0929 14:45:56.339440 12576 processor.cc:898] Processor: complete processing batch b3d2eaf6-16f4-4711-8da3-cd6d21d6db5a into model nwt
I0929 14:45:56.339440 14988 processor.cc:898] Processor: complete processing batch 0580594d-f7bc-44d3-ac2b-5dd3a217f3c1 into model nwt
I0929 14:45:56.339440 12576 cuckoo_watch.h:45] 53ms in ProcessBatch(school_batches\aaaaab.batch) [including 4ms in LoadMessage; 1ms in InitializeSparseNdw; 15ms in InferThetaAndUpdateNwtSparse; 18ms in CalculateScore(PerplexityScore); 2ms in CalculateScore(SparsityThetaScore); 9ms in CalculateScore(^^^ItemsProcessedScore^^^); ]
I0929 14:45:56.339440 14988 cuckoo_watch.h:45] 53ms in ProcessBatch(school_batches\aaaaac.batch) [including 4ms in LoadMessage; 1ms in InitializeSparseNdw; 16ms in InferThetaAndUpdateNwtSparse; 17ms in CalculateScore(PerplexityScore); 2ms in CalculateScore(SparsityThetaScore); 9ms in CalculateScore(^^^ItemsProcessedScore^^^); ]
I0929 14:45:56.355667 14772 master_component.cc:1378] RegularizeModelArgs: rwt_target_name=rwt, pwt_source_name=pwt, nwt_source_name=nwt
I0929 14:45:56.355667 14772 master_component.cc:922] MasterComponent: start regularizing model pwt
I0929 14:45:56.395077 14772 master_component.cc:948] MasterComponent: complete regularizing model pwt
I0929 14:45:56.395077 14772 master_component.cc:1391] NormalizeModelArgs: pwt_target_name=pwt, nwt_source_name=nwt, rwt_source_name=rwt
I0929 14:45:56.395077 14772 master_component.cc:952] MasterComponent: start normalizing model nwt
I0929 14:45:56.426997  2260 processor.cc:717] No data in processing queue, waiting...
I0929 14:45:56.435149 14772 master_component.cc:980] MasterComponent: complete normalizing model nwt
I0929 14:45:56.450835 14772 master_component.cc:1415] DisposeModel rwt
I0929 14:45:56.450835 14772 master_component.cc:1005] FitOffline: ItemsProcessed, num_items=475, num_batches=5, token_weight=160064, token_weight_in_effect=160064
I0929 14:45:56.450835 12060 c_interface.cc:559] Pass GetScoreValueArgs, score_name=^^^ItemsProcessedScore^^^ to MasterComponent::Request
I0929 14:45:56.450835 12060 c_interface.cc:230] ArtmCopyRequestedMessage is copying 46 bytes...
I0929 14:45:56.450835 14772 c_interface.cc:386] Pass FitOfflineMasterModelArgs, batch_filename_size=5, batch_weight_size=5, num_collection_passes=1 to void (__cdecl artm::core::MasterComponent::*)(class artm::FitOfflineMasterModelArgs const & __ptr64) __ptr64
I0929 14:45:56.450835 14772 master_component.cc:1340] ProcessBatchesArgs: nwt_target_name=nwt, batch_filename_size=5, batch_size=0, batch_weight_size=5, pwt_source_name=pwt, num_document_passes=1, regularizer=(name:SparsePhi, tau:-100), class=(text:1), reuse_theta=yes, opt_for_avx=yes, predict_class_id=
I0929 14:45:56.498225 10632 processor.cc:724] Processing queue has data, processing started
I0929 14:45:56.498225 15736 processor.cc:724] Processing queue has data, processing started
I0929 14:45:56.498225 13660 processor.cc:802] Processor: start processing batch 0580594d-f7bc-44d3-ac2b-5dd3a217f3c1 into model nwt
I0929 14:45:56.498225 11396 processor.cc:802] Processor: start processing batch f2b01c28-a91b-48f5-a3c5-c0f8f6a45836 into model nwt
I0929 14:45:56.498225 10632 processor.cc:802] Processor: start processing batch 42e97b85-c4f9-4595-8cb3-402211db67eb into model nwt
I0929 14:45:56.498225 15776 processor.cc:802] Processor: start processing batch b3d2eaf6-16f4-4711-8da3-cd6d21d6db5a into model nwt
I0929 14:45:56.498225 15736 processor.cc:802] Processor: start processing batch 6a4af50c-1d40-4968-a73a-29c46d4580d1 into model nwt
I0929 14:45:56.528883 11396 processor.cc:898] Processor: complete processing batch f2b01c28-a91b-48f5-a3c5-c0f8f6a45836 into model nwt
I0929 14:45:56.528883 11396 cuckoo_watch.h:45] 39ms in ProcessBatch(school_batches\aaaaaa.batch) [including 2ms in LoadMessage; 1ms in InitializeSparseNdw; 10ms in InferThetaAndUpdateNwtSparse; 10ms in CalculateScore(PerplexityScore); 2ms in CalculateScore(SparsityThetaScore); 9ms in CalculateScore(^^^ItemsProcessedScore^^^); ]
I0929 14:45:56.528883 13660 processor.cc:898] Processor: complete processing batch 0580594d-f7bc-44d3-ac2b-5dd3a217f3c1 into model nwt
I0929 14:45:56.528883 13660 cuckoo_watch.h:45] 40ms in ProcessBatch(school_batches\aaaaac.batch) [including 2ms in LoadMessage; 1ms in InitializeSparseNdw; 11ms in InferThetaAndUpdateNwtSparse; 11ms in CalculateScore(PerplexityScore); 2ms in CalculateScore(SparsityThetaScore); 10ms in CalculateScore(^^^ItemsProcessedScore^^^); ]
I0929 14:45:56.528883 10632 processor.cc:898] Processor: complete processing batch 42e97b85-c4f9-4595-8cb3-402211db67eb into model nwt
I0929 14:45:56.528883 10632 cuckoo_watch.h:45] 44ms in ProcessBatch(school_batches\aaaaad.batch) [including 2ms in LoadMessage; 1ms in InitializeSparseNdw; 11ms in InferThetaAndUpdateNwtSparse; 10ms in CalculateScore(PerplexityScore); 2ms in CalculateScore(SparsityThetaScore); 14ms in CalculateScore(^^^ItemsProcessedScore^^^); ]
I0929 14:45:56.544562 15776 processor.cc:898] Processor: complete processing batch b3d2eaf6-16f4-4711-8da3-cd6d21d6db5a into model nwt
I0929 14:45:56.544562 15776 cuckoo_watch.h:45] 52ms in ProcessBatch(school_batches\aaaaab.batch) [including 4ms in LoadMessage; 1ms in InitializeSparseNdw; 15ms in InferThetaAndUpdateNwtSparse; 15ms in CalculateScore(PerplexityScore); 2ms in CalculateScore(SparsityThetaScore); 11ms in CalculateScore(^^^ItemsProcessedScore^^^); ]
I0929 14:45:56.544562 15736 processor.cc:898] Processor: complete processing batch 6a4af50c-1d40-4968-a73a-29c46d4580d1 into model nwt
I0929 14:45:56.544562 15736 cuckoo_watch.h:45] 54ms in ProcessBatch(school_batches\aaaaae.batch) [including 3ms in LoadMessage; 1ms in InitializeSparseNdw; 15ms in InferThetaAndUpdateNwtSparse; 16ms in CalculateScore(PerplexityScore); 4ms in CalculateScore(SparsityThetaScore); 11ms in CalculateScore(^^^ItemsProcessedScore^^^); ]
I0929 14:45:56.560123 14772 master_component.cc:1378] RegularizeModelArgs: rwt_target_name=rwt, pwt_source_name=pwt, nwt_source_name=nwt
I0929 14:45:56.560123 14772 master_component.cc:922] MasterComponent: start regularizing model pwt
I0929 14:45:56.606984 14772 master_component.cc:948] MasterComponent: complete regularizing model pwt
I0929 14:45:56.606984 14772 master_component.cc:1391] NormalizeModelArgs: pwt_target_name=pwt, nwt_source_name=nwt, rwt_source_name=rwt
I0929 14:45:56.606984 14772 master_component.cc:952] MasterComponent: start normalizing model nwt
I0929 14:45:56.638293 14772 master_component.cc:980] MasterComponent: complete normalizing model nwt
I0929 14:45:56.653913 14772 master_component.cc:1415] DisposeModel rwt
I0929 14:45:56.653913 14772 master_component.cc:1005] FitOffline: ItemsProcessed, num_items=475, num_batches=5, token_weight=160064, token_weight_in_effect=160064
I0929 14:45:56.653913 12060 c_interface.cc:559] Pass GetScoreValueArgs, score_name=^^^ItemsProcessedScore^^^ to MasterComponent::Request
I0929 14:45:56.653913 12060 c_interface.cc:230] ArtmCopyRequestedMessage is copying 46 bytes...
I0929 14:45:56.653913 14772 c_interface.cc:386] Pass FitOfflineMasterModelArgs, batch_filename_size=5, batch_weight_size=5, num_collection_passes=1 to void (__cdecl artm::core::MasterComponent::*)(class artm::FitOfflineMasterModelArgs const & __ptr64) __ptr64
I0929 14:45:56.653913 14772 master_component.cc:1340] ProcessBatchesArgs: nwt_target_name=nwt, batch_filename_size=5, batch_size=0, batch_weight_size=5, pwt_source_name=pwt, num_document_passes=1, regularizer=(name:SparsePhi, tau:-100), class=(text:1), reuse_theta=yes, opt_for_avx=yes, predict_class_id=
I0929 14:45:56.669531 14988 processor.cc:717] No data in processing queue, waiting...
I0929 14:45:56.669531 12576 processor.cc:717] No data in processing queue, waiting...
I0929 14:45:56.700749  2260 processor.cc:724] Processing queue has data, processing started
I0929 14:45:56.700749 14988 processor.cc:724] Processing queue has data, processing started
I0929 14:45:56.700749 10632 processor.cc:802] Processor: start processing batch 42e97b85-c4f9-4595-8cb3-402211db67eb into model nwt
I0929 14:45:56.700749  2260 processor.cc:802] Processor: start processing batch b3d2eaf6-16f4-4711-8da3-cd6d21d6db5a into model nwt
I0929 14:45:56.700749 14988 processor.cc:802] Processor: start processing batch 6a4af50c-1d40-4968-a73a-29c46d4580d1 into model nwt
I0929 14:45:56.700749 13660 processor.cc:802] Processor: start processing batch 0580594d-f7bc-44d3-ac2b-5dd3a217f3c1 into model nwt
I0929 14:45:56.700749 15736 processor.cc:802] Processor: start processing batch f2b01c28-a91b-48f5-a3c5-c0f8f6a45836 into model nwt
I0929 14:45:56.747576 14988 processor.cc:898] Processor: complete processing batch 6a4af50c-1d40-4968-a73a-29c46d4580d1 into model nwt
I0929 14:45:56.747576 14988 cuckoo_watch.h:45] 51ms in ProcessBatch(school_batches\aaaaae.batch) [including 3ms in LoadMessage; 1ms in InitializeSparseNdw; 14ms in InferThetaAndUpdateNwtSparse; 11ms in CalculateScore(PerplexityScore); 4ms in CalculateScore(SparsityThetaScore); 14ms in CalculateScore(^^^ItemsProcessedScore^^^); ]
I0929 14:45:56.747576 10632 processor.cc:898] Processor: complete processing batch 42e97b85-c4f9-4595-8cb3-402211db67eb into model nwt
I0929 14:45:56.747576  2260 processor.cc:898] Processor: complete processing batch b3d2eaf6-16f4-4711-8da3-cd6d21d6db5a into model nwt
I0929 14:45:56.747576 10632 cuckoo_watch.h:45] 56ms in ProcessBatch(school_batches\aaaaad.batch) [including 2ms in LoadMessage; 1ms in InitializeSparseNdw; 12ms in InferThetaAndUpdateNwtSparse; 18ms in CalculateScore(PerplexityScore); 4ms in CalculateScore(SparsityThetaScore); 15ms in CalculateScore(^^^ItemsProcessedScore^^^); ]
I0929 14:45:56.747576  2260 cuckoo_watch.h:45] 56ms in ProcessBatch(school_batches\aaaaab.batch) [including 2ms in LoadMessage; 1ms in InitializeSparseNdw; 11ms in InferThetaAndUpdateNwtSparse; 18ms in CalculateScore(PerplexityScore); 4ms in CalculateScore(SparsityThetaScore); 15ms in CalculateScore(^^^ItemsProcessedScore^^^); ]
I0929 14:45:56.747576 13660 processor.cc:898] Processor: complete processing batch 0580594d-f7bc-44d3-ac2b-5dd3a217f3c1 into model nwt
I0929 14:45:56.747576 13660 cuckoo_watch.h:45] 59ms in ProcessBatch(school_batches\aaaaac.batch) [including 4ms in LoadMessage; 1ms in InitializeSparseNdw; 17ms in InferThetaAndUpdateNwtSparse; 18ms in CalculateScore(PerplexityScore); 4ms in CalculateScore(SparsityThetaScore); 11ms in CalculateScore(^^^ItemsProcessedScore^^^); ]
I0929 14:45:56.747576 15736 processor.cc:898] Processor: complete processing batch f2b01c28-a91b-48f5-a3c5-c0f8f6a45836 into model nwt
I0929 14:45:56.747576 15736 cuckoo_watch.h:45] 60ms in ProcessBatch(school_batches\aaaaaa.batch) [including 4ms in LoadMessage; 1ms in InitializeSparseNdw; 16ms in InferThetaAndUpdateNwtSparse; 18ms in CalculateScore(PerplexityScore); 4ms in CalculateScore(SparsityThetaScore); 13ms in CalculateScore(^^^ItemsProcessedScore^^^); ]
I0929 14:45:56.763298 14772 master_component.cc:1378] RegularizeModelArgs: rwt_target_name=rwt, pwt_source_name=pwt, nwt_source_name=nwt
I0929 14:45:56.763298 14772 master_component.cc:922] MasterComponent: start regularizing model pwt
I0929 14:45:56.825747 11396 processor.cc:717] No data in processing queue, waiting...
I0929 14:45:56.825747 14772 master_component.cc:948] MasterComponent: complete regularizing model pwt
I0929 14:45:56.825747 14772 master_component.cc:1391] NormalizeModelArgs: pwt_target_name=pwt, nwt_source_name=nwt, rwt_source_name=rwt
I0929 14:45:56.825747 14772 master_component.cc:952] MasterComponent: start normalizing model nwt
I0929 14:45:56.841367 15776 processor.cc:717] No data in processing queue, waiting...
I0929 14:45:56.856995 14772 master_component.cc:980] MasterComponent: complete normalizing model nwt
I0929 14:45:56.872611 14772 master_component.cc:1415] DisposeModel rwt
I0929 14:45:56.872611 14772 master_component.cc:1005] FitOffline: ItemsProcessed, num_items=475, num_batches=5, token_weight=160064, token_weight_in_effect=160064
I0929 14:45:56.872611 12060 c_interface.cc:559] Pass GetScoreValueArgs, score_name=^^^ItemsProcessedScore^^^ to MasterComponent::Request
I0929 14:45:56.872611 12060 c_interface.cc:230] ArtmCopyRequestedMessage is copying 46 bytes...
I0929 14:45:56.872611 14772 c_interface.cc:386] Pass FitOfflineMasterModelArgs, batch_filename_size=5, batch_weight_size=5, num_collection_passes=1 to void (__cdecl artm::core::MasterComponent::*)(class artm::FitOfflineMasterModelArgs const & __ptr64) __ptr64
I0929 14:45:56.872611 14772 master_component.cc:1340] ProcessBatchesArgs: nwt_target_name=nwt, batch_filename_size=5, batch_size=0, batch_weight_size=5, pwt_source_name=pwt, num_document_passes=1, regularizer=(name:SparsePhi, tau:-100), class=(text:1), reuse_theta=yes, opt_for_avx=yes, predict_class_id=
I0929 14:45:56.907177 14988 processor.cc:802] Processor: start processing batch 6a4af50c-1d40-4968-a73a-29c46d4580d1 into model nwt
I0929 14:45:56.907177  2260 processor.cc:802] Processor: start processing batch 0580594d-f7bc-44d3-ac2b-5dd3a217f3c1 into model nwt
I0929 14:45:56.907177 13660 processor.cc:802] Processor: start processing batch 42e97b85-c4f9-4595-8cb3-402211db67eb into model nwt
I0929 14:45:56.907177 10632 processor.cc:802] Processor: start processing batch f2b01c28-a91b-48f5-a3c5-c0f8f6a45836 into model nwt
I0929 14:45:56.907177 15736 processor.cc:802] Processor: start processing batch b3d2eaf6-16f4-4711-8da3-cd6d21d6db5a into model nwt
I0929 14:45:56.949893 14988 processor.cc:898] Processor: complete processing batch 6a4af50c-1d40-4968-a73a-29c46d4580d1 into model nwt
I0929 14:45:56.949893 14988 cuckoo_watch.h:45] 49ms in ProcessBatch(school_batches\aaaaae.batch) [including 6ms in LoadMessage; 1ms in InitializeSparseNdw; 16ms in InferThetaAndUpdateNwtSparse; 11ms in CalculateScore(PerplexityScore); 2ms in CalculateScore(SparsityThetaScore); 8ms in CalculateScore(^^^ItemsProcessedScore^^^); ]
I0929 14:45:56.949893 15736 processor.cc:898] Processor: complete processing batch b3d2eaf6-16f4-4711-8da3-cd6d21d6db5a into model nwt
I0929 14:45:56.949893 15736 cuckoo_watch.h:45] 58ms in ProcessBatch(school_batches\aaaaab.batch) [including 9ms in LoadMessage; 3ms in InitializeSparseNdw; 12ms in InferThetaAndUpdateNwtSparse; 16ms in CalculateScore(PerplexityScore); 3ms in CalculateScore(SparsityThetaScore); 9ms in CalculateScore(^^^ItemsProcessedScore^^^); ]
I0929 14:45:56.949893 10632 processor.cc:898] Processor: complete processing batch f2b01c28-a91b-48f5-a3c5-c0f8f6a45836 into model nwt
I0929 14:45:56.949893 10632 cuckoo_watch.h:45] 59ms in ProcessBatch(school_batches\aaaaaa.batch) [including 9ms in LoadMessage; 2ms in InitializeSparseNdw; 13ms in InferThetaAndUpdateNwtSparse; 15ms in CalculateScore(PerplexityScore); 4ms in CalculateScore(SparsityThetaScore); 11ms in CalculateScore(^^^ItemsProcessedScore^^^); ]
I0929 14:45:56.965672 13660 processor.cc:898] Processor: complete processing batch 42e97b85-c4f9-4595-8cb3-402211db67eb into model nwt
I0929 14:45:56.965672 13660 cuckoo_watch.h:45] 63ms in ProcessBatch(school_batches\aaaaad.batch) [including 9ms in LoadMessage; 2ms in InitializeSparseNdw; 20ms in InferThetaAndUpdateNwtSparse; 16ms in CalculateScore(PerplexityScore); 2ms in CalculateScore(SparsityThetaScore); 10ms in CalculateScore(^^^ItemsProcessedScore^^^); ]
I0929 14:45:56.965672  2260 processor.cc:898] Processor: complete processing batch 0580594d-f7bc-44d3-ac2b-5dd3a217f3c1 into model nwt
I0929 14:45:56.965672  2260 cuckoo_watch.h:45] 65ms in ProcessBatch(school_batches\aaaaac.batch) [including 9ms in LoadMessage; 2ms in InitializeSparseNdw; 20ms in InferThetaAndUpdateNwtSparse; 18ms in CalculateScore(PerplexityScore); 3ms in CalculateScore(SparsityThetaScore); 9ms in CalculateScore(^^^ItemsProcessedScore^^^); ]
I0929 14:45:56.981717 14772 master_component.cc:1378] RegularizeModelArgs: rwt_target_name=rwt, pwt_source_name=pwt, nwt_source_name=nwt
I0929 14:45:56.981717 14772 master_component.cc:922] MasterComponent: start regularizing model pwt
I0929 14:45:57.036777 14772 master_component.cc:948] MasterComponent: complete regularizing model pwt
I0929 14:45:57.036777 14772 master_component.cc:1391] NormalizeModelArgs: pwt_target_name=pwt, nwt_source_name=nwt, rwt_source_name=rwt
I0929 14:45:57.036777 14772 master_component.cc:952] MasterComponent: start normalizing model nwt
I0929 14:45:57.067957 14772 master_component.cc:980] MasterComponent: complete normalizing model nwt
I0929 14:45:57.083640 14772 master_component.cc:1415] DisposeModel rwt
I0929 14:45:57.083640 14772 master_component.cc:1005] FitOffline: ItemsProcessed, num_items=475, num_batches=5, token_weight=160064, token_weight_in_effect=160064
I0929 14:45:57.083640 12060 c_interface.cc:559] Pass GetScoreValueArgs, score_name=^^^ItemsProcessedScore^^^ to MasterComponent::Request
I0929 14:45:57.083640 12060 c_interface.cc:230] ArtmCopyRequestedMessage is copying 46 bytes...
I0929 14:45:57.083640 14772 c_interface.cc:386] Pass FitOfflineMasterModelArgs, batch_filename_size=5, batch_weight_size=5, num_collection_passes=1 to void (__cdecl artm::core::MasterComponent::*)(class artm::FitOfflineMasterModelArgs const & __ptr64) __ptr64
I0929 14:45:57.083640 14772 master_component.cc:1340] ProcessBatchesArgs: nwt_target_name=nwt, batch_filename_size=5, batch_size=0, batch_weight_size=5, pwt_source_name=pwt, num_document_passes=1, regularizer=(name:SparsePhi, tau:-100), class=(text:1), reuse_theta=yes, opt_for_avx=yes, predict_class_id=
I0929 14:45:57.114884 14988 processor.cc:802] Processor: start processing batch f2b01c28-a91b-48f5-a3c5-c0f8f6a45836 into model nwt
I0929 14:45:57.130504 11396 processor.cc:724] Processing queue has data, processing started
I0929 14:45:57.130504 15736 processor.cc:802] Processor: start processing batch 6a4af50c-1d40-4968-a73a-29c46d4580d1 into model nwt
I0929 14:45:57.130504 13660 processor.cc:802] Processor: start processing batch 42e97b85-c4f9-4595-8cb3-402211db67eb into model nwt
I0929 14:45:57.130504 11396 processor.cc:802] Processor: start processing batch b3d2eaf6-16f4-4711-8da3-cd6d21d6db5a into model nwt
I0929 14:45:57.130504  2260 processor.cc:802] Processor: start processing batch 0580594d-f7bc-44d3-ac2b-5dd3a217f3c1 into model nwt
I0929 14:45:57.146064 14988 processor.cc:898] Processor: complete processing batch f2b01c28-a91b-48f5-a3c5-c0f8f6a45836 into model nwt
I0929 14:45:57.146064 14988 cuckoo_watch.h:45] 44ms in ProcessBatch(school_batches\aaaaaa.batch) [including 2ms in LoadMessage; 0ms in InitializeSparseNdw; 9ms in InferThetaAndUpdateNwtSparse; 17ms in CalculateScore(PerplexityScore); 2ms in CalculateScore(SparsityThetaScore); 9ms in CalculateScore(^^^ItemsProcessedScore^^^); ]
I0929 14:45:57.161684 15736 processor.cc:898] Processor: complete processing batch 6a4af50c-1d40-4968-a73a-29c46d4580d1 into model nwt
I0929 14:45:57.161684 15736 cuckoo_watch.h:45] 40ms in ProcessBatch(school_batches\aaaaae.batch) [including 2ms in LoadMessage; 0ms in InitializeSparseNdw; 10ms in InferThetaAndUpdateNwtSparse; 10ms in CalculateScore(PerplexityScore); 2ms in CalculateScore(SparsityThetaScore); 11ms in CalculateScore(^^^ItemsProcessedScore^^^); ]
I0929 14:45:57.161684 11396 processor.cc:898] Processor: complete processing batch b3d2eaf6-16f4-4711-8da3-cd6d21d6db5a into model nwt
I0929 14:45:57.161684 11396 cuckoo_watch.h:45] 43ms in ProcessBatch(school_batches\aaaaab.batch) [including 2ms in LoadMessage; 1ms in InitializeSparseNdw; 10ms in InferThetaAndUpdateNwtSparse; 11ms in CalculateScore(PerplexityScore); 2ms in CalculateScore(SparsityThetaScore); 12ms in CalculateScore(^^^ItemsProcessedScore^^^); ]
I0929 14:45:57.177305 13660 processor.cc:898] Processor: complete processing batch 42e97b85-c4f9-4595-8cb3-402211db67eb into model nwt
I0929 14:45:57.177305 13660 cuckoo_watch.h:45] 50ms in ProcessBatch(school_batches\aaaaad.batch) [including 2ms in LoadMessage; 1ms in InitializeSparseNdw; 11ms in InferThetaAndUpdateNwtSparse; 16ms in CalculateScore(PerplexityScore); 4ms in CalculateScore(SparsityThetaScore); 13ms in CalculateScore(^^^ItemsProcessedScore^^^); ]
I0929 14:45:57.177305  2260 processor.cc:898] Processor: complete processing batch 0580594d-f7bc-44d3-ac2b-5dd3a217f3c1 into model nwt
I0929 14:45:57.177305  2260 cuckoo_watch.h:45] 55ms in ProcessBatch(school_batches\aaaaac.batch) [including 4ms in LoadMessage; 1ms in InitializeSparseNdw; 17ms in InferThetaAndUpdateNwtSparse; 17ms in CalculateScore(PerplexityScore); 4ms in CalculateScore(SparsityThetaScore); 9ms in CalculateScore(^^^ItemsProcessedScore^^^); ]
I0929 14:45:57.193207 14772 master_component.cc:1378] RegularizeModelArgs: rwt_target_name=rwt, pwt_source_name=pwt, nwt_source_name=nwt
I0929 14:45:57.193207 14772 master_component.cc:922] MasterComponent: start regularizing model pwt
I0929 14:45:57.239856 14772 master_component.cc:948] MasterComponent: complete regularizing model pwt
I0929 14:45:57.239856 14772 master_component.cc:1391] NormalizeModelArgs: pwt_target_name=pwt, nwt_source_name=nwt, rwt_source_name=rwt
I0929 14:45:57.239856 14772 master_component.cc:952] MasterComponent: start normalizing model nwt
I0929 14:45:57.255475 10632 processor.cc:717] No data in processing queue, waiting...
I0929 14:45:57.271035 14772 master_component.cc:980] MasterComponent: complete normalizing model nwt
I0929 14:45:57.302340 14772 master_component.cc:1415] DisposeModel rwt
I0929 14:45:57.302340 14772 master_component.cc:1005] FitOffline: ItemsProcessed, num_items=475, num_batches=5, token_weight=160064, token_weight_in_effect=160064
I0929 14:45:57.302340 12060 c_interface.cc:559] Pass GetScoreValueArgs, score_name=^^^ItemsProcessedScore^^^ to MasterComponent::Request
I0929 14:45:57.302340 12060 c_interface.cc:230] ArtmCopyRequestedMessage is copying 46 bytes...
I0929 14:45:57.302340 14772 c_interface.cc:386] Pass FitOfflineMasterModelArgs, batch_filename_size=5, batch_weight_size=5, num_collection_passes=1 to void (__cdecl artm::core::MasterComponent::*)(class artm::FitOfflineMasterModelArgs const & __ptr64) __ptr64
I0929 14:45:57.302340 14772 master_component.cc:1340] ProcessBatchesArgs: nwt_target_name=nwt, batch_filename_size=5, batch_size=0, batch_weight_size=5, pwt_source_name=pwt, num_document_passes=1, regularizer=(name:SparsePhi, tau:-100), class=(text:1), reuse_theta=yes, opt_for_avx=yes, predict_class_id=
I0929 14:45:57.333559 15776 processor.cc:724] Processing queue has data, processing started
I0929 14:45:57.333559 15776 processor.cc:802] Processor: start processing batch f2b01c28-a91b-48f5-a3c5-c0f8f6a45836 into model nwt
I0929 14:45:57.349143 14988 processor.cc:802] Processor: start processing batch b3d2eaf6-16f4-4711-8da3-cd6d21d6db5a into model nwt
I0929 14:45:57.349143 15736 processor.cc:802] Processor: start processing batch 42e97b85-c4f9-4595-8cb3-402211db67eb into model nwt
I0929 14:45:57.349143 11396 processor.cc:802] Processor: start processing batch 6a4af50c-1d40-4968-a73a-29c46d4580d1 into model nwt
