I0929 12:59:58.832047  3164 processor.cc:802] Processor: start processing batch 422084be-ef15-40e8-beac-d1eb08743b28 into model nwt
I0929 12:59:58.832047 13944 processor.cc:802] Processor: start processing batch 5f8ed2ad-eff0-44fc-acc1-bff987d1bf55 into model nwt
I0929 12:59:58.832047  4504 processor.cc:802] Processor: start processing batch 5ee4f08b-a3cc-484a-a125-d05ea514f6b8 into model nwt
I0929 12:59:58.862668 11116 processor.cc:898] Processor: complete processing batch a3b79662-78c9-4a84-93ec-296f8ab0ce82 into model nwt
I0929 12:59:58.862668 11116 cuckoo_watch.h:45] 35ms in ProcessBatch(school_batches\aaaaae.batch) [including 3ms in LoadMessage; 1ms in InitializeSparseNdw; 8ms in InferThetaAndUpdateNwtSparse; 10ms in CalculateScore(PerplexityScore); 2ms in CalculateScore(SparsityThetaScore); 8ms in CalculateScore(^^^ItemsProcessedScore^^^); ]
I0929 12:59:58.862668 16076 processor.cc:898] Processor: complete processing batch 08a6e9cc-52e3-4c3a-af89-41dc340b31a5 into model nwt
I0929 12:59:58.862668 16076 cuckoo_watch.h:45] 37ms in ProcessBatch(school_batches\aaaaad.batch) [including 2ms in LoadMessage; 1ms in InitializeSparseNdw; 9ms in InferThetaAndUpdateNwtSparse; 10ms in CalculateScore(PerplexityScore); 2ms in CalculateScore(SparsityThetaScore); 9ms in CalculateScore(^^^ItemsProcessedScore^^^); ]
I0929 12:59:58.862668  3164 processor.cc:898] Processor: complete processing batch 422084be-ef15-40e8-beac-d1eb08743b28 into model nwt
I0929 12:59:58.862668  3164 cuckoo_watch.h:45] 40ms in ProcessBatch(school_batches\aaaaab.batch) [including 3ms in LoadMessage; 1ms in InitializeSparseNdw; 8ms in InferThetaAndUpdateNwtSparse; 10ms in CalculateScore(PerplexityScore); 2ms in CalculateScore(SparsityThetaScore); 12ms in CalculateScore(^^^ItemsProcessedScore^^^); ]
I0929 12:59:58.878291 13944 processor.cc:898] Processor: complete processing batch 5f8ed2ad-eff0-44fc-acc1-bff987d1bf55 into model nwt
I0929 12:59:58.878291 13944 cuckoo_watch.h:45] 48ms in ProcessBatch(school_batches\aaaaac.batch) [including 4ms in LoadMessage; 1ms in InitializeSparseNdw; 13ms in InferThetaAndUpdateNwtSparse; 14ms in CalculateScore(PerplexityScore); 2ms in CalculateScore(SparsityThetaScore); 9ms in CalculateScore(^^^ItemsProcessedScore^^^); ]
I0929 12:59:58.878291  4504 processor.cc:898] Processor: complete processing batch 5ee4f08b-a3cc-484a-a125-d05ea514f6b8 into model nwt
I0929 12:59:58.878291  4504 cuckoo_watch.h:45] 51ms in ProcessBatch(school_batches\aaaaaa.batch) [including 4ms in LoadMessage; 1ms in InitializeSparseNdw; 13ms in InferThetaAndUpdateNwtSparse; 16ms in CalculateScore(PerplexityScore); 3ms in CalculateScore(SparsityThetaScore); 9ms in CalculateScore(^^^ItemsProcessedScore^^^); ]
I0929 12:59:58.894577  2328 processor.cc:717] No data in processing queue, waiting...
I0929 12:59:58.894577 15776 master_component.cc:1391] NormalizeModelArgs: pwt_target_name=pwt, nwt_source_name=nwt, rwt_source_name=
I0929 12:59:58.894577 15776 master_component.cc:952] MasterComponent: start normalizing model nwt
I0929 12:59:58.925233 15776 master_component.cc:980] MasterComponent: complete normalizing model nwt
I0929 12:59:58.940840 15776 master_component.cc:1415] DisposeModel rwt
I0929 12:59:58.940840 15776 master_component.cc:1005] FitOffline: ItemsProcessed, num_items=475, num_batches=5, token_weight=160064, token_weight_in_effect=160064
I0929 12:59:58.940840  5020 c_interface.cc:559] Pass GetScoreValueArgs, score_name=^^^ItemsProcessedScore^^^ to MasterComponent::Request
I0929 12:59:58.940840  5020 c_interface.cc:230] ArtmCopyRequestedMessage is copying 46 bytes...
I0929 12:59:58.940840 15776 c_interface.cc:386] Pass FitOfflineMasterModelArgs, batch_filename_size=5, batch_weight_size=5, num_collection_passes=1 to void (__cdecl artm::core::MasterComponent::*)(class artm::FitOfflineMasterModelArgs const & __ptr64) __ptr64
I0929 12:59:58.940840 15776 master_component.cc:1340] ProcessBatchesArgs: nwt_target_name=nwt, batch_filename_size=5, batch_size=0, batch_weight_size=5, pwt_source_name=pwt, num_document_passes=1, class=(text:1), reuse_theta=yes, opt_for_avx=yes, predict_class_id=
I0929 12:59:58.988247  3164 processor.cc:802] Processor: start processing batch a3b79662-78c9-4a84-93ec-296f8ab0ce82 into model nwt
I0929 12:59:58.988247  3836 processor.cc:802] Processor: start processing batch 08a6e9cc-52e3-4c3a-af89-41dc340b31a5 into model nwt
I0929 12:59:58.988247 13944 processor.cc:802] Processor: start processing batch 422084be-ef15-40e8-beac-d1eb08743b28 into model nwt
I0929 12:59:58.988247 11116 processor.cc:802] Processor: start processing batch 5f8ed2ad-eff0-44fc-acc1-bff987d1bf55 into model nwt
I0929 12:59:58.988247  4104 processor.cc:802] Processor: start processing batch 5ee4f08b-a3cc-484a-a125-d05ea514f6b8 into model nwt
I0929 12:59:59.018885  3164 processor.cc:898] Processor: complete processing batch a3b79662-78c9-4a84-93ec-296f8ab0ce82 into model nwt
I0929 12:59:59.018885  3164 cuckoo_watch.h:45] 36ms in ProcessBatch(school_batches\aaaaae.batch) [including 2ms in LoadMessage; 1ms in InitializeSparseNdw; 9ms in InferThetaAndUpdateNwtSparse; 10ms in CalculateScore(PerplexityScore); 2ms in CalculateScore(SparsityThetaScore); 8ms in CalculateScore(^^^ItemsProcessedScore^^^); ]
I0929 12:59:59.018885 13944 processor.cc:898] Processor: complete processing batch 422084be-ef15-40e8-beac-d1eb08743b28 into model nwt
I0929 12:59:59.018885  3836 processor.cc:898] Processor: complete processing batch 08a6e9cc-52e3-4c3a-af89-41dc340b31a5 into model nwt
I0929 12:59:59.018885 13944 cuckoo_watch.h:45] 41ms in ProcessBatch(school_batches\aaaaab.batch) [including 2ms in LoadMessage; 1ms in InitializeSparseNdw; 9ms in InferThetaAndUpdateNwtSparse; 11ms in CalculateScore(PerplexityScore); 2ms in CalculateScore(SparsityThetaScore); 12ms in CalculateScore(^^^ItemsProcessedScore^^^); ]
I0929 12:59:59.018885  3836 cuckoo_watch.h:45] 41ms in ProcessBatch(school_batches\aaaaad.batch) [including 2ms in LoadMessage; 1ms in InitializeSparseNdw; 9ms in InferThetaAndUpdateNwtSparse; 11ms in CalculateScore(PerplexityScore); 2ms in CalculateScore(SparsityThetaScore); 13ms in CalculateScore(^^^ItemsProcessedScore^^^); ]
I0929 12:59:59.034564  4104 processor.cc:898] Processor: complete processing batch 5ee4f08b-a3cc-484a-a125-d05ea514f6b8 into model nwt
I0929 12:59:59.034564 11116 processor.cc:898] Processor: complete processing batch 5f8ed2ad-eff0-44fc-acc1-bff987d1bf55 into model nwt
I0929 12:59:59.034564  4104 cuckoo_watch.h:45] 57ms in ProcessBatch(school_batches\aaaaaa.batch) [including 4ms in LoadMessage; 1ms in InitializeSparseNdw; 13ms in InferThetaAndUpdateNwtSparse; 16ms in CalculateScore(PerplexityScore); 4ms in CalculateScore(SparsityThetaScore); 14ms in CalculateScore(^^^ItemsProcessedScore^^^); ]
I0929 12:59:59.034564 11116 cuckoo_watch.h:45] 57ms in ProcessBatch(school_batches\aaaaac.batch) [including 4ms in LoadMessage; 1ms in InitializeSparseNdw; 13ms in InferThetaAndUpdateNwtSparse; 16ms in CalculateScore(PerplexityScore); 4ms in CalculateScore(SparsityThetaScore); 14ms in CalculateScore(^^^ItemsProcessedScore^^^); ]
I0929 12:59:59.050704 15776 master_component.cc:1391] NormalizeModelArgs: pwt_target_name=pwt, nwt_source_name=nwt, rwt_source_name=
I0929 12:59:59.050704 15776 master_component.cc:952] MasterComponent: start normalizing model nwt
I0929 12:59:59.081435 15776 master_component.cc:980] MasterComponent: complete normalizing model nwt
I0929 12:59:59.097048 15776 master_component.cc:1415] DisposeModel rwt
I0929 12:59:59.097048 15776 master_component.cc:1005] FitOffline: ItemsProcessed, num_items=475, num_batches=5, token_weight=160064, token_weight_in_effect=160064
I0929 12:59:59.097048  5020 c_interface.cc:559] Pass GetScoreValueArgs, score_name=^^^ItemsProcessedScore^^^ to MasterComponent::Request
I0929 12:59:59.097048  5020 c_interface.cc:230] ArtmCopyRequestedMessage is copying 46 bytes...
I0929 12:59:59.097048 15776 c_interface.cc:386] Pass FitOfflineMasterModelArgs, batch_filename_size=5, batch_weight_size=5, num_collection_passes=1 to void (__cdecl artm::core::MasterComponent::*)(class artm::FitOfflineMasterModelArgs const & __ptr64) __ptr64
I0929 12:59:59.097048 15776 master_component.cc:1340] ProcessBatchesArgs: nwt_target_name=nwt, batch_filename_size=5, batch_size=0, batch_weight_size=5, pwt_source_name=pwt, num_document_passes=1, class=(text:1), reuse_theta=yes, opt_for_avx=yes, predict_class_id=
I0929 12:59:59.128298 13944 processor.cc:802] Processor: start processing batch 422084be-ef15-40e8-beac-d1eb08743b28 into model nwt
I0929 12:59:59.128298 11116 processor.cc:802] Processor: start processing batch 5ee4f08b-a3cc-484a-a125-d05ea514f6b8 into model nwt
I0929 12:59:59.143851  2328 processor.cc:724] Processing queue has data, processing started
I0929 12:59:59.143851  4104 processor.cc:802] Processor: start processing batch a3b79662-78c9-4a84-93ec-296f8ab0ce82 into model nwt
I0929 12:59:59.143851  2328 processor.cc:802] Processor: start processing batch 5f8ed2ad-eff0-44fc-acc1-bff987d1bf55 into model nwt
I0929 12:59:59.143851 16076 processor.cc:802] Processor: start processing batch 08a6e9cc-52e3-4c3a-af89-41dc340b31a5 into model nwt
I0929 12:59:59.159472 13944 processor.cc:898] Processor: complete processing batch 422084be-ef15-40e8-beac-d1eb08743b28 into model nwt
I0929 12:59:59.159472 13944 cuckoo_watch.h:45] 39ms in ProcessBatch(school_batches\aaaaab.batch) [including 2ms in LoadMessage; 1ms in InitializeSparseNdw; 9ms in InferThetaAndUpdateNwtSparse; 12ms in CalculateScore(PerplexityScore); 2ms in CalculateScore(SparsityThetaScore); 10ms in CalculateScore(^^^ItemsProcessedScore^^^); ]
I0929 12:59:59.175156 11116 processor.cc:898] Processor: complete processing batch 5ee4f08b-a3cc-484a-a125-d05ea514f6b8 into model nwt
I0929 12:59:59.175156 11116 cuckoo_watch.h:45] 49ms in ProcessBatch(school_batches\aaaaaa.batch) [including 2ms in LoadMessage; 1ms in InitializeSparseNdw; 9ms in InferThetaAndUpdateNwtSparse; 16ms in CalculateScore(PerplexityScore); 4ms in CalculateScore(SparsityThetaScore); 13ms in CalculateScore(^^^ItemsProcessedScore^^^); ]
I0929 12:59:59.175156  4104 processor.cc:898] Processor: complete processing batch a3b79662-78c9-4a84-93ec-296f8ab0ce82 into model nwt
I0929 12:59:59.175156  4104 cuckoo_watch.h:45] 35ms in ProcessBatch(school_batches\aaaaae.batch) [including 2ms in LoadMessage; 1ms in InitializeSparseNdw; 8ms in InferThetaAndUpdateNwtSparse; 10ms in CalculateScore(PerplexityScore); 2ms in CalculateScore(SparsityThetaScore); 8ms in CalculateScore(^^^ItemsProcessedScore^^^); ]
I0929 12:59:59.175156  2328 processor.cc:898] Processor: complete processing batch 5f8ed2ad-eff0-44fc-acc1-bff987d1bf55 into model nwt
I0929 12:59:59.175156  2328 cuckoo_watch.h:45] 37ms in ProcessBatch(school_batches\aaaaac.batch) [including 2ms in LoadMessage; 1ms in InitializeSparseNdw; 9ms in InferThetaAndUpdateNwtSparse; 11ms in CalculateScore(PerplexityScore); 2ms in CalculateScore(SparsityThetaScore); 9ms in CalculateScore(^^^ItemsProcessedScore^^^); ]
I0929 12:59:59.190788 16076 processor.cc:898] Processor: complete processing batch 08a6e9cc-52e3-4c3a-af89-41dc340b31a5 into model nwt
I0929 12:59:59.190788 16076 cuckoo_watch.h:45] 49ms in ProcessBatch(school_batches\aaaaad.batch) [including 4ms in LoadMessage; 1ms in InitializeSparseNdw; 14ms in InferThetaAndUpdateNwtSparse; 14ms in CalculateScore(PerplexityScore); 3ms in CalculateScore(SparsityThetaScore); 9ms in CalculateScore(^^^ItemsProcessedScore^^^); ]
I0929 12:59:59.207005 15776 master_component.cc:1391] NormalizeModelArgs: pwt_target_name=pwt, nwt_source_name=nwt, rwt_source_name=
I0929 12:59:59.207005 15776 master_component.cc:952] MasterComponent: start normalizing model nwt
I0929 12:59:59.237583  4504 processor.cc:717] No data in processing queue, waiting...
I0929 12:59:59.237583 15776 master_component.cc:980] MasterComponent: complete normalizing model nwt
I0929 12:59:59.253204 15776 master_component.cc:1415] DisposeModel rwt
I0929 12:59:59.253204 15776 master_component.cc:1005] FitOffline: ItemsProcessed, num_items=475, num_batches=5, token_weight=160064, token_weight_in_effect=160064
I0929 12:59:59.253204  5020 c_interface.cc:559] Pass GetScoreValueArgs, score_name=^^^ItemsProcessedScore^^^ to MasterComponent::Request
I0929 12:59:59.253204  5020 c_interface.cc:230] ArtmCopyRequestedMessage is copying 46 bytes...
I0929 12:59:59.253204 15776 c_interface.cc:386] Pass FitOfflineMasterModelArgs, batch_filename_size=5, batch_weight_size=5, num_collection_passes=1 to void (__cdecl artm::core::MasterComponent::*)(class artm::FitOfflineMasterModelArgs const & __ptr64) __ptr64
I0929 12:59:59.253204 15776 master_component.cc:1340] ProcessBatchesArgs: nwt_target_name=nwt, batch_filename_size=5, batch_size=0, batch_weight_size=5, pwt_source_name=pwt, num_document_passes=1, class=(text:1), reuse_theta=yes, opt_for_avx=yes, predict_class_id=
I0929 12:59:59.284444  4504 processor.cc:724] Processing queue has data, processing started
I0929 12:59:59.284444 16076 processor.cc:802] Processor: start processing batch 422084be-ef15-40e8-beac-d1eb08743b28 into model nwt
I0929 12:59:59.284444 13944 processor.cc:802] Processor: start processing batch 5f8ed2ad-eff0-44fc-acc1-bff987d1bf55 into model nwt
I0929 12:59:59.284444  4504 processor.cc:802] Processor: start processing batch 5ee4f08b-a3cc-484a-a125-d05ea514f6b8 into model nwt
I0929 12:59:59.300065  3836 processor.cc:802] Processor: start processing batch a3b79662-78c9-4a84-93ec-296f8ab0ce82 into model nwt
I0929 12:59:59.300065 11116 processor.cc:802] Processor: start processing batch 08a6e9cc-52e3-4c3a-af89-41dc340b31a5 into model nwt
I0929 12:59:59.315686 13944 processor.cc:898] Processor: complete processing batch 5f8ed2ad-eff0-44fc-acc1-bff987d1bf55 into model nwt
I0929 12:59:59.315686 13944 cuckoo_watch.h:45] 40ms in ProcessBatch(school_batches\aaaaac.batch) [including 2ms in LoadMessage; 1ms in InitializeSparseNdw; 8ms in InferThetaAndUpdateNwtSparse; 11ms in CalculateScore(PerplexityScore); 3ms in CalculateScore(SparsityThetaScore); 11ms in CalculateScore(^^^ItemsProcessedScore^^^); ]
I0929 12:59:59.331307  4504 processor.cc:898] Processor: complete processing batch 5ee4f08b-a3cc-484a-a125-d05ea514f6b8 into model nwt
I0929 12:59:59.331307 16076 processor.cc:898] Processor: complete processing batch 422084be-ef15-40e8-beac-d1eb08743b28 into model nwt
I0929 12:59:59.331307  4504 cuckoo_watch.h:45] 48ms in ProcessBatch(school_batches\aaaaaa.batch) [including 2ms in LoadMessage; 1ms in InitializeSparseNdw; 8ms in InferThetaAndUpdateNwtSparse; 15ms in CalculateScore(PerplexityScore); 4ms in CalculateScore(SparsityThetaScore); 14ms in CalculateScore(^^^ItemsProcessedScore^^^); ]
I0929 12:59:59.331307 16076 cuckoo_watch.h:45] 49ms in ProcessBatch(school_batches\aaaaab.batch) [including 2ms in LoadMessage; 1ms in InitializeSparseNdw; 8ms in InferThetaAndUpdateNwtSparse; 15ms in CalculateScore(PerplexityScore); 4ms in CalculateScore(SparsityThetaScore); 15ms in CalculateScore(^^^ItemsProcessedScore^^^); ]
I0929 12:59:59.336593  3836 processor.cc:898] Processor: complete processing batch a3b79662-78c9-4a84-93ec-296f8ab0ce82 into model nwt
I0929 12:59:59.344595  3164 processor.cc:717] No data in processing queue, waiting...
I0929 12:59:59.344595  3836 cuckoo_watch.h:45] 45ms in ProcessBatch(school_batches\aaaaae.batch) [including 2ms in LoadMessage; 0ms in InitializeSparseNdw; 10ms in InferThetaAndUpdateNwtSparse; 14ms in CalculateScore(PerplexityScore); 3ms in CalculateScore(SparsityThetaScore); 10ms in CalculateScore(^^^ItemsProcessedScore^^^); ]
I0929 12:59:59.344595 11116 processor.cc:898] Processor: complete processing batch 08a6e9cc-52e3-4c3a-af89-41dc340b31a5 into model nwt
I0929 12:59:59.344595 11116 cuckoo_watch.h:45] 46ms in ProcessBatch(school_batches\aaaaad.batch) [including 2ms in LoadMessage; 1ms in InitializeSparseNdw; 10ms in InferThetaAndUpdateNwtSparse; 16ms in CalculateScore(PerplexityScore); 3ms in CalculateScore(SparsityThetaScore); 11ms in CalculateScore(^^^ItemsProcessedScore^^^); ]
I0929 12:59:59.360844 15776 master_component.cc:1391] NormalizeModelArgs: pwt_target_name=pwt, nwt_source_name=nwt, rwt_source_name=
I0929 12:59:59.360844 15776 master_component.cc:952] MasterComponent: start normalizing model nwt
I0929 12:59:59.392632 15776 master_component.cc:980] MasterComponent: complete normalizing model nwt
I0929 12:59:59.416595 15776 master_component.cc:1415] DisposeModel rwt
I0929 12:59:59.416595 15776 master_component.cc:1005] FitOffline: ItemsProcessed, num_items=475, num_batches=5, token_weight=160064, token_weight_in_effect=160064
I0929 12:59:59.416595  5020 c_interface.cc:559] Pass GetScoreValueArgs, score_name=^^^ItemsProcessedScore^^^ to MasterComponent::Request
I0929 12:59:59.416595  5020 c_interface.cc:230] ArtmCopyRequestedMessage is copying 46 bytes...
I0929 12:59:59.416595 15776 c_interface.cc:386] Pass FitOfflineMasterModelArgs, batch_filename_size=5, batch_weight_size=5, num_collection_passes=1 to void (__cdecl artm::core::MasterComponent::*)(class artm::FitOfflineMasterModelArgs const & __ptr64) __ptr64
I0929 12:59:59.416595 15776 master_component.cc:1340] ProcessBatchesArgs: nwt_target_name=nwt, batch_filename_size=5, batch_size=0, batch_weight_size=5, pwt_source_name=pwt, num_document_passes=1, class=(text:1), reuse_theta=yes, opt_for_avx=yes, predict_class_id=
I0929 12:59:59.449043  3164 processor.cc:724] Processing queue has data, processing started
I0929 12:59:59.449043  4504 processor.cc:802] Processor: start processing batch 5f8ed2ad-eff0-44fc-acc1-bff987d1bf55 into model nwt
I0929 12:59:59.449043  3164 processor.cc:802] Processor: start processing batch 08a6e9cc-52e3-4c3a-af89-41dc340b31a5 into model nwt
I0929 12:59:59.449043  2328 processor.cc:802] Processor: start processing batch 5ee4f08b-a3cc-484a-a125-d05ea514f6b8 into model nwt
I0929 12:59:59.449043 16076 processor.cc:802] Processor: start processing batch 422084be-ef15-40e8-beac-d1eb08743b28 into model nwt
I0929 12:59:59.456601  3836 processor.cc:802] Processor: start processing batch a3b79662-78c9-4a84-93ec-296f8ab0ce82 into model nwt
I0929 12:59:59.480595  4104 processor.cc:717] No data in processing queue, waiting...
I0929 12:59:59.504592  3164 processor.cc:898] Processor: complete processing batch 08a6e9cc-52e3-4c3a-af89-41dc340b31a5 into model nwt
I0929 12:59:59.504592  3164 cuckoo_watch.h:45] 59ms in ProcessBatch(school_batches\aaaaad.batch) [including 4ms in LoadMessage; 2ms in InitializeSparseNdw; 11ms in InferThetaAndUpdateNwtSparse; 20ms in CalculateScore(PerplexityScore); 4ms in CalculateScore(SparsityThetaScore); 13ms in CalculateScore(^^^ItemsProcessedScore^^^); ]
I0929 12:59:59.504592  2328 processor.cc:898] Processor: complete processing batch 5ee4f08b-a3cc-484a-a125-d05ea514f6b8 into model nwt
I0929 12:59:59.504592 16076 processor.cc:898] Processor: complete processing batch 422084be-ef15-40e8-beac-d1eb08743b28 into model nwt
I0929 12:59:59.504592  4504 processor.cc:898] Processor: complete processing batch 5f8ed2ad-eff0-44fc-acc1-bff987d1bf55 into model nwt
I0929 12:59:59.504592 16076 cuckoo_watch.h:45] 62ms in ProcessBatch(school_batches\aaaaab.batch) [including 5ms in LoadMessage; 3ms in InitializeSparseNdw; 16ms in InferThetaAndUpdateNwtSparse; 12ms in CalculateScore(PerplexityScore); 6ms in CalculateScore(SparsityThetaScore); 17ms in CalculateScore(^^^ItemsProcessedScore^^^); ]
I0929 12:59:59.504592  2328 cuckoo_watch.h:45] 62ms in ProcessBatch(school_batches\aaaaaa.batch) [including 4ms in LoadMessage; 3ms in InitializeSparseNdw; 15ms in InferThetaAndUpdateNwtSparse; 18ms in CalculateScore(PerplexityScore); 2ms in CalculateScore(SparsityThetaScore); 14ms in CalculateScore(^^^ItemsProcessedScore^^^); ]
I0929 12:59:59.504592  4504 cuckoo_watch.h:45] 63ms in ProcessBatch(school_batches\aaaaac.batch) [including 3ms in LoadMessage; 3ms in InitializeSparseNdw; 13ms in InferThetaAndUpdateNwtSparse; 20ms in CalculateScore(PerplexityScore); 4ms in CalculateScore(SparsityThetaScore); 14ms in CalculateScore(^^^ItemsProcessedScore^^^); ]
I0929 12:59:59.512593  3836 processor.cc:898] Processor: complete processing batch a3b79662-78c9-4a84-93ec-296f8ab0ce82 into model nwt
I0929 12:59:59.512593  3836 cuckoo_watch.h:45] 64ms in ProcessBatch(school_batches\aaaaae.batch) [including 6ms in LoadMessage; 2ms in InitializeSparseNdw; 14ms in InferThetaAndUpdateNwtSparse; 18ms in CalculateScore(PerplexityScore); 4ms in CalculateScore(SparsityThetaScore); 16ms in CalculateScore(^^^ItemsProcessedScore^^^); ]
I0929 12:59:59.528594 15776 master_component.cc:1391] NormalizeModelArgs: pwt_target_name=pwt, nwt_source_name=nwt, rwt_source_name=
I0929 12:59:59.528594 15776 master_component.cc:952] MasterComponent: start normalizing model nwt
I0929 12:59:59.560657 15776 master_component.cc:980] MasterComponent: complete normalizing model nwt
I0929 12:59:59.581468 15776 master_component.cc:1415] DisposeModel rwt
I0929 12:59:59.581468 15776 master_component.cc:1005] FitOffline: ItemsProcessed, num_items=475, num_batches=5, token_weight=160064, token_weight_in_effect=160064
I0929 12:59:59.581468  5020 c_interface.cc:559] Pass GetScoreValueArgs, score_name=^^^ItemsProcessedScore^^^ to MasterComponent::Request
I0929 12:59:59.581468  5020 c_interface.cc:230] ArtmCopyRequestedMessage is copying 46 bytes...
I0929 12:59:59.581468 15776 c_interface.cc:386] Pass FitOfflineMasterModelArgs, batch_filename_size=5, batch_weight_size=5, num_collection_passes=1 to void (__cdecl artm::core::MasterComponent::*)(class artm::FitOfflineMasterModelArgs const & __ptr64) __ptr64
I0929 12:59:59.581468 15776 master_component.cc:1340] ProcessBatchesArgs: nwt_target_name=nwt, batch_filename_size=5, batch_size=0, batch_weight_size=5, pwt_source_name=pwt, num_document_passes=1, class=(text:1), reuse_theta=yes, opt_for_avx=yes, predict_class_id=
I0929 12:59:59.605439 13944 processor.cc:717] No data in processing queue, waiting...
I0929 12:59:59.621732  3164 processor.cc:802] Processor: start processing batch 08a6e9cc-52e3-4c3a-af89-41dc340b31a5 into model nwt
I0929 12:59:59.621732  2328 processor.cc:802] Processor: start processing batch 5f8ed2ad-eff0-44fc-acc1-bff987d1bf55 into model nwt
I0929 12:59:59.621732  3836 processor.cc:802] Processor: start processing batch a3b79662-78c9-4a84-93ec-296f8ab0ce82 into model nwt
I0929 12:59:59.621732 16076 processor.cc:802] Processor: start processing batch 5ee4f08b-a3cc-484a-a125-d05ea514f6b8 into model nwt
I0929 12:59:59.621732  4504 processor.cc:802] Processor: start processing batch 422084be-ef15-40e8-beac-d1eb08743b28 into model nwt
I0929 12:59:59.637403 11116 processor.cc:717] No data in processing queue, waiting...
I0929 12:59:59.661403  2328 processor.cc:898] Processor: complete processing batch 5f8ed2ad-eff0-44fc-acc1-bff987d1bf55 into model nwt
I0929 12:59:59.661403  2328 cuckoo_watch.h:45] 42ms in ProcessBatch(school_batches\aaaaac.batch) [including 2ms in LoadMessage; 1ms in InitializeSparseNdw; 9ms in InferThetaAndUpdateNwtSparse; 11ms in CalculateScore(PerplexityScore); 2ms in CalculateScore(SparsityThetaScore); 12ms in CalculateScore(^^^ItemsProcessedScore^^^); ]
I0929 12:59:59.661403  3164 processor.cc:898] Processor: complete processing batch 08a6e9cc-52e3-4c3a-af89-41dc340b31a5 into model nwt
I0929 12:59:59.661403  3164 cuckoo_watch.h:45] 44ms in ProcessBatch(school_batches\aaaaad.batch) [including 2ms in LoadMessage; 1ms in InitializeSparseNdw; 10ms in InferThetaAndUpdateNwtSparse; 16ms in CalculateScore(PerplexityScore); 3ms in CalculateScore(SparsityThetaScore); 9ms in CalculateScore(^^^ItemsProcessedScore^^^); ]
I0929 12:59:59.661403  3836 processor.cc:898] Processor: complete processing batch a3b79662-78c9-4a84-93ec-296f8ab0ce82 into model nwt
I0929 12:59:59.661403  4504 processor.cc:898] Processor: complete processing batch 422084be-ef15-40e8-beac-d1eb08743b28 into model nwt
I0929 12:59:59.661403  3836 cuckoo_watch.h:45] 46ms in ProcessBatch(school_batches\aaaaae.batch) [including 4ms in LoadMessage; 0ms in InitializeSparseNdw; 8ms in InferThetaAndUpdateNwtSparse; 14ms in CalculateScore(PerplexityScore); 4ms in CalculateScore(SparsityThetaScore); 12ms in CalculateScore(^^^ItemsProcessedScore^^^); ]
I0929 12:59:59.661403  4504 cuckoo_watch.h:45] 47ms in ProcessBatch(school_batches\aaaaab.batch) [including 4ms in LoadMessage; 1ms in InitializeSparseNdw; 13ms in InferThetaAndUpdateNwtSparse; 13ms in CalculateScore(PerplexityScore); 3ms in CalculateScore(SparsityThetaScore); 9ms in CalculateScore(^^^ItemsProcessedScore^^^); ]
I0929 12:59:59.669436 16076 processor.cc:898] Processor: complete processing batch 5ee4f08b-a3cc-484a-a125-d05ea514f6b8 into model nwt
I0929 12:59:59.669436 16076 cuckoo_watch.h:45] 51ms in ProcessBatch(school_batches\aaaaaa.batch) [including 4ms in LoadMessage; 1ms in InitializeSparseNdw; 12ms in InferThetaAndUpdateNwtSparse; 12ms in CalculateScore(PerplexityScore); 4ms in CalculateScore(SparsityThetaScore); 14ms in CalculateScore(^^^ItemsProcessedScore^^^); ]
I0929 12:59:59.685602 15776 master_component.cc:1391] NormalizeModelArgs: pwt_target_name=pwt, nwt_source_name=nwt, rwt_source_name=
I0929 12:59:59.685714 15776 master_component.cc:952] MasterComponent: start normalizing model nwt
I0929 12:59:59.709712 15776 master_component.cc:980] MasterComponent: complete normalizing model nwt
I0929 12:59:59.733711 15776 master_component.cc:1415] DisposeModel rwt
I0929 12:59:59.733711 15776 master_component.cc:1005] FitOffline: ItemsProcessed, num_items=475, num_batches=5, token_weight=160064, token_weight_in_effect=160064
I0929 12:59:59.733711  5020 c_interface.cc:559] Pass GetScoreValueArgs, score_name=^^^ItemsProcessedScore^^^ to MasterComponent::Request
I0929 12:59:59.733711  5020 c_interface.cc:230] ArtmCopyRequestedMessage is copying 46 bytes...
I0929 12:59:59.733711 15776 c_interface.cc:386] Pass FitOfflineMasterModelArgs, batch_filename_size=5, batch_weight_size=5, num_collection_passes=1 to void (__cdecl artm::core::MasterComponent::*)(class artm::FitOfflineMasterModelArgs const & __ptr64) __ptr64
I0929 12:59:59.733711 15776 master_component.cc:1340] ProcessBatchesArgs: nwt_target_name=nwt, batch_filename_size=5, batch_size=0, batch_weight_size=5, pwt_source_name=pwt, num_document_passes=1, class=(text:1), reuse_theta=yes, opt_for_avx=yes, predict_class_id=
I0929 12:59:59.766186 11116 processor.cc:724] Processing queue has data, processing started
I0929 12:59:59.766186 13944 processor.cc:724] Processing queue has data, processing started
I0929 12:59:59.766186 11116 processor.cc:802] Processor: start processing batch 08a6e9cc-52e3-4c3a-af89-41dc340b31a5 into model nwt
I0929 12:59:59.766186  4504 processor.cc:802] Processor: start processing batch 422084be-ef15-40e8-beac-d1eb08743b28 into model nwt
I0929 12:59:59.766186  3836 processor.cc:802] Processor: start processing batch 5f8ed2ad-eff0-44fc-acc1-bff987d1bf55 into model nwt
I0929 12:59:59.766186 13944 processor.cc:802] Processor: start processing batch a3b79662-78c9-4a84-93ec-296f8ab0ce82 into model nwt
I0929 12:59:59.766186 16076 processor.cc:802] Processor: start processing batch 5ee4f08b-a3cc-484a-a125-d05ea514f6b8 into model nwt
I0929 12:59:59.802595  4504 processor.cc:898] Processor: complete processing batch 422084be-ef15-40e8-beac-d1eb08743b28 into model nwt
I0929 12:59:59.802595  3836 processor.cc:898] Processor: complete processing batch 5f8ed2ad-eff0-44fc-acc1-bff987d1bf55 into model nwt
I0929 12:59:59.802595  3836 cuckoo_watch.h:45] 39ms in ProcessBatch(school_batches\aaaaac.batch) [including 2ms in LoadMessage; 1ms in InitializeSparseNdw; 9ms in InferThetaAndUpdateNwtSparse; 11ms in CalculateScore(PerplexityScore); 2ms in CalculateScore(SparsityThetaScore); 10ms in CalculateScore(^^^ItemsProcessedScore^^^); ]
I0929 12:59:59.802595  4504 cuckoo_watch.h:45] 39ms in ProcessBatch(school_batches\aaaaab.batch) [including 2ms in LoadMessage; 1ms in InitializeSparseNdw; 9ms in InferThetaAndUpdateNwtSparse; 11ms in CalculateScore(PerplexityScore); 2ms in CalculateScore(SparsityThetaScore); 10ms in CalculateScore(^^^ItemsProcessedScore^^^); ]
I0929 12:59:59.802595 11116 processor.cc:898] Processor: complete processing batch 08a6e9cc-52e3-4c3a-af89-41dc340b31a5 into model nwt
I0929 12:59:59.802595 11116 cuckoo_watch.h:45] 45ms in ProcessBatch(school_batches\aaaaad.batch) [including 2ms in LoadMessage; 1ms in InitializeSparseNdw; 9ms in InferThetaAndUpdateNwtSparse; 13ms in CalculateScore(PerplexityScore); 2ms in CalculateScore(SparsityThetaScore); 14ms in CalculateScore(^^^ItemsProcessedScore^^^); ]
I0929 12:59:59.802595 16076 processor.cc:898] Processor: complete processing batch 5ee4f08b-a3cc-484a-a125-d05ea514f6b8 into model nwt
I0929 12:59:59.802595 16076 cuckoo_watch.h:45] 48ms in ProcessBatch(school_batches\aaaaaa.batch) [including 4ms in LoadMessage; 1ms in InitializeSparseNdw; 13ms in InferThetaAndUpdateNwtSparse; 15ms in CalculateScore(PerplexityScore); 2ms in CalculateScore(SparsityThetaScore); 8ms in CalculateScore(^^^ItemsProcessedScore^^^); ]
I0929 12:59:59.802595 13944 processor.cc:898] Processor: complete processing batch a3b79662-78c9-4a84-93ec-296f8ab0ce82 into model nwt
I0929 12:59:59.802595 13944 cuckoo_watch.h:45] 50ms in ProcessBatch(school_batches\aaaaae.batch) [including 3ms in LoadMessage; 1ms in InitializeSparseNdw; 12ms in InferThetaAndUpdateNwtSparse; 14ms in CalculateScore(PerplexityScore); 4ms in CalculateScore(SparsityThetaScore); 11ms in CalculateScore(^^^ItemsProcessedScore^^^); ]
I0929 12:59:59.818642 15776 master_component.cc:1391] NormalizeModelArgs: pwt_target_name=pwt, nwt_source_name=nwt, rwt_source_name=
I0929 12:59:59.818642 15776 master_component.cc:952] MasterComponent: start normalizing model nwt
I0929 12:59:59.849457 15776 master_component.cc:980] MasterComponent: complete normalizing model nwt
I0929 12:59:59.865078 15776 master_component.cc:1415] DisposeModel rwt
I0929 12:59:59.865078 15776 master_component.cc:1005] FitOffline: ItemsProcessed, num_items=475, num_batches=5, token_weight=160064, token_weight_in_effect=160064
I0929 12:59:59.865078  5020 c_interface.cc:559] Pass GetScoreValueArgs, score_name=^^^ItemsProcessedScore^^^ to MasterComponent::Request
I0929 12:59:59.865078  5020 c_interface.cc:230] ArtmCopyRequestedMessage is copying 46 bytes...
I0929 12:59:59.865078 15776 c_interface.cc:386] Pass FitOfflineMasterModelArgs, batch_filename_size=5, batch_weight_size=5, num_collection_passes=1 to void (__cdecl artm::core::MasterComponent::*)(class artm::FitOfflineMasterModelArgs const & __ptr64) __ptr64
I0929 12:59:59.865078 15776 master_component.cc:1340] ProcessBatchesArgs: nwt_target_name=nwt, batch_filename_size=5, batch_size=0, batch_weight_size=5, pwt_source_name=pwt, num_document_passes=1, class=(text:1), reuse_theta=yes, opt_for_avx=yes, predict_class_id=
I0929 12:59:59.896325  4104 processor.cc:724] Processing queue has data, processing started
I0929 12:59:59.896325  4104 processor.cc:802] Processor: start processing batch 5f8ed2ad-eff0-44fc-acc1-bff987d1bf55 into model nwt
I0929 12:59:59.896325  4504 processor.cc:802] Processor: start processing batch 5ee4f08b-a3cc-484a-a125-d05ea514f6b8 into model nwt
I0929 12:59:59.896325 13944 processor.cc:802] Processor: start processing batch 422084be-ef15-40e8-beac-d1eb08743b28 into model nwt
I0929 12:59:59.896325  3836 processor.cc:802] Processor: start processing batch a3b79662-78c9-4a84-93ec-296f8ab0ce82 into model nwt
I0929 12:59:59.896325  3164 processor.cc:802] Processor: start processing batch 08a6e9cc-52e3-4c3a-af89-41dc340b31a5 into model nwt
I0929 12:59:59.927564  4504 processor.cc:898] Processor: complete processing batch 5ee4f08b-a3cc-484a-a125-d05ea514f6b8 into model nwt
I0929 12:59:59.927564  4504 cuckoo_watch.h:45] 38ms in ProcessBatch(school_batches\aaaaaa.batch) [including 3ms in LoadMessage; 1ms in InitializeSparseNdw; 9ms in InferThetaAndUpdateNwtSparse; 11ms in CalculateScore(PerplexityScore); 2ms in CalculateScore(SparsityThetaScore); 9ms in CalculateScore(^^^ItemsProcessedScore^^^); ]
I0929 12:59:59.927564 13944 processor.cc:898] Processor: complete processing batch 422084be-ef15-40e8-beac-d1eb08743b28 into model nwt
I0929 12:59:59.927564  4104 processor.cc:898] Processor: complete processing batch 5f8ed2ad-eff0-44fc-acc1-bff987d1bf55 into model nwt
I0929 12:59:59.927564 13944 cuckoo_watch.h:45] 39ms in ProcessBatch(school_batches\aaaaab.batch) [including 3ms in LoadMessage; 1ms in InitializeSparseNdw; 9ms in InferThetaAndUpdateNwtSparse; 11ms in CalculateScore(PerplexityScore); 2ms in CalculateScore(SparsityThetaScore); 10ms in CalculateScore(^^^ItemsProcessedScore^^^); ]
I0929 12:59:59.927564  4104 cuckoo_watch.h:45] 39ms in ProcessBatch(school_batches\aaaaac.batch) [including 2ms in LoadMessage; 1ms in InitializeSparseNdw; 9ms in InferThetaAndUpdateNwtSparse; 11ms in CalculateScore(PerplexityScore); 2ms in CalculateScore(SparsityThetaScore); 10ms in CalculateScore(^^^ItemsProcessedScore^^^); ]
I0929 12:59:59.943187  3836 processor.cc:898] Processor: complete processing batch a3b79662-78c9-4a84-93ec-296f8ab0ce82 into model nwt
I0929 12:59:59.943187  3836 cuckoo_watch.h:45] 54ms in ProcessBatch(school_batches\aaaaae.batch) [including 4ms in LoadMessage; 1ms in InitializeSparseNdw; 13ms in InferThetaAndUpdateNwtSparse; 15ms in CalculateScore(PerplexityScore); 4ms in CalculateScore(SparsityThetaScore); 12ms in CalculateScore(^^^ItemsProcessedScore^^^); ]
I0929 12:59:59.943187  3164 processor.cc:898] Processor: complete processing batch 08a6e9cc-52e3-4c3a-af89-41dc340b31a5 into model nwt
I0929 12:59:59.943187  3164 cuckoo_watch.h:45] 58ms in ProcessBatch(school_batches\aaaaad.batch) [including 4ms in LoadMessage; 1ms in InitializeSparseNdw; 14ms in InferThetaAndUpdateNwtSparse; 17ms in CalculateScore(PerplexityScore); 4ms in CalculateScore(SparsityThetaScore); 13ms in CalculateScore(^^^ItemsProcessedScore^^^); ]
I0929 12:59:59.959105  2328 processor.cc:717] No data in processing queue, waiting...
I0929 12:59:59.959105 15776 master_component.cc:1391] NormalizeModelArgs: pwt_target_name=pwt, nwt_source_name=nwt, rwt_source_name=
I0929 12:59:59.959105 15776 master_component.cc:952] MasterComponent: start normalizing model nwt
I0929 12:59:59.990121 15776 master_component.cc:980] MasterComponent: complete normalizing model nwt
I0929 13:00:00.005738 15776 master_component.cc:1415] DisposeModel rwt
I0929 13:00:00.005738 15776 master_component.cc:1005] FitOffline: ItemsProcessed, num_items=475, num_batches=5, token_weight=160064, token_weight_in_effect=160064
I0929 13:00:00.005738  5020 c_interface.cc:559] Pass GetScoreValueArgs, score_name=^^^ItemsProcessedScore^^^ to MasterComponent::Request
I0929 13:00:00.005738  5020 c_interface.cc:230] ArtmCopyRequestedMessage is copying 46 bytes...
I0929 13:00:00.005738 15776 c_interface.cc:386] Pass FitOfflineMasterModelArgs, batch_filename_size=5, batch_weight_size=5, num_collection_passes=1 to void (__cdecl artm::core::MasterComponent::*)(class artm::FitOfflineMasterModelArgs const & __ptr64) __ptr64
I0929 13:00:00.005738 15776 master_component.cc:1340] ProcessBatchesArgs: nwt_target_name=nwt, batch_filename_size=5, batch_size=0, batch_weight_size=5, pwt_source_name=pwt, num_document_passes=1, class=(text:1), reuse_theta=yes, opt_for_avx=yes, predict_class_id=
I0929 13:00:00.036978  4504 processor.cc:802] Processor: start processing batch 5ee4f08b-a3cc-484a-a125-d05ea514f6b8 into model nwt
I0929 13:00:00.036978  4104 processor.cc:802] Processor: start processing batch 08a6e9cc-52e3-4c3a-af89-41dc340b31a5 into model nwt
I0929 13:00:00.036978 13944 processor.cc:802] Processor: start processing batch 5f8ed2ad-eff0-44fc-acc1-bff987d1bf55 into model nwt
I0929 13:00:00.036978  3164 processor.cc:802] Processor: start processing batch 422084be-ef15-40e8-beac-d1eb08743b28 into model nwt
I0929 13:00:00.052537  2328 processor.cc:724] Processing queue has data, processing started
I0929 13:00:00.052537  2328 processor.cc:802] Processor: start processing batch a3b79662-78c9-4a84-93ec-296f8ab0ce82 into model nwt
I0929 13:00:00.068161  4504 processor.cc:898] Processor: complete processing batch 5ee4f08b-a3cc-484a-a125-d05ea514f6b8 into model nwt
I0929 13:00:00.068161  3164 processor.cc:898] Processor: complete processing batch 422084be-ef15-40e8-beac-d1eb08743b28 into model nwt
I0929 13:00:00.068161  4504 cuckoo_watch.h:45] 37ms in ProcessBatch(school_batches\aaaaaa.batch) [including 2ms in LoadMessage; 1ms in InitializeSparseNdw; 8ms in InferThetaAndUpdateNwtSparse; 10ms in CalculateScore(PerplexityScore); 2ms in CalculateScore(SparsityThetaScore); 9ms in CalculateScore(^^^ItemsProcessedScore^^^); ]
I0929 13:00:00.068161  3164 cuckoo_watch.h:45] 37ms in ProcessBatch(school_batches\aaaaab.batch) [including 2ms in LoadMessage; 1ms in InitializeSparseNdw; 8ms in InferThetaAndUpdateNwtSparse; 11ms in CalculateScore(PerplexityScore); 2ms in CalculateScore(SparsityThetaScore); 9ms in CalculateScore(^^^ItemsProcessedScore^^^); ]
I0929 13:00:00.068161 13944 processor.cc:898] Processor: complete processing batch 5f8ed2ad-eff0-44fc-acc1-bff987d1bf55 into model nwt
I0929 13:00:00.068161 13944 cuckoo_watch.h:45] 38ms in ProcessBatch(school_batches\aaaaac.batch) [including 2ms in LoadMessage; 1ms in InitializeSparseNdw; 9ms in InferThetaAndUpdateNwtSparse; 11ms in CalculateScore(PerplexityScore); 2ms in CalculateScore(SparsityThetaScore); 9ms in CalculateScore(^^^ItemsProcessedScore^^^); ]
I0929 13:00:00.082334  4104 processor.cc:898] Processor: complete processing batch 08a6e9cc-52e3-4c3a-af89-41dc340b31a5 into model nwt
I0929 13:00:00.082334  4104 cuckoo_watch.h:45] 50ms in ProcessBatch(school_batches\aaaaad.batch) [including 2ms in LoadMessage; 1ms in InitializeSparseNdw; 9ms in InferThetaAndUpdateNwtSparse; 16ms in CalculateScore(PerplexityScore); 4ms in CalculateScore(SparsityThetaScore); 14ms in CalculateScore(^^^ItemsProcessedScore^^^); ]
I0929 13:00:00.098333 11116 processor.cc:717] No data in processing queue, waiting...
I0929 13:00:00.098333 16076 processor.cc:717] No data in processing queue, waiting...
I0929 13:00:00.098333  2328 processor.cc:898] Processor: complete processing batch a3b79662-78c9-4a84-93ec-296f8ab0ce82 into model nwt
I0929 13:00:00.098333  2328 cuckoo_watch.h:45] 48ms in ProcessBatch(school_batches\aaaaae.batch) [including 3ms in LoadMessage; 1ms in InitializeSparseNdw; 14ms in InferThetaAndUpdateNwtSparse; 14ms in CalculateScore(PerplexityScore); 2ms in CalculateScore(SparsityThetaScore); 10ms in CalculateScore(^^^ItemsProcessedScore^^^); ]
I0929 13:00:00.114614 15776 master_component.cc:1391] NormalizeModelArgs: pwt_target_name=pwt, nwt_source_name=nwt, rwt_source_name=
I0929 13:00:00.114614 15776 master_component.cc:952] MasterComponent: start normalizing model nwt
I0929 13:00:00.138396 15776 master_component.cc:980] MasterComponent: complete normalizing model nwt
I0929 13:00:00.154435 15776 master_component.cc:1415] DisposeModel rwt
I0929 13:00:00.154435 15776 master_component.cc:1005] FitOffline: ItemsProcessed, num_items=475, num_batches=5, token_weight=160064, token_weight_in_effect=160064
I0929 13:00:00.154435  5020 c_interface.cc:559] Pass GetScoreValueArgs, score_name=^^^ItemsProcessedScore^^^ to MasterComponent::Request
I0929 13:00:00.154435  5020 c_interface.cc:230] ArtmCopyRequestedMessage is copying 46 bytes...
I0929 13:00:00.154435 15776 c_interface.cc:386] Pass FitOfflineMasterModelArgs, batch_filename_size=5, batch_weight_size=5, num_collection_passes=1 to void (__cdecl artm::core::MasterComponent::*)(class artm::FitOfflineMasterModelArgs const & __ptr64) __ptr64
I0929 13:00:00.154435 15776 master_component.cc:1340] ProcessBatchesArgs: nwt_target_name=nwt, batch_filename_size=5, batch_size=0, batch_weight_size=5, pwt_source_name=pwt, num_document_passes=1, class=(text:1), reuse_theta=yes, opt_for_avx=yes, predict_class_id=
I0929 13:00:00.202611  2328 processor.cc:802] Processor: start processing batch a3b79662-78c9-4a84-93ec-296f8ab0ce82 into model nwt
I0929 13:00:00.202611  4104 processor.cc:802] Processor: start processing batch 5f8ed2ad-eff0-44fc-acc1-bff987d1bf55 into model nwt
I0929 13:00:00.202611  4504 processor.cc:802] Processor: start processing batch 422084be-ef15-40e8-beac-d1eb08743b28 into model nwt
I0929 13:00:00.202611  3836 processor.cc:802] Processor: start processing batch 08a6e9cc-52e3-4c3a-af89-41dc340b31a5 into model nwt
I0929 13:00:00.202611 13944 processor.cc:802] Processor: start processing batch 5ee4f08b-a3cc-484a-a125-d05ea514f6b8 into model nwt
I0929 13:00:00.233851  4504 processor.cc:898] Processor: complete processing batch 422084be-ef15-40e8-beac-d1eb08743b28 into model nwt
I0929 13:00:00.233851  4504 cuckoo_watch.h:45] 39ms in ProcessBatch(school_batches\aaaaab.batch) [including 3ms in LoadMessage; 1ms in InitializeSparseNdw; 9ms in InferThetaAndUpdateNwtSparse; 11ms in CalculateScore(PerplexityScore); 2ms in CalculateScore(SparsityThetaScore); 9ms in CalculateScore(^^^ItemsProcessedScore^^^); ]
I0929 13:00:00.233851  3836 processor.cc:898] Processor: complete processing batch 08a6e9cc-52e3-4c3a-af89-41dc340b31a5 into model nwt
I0929 13:00:00.233851  3836 cuckoo_watch.h:45] 40ms in ProcessBatch(school_batches\aaaaad.batch) [including 4ms in LoadMessage; 1ms in InitializeSparseNdw; 9ms in InferThetaAndUpdateNwtSparse; 11ms in CalculateScore(PerplexityScore); 2ms in CalculateScore(SparsityThetaScore); 9ms in CalculateScore(^^^ItemsProcessedScore^^^); ]
I0929 13:00:00.233851  4104 processor.cc:898] Processor: complete processing batch 5f8ed2ad-eff0-44fc-acc1-bff987d1bf55 into model nwt
I0929 13:00:00.233851  4104 cuckoo_watch.h:45] 41ms in ProcessBatch(school_batches\aaaaac.batch) [including 3ms in LoadMessage; 1ms in InitializeSparseNdw; 9ms in InferThetaAndUpdateNwtSparse; 11ms in CalculateScore(PerplexityScore); 2ms in CalculateScore(SparsityThetaScore); 11ms in CalculateScore(^^^ItemsProcessedScore^^^); ]
I0929 13:00:00.249508  2328 processor.cc:898] Processor: complete processing batch a3b79662-78c9-4a84-93ec-296f8ab0ce82 into model nwt
I0929 13:00:00.249508  2328 cuckoo_watch.h:45] 52ms in ProcessBatch(school_batches\aaaaae.batch) [including 2ms in LoadMessage; 1ms in InitializeSparseNdw; 13ms in InferThetaAndUpdateNwtSparse; 15ms in CalculateScore(PerplexityScore); 4ms in CalculateScore(SparsityThetaScore); 12ms in CalculateScore(^^^ItemsProcessedScore^^^); ]
I0929 13:00:00.249508 13944 processor.cc:898] Processor: complete processing batch 5ee4f08b-a3cc-484a-a125-d05ea514f6b8 into model nwt
I0929 13:00:00.249508 13944 cuckoo_watch.h:45] 55ms in ProcessBatch(school_batches\aaaaaa.batch) [including 4ms in LoadMessage; 1ms in InitializeSparseNdw; 13ms in InferThetaAndUpdateNwtSparse; 15ms in CalculateScore(PerplexityScore); 4ms in CalculateScore(SparsityThetaScore); 13ms in CalculateScore(^^^ItemsProcessedScore^^^); ]
I0929 13:00:00.265731 15776 master_component.cc:1391] NormalizeModelArgs: pwt_target_name=pwt, nwt_source_name=nwt, rwt_source_name=
I0929 13:00:00.265926 15776 master_component.cc:952] MasterComponent: start normalizing model nwt
I0929 13:00:00.290227 15776 master_component.cc:980] MasterComponent: complete normalizing model nwt
I0929 13:00:00.305912 15776 master_component.cc:1415] DisposeModel rwt
I0929 13:00:00.305912 15776 master_component.cc:1005] FitOffline: ItemsProcessed, num_items=475, num_batches=5, token_weight=160064, token_weight_in_effect=160064
I0929 13:00:00.305912  5020 c_interface.cc:559] Pass GetScoreValueArgs, score_name=^^^ItemsProcessedScore^^^ to MasterComponent::Request
I0929 13:00:00.305912  5020 c_interface.cc:230] ArtmCopyRequestedMessage is copying 46 bytes...
I0929 13:00:00.305912 15776 c_interface.cc:386] Pass FitOfflineMasterModelArgs, batch_filename_size=5, batch_weight_size=5, num_collection_passes=1 to void (__cdecl artm::core::MasterComponent::*)(class artm::FitOfflineMasterModelArgs const & __ptr64) __ptr64
I0929 13:00:00.305912 15776 master_component.cc:1340] ProcessBatchesArgs: nwt_target_name=nwt, batch_filename_size=5, batch_size=0, batch_weight_size=5, pwt_source_name=pwt, num_document_passes=1, class=(text:1), reuse_theta=yes, opt_for_avx=yes, predict_class_id=
I0929 13:00:00.352712  4504 processor.cc:802] Processor: start processing batch 5ee4f08b-a3cc-484a-a125-d05ea514f6b8 into model nwt
I0929 13:00:00.352712  3836 processor.cc:802] Processor: start processing batch 5f8ed2ad-eff0-44fc-acc1-bff987d1bf55 into model nwt
I0929 13:00:00.352712  3164 processor.cc:802] Processor: start processing batch 08a6e9cc-52e3-4c3a-af89-41dc340b31a5 into model nwt
I0929 13:00:00.352712  2328 processor.cc:802] Processor: start processing batch a3b79662-78c9-4a84-93ec-296f8ab0ce82 into model nwt
I0929 13:00:00.352712 13944 processor.cc:802] Processor: start processing batch 422084be-ef15-40e8-beac-d1eb08743b28 into model nwt
I0929 13:00:00.383955  4504 processor.cc:898] Processor: complete processing batch 5ee4f08b-a3cc-484a-a125-d05ea514f6b8 into model nwt
I0929 13:00:00.383955  3836 processor.cc:898] Processor: complete processing batch 5f8ed2ad-eff0-44fc-acc1-bff987d1bf55 into model nwt
I0929 13:00:00.383955  4504 cuckoo_watch.h:45] 39ms in ProcessBatch(school_batches\aaaaaa.batch) [including 2ms in LoadMessage; 1ms in InitializeSparseNdw; 9ms in InferThetaAndUpdateNwtSparse; 12ms in CalculateScore(PerplexityScore); 2ms in CalculateScore(SparsityThetaScore); 9ms in CalculateScore(^^^ItemsProcessedScore^^^); ]
I0929 13:00:00.383955  3836 cuckoo_watch.h:45] 40ms in ProcessBatch(school_batches\aaaaac.batch) [including 2ms in LoadMessage; 1ms in InitializeSparseNdw; 9ms in InferThetaAndUpdateNwtSparse; 12ms in CalculateScore(PerplexityScore); 2ms in CalculateScore(SparsityThetaScore); 9ms in CalculateScore(^^^ItemsProcessedScore^^^); ]
I0929 13:00:00.383955  3164 processor.cc:898] Processor: complete processing batch 08a6e9cc-52e3-4c3a-af89-41dc340b31a5 into model nwt
I0929 13:00:00.383955  3164 cuckoo_watch.h:45] 45ms in ProcessBatch(school_batches\aaaaad.batch) [including 2ms in LoadMessage; 1ms in InitializeSparseNdw; 9ms in InferThetaAndUpdateNwtSparse; 12ms in CalculateScore(PerplexityScore); 2ms in CalculateScore(SparsityThetaScore); 14ms in CalculateScore(^^^ItemsProcessedScore^^^); ]
I0929 13:00:00.399612 13944 processor.cc:898] Processor: complete processing batch 422084be-ef15-40e8-beac-d1eb08743b28 into model nwt
I0929 13:00:00.399612 13944 cuckoo_watch.h:45] 50ms in ProcessBatch(school_batches\aaaaab.batch) [including 4ms in LoadMessage; 1ms in InitializeSparseNdw; 14ms in InferThetaAndUpdateNwtSparse; 14ms in CalculateScore(PerplexityScore); 3ms in CalculateScore(SparsityThetaScore); 9ms in CalculateScore(^^^ItemsProcessedScore^^^); ]
I0929 13:00:00.399612  2328 processor.cc:898] Processor: complete processing batch a3b79662-78c9-4a84-93ec-296f8ab0ce82 into model nwt
I0929 13:00:00.399612  2328 cuckoo_watch.h:45] 51ms in ProcessBatch(school_batches\aaaaae.batch) [including 4ms in LoadMessage; 1ms in InitializeSparseNdw; 14ms in InferThetaAndUpdateNwtSparse; 15ms in CalculateScore(PerplexityScore); 4ms in CalculateScore(SparsityThetaScore); 9ms in CalculateScore(^^^ItemsProcessedScore^^^); ]
I0929 13:00:00.415501 15776 master_component.cc:1391] NormalizeModelArgs: pwt_target_name=pwt, nwt_source_name=nwt, rwt_source_name=
I0929 13:00:00.415501 15776 master_component.cc:952] MasterComponent: start normalizing model nwt
I0929 13:00:00.446444 15776 master_component.cc:980] MasterComponent: complete normalizing model nwt
I0929 13:00:00.462064 15776 master_component.cc:1415] DisposeModel rwt
I0929 13:00:00.462064 15776 master_component.cc:1005] FitOffline: ItemsProcessed, num_items=475, num_batches=5, token_weight=160064, token_weight_in_effect=160064
I0929 13:00:00.462064  5020 c_interface.cc:559] Pass GetScoreValueArgs, score_name=^^^ItemsProcessedScore^^^ to MasterComponent::Request
I0929 13:00:00.462064  5020 c_interface.cc:230] ArtmCopyRequestedMessage is copying 46 bytes...
I0929 13:00:00.462064 15776 c_interface.cc:386] Pass FitOfflineMasterModelArgs, batch_filename_size=5, batch_weight_size=5, num_collection_passes=1 to void (__cdecl artm::core::MasterComponent::*)(class artm::FitOfflineMasterModelArgs const & __ptr64) __ptr64
I0929 13:00:00.462064 15776 master_component.cc:1340] ProcessBatchesArgs: nwt_target_name=nwt, batch_filename_size=5, batch_size=0, batch_weight_size=5, pwt_source_name=pwt, num_document_passes=1, class=(text:1), reuse_theta=yes, opt_for_avx=yes, predict_class_id=
I0929 13:00:00.493342 16076 processor.cc:724] Processing queue has data, processing started
I0929 13:00:00.493342 16076 processor.cc:802] Processor: start processing batch 422084be-ef15-40e8-beac-d1eb08743b28 into model nwt
I0929 13:00:00.493342  3164 processor.cc:802] Processor: start processing batch 5ee4f08b-a3cc-484a-a125-d05ea514f6b8 into model nwt
I0929 13:00:00.493342  4504 processor.cc:802] Processor: start processing batch 5f8ed2ad-eff0-44fc-acc1-bff987d1bf55 into model nwt
I0929 13:00:00.508930 11116 processor.cc:724] Processing queue has data, processing started
I0929 13:00:00.508930 11116 processor.cc:802] Processor: start processing batch 08a6e9cc-52e3-4c3a-af89-41dc340b31a5 into model nwt
I0929 13:00:00.508930  4104 processor.cc:802] Processor: start processing batch a3b79662-78c9-4a84-93ec-296f8ab0ce82 into model nwt
I0929 13:00:00.524549 16076 processor.cc:898] Processor: complete processing batch 422084be-ef15-40e8-beac-d1eb08743b28 into model nwt
I0929 13:00:00.524549  4504 processor.cc:898] Processor: complete processing batch 5f8ed2ad-eff0-44fc-acc1-bff987d1bf55 into model nwt
I0929 13:00:00.524549 16076 cuckoo_watch.h:45] 38ms in ProcessBatch(school_batches\aaaaab.batch) [including 2ms in LoadMessage; 1ms in InitializeSparseNdw; 8ms in InferThetaAndUpdateNwtSparse; 11ms in CalculateScore(PerplexityScore); 2ms in CalculateScore(SparsityThetaScore); 10ms in CalculateScore(^^^ItemsProcessedScore^^^); ]
